  0.00000000E+00  0.00000000E+00  0.00000000E+00  0.00000000E+00  1.90257477E+00  2.49017077E-04  4.12928357E-04  2.37679203E-04  8.64724209E-05 -4.40339229E-04
  1.00000000E-02  1.90257477E-02  2.49017077E-06  4.12928357E-06  1.32661136E+00 -6.64931809E-03  9.60827575E-03  1.45021381E-05 -1.94891327E-02  1.12383408E-02
  2.00000000E-02  2.94120442E-02 -9.84946859E-05  1.46188778E-04  9.68896978E-01 -9.28473233E-03  1.32001387E-02 -1.77808212E-04 -2.58285173E-02  1.50615507E-02
  3.00000000E-02  3.73124421E-02 -2.04519081E-04  2.96149480E-04  7.23895800E-01 -1.03716550E-02  1.47019105E-02 -3.00797080E-04 -2.78754876E-02  1.62974408E-02
  4.00000000E-02  4.33263942E-02 -3.13670244E-04  4.50677444E-04  5.69722880E-01 -1.02734012E-02  1.46095255E-02 -3.65038244E-04 -2.67216741E-02  1.56343168E-02
  5.00000000E-02  4.82527584E-02 -4.15912986E-04  5.96310773E-04  4.77885269E-01 -9.55819882E-03  1.36584731E-02 -3.88158257E-04 -2.40919105E-02  1.40750137E-02
  6.00000000E-02  5.25724230E-02 -5.07918962E-04  7.28140243E-04  4.25263873E-01 -8.64328670E-03  1.24245203E-02 -3.84238758E-04 -2.12131043E-02  1.23653315E-02
  7.00000000E-02  5.65619548E-02 -5.89777269E-04  8.46215682E-04  3.95964248E-01 -7.76713716E-03  1.12385013E-02 -3.65142830E-04 -1.87176572E-02  1.08859699E-02
  8.00000000E-02  6.03750991E-02 -6.63067893E-04  9.52670600E-04  3.79989820E-01 -7.03280152E-03  1.02465786E-02 -3.39569637E-04 -1.68117165E-02  9.76064182E-03
  9.00000000E-02  6.40951252E-02 -7.29724230E-04  1.05017677E-03  3.71405437E-01 -6.46315798E-03  9.48379080E-03 -3.13235074E-04 -1.54723397E-02  8.97499760E-03
  1.00000000E-01  6.77662577E-02 -7.91507592E-04  1.14120074E-03  3.66829160E-01 -6.04238984E-03  8.93032655E-03 -2.89364836E-04 -1.45862292E-02  8.46024710E-03
  1.10000000E-01  7.14116679E-02 -8.49827650E-04  1.22773669E-03  3.64392843E-01 -5.74105358E-03  8.54616336E-03 -2.69378013E-04 -1.40265294E-02  8.13968564E-03
  1.20000000E-01  7.50434147E-02 -9.05731504E-04  1.31127750E-03  3.63088411E-01 -5.52894810E-03  8.28925487E-03 -2.53560881E-04 -1.36855476E-02  7.94836931E-03
  1.30000000E-01  7.86677767E-02 -9.59960458E-04  1.39288551E-03  3.62381063E-01 -5.38045079E-03  8.12338200E-03 -2.41551394E-04 -1.34834104E-02  7.83834693E-03
  1.40000000E-01  8.22880506E-02 -1.01302248E-03  1.47328997E-03  3.61990121E-01 -5.27583109E-03  8.02036468E-03 -2.32703404E-04 -1.33657561E-02  7.77717259E-03
  1.50000000E-01  8.59059971E-02 -1.06525769E-03  1.55297853E-03  3.61768885E-01 -5.20077391E-03  7.95962132E-03 -2.26322178E-04 -1.32978136E-02  7.74425910E-03
  1.60000000E-01  8.95225797E-02 -1.11689014E-03  1.63227102E-03  3.61640414E-01 -5.14530071E-03  7.92674722E-03 -2.21777961E-04 -1.32583462E-02  7.72717355E-03
  1.70000000E-01  9.31383415E-02 -1.16806579E-03  1.71137412E-03  3.61563897E-01 -5.10264621E-03  7.91196565E-03 -2.18552481E-04 -1.32348676E-02  7.71871793E-03
  1.80000000E-01  9.67535979E-02 -1.21887898E-03  1.79041987E-03  3.61517281E-01 -5.06831257E-03  7.90879100E-03 -2.16247022E-04 -1.32202538E-02  7.71486953E-03
  1.90000000E-01  1.00368538E-01 -1.26939043E-03  1.86949191E-03  3.61488347E-01 -5.03934946E-03  7.91299424E-03 -2.14568748E-04 -1.32105341E-02  7.71344685E-03
  2.00000000E-01  1.03983276E-01 -1.31963911E-03  1.94864287E-03 -9.65132479E-01  9.94024593E-04 -2.16130205E-03 -2.57835942E-04  6.24185465E-03 -3.53295661E-03
  2.10000000E-01  8.76988475E-02 -1.27953200E-03  1.87665837E-03 -7.26385556E-01  2.84747435E-03 -4.34639432E-03 -8.56144272E-05  1.03988775E-02 -6.11178568E-03
  2.20000000E-01  8.16287266E-02 -1.24179000E-03  1.82226896E-03 -4.83357050E-01  3.91267486E-03 -6.37569072E-03  5.38933300E-06  1.31724588E-02 -7.79543809E-03
  2.30000000E-01  7.80102986E-02 -1.19733725E-03  1.74836557E-03 -2.99682554E-01  4.32683931E-03 -6.88453976E-03  9.55401172E-05  1.33321622E-02 -7.90295124E-03
  2.40000000E-01  7.59318456E-02 -1.15199804E-03  1.67697593E-03 -1.77348259E-01  4.03877629E-03 -6.38553497E-03  1.41032745E-04  1.16506094E-02 -6.89632629E-03
  2.50000000E-01  7.47700344E-02 -1.11305059E-03  1.61561560E-03 -1.01567329E-01  3.39269143E-03 -5.35480572E-03  1.54617356E-04  9.18263883E-03 -5.41825967E-03
  2.60000000E-01  7.41332658E-02 -1.08235410E-03  1.56722119E-03 -5.68226210E-02  2.64715966E-03 -4.18500265E-03  1.47286459E-04  6.70442826E-03 -3.93754713E-03
  2.70000000E-01  7.37887631E-02 -1.05961016E-03  1.53122018E-03 -3.12865935E-02  1.95505445E-03 -3.10591578E-03  1.28579983E-04  4.61290683E-03 -2.69229026E-03
  2.80000000E-01  7.36035773E-02 -1.04352014E-03  1.50555646E-03 -1.70673905E-02  1.38313475E-03 -2.21642264E-03  1.05512927E-04  3.02652050E-03 -1.75220021E-03
  2.90000000E-01  7.35039994E-02 -1.03254839E-03  1.48783970E-03 -9.28505657E-03  9.44510970E-04 -1.53440878E-03  8.25843396E-05  1.91020817E-03 -1.09462786E-03
  3.00000000E-01  7.34500605E-02 -1.02529640E-03  1.47590568E-03 -5.07076974E-03  6.25392143E-04 -1.03740753E-03  6.22439487E-05  1.16803132E-03 -6.60739345E-04
  3.10000000E-01  7.34204243E-02 -1.02063808E-03  1.46801661E-03 -2.79813615E-03  4.02266680E-04 -6.88590955E-04  4.54873859E-05  6.96260851E-04 -3.87548687E-04
  3.20000000E-01  7.34038061E-02 -1.01773104E-03  1.46287478E-03 -1.56959460E-03  2.51121174E-04 -4.50683149E-04  3.24039080E-05  4.07058870E-04 -2.22070705E-04
  3.30000000E-01  7.33942528E-02 -1.01597555E-03  1.45955749E-03 -8.99439688E-04  1.51439973E-04 -2.91969677E-04  2.26010664E-05  2.34890830E-04 -1.25025145E-04
  3.40000000E-01  7.33886092E-02 -1.01495956E-03  1.45743136E-03 -5.28273913E-04  8.72889930E-05 -1.87888221E-04  1.54934442E-05  1.34721439E-04 -6.96103297E-05
  3.50000000E-01  7.33851823E-02 -1.01440742E-03  1.45607289E-03 -3.18490822E-04  4.70117835E-05 -1.20519975E-04  1.04753351E-05  7.74001189E-05 -3.86250946E-05
  3.60000000E-01  7.33830463E-02 -1.01413869E-03  1.45520453E-03 -1.97089728E-04  2.24067141E-05 -7.73202200E-05  7.00851232E-06  4.49141201E-05 -2.15516518E-05
  3.70000000E-01  7.33816824E-02 -1.01403765E-03  1.45464732E-03 -1.25067302E-04  7.83511688E-06 -4.97746975E-05  4.65520962E-06  2.65392009E-05 -1.22101595E-05
  3.80000000E-01  7.33807919E-02 -1.01403216E-03  1.45428730E-03 -8.12906553E-05 -4.70682145E-07 -3.22296698E-05  3.08002665E-06  1.60783593E-05 -7.08873938E-06
  3.90000000E-01  7.33801978E-02 -1.01407839E-03  1.45405273E-03 -5.40785232E-05 -4.94344302E-06 -2.10136622E-05  2.03699157E-06  1.00327850E-05 -4.24605766E-06
  4.00000000E-01  7.33797931E-02 -1.01415019E-03  1.45389868E-03 -3.68164068E-05 -7.12181519E-06 -1.37948359E-05  1.35166423E-06  6.45902009E-06 -2.63194913E-06
  4.10000000E-01  7.33795113E-02 -1.01423230E-03  1.45379682E-03 -2.56614626E-05 -7.94953916E-06 -9.11571055E-06  9.03539828E-07  4.28671199E-06 -1.68651401E-06
  4.20000000E-01  7.33793104E-02 -1.01431594E-03  1.45372906E-03 -1.83251554E-05 -8.00520055E-06 -6.06177315E-06  6.11082800E-07  2.92608546E-06 -1.11285172E-06
  4.30000000E-01  7.33791639E-02 -1.01439627E-03  1.45368371E-03 -1.34144831E-05 -7.63639423E-06 -4.05411208E-06  4.20021707E-07  2.04876060E-06 -7.52558441E-07
  4.40000000E-01  7.33790543E-02 -1.01447079E-03  1.45365321E-03 -1.00660114E-05 -7.05541572E-06 -2.72270254E-06  2.94687542E-07  1.46814697E-06 -5.19458123E-07
  4.50000000E-01  7.33789704E-02 -1.01453843E-03  1.45363264E-03 -7.73674294E-06 -6.39117674E-06 -1.82987786E-06  2.11858525E-07  1.07517717E-06 -3.65120796E-07
  4.60000000E-01  7.33789046E-02 -1.01459903E-03  1.45361881E-03 -6.08118422E-06 -5.71641437E-06 -1.22328755E-06  1.56517331E-07  8.03992243E-07 -2.61178968E-07
  4.70000000E-01  7.33788521E-02 -1.01465282E-03  1.45360961E-03 -4.87730923E-06 -5.06987408E-06 -8.05346802E-07  1.18993628E-07  6.13529241E-07 -1.90280968E-07
  4.80000000E-01  7.33788093E-02 -1.01470028E-03  1.45360364E-03 -3.98110895E-06 -4.47106116E-06 -5.13333381E-07  9.30731982E-08  4.77465693E-07 -1.41403333E-07
  4.90000000E-01  7.33787740E-02 -1.01474200E-03  1.45359997E-03 -3.29827791E-06 -3.92832633E-06 -3.06721600E-07  7.47633353E-08  3.78561023E-07 -1.07343993E-07
  5.00000000E-01  7.33787444E-02 -1.01477857E-03  1.45359793E-03 -2.76639360E-06 -3.44353539E-06 -1.59103517E-07  6.14945377E-08  3.05346982E-07 -8.33146518E-08
