  0.00000000E+00  0.00000000E+00  0.00000000E+00  0.00000000E+00  1.90257477E+00  2.49017077E-04  4.12928357E-04  2.37679203E-04  8.64724209E-05 -4.40339229E-04
  1.00000000E-02  1.90257477E-02  2.49017077E-06  4.12928357E-06  1.37851733E+00 -2.09870926E-03  9.64011521E-03  1.99781902E-04  5.40598983E-03 -7.87492016E-03
  2.00000000E-02  3.01906338E-02 -3.02355535E-05  1.46666370E-04  1.03892701E+00 -3.08037952E-03  1.33094441E-02  1.67349089E-04  7.50374911E-03 -1.07514519E-02
  3.00000000E-02  3.88819523E-02 -6.59477000E-05  2.98107456E-04  8.00613549E-01 -3.54941104E-03  1.48580464E-02  1.53658198E-04  8.38377565E-03 -1.19603120E-02
  4.00000000E-02  4.56965205E-02 -1.03786968E-04  4.54430932E-04  6.44491391E-01 -3.62131651E-03  1.47679084E-02  1.51398260E-04  8.34354939E-03 -1.18766570E-02
  5.00000000E-02  5.13608236E-02 -1.40359660E-04  6.01659326E-04  5.46398672E-01 -3.46263769E-03  1.38035957E-02  1.51698621E-04  7.79266115E-03 -1.11019133E-02
  6.00000000E-02  5.63343467E-02 -1.74192643E-04  7.34873720E-04  4.86434536E-01 -3.21076076E-03  1.25433852E-02  1.50586826E-04  7.07299714E-03 -1.00962573E-02
  7.00000000E-02  6.08988714E-02 -2.05040866E-04  8.54006519E-04  4.50461931E-01 -2.94955076E-03  1.13223947E-02  1.46867610E-04  6.37852562E-03 -9.12540902E-03
  8.00000000E-02  6.52236277E-02 -2.33230324E-04  9.61125513E-04  4.29162505E-01 -2.72075281E-03  1.02901032E-02  1.41017922E-04  5.79624619E-03 -8.30804894E-03
  9.00000000E-02  6.94087556E-02 -2.59293862E-04  1.05886509E-03  4.16663906E-01 -2.53905443E-03  9.48422562E-03  1.34095984E-04  5.34793483E-03 -7.67446616E-03
  1.00000000E-01  7.35129017E-02 -2.83775915E-04  1.14967796E-03  4.09372924E-01 -2.40449535E-03  8.88679754E-03  1.27135979E-04  5.02234052E-03 -7.20980623E-03
  1.10000000E-01  7.75701760E-02 -3.07148073E-04  1.23555879E-03  4.05134245E-01 -2.31060600E-03  8.45897912E-03  1.20835155E-04  4.79600014E-03 -6.88241573E-03
  1.20000000E-01  8.16003251E-02 -3.29784686E-04  1.31800949E-03  4.02673164E-01 -2.24902001E-03  8.15938419E-03  1.15531021E-04  4.64421139E-03 -6.65860812E-03
  1.30000000E-01  8.56147513E-02 -3.51966956E-04  1.39810536E-03  4.01243212E-01 -2.21174862E-03  7.95206697E-03  1.11302510E-04  4.54556749E-03 -6.50919947E-03
  1.40000000E-01  8.96200336E-02 -3.73898085E-04  1.47658944E-03  4.00410225E-01 -2.19210845E-03  7.80885732E-03  1.08074926E-04  4.48344618E-03 -6.41132116E-03
  1.50000000E-01  9.36199710E-02 -3.95720969E-04  1.55396197E-03  3.99922745E-01 -2.18491047E-03  7.70903192E-03  1.05695921E-04  4.44569931E-03 -6.34817013E-03
  1.60000000E-01  9.76167610E-02 -4.17534084E-04  1.63055316E-03  3.99635458E-01 -2.18631710E-03  7.63798502E-03  1.03992332E-04  4.42384212E-03 -6.30792569E-03
  1.70000000E-01  1.01611679E-01 -4.39404288E-04  1.70657777E-03  3.99464445E-01 -2.19358439E-03  7.58573449E-03  1.02801245E-04  4.41214768E-03 -6.28253412E-03
  1.80000000E-01  1.05605469E-01 -4.61376468E-04  1.78217387E-03  3.99361201E-01 -2.20479819E-03  7.54561234E-03  1.01984483E-04  4.40685130E-03 -6.26664127E-03
  1.90000000E-01  1.09598564E-01 -4.83480519E-04  1.85742938E-03  3.99297636E-01 -2.21864761E-03  7.51324074E-03  1.01432589E-04  4.40552980E-03 -6.25675552E-03
  2.00000000E-01  1.13591223E-01 -5.05736242E-04  1.93239993E-03 -9.79102602E-01  3.30434419E-04 -1.68647691E-03 -1.20404490E-04 -1.13234663E-03  1.64886883E-03
  2.10000000E-01  9.69081956E-02 -4.89686488E-04  1.86953657E-03 -7.52493426E-01  9.57972742E-04 -4.09822863E-03 -6.08549140E-05 -2.50914933E-03  3.54628778E-03
  2.20000000E-01  9.05163073E-02 -4.76969069E-04  1.81649553E-03 -5.17904028E-01  1.62429480E-03 -5.79715781E-03 -7.24427258E-05 -3.62059862E-03  4.99663455E-03
  2.30000000E-01  8.65102140E-02 -4.57394511E-04  1.75002930E-03 -3.35741557E-01  1.83333935E-03 -6.35990052E-03 -5.97282514E-05 -3.92565909E-03  5.42048337E-03
  2.40000000E-01  8.40636108E-02 -4.38015894E-04  1.68361658E-03 -2.09739501E-01  1.75512359E-03 -5.95042558E-03 -5.50321392E-05 -3.65044534E-03  5.04966825E-03
  2.50000000E-01  8.25962260E-02 -4.20855737E-04  1.62615970E-03 -1.27849139E-01  1.51360212E-03 -5.02658353E-03 -5.16471797E-05 -3.06666305E-03  4.25632328E-03
  2.60000000E-01  8.17271865E-02 -4.06927324E-04  1.58051308E-03 -7.66329474E-02  1.21637278E-03 -3.95328742E-03 -4.74964527E-05 -2.39880425E-03  3.34458067E-03
  2.70000000E-01  8.12169379E-02 -3.96249742E-04  1.54634668E-03 -4.54053904E-02  9.29225109E-04 -2.94910454E-03 -4.20198506E-05 -1.77972212E-03  2.49541838E-03
  2.80000000E-01  8.09190218E-02 -3.88393230E-04  1.52187655E-03 -2.66949687E-02  6.83441980E-04 -2.11209608E-03 -3.55887725E-05 -1.26772578E-03  1.78937045E-03
  2.90000000E-01  8.07456242E-02 -3.82787726E-04  1.50494063E-03 -1.56194075E-02  4.88140694E-04 -1.46412923E-03 -2.88935670E-05 -8.74355855E-04  1.24362310E-03
  3.00000000E-01  8.06448080E-02 -3.78882825E-04  1.49353918E-03 -9.11725002E-03  3.40611076E-04 -9.87938407E-04 -2.25637818E-05 -5.87494525E-04  8.42949919E-04
  3.10000000E-01  8.05861463E-02 -3.76214362E-04  1.48604075E-03 -5.32028786E-03  2.33167537E-04 -6.51340078E-04 -1.70134240E-05 -3.86337403E-04  5.59878739E-04
  3.20000000E-01  8.05519282E-02 -3.74419905E-04  1.48121034E-03 -3.10960480E-03  1.57032335E-04 -4.20538291E-04 -1.24287498E-05 -2.49521494E-04  3.65758085E-04
  3.30000000E-01  8.05318856E-02 -3.73230257E-04  1.47815896E-03 -1.82376905E-03  1.04206397E-04 -2.66136256E-04 -8.82112721E-06 -1.58715704E-04  2.35744709E-04
  3.40000000E-01  8.05200770E-02 -3.72452323E-04  1.47626961E-03 -1.07532391E-03  6.81536158E-05 -1.64970782E-04 -6.09463988E-06 -9.96396771E-05  1.50309187E-04
  3.50000000E-01  8.05130660E-02 -3.71951051E-04  1.47512573E-03 -6.38680495E-04  4.38684935E-05 -9.98899756E-05 -4.10366313E-06 -6.18377348E-05  9.50276932E-05
  3.60000000E-01  8.05088624E-02 -3.71633792E-04  1.47445223E-03 -3.82982384E-04  2.76740626E-05 -5.87260205E-05 -2.69262790E-06 -3.79825771E-05  5.97030069E-05
  3.70000000E-01  8.05063111E-02 -3.71438023E-04  1.47407079E-03 -2.32460619E-04  1.69494185E-05 -3.31166487E-05 -1.71893398E-06 -2.31049377E-05  3.73566276E-05
  3.80000000E-01  8.05047391E-02 -3.71322152E-04  1.47386767E-03 -1.43251654E-04  9.90474905E-06 -1.74595923E-05 -1.06328637E-06 -1.39196259E-05  2.33312516E-05
  3.90000000E-01  8.05037526E-02 -3.71258328E-04  1.47377136E-03 -8.99320495E-05  5.32030506E-06 -8.08136350E-06 -6.31952694E-07 -8.29862386E-06  1.45798631E-05
  4.00000000E-01  8.05031199E-02 -3.71228047E-04  1.47373744E-03 -5.77310169E-05  2.36104936E-06 -2.61345742E-06 -3.54672258E-07 -4.88611090E-06  9.14055122E-06
  4.10000000E-01  8.05027036E-02 -3.71219233E-04  1.47373865E-03 -3.80372471E-05  4.71931527E-07  4.52480262E-07 -1.80702040E-07 -2.82990360E-06  5.76629644E-06
  4.20000000E-01  8.05024217E-02 -3.71223959E-04  1.47375850E-03 -2.58082204E-05 -7.17387210E-07  2.06831025E-06 -7.44995553E-08 -1.60036268E-06  3.67270686E-06
  4.30000000E-01  8.05022248E-02 -3.71237080E-04  1.47378726E-03 -1.80752557E-05 -1.44423951E-06  2.82227907E-06 -1.18330915E-08 -8.71366168E-07  2.37048104E-06
  4.40000000E-01  8.05020827E-02 -3.71255156E-04  1.47381925E-03 -1.30796792E-05 -1.86802380E-06  3.07668416E-06  2.34390390E-08 -4.43656132E-07  1.55636987E-06
  4.50000000E-01  8.05019769E-02 -3.71275955E-04  1.47385129E-03 -9.77208667E-06 -2.09139493E-06  3.05314589E-06  4.18500272E-08 -1.96271220E-07  1.04333462E-06
  4.60000000E-01  8.05018957E-02 -3.71297986E-04  1.47388171E-03 -7.52110748E-06 -2.18201394E-06  2.88545929E-06  5.01390267E-08 -5.61798592E-08  7.16383205E-07
  4.70000000E-01  8.05018317E-02 -3.71320259E-04  1.47390972E-03 -5.94326997E-06 -2.18451519E-06  2.65042891E-06  5.25372225E-08  2.05057820E-08  5.04933324E-07
  4.80000000E-01  8.05017802E-02 -3.71342117E-04  1.47393505E-03 -4.80310036E-06 -2.12862949E-06  2.39137890E-06  5.16498802E-08  6.00504429E-08  3.65660064E-07
  4.90000000E-01  8.05017379E-02 -3.71363124E-04  1.47395767E-03 -3.95415979E-06 -2.03478172E-06  2.13255272E-06  4.90474364E-08  7.81089493E-08  2.71923499E-07
  5.00000000E-01  8.05017026E-02 -3.71383003E-04  1.47397770E-03 -3.30404541E-06 -1.91789003E-06  1.88697885E-06  4.56538736E-08  8.39711703E-08  2.07282670E-07
