  0.00000000E+00  0.00000000E+00 -4.89000000E+01  0.00000000E+00  1.18083747E+00  6.17532714E-06 -7.17298339E-02
  5.00000000E-03  5.90418733E-03 -4.89000000E+01  0.00000000E+00  1.08336564E+00  5.75665788E-06 -6.58237777E-02
  1.00000000E-02  1.10773360E-02 -4.88999999E+01  0.00000000E+00  9.98413545E-01  3.39675916E-05 -6.06982810E-02
  1.50000000E-02  1.58570235E-02 -4.88999997E+01  0.00000000E+00  9.23553245E-01  1.10795414E-04 -5.61903851E-02
  2.00000000E-02  2.02876389E-02 -4.88999990E+01  0.00000000E+00  8.58191765E-01  2.00619523E-04 -5.22760806E-02
  2.50000000E-02  2.44151941E-02 -4.88999977E+01  0.00000000E+00  8.01217020E-01  3.00325694E-04 -4.88402790E-02
  3.00000000E-02  2.82788423E-02 -4.88999960E+01  0.00000000E+00  7.51649931E-01  3.97465247E-04 -4.58444587E-02
  3.50000000E-02  3.19131742E-02 -4.88999937E+01  0.00000000E+00  7.08551454E-01  4.88189049E-04 -4.32365805E-02
  4.00000000E-02  3.53481853E-02 -4.88999911E+01  0.00000000E+00  6.71085022E-01  5.70888530E-04 -4.09672869E-02
  4.50000000E-02  3.86099443E-02 -4.88999880E+01  0.00000000E+00  6.38517175E-01  6.44911274E-04 -3.89931707E-02
  5.00000000E-02  4.17211106E-02 -4.88999846E+01  0.00000000E+00  6.10320911E-01  7.08895383E-04 -3.73382328E-02
  5.50000000E-02  4.47022245E-02 -4.88999809E+01  0.00000000E+00  5.85705075E-01  7.66154063E-04 -3.58401202E-02
  6.00000000E-02  4.75692103E-02 -4.88999769E+01  0.00000000E+00  5.64306964E-01  8.15320999E-04 -3.45356820E-02
  6.50000000E-02  5.03372498E-02 -4.88999727E+01  0.00000000E+00  5.45704207E-01  8.57661219E-04 -3.33999237E-02
  7.00000000E-02  5.30192640E-02 -4.88999683E+01  0.00000000E+00  5.29533781E-01  8.93662303E-04 -3.24119585E-02
  7.50000000E-02  5.56265068E-02 -4.88999638E+01  0.00000000E+00  5.15477974E-01  9.24041553E-04 -3.15527354E-02
  8.00000000E-02  5.81687572E-02 -4.88999591E+01  0.00000000E+00  5.03260401E-01  9.49492165E-04 -3.08055517E-02
  8.50000000E-02  6.06545152E-02 -4.88999543E+01  0.00000000E+00  4.92640745E-01  9.70661619E-04 -3.01558318E-02
  9.00000000E-02  6.30911698E-02 -4.88999494E+01  0.00000000E+00  4.83561697E-01  9.86641153E-04 -2.96696970E-02
  9.50000000E-02  6.54862807E-02 -4.88999444E+01  0.00000000E+00  4.75524817E-01  1.00085417E-03 -2.91725460E-02
  1.00000000E-01  6.78438126E-02 -4.88999394E+01  0.00000000E+00  4.68537048E-01  1.01271799E-03 -2.87371535E-02
  1.05000000E-01  7.01690284E-02 -4.88999343E+01  0.00000000E+00  4.62460559E-01  1.02214758E-03 -2.83580032E-02
  1.10000000E-01  7.24661400E-02 -4.88999291E+01  0.00000000E+00  4.57178533E-01  1.02966572E-03 -2.80280628E-02
  1.15000000E-01  7.47388276E-02 -4.88999240E+01  0.00000000E+00  4.52587485E-01  1.03558254E-03 -2.77411175E-02
  1.20000000E-01  7.69902874E-02 -4.88999188E+01  0.00000000E+00  4.48597208E-01  1.04016752E-03 -2.74916290E-02
  1.25000000E-01  7.92232977E-02 -4.88999136E+01  0.00000000E+00  4.45129207E-01  1.04365153E-03 -2.72747357E-02
  1.30000000E-01  8.14402738E-02 -4.88999083E+01  0.00000000E+00  4.42115218E-01  1.04623118E-03 -2.70861937E-02
  1.35000000E-01  8.36433149E-02 -4.88999031E+01  0.00000000E+00  4.39646576E-01  1.04628151E-03 -2.70059160E-02
  1.40000000E-01  8.58353761E-02 -4.88998979E+01  0.00000000E+00  4.37355460E-01  1.04786230E-03 -2.68563348E-02
  1.45000000E-01  8.80164257E-02 -4.88998926E+01  0.00000000E+00  4.35363866E-01  1.04851097E-03 -2.67239695E-02
  1.50000000E-01  9.01882660E-02 -4.88998874E+01  0.00000000E+00  4.33629925E-01  1.04899785E-03 -2.66079502E-02
  1.55000000E-01  9.23520808E-02 -4.88998821E+01  0.00000000E+00  4.32122766E-01  1.04917364E-03 -2.65068214E-02
  1.60000000E-01  9.45089267E-02 -4.88998769E+01  0.00000000E+00  4.30813096E-01  1.04910288E-03 -2.64188360E-02
  1.65000000E-01  9.66597180E-02 -4.88998716E+01  0.00000000E+00  4.29675217E-01  1.04884193E-03 -2.63423461E-02
  1.70000000E-01  9.88052494E-02 -4.88998664E+01  0.00000000E+00  4.28686712E-01  1.04843756E-03 -2.62758725E-02
  1.75000000E-01  1.00946212E-01 -4.88998611E+01  0.00000000E+00  4.27828066E-01  1.04792815E-03 -2.62181130E-02
  1.80000000E-01  1.03083205E-01 -4.88998559E+01  0.00000000E+00  4.27082304E-01  1.04734483E-03 -2.61679300E-02
  1.85000000E-01  1.05216753E-01 -4.88998507E+01  0.00000000E+00  4.26592937E-01  1.04315631E-03 -2.62014304E-02
  1.90000000E-01  1.07348494E-01 -4.88998455E+01  0.00000000E+00  4.26015160E-01  1.04248435E-03 -2.61575249E-02
  1.95000000E-01  1.09477125E-01 -4.88998403E+01  0.00000000E+00  4.25512319E-01  1.04238357E-03 -2.61161276E-02
  2.00000000E-01  1.11603430E-01 -4.88998350E+01  0.00000000E+00 -6.58673198E-01  7.41089495E-04  3.97021333E-02
  2.05000000E-01  1.05599600E-01 -4.88998321E+01  0.00000000E+00 -6.02425767E-01  5.70605178E-04  3.63606246E-02
  2.10000000E-01  1.02728090E-01 -4.88998297E+01  0.00000000E+00 -5.34008830E-01  3.56365690E-04  3.22302091E-02
  2.15000000E-01  1.00229088E-01 -4.88998284E+01  0.00000000E+00 -4.67748955E-01  2.20445801E-04  2.82597087E-02
  2.20000000E-01  9.80559927E-02 -4.88998277E+01  0.00000000E+00 -4.07827412E-01  1.14589336E-04  2.46654619E-02
  2.25000000E-01  9.61666595E-02 -4.88998273E+01  0.00000000E+00 -3.54936258E-01  3.96251031E-05  2.14893608E-02
  2.30000000E-01  9.45242061E-02 -4.88998273E+01  0.00000000E+00 -3.08682904E-01 -1.15193824E-05  1.87080567E-02
  2.35000000E-01  9.30964250E-02 -4.88998275E+01  0.00000000E+00 -2.68381056E-01 -4.49802466E-05  1.62813349E-02
  2.40000000E-01  9.18552743E-02 -4.88998278E+01  0.00000000E+00 -2.33315147E-01 -6.56132785E-05  1.41671686E-02
  2.45000000E-01  9.07763633E-02 -4.88998282E+01  0.00000000E+00 -2.02822143E-01 -7.71098540E-05  1.23264988E-02
  2.50000000E-01  8.98384851E-02 -4.88998286E+01  0.00000000E+00 -1.76311569E-01 -8.22190734E-05  1.07244300E-02
  2.55000000E-01  8.90232037E-02 -4.88998290E+01  0.00000000E+00 -1.53265296E-01 -8.29622265E-05  9.33025087E-03
  2.60000000E-01  8.83144929E-02 -4.88998295E+01  0.00000000E+00 -1.33231278E-01 -8.08105596E-05  8.11709606E-03
  2.65000000E-01  8.76984216E-02 -4.88998299E+01  0.00000000E+00 -1.15816000E-01 -7.68244252E-05  7.06152503E-03
  2.70000000E-01  8.71628798E-02 -4.88998302E+01  0.00000000E+00 -1.00677209E-01 -7.17594970E-05  6.14310926E-03
  2.75000000E-01  8.66973407E-02 -4.88998306E+01  0.00000000E+00 -8.75173339E-02 -6.61468597E-05  5.34405554E-03
  2.80000000E-01  8.62926537E-02 -4.88998309E+01  0.00000000E+00 -7.60776874E-02 -6.03529947E-05  4.64887102E-03
  2.85000000E-01  8.59408644E-02 -4.88998312E+01  0.00000000E+00 -6.61333960E-02 -5.46245114E-05  4.04406854E-03
  2.90000000E-01  8.56350582E-02 -4.88998314E+01  0.00000000E+00 -5.74889833E-02 -4.91213825E-05  3.51790854E-03
  2.95000000E-01  8.53692243E-02 -4.88998317E+01  0.00000000E+00 -4.99745273E-02 -4.39415516E-05  3.06017371E-03
  3.00000000E-01  8.51381378E-02 -4.88998319E+01  0.00000000E+00 -4.34423201E-02 -3.91390816E-05  2.66197223E-03
  3.05000000E-01  8.49372567E-02 -4.88998321E+01  0.00000000E+00 -3.77639631E-02 -3.47374792E-05  2.31556637E-03
  3.10000000E-01  8.47626328E-02 -4.88998322E+01  0.00000000E+00 -3.28278429E-02 -3.07394236E-05  2.01422298E-03
  3.15000000E-01  8.46108339E-02 -4.88998324E+01  0.00000000E+00 -2.85369365E-02 -2.71338236E-05  1.75208336E-03
  3.20000000E-01  8.44788764E-02 -4.88998325E+01  0.00000000E+00 -2.48069040E-02 -2.39008925E-05  1.52404983E-03
  3.25000000E-01  8.43641670E-02 -4.88998326E+01  0.00000000E+00 -2.15644307E-02 -2.10157610E-05  1.32568708E-03
  3.30000000E-01  8.42644510E-02 -4.88998327E+01  0.00000000E+00 -1.87457854E-02 -1.84510121E-05  1.15313616E-03
  3.35000000E-01  8.41777687E-02 -4.88998328E+01  0.00000000E+00 -1.62955677E-02 -1.61784281E-05  1.00303969E-03
  3.40000000E-01  8.41024164E-02 -4.88998329E+01  0.00000000E+00 -1.41656192E-02 -1.41701645E-05  8.72476709E-04
  3.45000000E-01  8.40369132E-02 -4.88998329E+01  0.00000000E+00 -1.23140765E-02 -1.23995087E-05  7.58906028E-04
  3.50000000E-01  8.39799717E-02 -4.88998330E+01  0.00000000E+00 -1.07045484E-02 -1.08413428E-05  6.60116871E-04
  3.55000000E-01  8.39304727E-02 -4.88998330E+01  0.00000000E+00 -9.30540071E-03 -9.47239702E-06  5.74185955E-04
  3.60000000E-01  8.38874436E-02 -4.88998331E+01  0.00000000E+00 -8.08913419E-03 -8.27135685E-06  4.99440127E-04
  3.65000000E-01  8.38500386E-02 -4.88998331E+01  0.00000000E+00 -7.03195482E-03 -6.86742199E-06  4.34491646E-04
  3.70000000E-01  8.38175218E-02 -4.88998332E+01  0.00000000E+00 -6.11286221E-03 -5.97799679E-06  3.77932418E-04
  3.75000000E-01  8.37892552E-02 -4.88998332E+01  0.00000000E+00 -5.31386506E-03 -5.20684385E-06  3.28716365E-04
  3.80000000E-01  8.37646834E-02 -4.88998332E+01  0.00000000E+00 -4.61929292E-03 -4.53518845E-06  2.85902013E-04
  3.85000000E-01  8.37433233E-02 -4.88998332E+01  0.00000000E+00 -4.01550505E-03 -3.94950479E-06  2.48661216E-04
  3.90000000E-01  8.37247553E-02 -4.88998333E+01  0.00000000E+00 -3.49063791E-03 -3.43868776E-06  2.16270022E-04
  3.95000000E-01  8.37086143E-02 -4.88998333E+01  0.00000000E+00 -3.03437662E-03 -2.99325424E-06  1.88097534E-04
  4.00000000E-01  8.36945830E-02 -4.88998333E+01  0.00000000E+00 -2.63775386E-03 -2.60495726E-06  1.63594576E-04
  4.05000000E-01  8.36823858E-02 -4.88998333E+01  0.00000000E+00 -2.29297422E-03 -2.26657954E-06  1.42283328E-04
  4.10000000E-01  8.36717829E-02 -4.88998333E+01  0.00000000E+00 -1.99326119E-03 -1.97179491E-06  1.23748131E-04
  4.15000000E-01  8.36625659E-02 -4.88998333E+01  0.00000000E+00 -1.73272399E-03 -1.71505903E-06  1.07627433E-04
  4.20000000E-01  8.36545536E-02 -4.88998333E+01  0.00000000E+00 -1.50624187E-03 -1.49151631E-06  9.36067512E-05
  4.25000000E-01  8.36475886E-02 -4.88998333E+01  0.00000000E+00 -1.30936340E-03 -1.29691793E-06  8.14125544E-05
  4.30000000E-01  8.36415340E-02 -4.88998333E+01  0.00000000E+00 -1.13821903E-03 -1.12754905E-06  7.08069309E-05
  4.35000000E-01  8.36362707E-02 -4.88998333E+01  0.00000000E+00 -9.89445006E-04 -9.80164110E-07  6.15829521E-05
  4.40000000E-01  8.36316954E-02 -4.88998333E+01  0.00000000E+00 -8.60117252E-04 -8.51929356E-07  5.35606394E-05
  4.45000000E-01  8.36277182E-02 -4.88998333E+01  0.00000000E+00 -7.47693918E-04 -7.40372012E-07  4.65834546E-05
  4.50000000E-01  8.36242608E-02 -4.88998334E+01  0.00000000E+00 -6.49965402E-04 -6.43335333E-07  4.05152483E-05
  4.55000000E-01  8.36212553E-02 -4.88998334E+01  0.00000000E+00 -5.65010925E-04 -5.58939007E-07  3.52376049E-05
  4.60000000E-01  8.36186426E-02 -4.88998334E+01  0.00000000E+00 -4.91160778E-04 -4.85544324E-07  3.06475330E-05
  4.65000000E-01  8.36163714E-02 -4.88998334E+01  0.00000000E+00 -4.26963504E-04 -4.21723576E-07  2.66554570E-05
  4.70000000E-01  8.36143971E-02 -4.88998334E+01  0.00000000E+00 -3.71157369E-04 -3.66233231E-07  2.31834698E-05
  4.75000000E-01  8.36126808E-02 -4.88998334E+01  0.00000000E+00 -3.22645562E-04 -3.17990424E-07  2.01638131E-05
  4.80000000E-01  8.36111889E-02 -4.88998334E+01  0.00000000E+00 -2.80474639E-04 -2.76052391E-07  1.75375556E-05
  4.85000000E-01  8.36098919E-02 -4.88998334E+01  0.00000000E+00 -2.43815782E-04 -2.39598492E-07  1.52534431E-05
  4.90000000E-01  8.36087645E-02 -4.88998334E+01  0.00000000E+00 -2.11948509E-04 -2.07914494E-07  1.32668989E-05
  4.95000000E-01  8.36077844E-02 -4.88998334E+01  0.00000000E+00 -1.84246514E-04 -1.80378863E-07  1.15391536E-05
  5.00000000E-01  8.36069324E-02 -4.88998334E+01  0.00000000E+00 -1.60165354E-04 -1.56450792E-07  1.00364888E-05