  0.00000000E+00  0.00000000E+00 -4.89900000E+01  0.00000000E+00  7.81317094E-01  2.56754856E-05 -8.85819481E-02
  5.00000000E-03  3.90658547E-03 -4.89899999E+01  0.00000000E+00  7.16920588E-01  1.62817549E-04 -8.13668210E-02
  1.00000000E-02  7.33019715E-03 -4.89899987E+01  0.00000000E+00  6.61121147E-01  1.52523466E-04 -7.59042349E-02
  1.50000000E-02  1.04963043E-02 -4.89899980E+01  0.00000000E+00  6.11508859E-01  1.02922295E-04 -7.10031071E-02
  2.00000000E-02  1.34298179E-02 -4.89899976E+01  0.00000000E+00  5.68652525E-01  1.67685822E-04 -6.71553039E-02
  2.50000000E-02  1.61659396E-02 -4.89899966E+01  0.00000000E+00  5.31214301E-01  2.24081845E-04 -6.35559056E-02
  3.00000000E-02  1.87284156E-02 -4.89899953E+01  0.00000000E+00  4.98609061E-01  2.42344142E-04 -6.02045130E-02
  3.50000000E-02  2.11399478E-02 -4.89899941E+01  0.00000000E+00  4.70317887E-01  2.48395506E-04 -5.72723620E-02
  4.00000000E-02  2.34208093E-02 -4.89899928E+01  0.00000000E+00  4.45588834E-01  2.37252788E-04 -5.44662878E-02
  4.50000000E-02  2.55869308E-02 -4.89899917E+01  0.00000000E+00  4.24421371E-01  2.97366008E-04 -5.23574968E-02
  5.00000000E-02  2.76561190E-02 -4.89899900E+01  0.00000000E+00  4.06091337E-01  3.23836938E-04 -5.05514180E-02
  5.50000000E-02  2.96407506E-02 -4.89899883E+01  0.00000000E+00  3.89830970E-01  3.30248833E-04 -4.86380822E-02
  6.00000000E-02  3.15492546E-02 -4.89899867E+01  0.00000000E+00  3.75993382E-01  3.39357834E-04 -4.72038670E-02
  6.50000000E-02  3.33946275E-02 -4.89899849E+01  0.00000000E+00  3.63659568E-01  3.42155036E-04 -4.56815457E-02
  7.00000000E-02  3.51820908E-02 -4.89899832E+01  0.00000000E+00  3.53074764E-01  3.53985840E-04 -4.44194077E-02
  7.50000000E-02  3.69210026E-02 -4.89899814E+01  0.00000000E+00  3.43723581E-01  3.55236515E-04 -4.32194128E-02
  8.00000000E-02  3.86162426E-02 -4.89899796E+01  0.00000000E+00  3.35732517E-01  3.48453814E-04 -4.22452491E-02
  8.50000000E-02  4.02749275E-02 -4.89899779E+01  0.00000000E+00  3.28645068E-01  3.49048703E-04 -4.13046791E-02
  9.00000000E-02  4.19004342E-02 -4.89899762E+01  0.00000000E+00  3.22846642E-01  3.93396395E-04 -4.07995803E-02
  9.50000000E-02  4.35001714E-02 -4.89899741E+01  0.00000000E+00  3.17453214E-01  3.89793789E-04 -4.00379227E-02
  1.00000000E-01  4.50739539E-02 -4.89899722E+01  0.00000000E+00  3.12974342E-01  3.79448248E-04 -3.95335153E-02
  1.05000000E-01  4.66276284E-02 -4.89899703E+01  0.00000000E+00  3.08863313E-01  3.75585102E-04 -3.89148526E-02
  1.10000000E-01  4.81616674E-02 -4.89899684E+01  0.00000000E+00  3.05304046E-01  3.95981760E-04 -3.83629583E-02
  1.15000000E-01  4.96792894E-02 -4.89899664E+01  0.00000000E+00  3.02184140E-01  3.90687477E-04 -3.78718925E-02
  1.20000000E-01  5.11824104E-02 -4.89899644E+01  0.00000000E+00  2.99700974E-01  4.04839976E-04 -3.75585361E-02
  1.25000000E-01  5.26747073E-02 -4.89899624E+01  0.00000000E+00  2.97328209E-01  3.97275791E-04 -3.71724544E-02
  1.30000000E-01  5.41554165E-02 -4.89899604E+01  0.00000000E+00  2.95567961E-01  4.22226779E-04 -3.70591988E-02
  1.35000000E-01  5.56288557E-02 -4.89899582E+01  0.00000000E+00  2.93745266E-01  4.13178348E-04 -3.67360857E-02
  1.40000000E-01  5.70930252E-02 -4.89899562E+01  0.00000000E+00  2.92283597E-01  4.30474714E-04 -3.65339169E-02
  1.45000000E-01  5.85507891E-02 -4.89899540E+01  0.00000000E+00  2.90884954E-01  4.20820146E-04 -3.62681539E-02
  1.50000000E-01  6.00017172E-02 -4.89899519E+01  0.00000000E+00  2.89752478E-01  4.39017282E-04 -3.60524554E-02
  1.55000000E-01  6.14476484E-02 -4.89899497E+01  0.00000000E+00  2.88686877E-01  4.27538654E-04 -3.58417257E-02
  1.60000000E-01  6.28884188E-02 -4.89899476E+01  0.00000000E+00  2.87843909E-01  4.14294399E-04 -3.57213805E-02
  1.65000000E-01  6.43255309E-02 -4.89899455E+01  0.00000000E+00  2.87030607E-01  4.03948730E-04 -3.55542783E-02
  1.70000000E-01  6.57586507E-02 -4.89899435E+01  0.00000000E+00  2.86531270E-01  4.24951463E-04 -3.55703162E-02
  1.75000000E-01  6.71900587E-02 -4.89899414E+01  0.00000000E+00  2.85898672E-01  4.14623450E-04 -3.54252995E-02
  1.80000000E-01  6.86179706E-02 -4.89899393E+01  0.00000000E+00  2.85650912E-01  4.38017197E-04 -3.55127783E-02
  1.85000000E-01  7.00456057E-02 -4.89899371E+01  0.00000000E+00  2.85144405E-01  4.25832212E-04 -3.53749794E-02
  1.90000000E-01  7.14700615E-02 -4.89899350E+01  0.00000000E+00  2.84773123E-01  4.26608535E-04 -3.52832996E-02
  1.95000000E-01  7.28929989E-02 -4.89899328E+01  0.00000000E+00  2.84371737E-01  4.14494073E-04 -3.51651952E-02
  2.00000000E-01  7.43138541E-02 -4.89899308E+01  0.00000000E+00 -4.33321009E-01  1.68985266E-04  4.62236527E-02
  2.05000000E-01  7.03530172E-02 -4.89899306E+01  0.00000000E+00 -3.95674388E-01  1.39955841E-04  4.15319442E-02
  2.10000000E-01  6.84687618E-02 -4.89899299E+01  0.00000000E+00 -3.50936723E-01  9.52582878E-05  3.73396674E-02
  2.15000000E-01  6.68259224E-02 -4.89899296E+01  0.00000000E+00 -3.07386119E-01  5.14112215E-05  3.29451421E-02
  2.20000000E-01  6.53978683E-02 -4.89899294E+01  0.00000000E+00 -2.68117251E-01  4.28304819E-05  2.90276538E-02
  2.25000000E-01  6.41554542E-02 -4.89899292E+01  0.00000000E+00 -2.33398266E-01  2.76219562E-05  2.55107642E-02
  2.30000000E-01  6.30752603E-02 -4.89899291E+01  0.00000000E+00 -2.03111551E-01  2.44996210E-05  2.24392602E-02
  2.35000000E-01  6.21354194E-02 -4.89899290E+01  0.00000000E+00 -1.76718729E-01  2.18855449E-05  1.97338232E-02
  2.40000000E-01  6.13178078E-02 -4.89899289E+01  0.00000000E+00 -1.53724732E-01  1.63175316E-05  1.73356849E-02
  2.45000000E-01  6.06066691E-02 -4.89899288E+01  0.00000000E+00 -1.33746061E-01  1.51987945E-05  1.52444545E-02
  2.50000000E-01  5.99878855E-02 -4.89899288E+01  0.00000000E+00 -1.16367379E-01  1.41950903E-05  1.34052693E-02
  2.55000000E-01  5.94494953E-02 -4.89899287E+01  0.00000000E+00 -1.01250378E-01  1.33546055E-05  1.17875898E-02
  2.60000000E-01  5.89810359E-02 -4.89899286E+01  0.00000000E+00 -8.80548697E-02  1.42066999E-05  1.03380205E-02
  2.65000000E-01  5.85737503E-02 -4.89899286E+01  0.00000000E+00 -7.66232348E-02  1.35931314E-05  9.09267709E-03
  2.70000000E-01  5.82192132E-02 -4.89899285E+01  0.00000000E+00 -6.66770445E-02  1.28878430E-05  7.99637374E-03
  2.75000000E-01  5.79106935E-02 -4.89899284E+01  0.00000000E+00 -5.80231856E-02  1.21976858E-05  7.03174782E-03
  2.80000000E-01  5.76422122E-02 -4.89899284E+01  0.00000000E+00 -5.04934901E-02  1.15250894E-05  6.18309862E-03
  2.85000000E-01  5.74085690E-02 -4.89899283E+01  0.00000000E+00 -4.39417412E-02  1.08709976E-05  5.43655897E-03
  2.90000000E-01  5.72052397E-02 -4.89899283E+01  0.00000000E+00 -3.82407740E-02  1.02341933E-05  4.77989129E-03
  2.95000000E-01  5.70282882E-02 -4.89899282E+01  0.00000000E+00 -3.32799906E-02  9.61399773E-06  4.20231307E-03
  3.00000000E-01  5.68742902E-02 -4.89899282E+01  0.00000000E+00 -2.89631949E-02  9.01067358E-06  3.69432945E-03
  3.05000000E-01  5.67402662E-02 -4.89899281E+01  0.00000000E+00 -2.52007750E-02  7.76815393E-06  3.24102701E-03
  3.10000000E-01  5.66236684E-02 -4.89899281E+01  0.00000000E+00 -2.19328332E-02  7.37406703E-06  2.84930002E-03
  3.15000000E-01  5.65221741E-02 -4.89899281E+01  0.00000000E+00 -1.90889299E-02  6.96053415E-06  2.50479307E-03
  3.20000000E-01  5.64338392E-02 -4.89899280E+01  0.00000000E+00 -1.66140088E-02  6.54307167E-06  2.20183041E-03
  3.25000000E-01  5.63569565E-02 -4.89899280E+01  0.00000000E+00 -1.44601606E-02  6.12662510E-06  1.93541837E-03
  3.30000000E-01  5.62900403E-02 -4.89899280E+01  0.00000000E+00 -1.25857051E-02  5.71654122E-06  1.70116161E-03
  3.35000000E-01  5.62317979E-02 -4.89899279E+01  0.00000000E+00 -1.09543776E-02  5.31686414E-06  1.49519166E-03
  3.40000000E-01  5.61811043E-02 -4.89899279E+01  0.00000000E+00 -9.53462421E-03  4.93066379E-06  1.31410385E-03
  3.45000000E-01  5.61369806E-02 -4.89899279E+01  0.00000000E+00 -8.29898910E-03  4.56021924E-06  1.15490180E-03
  3.50000000E-01  5.60985747E-02 -4.89899279E+01  0.00000000E+00 -7.22358174E-03  4.20715036E-06  1.01494864E-03
  3.55000000E-01  5.60651453E-02 -4.89899278E+01  0.00000000E+00 -6.28761354E-03  3.87252621E-06  8.91924000E-04
  3.60000000E-01  5.60360472E-02 -4.89899278E+01  0.00000000E+00 -5.47299470E-03  3.55695800E-06  7.83786201E-04
  3.65000000E-01  5.60107188E-02 -4.89899278E+01  0.00000000E+00 -4.76398364E-03  3.26067444E-06  6.88738908E-04
  3.70000000E-01  5.59886714E-02 -4.89899278E+01  0.00000000E+00 -4.14688192E-03  2.98360066E-06  6.05201764E-04
  3.75000000E-01  5.59694797E-02 -4.89899278E+01  0.00000000E+00 -3.60976891E-03  2.72541952E-06  5.31784528E-04
  3.80000000E-01  5.59527737E-02 -4.89899278E+01  0.00000000E+00 -3.14227089E-03  2.48562188E-06  4.67264301E-04
  3.85000000E-01  5.59382311E-02 -4.89899278E+01  0.00000000E+00 -2.73536021E-03  2.26355534E-06  4.10565459E-04
  3.90000000E-01  5.59255715E-02 -4.89899277E+01  0.00000000E+00 -2.38118053E-03  2.05846290E-06  3.60741990E-04
  3.95000000E-01  5.59145511E-02 -4.89899277E+01  0.00000000E+00 -2.07289475E-03  1.86951403E-06  3.16961939E-04
  4.00000000E-01  5.59049573E-02 -4.89899277E+01  0.00000000E+00 -1.80455270E-03  1.69583151E-06  2.78493709E-04
  4.05000000E-01  5.58966054E-02 -4.89899277E+01  0.00000000E+00 -1.57097606E-03  1.53651191E-06  2.44694006E-04
  4.10000000E-01  5.58893345E-02 -4.89899277E+01  0.00000000E+00 -1.36765814E-03  1.39064339E-06  2.14997225E-04
  4.15000000E-01  5.58830045E-02 -4.89899277E+01  0.00000000E+00 -1.19067675E-03  1.25732303E-06  1.88906102E-04
  4.20000000E-01  5.58774935E-02 -4.89899277E+01  0.00000000E+00 -1.03661838E-03  1.13566933E-06  1.65983485E-04
  4.25000000E-01  5.58726956E-02 -4.89899277E+01  0.00000000E+00 -9.02512134E-04  1.02481282E-06  1.45845107E-04
  4.30000000E-01  5.58685183E-02 -4.89899277E+01  0.00000000E+00 -7.85772376E-04  9.23916868E-07  1.28153171E-04
  4.35000000E-01  5.58648813E-02 -4.89899277E+01  0.00000000E+00 -6.84148698E-04  8.32201811E-07  1.12610751E-04
  4.40000000E-01  5.58617146E-02 -4.89899277E+01  0.00000000E+00 -5.95682454E-04  7.48936540E-07  9.89568770E-05
  4.45000000E-01  5.58589574E-02 -4.89899277E+01  0.00000000E+00 -5.18668922E-04  6.73422423E-07  8.69622182E-05
  4.50000000E-01  5.58565565E-02 -4.89899277E+01  0.00000000E+00 -4.51624354E-04  6.05018112E-07  7.64252177E-05
  4.55000000E-01  5.58544660E-02 -4.89899277E+01  0.00000000E+00 -3.93257312E-04  5.43155303E-07  6.71686671E-05
  4.60000000E-01  5.58526457E-02 -4.89899277E+01  0.00000000E+00 -3.42443780E-04  4.87255931E-07  5.90369743E-05
  4.65000000E-01  5.58510605E-02 -4.89899277E+01  0.00000000E+00 -2.98205401E-04  4.36796606E-07  5.18934019E-05
  4.70000000E-01  5.58496801E-02 -4.89899277E+01  0.00000000E+00 -2.59690616E-04  3.91293225E-07  4.56178204E-05
  4.75000000E-01  5.58484779E-02 -4.89899277E+01  0.00000000E+00 -2.26158231E-04  3.50294689E-07  4.01047006E-05
  4.80000000E-01  5.58474309E-02 -4.89899277E+01  0.00000000E+00 -1.96963089E-04  3.13400737E-07  3.52613018E-05
  4.85000000E-01  5.58465191E-02 -4.89899277E+01  0.00000000E+00 -1.71543627E-04  2.80232080E-07  3.10061599E-05
  4.90000000E-01  5.58457249E-02 -4.89899277E+01  0.00000000E+00 -1.49411039E-04  2.50433843E-07  2.72677188E-05
  4.95000000E-01  5.58450332E-02 -4.89899277E+01  0.00000000E+00 -1.30139855E-04  2.23679911E-07  2.39831302E-05
  5.00000000E-01  5.58444307E-02 -4.89899277E+01  0.00000000E+00 -1.13359718E-04  1.99674012E-07  2.10971899E-05