  0.00000000E+00  0.00000000E+00 -4.89950000E+01  0.00000000E+00  7.05894743E-01  6.66329991E-06 -8.69594480E-02
  5.00000000E-03  3.52947371E-03 -4.89950000E+01  0.00000000E+00  6.47926507E-01 -2.77631211E-05 -8.00045432E-02
  1.00000000E-02  6.62418566E-03 -4.89950002E+01  0.00000000E+00  5.97409915E-01 -5.44553302E-06 -7.52764267E-02
  1.50000000E-02  9.48494376E-03 -4.89950002E+01  0.00000000E+00  5.51766175E-01  3.46478497E-05 -7.13049719E-02
  2.00000000E-02  1.21296653E-02 -4.89949999E+01  0.00000000E+00  5.11814874E-01  1.19327921E-04 -6.76759639E-02
  2.50000000E-02  1.45888614E-02 -4.89949991E+01  0.00000000E+00  4.77284303E-01  1.66879007E-04 -6.42638301E-02
  3.00000000E-02  1.68889565E-02 -4.89949981E+01  0.00000000E+00  4.47769756E-01  2.06198665E-04 -6.13434748E-02
  3.50000000E-02  1.90540189E-02 -4.89949970E+01  0.00000000E+00  4.22090743E-01  2.44072968E-04 -5.84620315E-02
  4.00000000E-02  2.11002751E-02 -4.89949957E+01  0.00000000E+00  3.99860122E-01  2.76999413E-04 -5.58373752E-02
  4.50000000E-02  2.30439991E-02 -4.89949942E+01  0.00000000E+00  3.80552323E-01  3.04475601E-04 -5.34425841E-02
  5.00000000E-02  2.48984913E-02 -4.89949926E+01  0.00000000E+00  3.63836694E-01  3.29019732E-04 -5.13158436E-02
  5.50000000E-02  2.66758857E-02 -4.89949909E+01  0.00000000E+00  3.49337547E-01  3.46925339E-04 -4.94238478E-02
  6.00000000E-02  2.83863255E-02 -4.89949891E+01  0.00000000E+00  3.36741605E-01  3.61907412E-04 -4.77378874E-02
  6.50000000E-02  3.00385437E-02 -4.89949873E+01  0.00000000E+00  3.25783674E-01  3.72860876E-04 -4.62108756E-02
  7.00000000E-02  3.16400672E-02 -4.89949854E+01  0.00000000E+00  3.16402265E-01  3.75794442E-04 -4.49675094E-02
  7.50000000E-02  3.31986250E-02 -4.89949835E+01  0.00000000E+00  3.08144929E-01  3.85029167E-04 -4.37562868E-02
  8.00000000E-02  3.47187063E-02 -4.89949816E+01  0.00000000E+00  3.01484576E-01  4.13471806E-04 -4.31904169E-02
  8.50000000E-02  3.62094783E-02 -4.89949794E+01  0.00000000E+00  2.95288582E-01  4.21989567E-04 -4.22359348E-02
  9.00000000E-02  3.76704313E-02 -4.89949773E+01  0.00000000E+00  2.89864101E-01  4.24796366E-04 -4.13471084E-02
  9.50000000E-02  3.91061906E-02 -4.89949752E+01  0.00000000E+00  2.85160671E-01  4.25755308E-04 -4.05597275E-02
  1.00000000E-01  4.05202354E-02 -4.89949730E+01  0.00000000E+00  2.81092817E-01  4.27328812E-04 -3.98692163E-02
  1.05000000E-01  4.19155298E-02 -4.89949709E+01  0.00000000E+00  2.77529713E-01  4.34400755E-04 -3.92308008E-02
  1.10000000E-01  4.32942706E-02 -4.89949687E+01  0.00000000E+00  2.74462190E-01  4.36647611E-04 -3.86775392E-02
  1.15000000E-01  4.46589127E-02 -4.89949665E+01  0.00000000E+00  2.71814775E-01  4.32891001E-04 -3.82007736E-02
  1.20000000E-01  4.60113681E-02 -4.89949644E+01  0.00000000E+00  2.69489013E-01  4.38390783E-04 -3.77346449E-02
  1.25000000E-01  4.73529987E-02 -4.89949622E+01  0.00000000E+00  2.67509296E-01  4.40565816E-04 -3.73620092E-02
  1.30000000E-01  4.86855959E-02 -4.89949599E+01  0.00000000E+00  2.65807691E-01  4.39386721E-04 -3.70432721E-02
  1.35000000E-01  5.00103804E-02 -4.89949578E+01  0.00000000E+00  2.64320196E-01  4.42329051E-04 -3.67410379E-02
  1.40000000E-01  5.13282626E-02 -4.89949555E+01  0.00000000E+00  2.63021721E-01  4.39559962E-04 -3.64697363E-02
  1.45000000E-01  5.26401250E-02 -4.89949533E+01  0.00000000E+00  2.63180689E-01  3.85083320E-04 -3.69601228E-02
  1.50000000E-01  5.39564259E-02 -4.89949516E+01  0.00000000E+00  2.62133423E-01  3.88639607E-04 -3.67071326E-02
  1.55000000E-01  5.52644748E-02 -4.89949496E+01  0.00000000E+00  2.61153692E-01  3.89691160E-04 -3.64286791E-02
  1.60000000E-01  5.65677940E-02 -4.89949476E+01  0.00000000E+00  2.60296081E-01  3.91646594E-04 -3.61743551E-02
  1.65000000E-01  5.78671304E-02 -4.89949457E+01  0.00000000E+00  2.59841377E-01  3.82941911E-04 -3.62661703E-02
  1.70000000E-01  5.91652005E-02 -4.89949438E+01  0.00000000E+00  2.59479239E-01  4.18755480E-04 -3.62911717E-02
  1.75000000E-01  6.04616913E-02 -4.89949416E+01  0.00000000E+00  2.58865475E-01  4.19060225E-04 -3.60628762E-02
  1.80000000E-01  6.17544843E-02 -4.89949395E+01  0.00000000E+00  2.58306669E-01  4.18446739E-04 -3.58418490E-02
  1.85000000E-01  6.30446206E-02 -4.89949374E+01  0.00000000E+00  2.57817866E-01  4.17036526E-04 -3.56405505E-02
  1.90000000E-01  6.43324880E-02 -4.89949353E+01  0.00000000E+00  2.57401419E-01  4.16071042E-04 -3.54644128E-02
  1.95000000E-01  6.56184539E-02 -4.89949333E+01  0.00000000E+00  2.57077476E-01  4.16280629E-04 -3.53303278E-02
  2.00000000E-01  6.69030315E-02 -4.89949312E+01  0.00000000E+00 -3.92527232E-01  2.81896206E-04  4.57210486E-02
  2.05000000E-01  6.33163835E-02 -4.89949301E+01  0.00000000E+00 -3.58016129E-01  2.46453157E-04  4.08313201E-02
  2.10000000E-01  6.16125806E-02 -4.89949290E+01  0.00000000E+00 -3.17197037E-01  1.60477195E-04  3.69121820E-02
  2.15000000E-01  6.01286432E-02 -4.89949284E+01  0.00000000E+00 -2.77501867E-01  1.33484153E-04  3.25204249E-02
  2.20000000E-01  5.88403718E-02 -4.89949278E+01  0.00000000E+00 -2.41779796E-01  1.17147998E-04  2.86108332E-02
  2.25000000E-01  5.77207780E-02 -4.89949272E+01  0.00000000E+00 -2.10277471E-01  1.22888018E-04  2.51119513E-02
  2.30000000E-01  5.67481464E-02 -4.89949266E+01  0.00000000E+00 -1.82883523E-01  1.12087914E-04  2.20997039E-02
  2.35000000E-01  5.59022137E-02 -4.89949261E+01  0.00000000E+00 -1.58908364E-01  9.20527653E-05  1.93294389E-02
  2.40000000E-01  5.51676098E-02 -4.89949257E+01  0.00000000E+00 -1.38201636E-01  8.26896110E-05  1.70152788E-02
  2.45000000E-01  5.45283684E-02 -4.89949253E+01  0.00000000E+00 -1.20189220E-01  7.31857072E-05  1.49711025E-02
  2.50000000E-01  5.39724533E-02 -4.89949249E+01  0.00000000E+00 -1.04545624E-01  6.50925188E-05  1.31786365E-02
  2.55000000E-01  5.34888342E-02 -4.89949246E+01  0.00000000E+00 -9.09022742E-02  4.84681926E-05  1.15580800E-02
  2.60000000E-01  5.30684312E-02 -4.89949244E+01  0.00000000E+00 -7.90843887E-02  4.35443984E-05  1.01762497E-02
  2.65000000E-01  5.27025540E-02 -4.89949242E+01  0.00000000E+00 -6.88065436E-02  3.92101591E-05  8.95846636E-03
  2.70000000E-01  5.23842159E-02 -4.89949240E+01  0.00000000E+00 -5.98504734E-02  3.40919700E-05  7.87255930E-03
  2.75000000E-01  5.21073537E-02 -4.89949239E+01  0.00000000E+00 -5.20778631E-02  3.07481942E-05  6.92984480E-03
  2.80000000E-01  5.18663959E-02 -4.89949237E+01  0.00000000E+00 -4.53168605E-02  2.77153625E-05  6.09980006E-03
  2.85000000E-01  5.16567141E-02 -4.89949236E+01  0.00000000E+00 -3.94353138E-02  2.49853343E-05  5.36889664E-03
  2.90000000E-01  5.14742414E-02 -4.89949235E+01  0.00000000E+00 -3.43184328E-02  2.25271999E-05  4.72529566E-03
  2.95000000E-01  5.13154414E-02 -4.89949234E+01  0.00000000E+00 -2.98585319E-02  1.94368040E-05  4.15265197E-03
  3.00000000E-01  5.11772985E-02 -4.89949233E+01  0.00000000E+00 -2.59858296E-02  1.75849314E-05  3.65422949E-03
  3.05000000E-01  5.10570511E-02 -4.89949232E+01  0.00000000E+00 -2.26161802E-02  1.59133210E-05  3.21547574E-03
  3.10000000E-01  5.09523944E-02 -4.89949231E+01  0.00000000E+00 -1.96840764E-02  1.44066168E-05  2.82923905E-03
  3.15000000E-01  5.08613042E-02 -4.89949231E+01  0.00000000E+00 -1.71325824E-02  1.30456605E-05  2.48924162E-03
  3.20000000E-01  5.07820201E-02 -4.89949230E+01  0.00000000E+00 -1.49122072E-02  1.18157070E-05  2.18996361E-03
  3.25000000E-01  5.07130100E-02 -4.89949229E+01  0.00000000E+00 -1.29799143E-02  1.07036219E-05  1.92654547E-03
  3.30000000E-01  5.06529411E-02 -4.89949229E+01  0.00000000E+00 -1.12982740E-02  9.69762892E-06  1.69470671E-03
  3.35000000E-01  5.06006539E-02 -4.89949228E+01  0.00000000E+00 -9.83472974E-03  8.78711509E-06  1.49067619E-03
  3.40000000E-01  5.05551391E-02 -4.89949228E+01  0.00000000E+00 -8.56096146E-03  7.96249520E-06  1.31113147E-03
  3.45000000E-01  5.05155187E-02 -4.89949228E+01  0.00000000E+00 -7.45233258E-03  7.21517221E-06  1.15314550E-03
  3.50000000E-01  5.04810286E-02 -4.89949227E+01  0.00000000E+00 -6.48740962E-03  6.53751860E-06  1.01413975E-03
  3.55000000E-01  5.04510038E-02 -4.89949227E+01  0.00000000E+00 -5.64754492E-03  5.92271098E-06  8.91842937E-04
  3.60000000E-01  5.04248658E-02 -4.89949227E+01  0.00000000E+00 -4.91651388E-03  5.36464555E-06  7.84254522E-04
  3.65000000E-01  5.04021108E-02 -4.89949226E+01  0.00000000E+00 -4.28019921E-03  4.85796027E-06  6.89612329E-04
  3.70000000E-01  5.03823006E-02 -4.89949226E+01  0.00000000E+00 -3.72631686E-03  4.39791319E-06  6.06364225E-04
  3.75000000E-01  5.03650537E-02 -4.89949226E+01  0.00000000E+00 -3.24417784E-03  3.98018383E-06  5.33143360E-04
  3.80000000E-01  5.03500382E-02 -4.89949226E+01  0.00000000E+00 -2.82448099E-03  3.60078497E-06  4.68746245E-04
  3.85000000E-01  5.03369650E-02 -4.89949226E+01  0.00000000E+00 -2.45913200E-03  3.25619959E-06  4.12113129E-04
  3.90000000E-01  5.03255827E-02 -4.89949225E+01  0.00000000E+00 -2.14108687E-03  2.94327033E-06  3.62310949E-04
  3.95000000E-01  5.03156724E-02 -4.89949225E+01  0.00000000E+00 -1.86421545E-03  2.65914413E-06  3.18518443E-04
  4.00000000E-01  5.03070435E-02 -4.89949225E+01  0.00000000E+00 -1.62318270E-03  2.40124515E-06  2.80012710E-04
  4.05000000E-01  5.02995302E-02 -4.89949225E+01  0.00000000E+00 -1.41334549E-03  2.16723685E-06  2.46157369E-04
  4.10000000E-01  5.02929880E-02 -4.89949225E+01  0.00000000E+00 -1.22892061E-03  1.89519276E-06  2.14775289E-04
  4.15000000E-01  5.02873045E-02 -4.89949225E+01  0.00000000E+00 -1.07006449E-03  1.70864352E-06  1.88781629E-04
  4.20000000E-01  5.02823513E-02 -4.89949225E+01  0.00000000E+00 -9.31792750E-04  1.53988580E-06  1.65962125E-04
  4.25000000E-01  5.02780380E-02 -4.89949225E+01  0.00000000E+00 -8.11417417E-04  1.38728836E-06  1.45910958E-04
  4.30000000E-01  5.02742819E-02 -4.89949225E+01  0.00000000E+00 -7.06614013E-04  1.24923653E-06  1.28286790E-04
  4.35000000E-01  5.02710108E-02 -4.89949225E+01  0.00000000E+00 -6.15364148E-04  1.12439361E-06  1.12794115E-04
  4.40000000E-01  5.02681621E-02 -4.89949225E+01  0.00000000E+00 -5.35912678E-04  1.01150122E-06  9.91748008E-05
  4.45000000E-01  5.02656812E-02 -4.89949225E+01  0.00000000E+00 -4.66732431E-04  9.09473826E-07  8.72023504E-05
  4.50000000E-01  5.02635205E-02 -4.89949224E+01  0.00000000E+00 -4.06494255E-04  8.17331882E-07  7.66778235E-05
  4.55000000E-01  5.02616386E-02 -4.89949224E+01  0.00000000E+00 -3.54041206E-04  7.34173208E-07  6.74262892E-05
  4.60000000E-01  5.02599995E-02 -4.89949224E+01  0.00000000E+00 -3.08366185E-04  6.59189810E-07  5.92939412E-05
  4.65000000E-01  5.02585719E-02 -4.89949224E+01  0.00000000E+00 -2.68592451E-04  5.91648595E-07  5.21453917E-05
  4.70000000E-01  5.02573283E-02 -4.89949224E+01  0.00000000E+00 -2.33956747E-04  5.30877273E-07  4.58615665E-05
  4.75000000E-01  5.02562452E-02 -4.89949224E+01  0.00000000E+00 -2.03794655E-04  4.76267262E-07  4.03378059E-05
  4.80000000E-01  5.02553016E-02 -4.89949224E+01  0.00000000E+00 -1.77527765E-04  4.27250895E-07  3.54820961E-05
  4.85000000E-01  5.02544796E-02 -4.89949224E+01  0.00000000E+00 -1.54652592E-04  3.83275924E-07  3.12137187E-05
  4.90000000E-01  5.02537635E-02 -4.89949224E+01  0.00000000E+00 -1.34730795E-04  3.43809099E-07  2.74617348E-05
  4.95000000E-01  5.02531397E-02 -4.89949224E+01  0.00000000E+00 -1.17380663E-04  3.08375834E-07  2.41636213E-05
  5.00000000E-01  5.02525962E-02 -4.89949224E+01  0.00000000E+00 -1.02269877E-04  2.76544050E-07  2.12644438E-05
