  0.00000000E+00  0.00000000E+00  0.00000000E+00  0.00000000E+00  1.90257480E+00  2.49030151E-04  4.12927561E-04  2.37702552E-04  8.64615588E-05 -4.40366946E-04
  1.00000000E-02  1.90257480E-02  2.49030151E-06  4.12927561E-06  1.47144231E+00  1.23930047E-02  8.33547991E-03  3.02116140E-04 -1.73355546E-02 -2.34081340E-03
  2.00000000E-02  3.15845087E-02  1.87140221E-04  1.27096836E-04  1.17354530E+00  1.82249662E-02  1.19593032E-02  3.91784253E-04 -2.58440717E-02 -3.33664906E-03
  3.00000000E-02  4.18304767E-02  3.98549691E-04  2.64808985E-04  9.55937038E-01  2.12941141E-02  1.37840262E-02  4.78023091E-04 -3.04404868E-02 -3.92210785E-03
  4.00000000E-02  5.03018057E-02  6.26836571E-04  4.11772861E-04  8.03852816E-01  2.21359901E-02  1.41806302E-02  5.54032088E-04 -3.18705413E-02 -4.17882694E-03
  5.00000000E-02  5.75799128E-02  8.52405851E-04  5.55562184E-04  7.00019021E-01  2.16205680E-02  1.37246217E-02  6.10695221E-04 -3.13466160E-02 -4.19880357E-03
  6.00000000E-02  6.40609340E-02  1.06603442E-03  6.90528358E-04  6.30011754E-01  2.04546914E-02  1.28880794E-02  6.44966135E-04 -2.98451924E-02 -4.08601014E-03
  7.00000000E-02  7.00110152E-02  1.26475195E-03  8.15226440E-04  5.83120094E-01  1.90953470E-02  1.19691863E-02  6.58487759E-04 -2.80082716E-02 -3.91068816E-03
  8.00000000E-02  7.56077578E-02  1.44890870E-03  9.30323838E-04  5.51807169E-01  1.77941868E-02  1.11258168E-02  6.55761399E-04 -2.61986536E-02 -3.71796870E-03
  9.00000000E-02  8.09692649E-02  1.62034477E-03  1.03736516E-03  5.30916708E-01  1.66654619E-02  1.04234833E-02  6.42072615E-04 -2.45912940E-02 -3.53390872E-03
  1.00000000E-01  8.61739797E-02  1.78135576E-03  1.13808832E-03  5.16974330E-01  1.57427070E-02  9.87500303E-03  6.22264494E-04 -2.32479808E-02 -3.37130590E-03
  1.10000000E-01  9.12740111E-02  1.93416906E-03  1.23409595E-03  5.07657821E-01  1.50175995E-02  9.46716586E-03  6.00079180E-04 -2.21691907E-02 -3.23493380E-03
  1.20000000E-01  9.63040068E-02  2.08071952E-03  1.32672843E-03  5.01421191E-01  1.44635814E-02  9.17671565E-03  5.78074137E-04 -2.13264433E-02 -3.12487212E-03
  1.30000000E-01  1.01287036E-01  2.22258524E-03  1.41704333E-03  4.97236832E-01  1.40490245E-02  8.97892963E-03  5.57803822E-04 -2.06810236E-02 -3.03873465E-03
  1.40000000E-01  1.06238482E-01  2.36100270E-03  1.50584370E-03  4.94421770E-01  1.37437810E-02  8.85158717E-03  5.40055337E-04 -2.01938183E-02 -2.97312355E-03
  1.50000000E-01  1.11168624E-01  2.49691429E-03  1.59372286E-03  4.92521728E-01  1.35219142E-02  8.77636274E-03  5.25088447E-04 -1.98298592E-02 -2.92445339E-03
  1.60000000E-01  1.16084341E-01  2.63102410E-03  1.68111036E-03  4.91234163E-01  1.33623887E-02  8.73891907E-03  5.12832613E-04 -1.95599136E-02 -2.88938105E-03
  1.70000000E-01  1.20990245E-01  2.76385036E-03  1.76831233E-03  4.90357271E-01  1.32487821E-02  8.72843073E-03  5.03034417E-04 -1.93605580E-02 -2.86499674E-03
  1.80000000E-01  1.25889434E-01  2.89577015E-03  1.85554420E-03  4.89756216E-01  1.31686069E-02  8.73692922E-03  4.95359038E-04 -1.92135591E-02 -2.84887712E-03
  1.90000000E-01  1.30783990E-01  3.02705534E-03  1.94295598E-03  4.89340750E-01  1.31125464E-02  8.75865937E-03  4.89454526E-04 -1.91050181E-02 -2.83906518E-03
  2.00000000E-01  1.35675321E-01  3.15790050E-03  2.03065123E-03 -9.81623695E-01  5.13982781E-04 -7.21594939E-04  1.54304579E-04 -1.83572778E-03 -3.19116325E-04
  2.10000000E-01  1.18504261E-01  3.10004751E-03  1.97603401E-03 -7.83403170E-01 -3.43888614E-03 -2.96858482E-03  1.37011696E-04  3.92942396E-03  3.71095818E-04
  2.20000000E-01  1.11661332E-01  3.04589431E-03  1.93511321E-03 -5.71503738E-01 -6.84689015E-03 -5.45999818E-03  2.25703224E-05  8.82923335E-03  1.05424694E-03
  2.30000000E-01  1.07005792E-01  2.96038539E-03  1.86805616E-03 -3.99806267E-01 -8.52365094E-03 -6.38406743E-03 -5.12440605E-05  1.14597783E-02  1.41649274E-03
  2.40000000E-01  1.03866217E-01  2.86676507E-03  1.79959514E-03 -2.73484382E-01 -8.72237028E-03 -6.31736478E-03 -1.15222155E-04  1.20011853E-02  1.53785177E-03
  2.50000000E-01  1.01762982E-01  2.77854777E-03  1.73675501E-03 -1.84845313E-01 -7.99270783E-03 -5.63323864E-03 -1.59169175E-04  1.11931009E-02  1.48679398E-03
  2.60000000E-01  1.00357725E-01  2.70226901E-03  1.68384325E-03 -1.24158211E-01 -6.82693119E-03 -4.68949175E-03 -1.82456030E-04  9.71211636E-03  1.33764763E-03
  2.70000000E-01  9.94195780E-02  2.63982858E-03  1.64166707E-03 -8.31537457E-02 -5.55767352E-03 -3.71974985E-03 -1.87963790E-04  8.02472878E-03  1.14640273E-03
  2.80000000E-01  9.87930629E-02  2.59059813E-03  1.60931828E-03 -5.56397892E-02 -4.37170309E-03 -2.84788681E-03 -1.80235407E-04  6.40317077E-03  9.48916550E-04
  2.90000000E-01  9.83742348E-02  2.55281095E-03  1.58519873E-03 -3.72390401E-02 -3.35302769E-03 -2.12283456E-03 -1.64015849E-04  4.97917176E-03  7.65286155E-04
  3.00000000E-01  9.80938481E-02  2.52437405E-03  1.56759564E-03 -2.49474335E-02 -2.52346251E-03 -1.55004607E-03 -1.43393060E-04  3.79674880E-03  6.04896046E-04
  3.10000000E-01  9.79058318E-02  2.50328725E-03  1.55495912E-03 -1.67358671E-02 -1.87206932E-03 -1.11364493E-03 -1.21451992E-04  2.85148796E-03  4.70531659E-04
  3.20000000E-01  9.77795310E-02  2.48782353E-03  1.54600468E-03 -1.12453287E-02 -1.37375755E-03 -7.89929653E-04 -1.00263276E-04  2.11609034E-03  3.61283805E-04
  3.30000000E-01  9.76945304E-02  2.47657751E-03  1.53972396E-03 -7.56941309E-03 -9.99828084E-04 -5.54645167E-04 -8.10416904E-05  1.55541936E-03  2.74431590E-04
  3.40000000E-01  9.76372159E-02  2.46844888E-03  1.53535393E-03 -5.10459467E-03 -7.23275458E-04 -3.86328442E-04 -6.43606239E-05  1.13452304E-03  2.06583751E-04
  3.50000000E-01  9.75984940E-02  2.46259888E-03  1.53233223E-03 -3.44908678E-03 -5.20986912E-04 -2.67425426E-04 -5.03579380E-05  8.22351410E-04  1.54321701E-04
  3.60000000E-01  9.75722807E-02  2.45840046E-03  1.53025249E-03 -2.33521522E-03 -3.74261175E-04 -1.84274304E-04 -3.89046234E-05  5.93030981E-04  1.14526084E-04
  3.70000000E-01  9.75544979E-02  2.45539147E-03  1.52882550E-03 -1.58443378E-03 -2.68513895E-04 -1.26598542E-04 -2.97293837E-05  4.25869256E-04  8.45126083E-05
  3.80000000E-01  9.75424075E-02  2.45323507E-03  1.52784790E-03 -1.07746749E-03 -1.92660506E-04 -8.68564003E-05 -2.25032061E-05  3.04780758E-04  6.20594302E-05
  3.90000000E-01  9.75341676E-02  2.45168773E-03  1.52717804E-03 -7.34505271E-04 -1.38433000E-04 -5.96148970E-05 -1.68921383E-05  2.17516964E-04  4.53779018E-05
  4.00000000E-01  9.75285374E-02  2.45057454E-03  1.52671810E-03 -5.02051724E-04 -9.97506280E-05 -4.10161022E-05 -1.25869698E-05  1.54895118E-04  3.30579260E-05
  4.10000000E-01  9.75246791E-02  2.44977045E-03  1.52640093E-03 -3.44188822E-04 -7.21884447E-05 -2.83520372E-05 -9.31731038E-06  1.10113322E-04  2.40058678E-05
  4.20000000E-01  9.75220265E-02  2.44918637E-03  1.52618073E-03 -2.36759487E-04 -5.25479389E-05 -1.97401981E-05 -6.85585939E-06  7.81809749E-05  1.73845970E-05
  4.30000000E-01  9.75201961E-02  2.44875910E-03  1.52602639E-03 -1.63489403E-04 -3.85331516E-05 -1.38819557E-05 -5.01700087E-06  5.54643362E-05  1.25601964E-05
  4.40000000E-01  9.75189276E-02  2.44844384E-03  1.52591686E-03 -1.13396637E-04 -2.85108050E-05 -9.88676193E-06 -3.65249394E-06  3.93340288E-05  9.05694267E-06
  4.50000000E-01  9.75180440E-02  2.44820884E-03  1.52583797E-03 -7.90585293E-05 -2.13216450E-05 -7.14732773E-06 -2.64602305E-06  2.78971330E-05  6.52053356E-06
  4.60000000E-01  9.75174252E-02  2.44803157E-03  1.52578020E-03 -5.54500411E-05 -1.61399098E-05 -5.25287175E-06 -1.90762969E-06  1.97966879E-05  4.68879075E-06
  4.70000000E-01  9.75169887E-02  2.44789608E-03  1.52573714E-03 -3.91636419E-05 -1.23843866E-05 -3.92717119E-06 -1.36855863E-06  1.40633661E-05  3.36880325E-06
  4.80000000E-01  9.75166785E-02  2.44779102E-03  1.52570450E-03 -2.78849094E-05 -9.64331034E-06 -2.98695822E-06 -9.76779667E-07  1.00067841E-05  2.41931612E-06
  4.90000000E-01  9.75164560E-02  2.44770829E-03  1.52567933E-03 -2.00391977E-05 -7.62399646E-06 -2.31071230E-06 -6.93252966E-07  7.13643738E-06  1.73733773E-06
  5.00000000E-01  9.75162949E-02  2.44764214E-03  1.52565960E-03 -1.45532520E-05 -6.12076127E-06 -1.81684103E-06 -4.88899926E-07  5.10454228E-06  1.24805427E-06
