  0.00000000E+00  0.00000000E+00  0.00000000E+00  0.00000000E+00  1.90257477E+00  2.49017077E-04  4.12928357E-04  2.37679203E-04  8.64724209E-05 -4.40339229E-04
  1.00000000E-02  1.90257477E-02  2.49017077E-06  4.12928357E-06  1.33878593E+00 -1.23057421E-02  2.06914219E-02 -2.56528838E-04 -1.86765166E-02  1.54583754E-02
  2.00000000E-02  2.95946627E-02 -1.83341046E-04  3.12435971E-04  9.84683515E-01 -1.68349619E-02  2.83642118E-02 -7.16793419E-04 -2.55508337E-02  2.11709201E-02
  3.00000000E-02  3.76709858E-02 -3.74336765E-04  6.34442039E-04  7.40823485E-01 -1.85284167E-02  3.14482447E-02 -1.03456723E-03 -2.82245140E-02  2.33092073E-02
  4.00000000E-02  4.38599205E-02 -5.68088206E-04  9.64344650E-04  5.85977639E-01 -1.80727510E-02  3.10464747E-02 -1.22088522E-03 -2.76627912E-02  2.27738358E-02
  5.00000000E-02  4.89454677E-02 -7.46537387E-04  1.27280055E-03  4.92594937E-01 -1.65560157E-02  2.88238477E-02 -1.29866499E-03 -2.54905110E-02  2.08741636E-02
  6.00000000E-02  5.34045035E-02 -9.04513868E-04  1.54992589E-03  4.38278960E-01 -1.47701246E-02  2.60470905E-02 -1.29559071E-03 -2.28689505E-02  1.86268866E-02
  7.00000000E-02  5.75157133E-02 -1.04328566E-03  1.79651301E-03  4.07508739E-01 -1.31458239E-02  2.34303869E-02 -1.24138484E-03 -2.04472156E-02  1.65819580E-02
  8.00000000E-02  6.14369495E-02 -1.16662239E-03  2.01773336E-03  3.90414229E-01 -1.18476932E-02  2.12750766E-02 -1.16210359E-03 -1.84853889E-02  1.49519276E-02
  9.00000000E-02  6.52556193E-02 -1.27860867E-03  2.21970757E-03  3.81050500E-01 -1.08897869E-02  1.96394426E-02 -1.07701088E-03 -1.70197065E-02  1.37574053E-02
  1.00000000E-01  6.90193056E-02 -1.38271701E-03  2.40792383E-03  3.75970147E-01 -1.02197763E-02  1.84660510E-02 -9.98093757E-04 -1.59839857E-02  1.29329478E-02
  1.10000000E-01  7.27536054E-02 -1.48156472E-03  2.58671738E-03  3.73229460E-01 -9.76774655E-03  1.76585419E-02 -9.31266613E-04 -1.52812732E-02  1.23897033E-02
  1.20000000E-01  7.64721965E-02 -1.57698204E-03  2.75926525E-03  3.71755129E-01 -9.46943179E-03  1.71206741E-02 -8.78246188E-04 -1.48187694E-02  1.20452226E-02
  1.30000000E-01  8.01823762E-02 -1.67018478E-03  2.92778266E-03  3.70963400E-01 -9.27421093E-03  1.67720913E-02 -8.38226619E-04 -1.45211048E-02  1.18340515E-02
  1.40000000E-01  8.38880515E-02 -1.76195078E-03  3.09376066E-03  3.70539946E-01 -9.14562170E-03  1.65518089E-02 -8.09190797E-04 -1.43324159E-02  1.17087616E-02
  1.50000000E-01  8.75913337E-02 -1.85276406E-03  3.25817733E-03  3.70316389E-01 -9.05892939E-03  1.64162668E-02 -7.88795381E-04 -1.42137467E-02  1.16370584E-02
  1.60000000E-01  9.12933798E-02 -1.94291989E-03  3.42166229E-03  3.70202530E-01 -8.99805754E-03  1.63356178E-02 -7.74844794E-04 -1.41390675E-02  1.15979414E-02
  1.70000000E-01  9.49948358E-02 -2.03259610E-03  3.58461522E-03  3.70149792E-01 -8.95288622E-03  1.62900118E-02 -7.65504114E-04 -1.40915294E-02  1.15782228E-02
  1.80000000E-01  9.86960701E-02 -2.12189911E-03  3.74728731E-03  3.70131744E-01 -8.91719388E-03  1.62665346E-02 -7.59350374E-04 -1.40605004E-02  1.15698538E-02
  1.90000000E-01  1.02397297E-01 -2.21089259E-03  3.90983527E-03  3.70133792E-01 -8.88721808E-03  1.62569193E-02 -7.55338052E-04 -1.40394051E-02  1.15680347E-02
  2.00000000E-01  1.06098645E-01 -2.29961489E-03  4.07235639E-03 -9.69915271E-01  2.89498356E-03 -4.67995327E-03 -5.22269673E-04  4.43667895E-03 -4.07281168E-03
  2.10000000E-01  8.96992474E-02 -2.21175404E-03  3.92087249E-03 -7.32848217E-01  5.98747909E-03 -9.65873226E-03 -1.80413252E-04  8.99240830E-03 -7.74110402E-03
  2.20000000E-01  8.35561005E-02 -2.13641678E-03  3.79939128E-03 -4.92108372E-01  7.88152190E-03 -1.36237560E-02  1.08280237E-04  1.22420941E-02 -1.05954629E-02
  2.30000000E-01  7.98387160E-02 -2.04813134E-03  3.64332860E-03 -3.08341710E-01  8.29352557E-03 -1.46409367E-02  3.42840857E-04  1.30193341E-02 -1.11039746E-02
  2.40000000E-01  7.76741322E-02 -1.96313607E-03  3.49183333E-03 -1.84866726E-01  7.46973408E-03 -1.34872142E-02  4.74266253E-04  1.18754498E-02 -1.00111544E-02
  2.50000000E-01  7.64428399E-02 -1.89255769E-03  3.36272980E-03 -1.07466336E-01  6.06430213E-03 -1.12262172E-02  5.17814665E-04  9.77876190E-03 -8.14076907E-03
  2.60000000E-01  7.57551785E-02 -1.83894182E-03  3.26177261E-03 -6.11099741E-02  4.56744552E-03 -8.70085662E-03  4.97538693E-04  7.48596444E-03 -6.14461128E-03
  2.70000000E-01  7.53758605E-02 -1.80075165E-03  3.18739085E-03 -3.42192725E-02  3.24900732E-03 -6.39745516E-03  4.38860534E-04  5.42563745E-03 -4.38280724E-03
  2.80000000E-01  7.51681213E-02 -1.77485377E-03  3.13493330E-03 -1.89755880E-02  2.20866704E-03 -4.51838349E-03  3.63173836E-04  3.76857672E-03 -2.98991469E-03
  2.90000000E-01  7.50545838E-02 -1.75796880E-03  3.09914483E-03 -1.04748288E-02  1.44640561E-03 -3.09265415E-03  2.85704970E-04  2.53035073E-03 -1.96753412E-03
  3.00000000E-01  7.49923394E-02 -1.74731605E-03  3.07534693E-03 -5.78539081E-03  9.17397764E-04 -2.06496847E-03  2.15577141E-04  1.65301400E-03 -1.25695835E-03
  3.10000000E-01  7.49579326E-02 -1.74078711E-03  3.05983568E-03 -3.21325823E-03  5.65315329E-04 -1.35190399E-03  1.57028476E-04  1.05606483E-03 -7.83512731E-04
  3.20000000E-01  7.49386607E-02 -1.73689437E-03  3.04988196E-03 -1.80357266E-03  3.38694105E-04 -8.71366823E-04  1.10967639E-04  6.62640030E-04 -4.78543389E-04
  3.30000000E-01  7.49276734E-02 -1.73464054E-03  3.04357098E-03 -1.02781213E-03  1.96789793E-04 -5.54796535E-04  7.63786763E-05  4.09892469E-04 -2.87443379E-04
  3.40000000E-01  7.49212741E-02 -1.73338216E-03  3.03960586E-03 -5.97119847E-04  1.09995688E-04 -3.49919856E-04  5.13712020E-05  2.50833441E-04 -1.70387388E-04
  3.50000000E-01  7.49174564E-02 -1.73271617E-03  3.03713105E-03 -3.54827553E-04  5.80209092E-05 -2.19164348E-04  3.38562942E-05  1.52374917E-04 -1.00012853E-04
  3.60000000E-01  7.49151196E-02 -1.73239584E-03  3.03559318E-03 -2.16196243E-04  2.75403892E-05 -1.36616569E-04  2.19169333E-05  9.22115788E-05 -5.83365209E-05
  3.70000000E-01  7.49136507E-02 -1.73227284E-03  3.03463975E-03 -1.35294451E-04  1.00785874E-05 -8.49335766E-05  1.39664206E-05  5.57999044E-05 -3.39422442E-05
  3.80000000E-01  7.49127023E-02 -1.73225936E-03  3.03404883E-03 -8.70529603E-05  3.83872076E-07 -5.27682846E-05  8.77883703E-06  3.39026817E-05 -1.97819215E-05
  3.90000000E-01  7.49120730E-02 -1.73230400E-03  3.03368198E-03 -5.76321053E-05 -4.74866619E-06 -3.28254425E-05  5.45373454E-06  2.07743658E-05 -1.16018691E-05
  4.00000000E-01  7.49116438E-02 -1.73237715E-03  3.03345344E-03 -3.92747402E-05 -7.25157234E-06 -2.04768145E-05  3.35535467E-06  1.29002734E-05 -6.88188700E-06
  4.10000000E-01  7.49113428E-02 -1.73246218E-03  3.03331041E-03 -2.75545747E-05 -8.25956111E-06 -1.28230509E-05  2.04897686E-06  8.15826662E-06 -4.15074328E-06
  4.20000000E-01  7.49111259E-02 -1.73254981E-03  3.03322045E-03 -1.98967001E-05 -8.43493624E-06 -8.06256933E-06  1.24516170E-06  5.27952284E-06 -2.55926832E-06
  4.30000000E-01  7.49109652E-02 -1.73263504E-03  3.03316363E-03 -1.47737512E-05 -8.16063485E-06 -5.08656292E-06  7.55495641E-07  3.51053891E-06 -1.62123698E-06
  4.40000000E-01  7.49108431E-02 -1.73271527E-03  3.03312764E-03 -1.12625344E-05 -7.65400788E-06 -3.21599100E-06  4.59669072E-07  2.40553347E-06 -1.05951370E-06
  4.50000000E-01  7.49107480E-02 -1.73278928E-03  3.03310483E-03 -8.79519982E-06 -7.04160037E-06 -2.03415911E-06  2.82117410E-07  1.70099240E-06 -7.16304275E-07
  4.60000000E-01  7.49106724E-02 -1.73285663E-03  3.03309040E-03 -7.01679180E-06 -6.39691260E-06 -1.28377085E-06  1.76046470E-07  1.24080043E-06 -5.01530248E-07
  4.70000000E-01  7.49106111E-02 -1.73291738E-03  3.03308132E-03 -5.70208840E-06 -5.76047279E-06 -8.05036118E-07  1.12827290E-07  9.31979286E-07 -3.63444827E-07
  4.80000000E-01  7.49105607E-02 -1.73297180E-03  3.03307566E-03 -4.70607048E-06 -5.15496547E-06 -4.97420685E-07  7.51236529E-08  7.18687091E-07 -2.72025835E-07
  4.90000000E-01  7.49105186E-02 -1.73302032E-03  3.03307222E-03 -3.93395697E-06 -4.59322337E-06 -2.98273543E-07  5.25283206E-08  5.66999763E-07 -2.09623707E-07
  5.00000000E-01  7.49104831E-02 -1.73306345E-03  3.03307024E-03 -3.32281660E-06 -4.07994370E-06 -1.68187471E-07  3.88390026E-08  4.56009835E-07 -1.65694792E-07
