  0.00000000E+00  0.00000000E+00  0.00000000E+00  0.00000000E+00  1.90257480E+00  2.49030151E-04  4.12927561E-04  2.37702552E-04  8.64615588E-05 -4.40366946E-04
  1.00000000E-02  1.90257480E-02  2.49030151E-06  4.12927561E-06  1.48352881E+00  8.89982435E-03  8.40632503E-03  1.68042366E-04 -5.09806559E-04  1.31784807E-03
  2.00000000E-02  3.17658061E-02  1.34742516E-04  1.28159513E-04  1.19146998E+00  1.29803229E-02  1.21373015E-02  9.24864950E-05 -7.50458092E-04  2.28061608E-03
  3.00000000E-02  4.22202117E-02  2.84948238E-04  2.68187411E-04  9.77052207E-01  1.50679324E-02  1.40387273E-02  3.85296443E-05 -8.59547369E-04  2.84379490E-03
  4.00000000E-02  5.09186449E-02  4.46065610E-04  4.18081812E-04  8.26036841E-01  1.55697824E-02  1.44723887E-02  1.32357099E-06 -8.51306964E-04  3.07257081E-03
  5.00000000E-02  5.84239365E-02  6.04272684E-04  5.64974006E-04  7.21938333E-01  1.51211306E-02  1.40292429E-02 -2.34976383E-05 -7.89739177E-04  3.09619333E-03
  6.00000000E-02  6.51228273E-02  7.53240732E-04  7.03050706E-04  6.50988496E-01  1.42301933E-02  1.31859825E-02 -3.89423569E-05 -7.07521147E-04  3.00463941E-03
  7.00000000E-02  7.12779631E-02  8.91087977E-04  8.30694228E-04  6.02908093E-01  1.32205830E-02  1.22454214E-02 -4.75817672E-05 -6.26049364E-04  2.86119926E-03
  8.00000000E-02  7.70666420E-02  1.01824576E-03  9.48445636E-04  5.70408274E-01  1.22668916E-02  1.13691713E-02 -5.14956996E-05 -5.54984835E-04  2.70395054E-03
  9.00000000E-02  8.26082257E-02  1.13614621E-03  1.05775610E-03  5.48454794E-01  1.14455174E-02  1.06259216E-02 -5.22862318E-05 -4.97238516E-04  2.55393600E-03
  1.00000000E-01  8.79830062E-02  1.24649452E-03  1.16029907E-03  5.33618518E-01  1.07762010E-02  1.00310412E-02 -5.12070226E-05 -4.52091321E-04  2.42138124E-03
  1.10000000E-01  9.32450100E-02  1.35090994E-03  1.25763508E-03  5.23581046E-01  1.02500842E-02  9.57335729E-03 -4.91228139E-05 -4.16949666E-04  2.30844527E-03
  1.20000000E-01  9.84306331E-02  1.45078020E-03  1.35108023E-03  5.16780681E-01  9.84632560E-03  9.23134305E-03 -4.65824698E-05 -3.89213187E-04  2.21382253E-03
  1.30000000E-01  1.03564438E-01  1.54722467E-03  1.44168359E-03  5.12166314E-01  9.54125825E-03  8.98145856E-03 -4.39288934E-05 -3.66928397E-04  2.13563057E-03
  1.40000000E-01  1.08663029E-01  1.64111191E-03  1.53024875E-03  5.09030298E-01  9.31293153E-03  8.80229105E-03 -4.13872705E-05 -3.48584033E-04  2.07198651E-03
  1.50000000E-01  1.13737652E-01  1.73309959E-03  1.61737583E-03  5.06895528E-01  9.14269593E-03  8.67598137E-03 -3.90785538E-05 -3.32995125E-04  2.02069074E-03
  1.60000000E-01  1.18795934E-01  1.82367537E-03  1.70350409E-03  5.05439898E-01  9.01559646E-03  8.58841686E-03 -3.70561959E-05 -3.19261273E-04  1.97951100E-03
  1.70000000E-01  1.23843055E-01  1.91319584E-03  1.78895044E-03  5.04445635E-01  8.92006814E-03  8.52883339E-03 -3.53296587E-05 -3.06729135E-04  1.94641236E-03
  1.80000000E-01  1.28882540E-01  2.00191888E-03  1.87394085E-03  5.03765283E-01  8.84739013E-03  8.48922238E-03 -3.38822759E-05 -2.94943316E-04  1.91965564E-03
  1.90000000E-01  1.33916791E-01  2.09002939E-03  1.95863502E-03  5.03298844E-01  8.79110437E-03  8.46373269E-03 -3.26841359E-05 -2.83597116E-04  1.89781195E-03
  2.00000000E-01  1.38947447E-01  2.17765901E-03  2.04314490E-03 -9.80542903E-01  1.82627337E-04 -1.78107262E-04 -2.23932357E-04 -6.37142286E-05  7.18742664E-04
  2.10000000E-01  1.21722809E-01  2.13644290E-03  1.99815463E-03 -7.85589824E-01 -2.48511508E-03 -2.64097272E-03 -1.29616979E-04  2.31110297E-04  4.36092247E-05
  2.20000000E-01  1.14841676E-01  2.09825303E-03  1.95943057E-03 -5.77741496E-01 -4.73686763E-03 -4.79905630E-03 -1.05914255E-04  1.95506104E-04 -4.79047176E-04
  2.30000000E-01  1.10103503E-01  2.03962559E-03  1.90064959E-03 -4.07874350E-01 -5.86423250E-03 -5.76596691E-03 -5.76666676E-05  2.59589122E-04 -8.48961210E-04
  2.40000000E-01  1.06874095E-01  1.97534644E-03  1.83815537E-03 -2.82010234E-01 -5.98102167E-03 -5.77832409E-03 -2.55872347E-05  2.49889059E-04 -9.98697865E-04
  2.50000000E-01  1.04683313E-01  1.91495228E-03  1.78031034E-03 -1.92864776E-01 -5.46808721E-03 -5.20364461E-03 -3.96576370E-06  2.12116113E-04 -1.00244604E-03
  2.60000000E-01  1.03200393E-01  1.86283608E-03  1.73114729E-03 -1.31174262E-01 -4.66153394E-03 -4.37082737E-03  9.44630938E-06  1.65457768E-04 -9.21791904E-04
  2.70000000E-01  1.02197103E-01  1.82025351E-03  1.69160311E-03 -8.89997349E-02 -3.78838133E-03 -3.49739315E-03  1.68498205E-05  1.20671656E-04 -8.01884462E-04
  2.80000000E-01  1.01517978E-01  1.78673546E-03  1.66099635E-03 -6.03454781E-02 -2.97557193E-03 -2.70127529E-03  2.01013601E-05  8.28189478E-05 -6.71516852E-04
  2.90000000E-01  1.01057795E-01  1.76104379E-03  1.63796418E-03 -4.09321071E-02 -2.27956452E-03 -2.03157811E-03  2.06530124E-05  5.33682141E-05 -5.47069426E-04
  3.00000000E-01  1.00745540E-01  1.74172818E-03  1.62099689E-03 -2.77910595E-02 -1.71430682E-03 -1.49682466E-03  1.95790851E-05  3.18598264E-05 -4.36562875E-04
  3.10000000E-01  1.00533335E-01  1.72741140E-03  1.60870241E-03 -1.88936368E-02 -1.27152533E-03 -1.08507849E-03  1.76357435E-05  1.69941447E-05 -3.42857755E-04
  3.20000000E-01  1.00388886E-01  1.71691005E-03  1.59991035E-03 -1.28641142E-02 -9.33503175E-04 -7.76376432E-04  1.53286267E-05  7.26487795E-06 -2.65890731E-04
  3.30000000E-01  1.00290392E-01  1.70926513E-03  1.59369010E-03 -8.77299229E-03 -6.80276893E-04 -5.49552442E-04  1.29762418E-05  1.28042709E-06 -2.04121855E-04
  3.40000000E-01  1.00223118E-01  1.70372849E-03  1.58932870E-03 -5.99310488E-03 -4.93214880E-04 -3.85485904E-04  1.07640044E-05 -2.10671792E-06 -1.55412343E-04
  3.50000000E-01  1.00177086E-01  1.69973166E-03  1.58629417E-03 -4.10127983E-03 -3.56466583E-04 -2.68289590E-04  8.78669887E-06 -3.77653810E-06 -1.17521894E-04
  3.60000000E-01  1.00145533E-01  1.69685073E-03  1.58419726E-03 -2.81176705E-03 -2.57269795E-04 -1.85425213E-04  7.08045377E-06 -4.36834474E-06 -8.83655784E-05
  3.70000000E-01  1.00123863E-01  1.69477402E-03  1.58275733E-03 -1.93138078E-03 -1.85713772E-04 -1.27334644E-04  5.64569254E-06 -4.32605361E-06 -6.61261737E-05
  3.80000000E-01  1.00108951E-01  1.69327466E-03  1.58177443E-03 -1.32932965E-03 -1.34293525E-04 -8.69093666E-05  4.46287926E-06 -3.94513092E-06 -4.92844514E-05
  3.90000000E-01  1.00098668E-01  1.69218883E-03  1.58110746E-03 -9.16930216E-04 -9.74282720E-05 -5.89588034E-05  3.50287306E-06 -3.41372170E-06 -3.66063179E-05
  4.00000000E-01  1.00091560E-01  1.69139887E-03  1.58065763E-03 -6.33957009E-04 -7.10234052E-05 -3.97461128E-05  2.73342816E-06 -2.84548089E-06 -2.71100896E-05
  4.10000000E-01  1.00086636E-01  1.69082066E-03  1.58035623E-03 -4.39447109E-04 -5.21056679E-05 -2.66114565E-05  2.12301213E-06 -2.30425620E-06 -2.00271615E-05
  4.20000000E-01  1.00083214E-01  1.69039419E-03  1.58015579E-03 -3.05496491E-04 -3.85335122E-05 -1.76793063E-05  1.64283777E-06 -1.82183883E-06 -1.47631409E-05
  4.30000000E-01  1.00080829E-01  1.69007672E-03  1.58002366E-03 -2.13068230E-04 -2.87665956E-05 -1.16371425E-05  1.26775693E-06 -1.41028183E-06 -1.08628674E-05
  4.40000000E-01  1.00079160E-01  1.68983789E-03  1.57993750E-03 -1.49155282E-04 -2.17150780E-05 -7.57167514E-06  9.76469074E-07 -1.07016101E-06 -7.98058212E-06
  4.50000000E-01  1.00077988E-01  1.68965599E-03  1.57988211E-03 -1.04857512E-04 -1.66003393E-05 -4.85130796E-06  7.51339870E-07 -7.95933054E-07 -5.85535198E-06
  4.60000000E-01  1.00077161E-01  1.68951556E-03  1.57984720E-03 -7.40759487E-05 -1.28673296E-05 -3.04135487E-06  5.78024363E-07 -5.79282048E-07 -4.29133545E-06
  4.70000000E-01  1.00076574E-01  1.68940555E-03  1.57982583E-03 -5.26249507E-05 -1.01232282E-05 -1.84451734E-06  4.45013292E-07 -4.11116349E-07 -3.14222132E-06
  4.80000000E-01  1.00076155E-01  1.68931804E-03  1.57981337E-03 -3.76276425E-05 -8.08822566E-06 -1.05927295E-06  3.43176279E-07 -2.82682374E-07 -2.29912741E-06
  4.90000000E-01  1.00075854E-01  1.68924734E-03  1.57980671E-03 -2.71036179E-05 -6.56111678E-06 -5.49504437E-07  2.65336622E-07 -1.86120069E-07 -1.68129399E-06
  5.00000000E-01  1.00075635E-01  1.68918936E-03  1.57980376E-03 -1.96873796E-05 -5.39846497E-06 -2.23806234E-07  2.05896491E-07 -1.14679717E-07 -1.22898953E-06
