  0.00000000E+00  0.00000000E+00  0.00000000E+00  0.00000000E+00  1.90257477E+00  2.49017077E-04  4.12928357E-04  2.37679203E-04  8.64724209E-05 -4.40339229E-04
  1.00000000E-02  1.90257477E-02  2.49017077E-06  4.12928357E-06  1.43166419E+00  5.76639310E-03 -1.34297849E-02  1.24516430E-04  7.27484703E-03 -4.19696576E-03
  2.00000000E-02  3.09878367E-02  8.77409819E-05 -1.99382131E-04  1.11507481E+00  8.07175908E-03 -1.94386423E-02  8.10522144E-07  1.07009342E-02 -5.81322636E-03
  3.00000000E-02  4.05556378E-02  1.79985403E-04 -4.23812841E-04  8.87798126E-01  9.09163160E-03 -2.22988858E-02 -8.89875888E-05  1.24941378E-02 -6.58883392E-03
  4.00000000E-02  4.82972357E-02  2.76001081E-04 -6.61102916E-04  7.33292994E-01  9.12013642E-03 -2.27028154E-02 -1.50570010E-04  1.29636232E-02 -6.70755695E-03
  5.00000000E-02  5.48576400E-02  3.67344970E-04 -8.90150718E-04  6.31384610E-01  8.60532583E-03 -2.17061495E-02 -1.89428997E-04  1.26484974E-02 -6.43609207E-03
  6.00000000E-02  6.06619442E-02  4.50824175E-04 -1.10222888E-03  5.65338636E-01  7.88533015E-03 -2.01354511E-02 -2.10151745E-04  1.19544175E-02 -6.00037459E-03
  7.00000000E-02  6.59851007E-02  5.26077498E-04 -1.29572990E-03  5.22966178E-01  7.16036515E-03 -1.84926438E-02 -2.17632898E-04  1.11469816E-02 -5.53828312E-03
  8.00000000E-02  7.10029002E-02  5.94056324E-04 -1.47244230E-03  4.95931623E-01  6.52500338E-03 -1.70262811E-02 -2.16220182E-04  1.03732538E-02 -5.12141196E-03
  9.00000000E-02  7.58270436E-02  6.56129549E-04 -1.63537330E-03  4.78728774E-01  6.00903040E-03 -1.58255509E-02 -2.09448451E-04  9.69991775E-03 -4.77712719E-03
  1.00000000E-01  8.05283171E-02  7.13639988E-04 -1.78762516E-03  4.67791708E-01  5.60873463E-03 -1.48941492E-02 -1.99995812E-04  9.14669432E-03 -4.50844223E-03
  1.10000000E-01  8.51515489E-02  7.67725856E-04 -1.93190964E-03  4.60837268E-01  5.30642860E-03 -1.41976612E-02 -1.89711700E-04  8.70912162E-03 -4.30686848E-03
  1.20000000E-01  8.97251493E-02  8.19278612E-04 -2.07040382E-03  4.56412731E-01  5.08112808E-03 -1.36901681E-02 -1.79745086E-04  8.37209426E-03 -4.16011725E-03
  1.30000000E-01  9.42671540E-02  8.68963390E-04 -2.20476803E-03  4.53596421E-01  4.91349874E-03 -1.33272938E-02 -1.70718125E-04  8.11740763E-03 -4.05588848E-03
  1.40000000E-01  9.87890366E-02  9.17260231E-04 -2.33622660E-03  4.51804048E-01  4.78765774E-03 -1.30714435E-02 -1.62908295E-04  7.92757127E-03 -3.98350320E-03
  1.50000000E-01  1.03298115E-01  9.64507603E-04 -2.46566178E-03  4.50664942E-01  4.69138799E-03 -1.28929751E-02 -1.56359901E-04  7.78740872E-03 -3.93437707E-03
  1.60000000E-01  1.07799069E-01  1.01094013E-03 -2.59369919E-03  4.49943591E-01  4.61568021E-03 -1.27695447E-02 -1.50997070E-04  7.68451787E-03 -3.90193268E-03
  1.70000000E-01  1.12294898E-01  1.05671840E-03 -2.72077748E-03  4.49490056E-01  4.55408270E-03 -1.26847943E-02 -1.46674991E-04  7.60915844E-03 -3.88130019E-03
  1.80000000E-01  1.16787531E-01  1.10195124E-03 -2.84720168E-03  4.49208642E-01  4.50206792E-03 -1.26269918E-02 -1.43226966E-04  7.55388357E-03 -3.86893575E-03
  1.90000000E-01  1.21278211E-01  1.14671184E-03 -2.97318258E-03  4.49038121E-01  4.45650665E-03 -1.25878450E-02 -1.40490688E-04  7.51311345E-03 -3.86230603E-03
  2.00000000E-01  1.25767739E-01  1.19104910E-03 -3.09886530E-03 -9.83767943E-01 -4.89284321E-04  7.87156024E-04 -2.86478996E-04  3.46004681E-04  4.82652850E-04
  2.10000000E-01  1.08766029E-01  1.16142730E-03 -3.02411873E-03 -7.71876742E-01 -2.04943440E-03  4.80053684E-03 -1.70399151E-04 -1.97104020E-03  1.50768821E-03
  2.20000000E-01  1.02106718E-01  1.13313221E-03 -2.95604646E-03 -5.50475367E-01 -3.06316197E-03  8.14503971E-03 -1.09847180E-04 -3.85216436E-03  2.46605682E-03
  2.30000000E-01  9.77089712E-02  1.09743195E-03 -2.85787355E-03 -3.73492013E-01 -3.54559309E-03  9.56253574E-03 -3.53054655E-05 -4.85048347E-03  2.82313723E-03
  2.40000000E-01  9.48589678E-02  1.05956387E-03 -2.75516071E-03 -2.46656858E-01 -3.44183875E-03  9.39071359E-03  1.58994168E-05 -4.99282440E-03  2.76077724E-03
  2.50000000E-01  9.30265750E-02  1.02566425E-03 -2.66211269E-03 -1.60359546E-01 -3.01156202E-03  8.29165702E-03  4.82592504E-05 -4.59721049E-03  2.44133349E-03
  2.60000000E-01  9.18544661E-02  9.97700013E-04 -2.58469140E-03 -1.03328978E-01 -2.45842042E-03  6.82671703E-03  6.53069262E-05 -3.94283725E-03  2.01862671E-03
  2.70000000E-01  9.11063292E-02  9.75881517E-04 -2.52374893E-03 -6.62675039E-02 -1.91123388E-03  5.35323323E-03  7.11239797E-05 -3.22045491E-03  1.59164324E-03
  2.80000000E-01  9.06289615E-02  9.59505111E-04 -2.47758401E-03 -4.24134038E-02 -1.43416949E-03  4.05262605E-03  6.94663305E-05 -2.53912195E-03  1.21199922E-03
  2.90000000E-01  9.03240980E-02  9.47548738E-04 -2.44356079E-03 -2.71390992E-02 -1.04858386E-03  2.98936762E-03  6.33928877E-05 -1.94958303E-03  8.99028432E-04
  3.00000000E-01  9.01290785E-02  9.38990828E-04 -2.41898341E-03 -1.73812347E-02 -7.52230601E-04  2.16270168E-03  5.51733913E-05 -1.46665579E-03  6.53608720E-04
  3.10000000E-01  9.00040555E-02  9.32950288E-04 -2.40148972E-03 -1.11504106E-02 -5.32357775E-04  1.54198568E-03  4.63528077E-05 -1.08573984E-03  4.67822136E-04
  3.20000000E-01  8.99237055E-02  9.28726074E-04 -2.38917344E-03 -7.16884503E-03 -3.73323789E-04  1.08741075E-03  3.78868292E-05 -7.93449116E-04  3.30764190E-04
  3.30000000E-01  8.98719249E-02  9.25788006E-04 -2.38057221E-03 -4.62076019E-03 -2.60396988E-04  7.60529091E-04  3.02936692E-05 -5.73786736E-04  2.31601233E-04
  3.40000000E-01  8.98384577E-02  9.23748671E-04 -2.37460133E-03 -2.98681633E-03 -1.81262082E-04  5.28617502E-04  2.37917564E-05 -4.11357885E-04  1.60918471E-04
  3.50000000E-01  8.98167592E-02  9.22331724E-04 -2.37047471E-03 -1.93665134E-03 -1.26310087E-04  3.65728000E-04  1.84104111E-05 -2.92786031E-04  1.11118179E-04
  3.60000000E-01  8.98026435E-02  9.21343383E-04 -2.36763188E-03 -1.26000212E-03 -8.83715374E-05  2.52184302E-04  1.40713394E-05 -2.07125742E-04  7.63502618E-05
  3.70000000E-01  8.97934268E-02  9.20649361E-04 -2.36567775E-03 -8.22860580E-04 -6.22610207E-05  1.73501791E-04  1.06443345E-05 -1.45768340E-04  5.22527870E-05
  3.80000000E-01  8.97873839E-02  9.20157303E-04 -2.36433615E-03 -5.39658599E-04 -4.43116852E-05  1.19228047E-04  7.98266388E-06 -1.02129808E-04  3.56476694E-05
  3.90000000E-01  8.97834033E-02  9.19803933E-04 -2.36341524E-03 -3.55640512E-04 -3.19754388E-05  8.19321583E-05  5.94369486E-06 -7.12779672E-05  2.42587169E-05
  4.00000000E-01  8.97807670E-02  9.19545860E-04 -2.36278239E-03 -2.35687446E-04 -2.34731729E-05  5.63940934E-05  4.39951440E-06 -4.95764115E-05  1.64767535E-05
  4.10000000E-01  8.97790099E-02  9.19353639E-04 -2.36234614E-03 -1.57221769E-04 -1.75785750E-05  3.89550938E-05  3.24118742E-06 -3.43774396E-05  1.11755535E-05
  4.20000000E-01  8.97778300E-02  9.19207327E-04 -2.36204379E-03 -1.05694066E-04 -1.34500423E-05  2.70543458E-05  2.37922863E-06 -2.37725642E-05  7.57307411E-06
  4.30000000E-01  8.97770307E-02  9.19093469E-04 -2.36183275E-03 -7.17062736E-05 -1.05242598E-05  1.89235901E-05  1.74207667E-06 -1.63974143E-05  5.12966756E-06
  4.40000000E-01  8.97764836E-02  9.19002855E-04 -2.36168416E-03 -4.91732456E-05 -8.40929925E-06  1.33533192E-05  1.27368732E-06 -1.12832259E-05  3.47483299E-06
  4.50000000E-01  8.97761045E-02  9.18929337E-04 -2.36157848E-03 -3.41453758E-05 -6.84868539E-06  9.52170596E-06  9.30894388E-07 -7.74604883E-06  2.35524286E-06
  4.60000000E-01  8.97758382E-02  9.18868653E-04 -2.36150242E-03 -2.40526969E-05 -5.67399333E-06  6.87320236E-06  6.80897343E-07 -5.30534333E-06  1.59826226E-06
  4.70000000E-01  8.97756481E-02  9.18817787E-04 -2.36144693E-03 -1.72185690E-05 -4.77087264E-06  5.03268008E-06  4.99047596E-07 -3.62487564E-06  1.08656694E-06
  4.80000000E-01  8.97755101E-02  9.18774594E-04 -2.36140581E-03 -1.25460833E-05 -4.06062221E-06  3.74650104E-06  3.66992569E-07 -2.47021781E-06  7.40603853E-07
  4.90000000E-01  8.97754080E-02  9.18737539E-04 -2.36137478E-03 -9.31540633E-06 -3.48825694E-06  2.84204675E-06  2.71172434E-07 -1.67842601E-06  5.06532228E-07
  5.00000000E-01  8.97753310E-02  9.18705518E-04 -2.36135088E-03 -7.05253833E-06 -3.01656605E-06  2.20066862E-06  2.01633208E-07 -1.13654751E-06  3.47968549E-07
