  0.00000000E+00  0.00000000E+00  0.00000000E+00  0.00000000E+00  1.90257477E+00  2.49017077E-04  4.12928357E-04  2.37679203E-04  8.64724209E-05 -4.40339229E-04
  1.00000000E-02  1.90257477E-02  2.49017077E-06  4.12928357E-06  1.41608633E+00  5.34433102E-03 -7.94702955E-03  1.97910659E-04  1.35862261E-03  3.97697538E-03
  2.00000000E-02  3.07541689E-02  8.14100506E-05 -1.17140801E-04  1.09320400E+00  7.50959646E-03 -1.15700667E-02  1.53471908E-04  1.94465222E-03  6.12162158E-03
  3.00000000E-02  4.00717971E-02  1.67332343E-04 -2.50956655E-04  8.63217511E-01  8.49266684E-03 -1.32972901E-02  1.26790338E-04  2.23288333E-03  7.26218278E-03
  4.00000000E-02  4.75540398E-02  2.57174363E-04 -3.92565673E-04  7.08767880E-01  8.56963688E-03 -1.35418733E-02  1.12127514E-04  2.27863638E-03  7.59176518E-03
  5.00000000E-02  5.38694705E-02  3.43255582E-04 -5.29207322E-04  6.08417875E-01  8.13919316E-03 -1.29404253E-02  1.03713602E-04  2.19419554E-03  7.43408821E-03
  6.00000000E-02  5.94518992E-02  4.22495295E-04 -6.55604335E-04  5.44451437E-01  7.50866078E-03 -1.19913274E-02  9.82442333E-05  2.05125786E-03  7.03980389E-03
  7.00000000E-02  6.45765814E-02  4.94429241E-04 -7.70772119E-04  5.04105629E-01  6.86206805E-03 -1.09979722E-02  9.39811312E-05  1.89600533E-03  6.57111309E-03
  8.00000000E-02  6.94159086E-02  5.59816958E-04 -8.75785065E-04  4.78784113E-01  6.28882280E-03 -1.01110225E-02  9.01917684E-05  1.75251807E-03  6.11839120E-03
  9.00000000E-02  7.40771422E-02  6.19838959E-04 -9.72460542E-04  4.62909242E-01  5.81956464E-03 -9.38477585E-03  8.66584729E-05  1.63088413E-03  5.72403459E-03
  1.00000000E-01  7.86268602E-02  6.75688315E-04 -1.06267707E-03  4.52941465E-01  5.45387135E-03 -8.82162171E-03  8.33953151E-05  1.53300026E-03  5.39993909E-03
  1.10000000E-01  8.31064360E-02  7.28398562E-04 -1.14807751E-03  4.46662180E-01  5.17765608E-03 -8.40065548E-03  8.05140494E-05  1.45653063E-03  5.14306849E-03
  1.20000000E-01  8.75416614E-02  7.78794046E-04 -1.22997924E-03  4.42689108E-01  4.97295643E-03 -8.09394722E-03  7.80770619E-05  1.39799126E-03  4.94423669E-03
  1.30000000E-01  9.19486871E-02  8.27500112E-04 -1.30938517E-03  4.40162789E-01  4.82267795E-03 -7.87448259E-03  7.60742868E-05  1.35367643E-03  4.79284166E-03
  1.40000000E-01  9.63376834E-02  8.74975499E-04 -1.38703267E-03  4.38548184E-01  4.71244299E-03 -7.71937090E-03  7.44636984E-05  1.32030402E-03  4.67880955E-03
  1.50000000E-01  1.00715092E-01  9.21548755E-04 -1.46345082E-03  4.37511156E-01  4.63099600E-03 -7.61058059E-03  7.31960851E-05  1.29515539E-03  4.59348375E-03
  1.60000000E-01  1.05085019E-01  9.67451480E-04 -1.53901268E-03  4.36842112E-01  4.56990355E-03 -7.53456525E-03  7.22254044E-05  1.27613191E-03  4.52986664E-03
  1.70000000E-01  1.09450095E-01  1.01284505E-03 -1.61397825E-03  4.36408827E-01  4.52302029E-03 -7.48145207E-03  7.15035627E-05  1.26160321E-03  4.48242214E-03
  1.80000000E-01  1.13812016E-01  1.05784084E-03 -1.68852721E-03  4.36127406E-01  4.48595878E-03 -7.44419590E-03  7.09819757E-05  1.25033328E-03  4.44687866E-03
  1.90000000E-01  1.18171883E-01  1.10251512E-03 -1.76278288E-03  4.35944307E-01  4.45563330E-03 -7.41784450E-03  7.06148482E-05  1.24140338E-03  4.42000750E-03
  2.00000000E-01  1.22530411E-01  1.14691983E-03 -1.83682957E-03 -9.80454842E-01 -4.10547317E-04  3.91197235E-04 -1.49751372E-04 -5.64316688E-05  5.56003786E-04
  2.10000000E-01  1.05643867E-01  1.11848345E-03 -1.79387239E-03 -7.64806881E-01 -1.83105001E-03  2.87265149E-03 -8.31215261E-05 -4.68715851E-04 -9.23357970E-04
  2.20000000E-01  9.90740377E-02  1.09307044E-03 -1.75273861E-03 -5.39736972E-01 -2.95533160E-03  4.84413201E-03 -8.35299691E-05 -7.32942499E-04 -2.10925286E-03
  2.30000000E-01  9.48020175E-02  1.05789571E-03 -1.69443988E-03 -3.61769867E-01 -3.46287753E-03  5.70981005E-03 -5.95122629E-05 -8.87800254E-04 -2.76289736E-03
  2.40000000E-01  9.20741544E-02  1.02072921E-03 -1.63301339E-03 -2.35662757E-01 -3.39468496E-03  5.61429343E-03 -4.54582791E-05 -8.88626197E-04 -2.88529290E-03
  2.50000000E-01  9.03480624E-02  9.87123320E-04 -1.57734804E-03 -1.51051484E-01 -2.99570919E-03  4.96073470E-03 -3.59833425E-05 -8.01221795E-04 -2.67554921E-03
  2.60000000E-01  8.92606039E-02  9.59161107E-04 -1.53100849E-03 -9.59943367E-02 -2.46580784E-03  4.08573095E-03 -2.92260834E-05 -6.74843265E-04 -2.30429312E-03
  2.70000000E-01  8.85759463E-02  9.37152535E-04 -1.49452620E-03 -6.07882343E-02 -1.93308307E-03  3.20402799E-03 -2.39620213E-05 -5.42115005E-04 -1.88804897E-03
  2.80000000E-01  8.81440944E-02  9.20485328E-04 -1.46689443E-03 -3.84866788E-02 -1.46297383E-03  2.42507445E-03 -1.95569020E-05 -4.20744215E-04 -1.49320311E-03
  2.90000000E-01  8.78707354E-02  9.08206136E-04 -1.44653845E-03 -2.44181216E-02 -1.07890544E-03  1.78809515E-03 -1.57466999E-05 -3.18206329E-04 -1.15063884E-03
  3.00000000E-01  8.76968970E-02  8.99337424E-04 -1.43184240E-03 -1.55484794E-02 -7.80687737E-04  1.29297844E-03 -1.24477846E-05 -2.35915075E-04 -8.69516505E-04
  3.10000000E-01  8.75857604E-02  8.93021635E-04 -1.42138820E-03 -9.94632274E-03 -5.57219194E-04  9.21477857E-04 -9.63938459E-06 -1.72193408E-04 -6.47348166E-04
  3.20000000E-01  8.75143080E-02  8.88566786E-04 -1.41403092E-03 -6.39576947E-03 -3.94003109E-04  6.49707268E-04 -7.30614141E-06 -1.24120618E-04 -4.76423347E-04
  3.30000000E-01  8.74681030E-02  8.85442835E-04 -1.40889270E-03 -4.13544489E-03 -2.77004535E-04  4.54531491E-04 -5.41777629E-06 -8.85573492E-05 -3.47499018E-04
  3.40000000E-01  8.74380502E-02  8.83257782E-04 -1.40532327E-03 -2.68922172E-03 -1.94270498E-04  3.16241480E-04 -3.92805964E-06 -6.26420897E-05 -2.51693904E-04
  3.50000000E-01  8.74183891E-02  8.81728748E-04 -1.40285230E-03 -1.75893957E-03 -1.36332722E-04  2.19215133E-04 -2.78088784E-06 -4.39797769E-05 -1.81308173E-04
  3.60000000E-01  8.74054511E-02  8.80655109E-04 -1.40114528E-03 -1.15728207E-03 -9.60305649E-05  1.51623767E-04 -1.91733656E-06 -3.06675767E-05 -1.30052279E-04
  3.70000000E-01  8.73968866E-02  8.79896314E-04 -1.39996700E-03 -7.66051839E-04 -6.81180230E-05  1.04781807E-04 -1.28118911E-06 -2.12455489E-05 -9.29830252E-05
  3.80000000E-01  8.73911822E-02  8.79354697E-04 -1.39915339E-03 -5.10287784E-04 -4.88331736E-05  7.24408962E-05 -8.22363284E-07 -1.46208267E-05 -6.63176126E-05
  3.90000000E-01  8.73873582E-02  8.78962789E-04 -1.39859069E-03 -3.42193963E-04 -3.55047558E-05  5.01688308E-05 -4.98464286E-07 -9.98993964E-06 -4.72164165E-05
  4.00000000E-01  8.73847767E-02  8.78674384E-04 -1.39820036E-03 -2.31129981E-04 -2.62637817E-05  3.48592325E-05 -2.75001762E-07 -6.77012543E-06 -3.35780817E-05
  4.10000000E-01  8.73830207E-02  8.78457951E-04 -1.39792832E-03 -1.57348828E-04 -1.98104195E-05  2.43526903E-05 -1.24802021E-07 -4.54308628E-06 -2.38643623E-05
  4.20000000E-01  8.73818161E-02  8.78292114E-04 -1.39773732E-03 -1.08059027E-04 -1.52612816E-05  1.71488975E-05 -2.70186921E-08 -3.01100776E-06 -1.69585923E-05
  4.30000000E-01  8.73809820E-02  8.78162246E-04 -1.39760185E-03 -7.49345880E-05 -1.20158544E-05  1.22039850E-05  3.39831052E-08 -1.96321501E-06 -1.20553914E-05
  4.40000000E-01  8.73803983E-02  8.78058315E-04 -1.39750454E-03 -5.25308169E-05 -9.66024207E-06  8.79141645E-06  6.96937964E-08 -1.25145873E-06 -8.57684164E-06
  4.50000000E-01  8.73799850E-02  8.77973491E-04 -1.39743369E-03 -3.72714809E-05 -7.91204459E-06  6.42004424E-06  8.84054461E-08 -7.71886252E-07 -6.10990562E-06
  4.60000000E-01  8.73796886E-02  8.77903111E-04 -1.39738134E-03 -2.67974113E-05 -6.58409464E-06  4.75883973E-06  9.59977215E-08 -4.52030371E-07 -4.36031291E-06
  4.70000000E-01  8.73794730E-02  8.77843910E-04 -1.39734206E-03 -1.95456607E-05 -5.55404138E-06  3.58392913E-06  9.65666325E-08 -2.41503450E-07 -3.11892487E-06
  4.80000000E-01  8.73793138E-02  8.77793520E-04 -1.39731210E-03 -1.44763183E-05 -4.73863617E-06  2.74440047E-06  9.29136214E-08 -1.05389412E-07 -2.23738644E-06
  4.90000000E-01  8.73791944E-02  8.77750211E-04 -1.39728885E-03 -1.08944122E-05 -4.07982557E-06  2.13813237E-06  8.69161341E-08 -1.95768033E-08 -1.61060823E-06
  5.00000000E-01  8.73791033E-02  8.77712706E-04 -1.39727050E-03 -8.33335206E-06 -3.53658912E-06  1.69557389E-06  7.98023050E-08  3.25225766E-08 -1.16422323E-06
