  0.00000000E+00  0.00000000E+00  0.00000000E+00  0.00000000E+00  1.90257480E+00  2.49030151E-04  4.12927561E-04  2.37702552E-04  8.64615588E-05 -4.40366946E-04
  1.00000000E-02  1.90257480E-02  2.49030151E-06  4.12927561E-06  1.41995537E+00 -1.35665714E-02 -1.80480498E-02  5.72639233E-06  3.18367993E-03 -1.60050321E-02
  2.00000000E-02  3.08122046E-02 -2.02253421E-04 -2.68656109E-04  1.09809827E+00 -1.95729569E-02 -2.62910794E-02 -2.47960292E-04  4.55201502E-03 -2.27708407E-02
  3.00000000E-02  4.01839018E-02 -4.28014917E-04 -5.72782051E-04  8.68171371E-01 -2.24277193E-02 -3.03156206E-02 -4.39820390E-04  5.20692286E-03 -2.60232589E-02
  4.00000000E-02  4.77159810E-02 -6.66565922E-04 -8.96060964E-04  7.13094204E-01 -2.28360270E-02 -3.10242880E-02 -5.74864937E-04  5.27525404E-03 -2.64788520E-02
  5.00000000E-02  5.40715372E-02 -8.96967730E-04 -1.20984718E-03  6.11852243E-01 -2.18418149E-02 -2.98094904E-02 -6.58514510E-04  5.03649205E-03 -2.53414761E-02
  6.00000000E-02  5.96838498E-02 -1.11041482E-03 -1.50186810E-03  5.47032610E-01 -2.02644913E-02 -2.77662266E-02 -6.98602647E-04  4.66675277E-03 -2.35332853E-02
  7.00000000E-02  6.48300778E-02 -1.30517311E-03 -1.76931404E-03  5.06014818E-01 -1.86051238E-02 -2.55724265E-02 -7.05744335E-04  4.27878227E-03 -2.16271013E-02
  8.00000000E-02  6.96851370E-02 -1.48292752E-03 -2.01406931E-03  4.80233914E-01 -1.71156729E-02 -2.35754454E-02 -6.90840329E-04  3.92881418E-03 -1.99120112E-02
  9.00000000E-02  7.43585716E-02 -1.64663699E-03 -2.23983886E-03  4.64086262E-01 -1.58897806E-02 -2.19105879E-02 -6.63463591E-04  3.63769429E-03 -1.84964108E-02
  1.00000000E-01  7.89186960E-02 -1.79940533E-03 -2.45062045E-03  4.53985239E-01 -1.49347306E-02 -2.05959388E-02 -6.30882933E-04  3.40729146E-03 -1.73901692E-02
  1.10000000E-01  8.34080432E-02 -1.94397739E-03 -2.65000659E-03  4.47665366E-01 -1.42181526E-02 -1.95944455E-02 -5.98008743E-04  3.23067837E-03 -1.65577323E-02
  1.20000000E-01  8.78530975E-02 -2.08257603E-03 -2.84094358E-03  4.43706675E-01 -1.36948141E-02 -1.88498374E-02 -5.67732617E-04  3.09803609E-03 -1.59480895E-02
  1.30000000E-01  9.22703708E-02 -2.21690747E-03 -3.02571891E-03  4.41222815E-01 -1.33201295E-02 -1.83050407E-02 -5.41455504E-04  2.99953683E-03 -1.55103605E-02
  1.40000000E-01  9.66701797E-02 -2.34823535E-03 -3.20604534E-03  4.39661459E-01 -1.30558247E-02 -1.79102101E-02 -5.19584485E-04  2.92663312E-03 -1.52005299E-02
  1.50000000E-01  1.01058987E-01 -2.47747207E-03 -3.38317328E-03  4.38678416E-01 -1.28714303E-02 -1.76251311E-02 -5.01932662E-04  2.87243086E-03 -1.49833669E-02
  1.60000000E-01  1.05440856E-01 -2.60526440E-03 -3.55799920E-03  4.38058931E-01 -1.27438151E-02 -1.74189088E-02 -4.88008473E-04  2.83162763E-03 -1.48320230E-02
  1.70000000E-01  1.09818348E-01 -2.73206447E-03 -3.73115718E-03  4.37668728E-01 -1.26559776E-02 -1.72685761E-02 -4.77206390E-04  2.80027768E-03 -1.47267164E-02
  1.80000000E-01  1.14193085E-01 -2.85818506E-03 -3.90309127E-03  4.37423618E-01 -1.25957081E-02 -1.71574504E-02 -4.68920742E-04  2.77551529E-03 -1.46532241E-02
  1.90000000E-01  1.18566095E-01 -2.98384080E-03 -4.07411015E-03  4.37270658E-01 -1.25543860E-02 -1.70736160E-02 -4.62605244E-04  2.75529730E-03 -1.46015059E-02
  2.00000000E-01  1.22938037E-01 -3.10917805E-03 -4.24442714E-03 -9.83231637E-01  8.07791213E-04  3.97906504E-04 -4.90021835E-04 -1.42350424E-04  1.26380550E-03
  2.10000000E-01  1.06003209E-01 -3.03428925E-03 -4.15309046E-03 -7.68135029E-01  4.74843167E-03  5.93228824E-03 -2.83243916E-04 -1.19448274E-03  5.81885516E-03
  2.20000000E-01  9.93973419E-02 -2.96710173E-03 -4.06609567E-03 -5.43426519E-01  8.05552341E-03  1.03505266E-02 -1.27609180E-04 -1.73055322E-03  9.39551959E-03
  2.30000000E-01  9.50866192E-02 -2.87001104E-03 -3.94049921E-03 -3.65101136E-01  9.50263180E-03  1.24135202E-02  2.83393306E-05 -2.07470093E-03  1.09569334E-02
  2.40000000E-01  9.23272348E-02 -2.76774918E-03 -3.80604904E-03 -2.38265812E-01  9.36225704E-03  1.23566069E-02  1.36392625E-04 -2.04784676E-03  1.07449796E-02
  2.50000000E-01  9.05787533E-02 -2.67482848E-03 -3.68276754E-03 -1.52822728E-01  8.28956072E-03  1.10386803E-02  2.00682383E-04 -1.81927974E-03  9.49357810E-03
  2.60000000E-01  8.94777415E-02 -2.59729635E-03 -3.57897037E-03 -9.70219576E-02  6.83939420E-03  9.18858197E-03  2.28376636E-04 -1.50733574E-03  7.82444819E-03
  2.70000000E-01  8.87865257E-02 -2.53615324E-03 -3.49633504E-03 -6.12465456E-02  5.36945880E-03  7.28155015E-03  2.29111740E-04 -1.18877121E-03  6.13845586E-03
  2.80000000E-01  8.83529373E-02 -2.48980833E-03 -3.43305470E-03 -3.85609201E-02  4.06478453E-03  5.56844745E-03  2.12418893E-04 -9.03810286E-04  4.64326167E-03
  2.90000000E-01  8.80807563E-02 -2.45568386E-03 -3.38593574E-03 -2.42652312E-02  2.99393750E-03  4.14727013E-03  1.86301635E-04 -6.68074024E-04  3.41599426E-03
  3.00000000E-01  8.79095824E-02 -2.43109872E-03 -3.35156892E-03 -1.52841564E-02  2.15932009E-03  3.02790193E-03  1.56700969E-04 -4.82964129E-04  2.45931243E-03
  3.10000000E-01  8.78016462E-02 -2.41367861E-03 -3.32688674E-03 -9.64686176E-03  1.53213438E-03  2.17755409E-03  1.27545588E-04 -3.42938374E-04  1.74051387E-03
  3.20000000E-01  8.77333641E-02 -2.40149319E-03 -3.30936294E-03 -6.10608879E-03  1.07328834E-03  1.54826246E-03  1.01102140E-04 -2.39949098E-04  1.21505506E-03
  3.30000000E-01  8.76900070E-02 -2.39305454E-03 -3.29702678E-03 -3.87826204E-03  7.44301382E-04  1.09149908E-03  7.84179664E-05 -1.65835824E-04  8.38926610E-04
  3.40000000E-01  8.76623635E-02 -2.38725646E-03 -3.28839560E-03 -2.47300275E-03  5.12028497E-04  7.64734543E-04  5.97348555E-05 -1.13422977E-04  5.74088095E-04
  3.50000000E-01  8.76446598E-02 -2.38329754E-03 -3.28238208E-03 -1.58387259E-03  3.49972073E-04  5.33491832E-04  4.48202600E-05 -7.68786101E-05  3.90035025E-04
  3.60000000E-01  8.76332667E-02 -2.38060810E-03 -3.27820337E-03 -1.01934178E-03  2.37935515E-04  3.71155959E-04  3.32050681E-05 -5.16962371E-05  2.63460880E-04
  3.70000000E-01  8.76258960E-02 -2.37878893E-03 -3.27530349E-03 -6.59538776E-04  1.61023013E-04  2.57852295E-04  2.43388841E-05 -3.45144150E-05  1.77149617E-04
  3.80000000E-01  8.76210996E-02 -2.37756326E-03 -3.27329149E-03 -4.29278036E-04  1.08505785E-04  1.79085886E-04  1.76817059E-05 -2.28904114E-05  1.18695249E-04
  3.90000000E-01  8.76179581E-02 -2.37674079E-03 -3.27189446E-03 -2.81273523E-04  7.27908676E-05  1.24466068E-04  1.27510964E-05 -1.50843760E-05  7.93245526E-05
  4.00000000E-01  8.76158854E-02 -2.37619145E-03 -3.27092290E-03 -1.85693749E-04  4.85747859E-05  8.66388034E-05  9.14075742E-06 -9.87661248E-06  5.29234178E-05
  4.10000000E-01  8.76145064E-02 -2.37582679E-03 -3.27024565E-03 -1.23655853E-04  3.21899612E-05  6.04479489E-05  6.52230632E-06 -6.42298880E-06  3.52799149E-05
  4.20000000E-01  8.76135800E-02 -2.37558681E-03 -3.26977212E-03 -8.31653058E-05  2.11237214E-05  4.23024492E-05  4.63830689E-06 -4.14544447E-06  2.35192567E-05
  4.30000000E-01  8.76129508E-02 -2.37543090E-03 -3.26943983E-03 -5.65754615E-05  1.36638301E-05  2.97128030E-05  3.29164335E-06 -2.65162047E-06  1.56939075E-05
  4.40000000E-01  8.76125180E-02 -2.37533157E-03 -3.26920565E-03 -3.89934204E-05  8.64654689E-06  2.09581932E-05  2.33418620E-06 -1.67720736E-06  1.04924541E-05
  4.50000000E-01  8.76122160E-02 -2.37527019E-03 -3.26903984E-03 -2.72764414E-05  5.28161745E-06  1.48526911E-05  1.65629398E-06 -1.04530894E-06  7.03613187E-06
  4.60000000E-01  8.76120018E-02 -2.37523420E-03 -3.26892184E-03 -1.93980010E-05  3.03093905E-06  1.05814526E-05  1.17781764E-06 -6.38203662E-07  4.73839664E-06
  4.70000000E-01  8.76118472E-02 -2.37521514E-03 -3.26883738E-03 -1.40460578E-05  1.53349229E-06  7.58463168E-06  8.40770430E-07 -3.77945007E-07  3.20896293E-06
  4.80000000E-01  8.76117335E-02 -2.37520729E-03 -3.26877652E-03 -1.03675836E-05  5.46652360E-07  5.47660499E-06  6.03559492E-07 -2.13160089E-07  2.18876116E-06
  4.90000000E-01  8.76116482E-02 -2.37520676E-03 -3.26873229E-03 -7.80547488E-06 -9.53151015E-08  3.99174547E-06  4.36564509E-07 -1.10133784E-07  1.50612604E-06
  5.00000000E-01  8.76115830E-02 -2.37521092E-03 -3.26869980E-03 -5.99414233E-06 -5.05162447E-07  2.94295062E-06  3.18818259E-07 -4.68289223E-08  1.04743727E-06
