  0.00000000E+00  0.00000000E+00  0.00000000E+00  0.00000000E+00  1.90257477E+00  2.49017077E-04  4.12928357E-04  2.37679203E-04  8.64724209E-05 -4.40339229E-04
  1.00000000E-02  1.90257477E-02  2.49017077E-06  4.12928357E-06  1.33366776E+00 -1.45067853E-02  3.27576973E-04  8.34309968E-05 -7.78854476E-03  2.33269753E-02
  2.00000000E-02  2.95178903E-02 -2.16356694E-04  6.97829639E-06  9.78211516E-01 -2.02389948E-02  3.19539522E-04 -5.26172801E-05 -1.05439828E-02  3.16316107E-02
  3.00000000E-02  3.75227242E-02 -4.47407689E-04  1.01335043E-05  7.33932226E-01 -2.26174293E-02  3.28548718E-04 -1.36136884E-04 -1.15553361E-02  3.46319052E-02
  4.00000000E-02  4.36406500E-02 -6.85474155E-04  1.34640375E-05  5.79296148E-01 -2.23974307E-02  3.46967195E-04 -1.77748941E-04 -1.12506852E-02  3.36681044E-02
  5.00000000E-02  4.86604311E-02 -9.08348470E-04  1.70258018E-05  4.86473523E-01 -2.08194401E-02  3.60235564E-04 -1.92388900E-04 -1.02916002E-02  3.07253476E-02
  6.00000000E-02  5.30610532E-02 -1.10865292E-03  2.06944993E-05  4.32782243E-01 -1.88086394E-02  3.67810927E-04 -1.90611190E-04 -9.17343138E-03  2.73189035E-02
  7.00000000E-02  5.71204193E-02 -1.28668531E-03  2.44104854E-05  4.02557491E-01 -1.68945061E-02  3.70571010E-04 -1.80323465E-04 -8.16381340E-03  2.42587322E-02
  8.00000000E-02  6.09948704E-02 -1.44605970E-03  2.81299959E-05  3.85876660E-01 -1.53045001E-02  3.70444528E-04 -1.66834806E-04 -7.36342751E-03  2.18462490E-02
  9.00000000E-02  6.47702329E-02 -1.59115467E-03  3.18338088E-05  3.76794512E-01 -1.40867240E-02  3.69442185E-04 -1.53302336E-04 -6.77924397E-03  2.00970835E-02
  1.00000000E-01  6.84927673E-02 -1.72593303E-03  3.55232190E-05  3.71886195E-01 -1.32026437E-02  3.69118446E-04 -1.41345634E-04 -6.37700217E-03  1.89026763E-02
  1.10000000E-01  7.21870876E-02 -1.85353907E-03  3.92127847E-05  3.69235924E-01 -1.25837892E-02  3.70452304E-04 -1.31605685E-04 -6.11185064E-03  1.81237371E-02
  1.20000000E-01  7.58661955E-02 -1.97628269E-03  4.29239771E-05  3.67795592E-01 -1.21607439E-02  3.73914369E-04 -1.24144424E-04 -5.94290518E-03  1.76342285E-02
  1.30000000E-01  7.95369498E-02 -2.09577490E-03  4.66804311E-05  3.67000984E-01 -1.18751381E-02  3.79593940E-04 -1.18704397E-04 -5.83804966E-03  1.73359718E-02
  1.40000000E-01  8.32029866E-02 -2.21309825E-03  5.05047683E-05  3.66551626E-01 -1.16825403E-02  3.87328361E-04 -1.14904422E-04 -5.77423866E-03  1.71590464E-02
  1.50000000E-01  8.68662560E-02 -2.32896067E-03  5.44167240E-05  3.66288294E-01 -1.15511835E-02  3.96820116E-04 -1.12353141E-04 -5.73591090E-03  1.70566050E-02
  1.60000000E-01  9.05278223E-02 -2.44381572E-03  5.84323840E-05  3.66126547E-01 -1.14593305E-02  4.07727546E-04 -1.10711135E-04 -5.71302009E-03  1.69986755E-02
  1.70000000E-01  9.41882791E-02 -2.55794976E-03  6.25641966E-05  3.66021294E-01 -1.13925762E-02  4.19720264E-04 -1.09708445E-04 -5.69930206E-03  1.69667691E-02
  1.80000000E-01  9.78479657E-02 -2.67154175E-03  6.68213628E-05  3.65948147E-01 -1.13416018E-02  4.32508536E-04 -1.09142501E-04 -5.69095676E-03  1.69498122E-02
  1.90000000E-01  1.01507081E-01 -2.78470289E-03  7.12103895E-05  3.65893673E-01 -1.13004858E-02  4.45854856E-04 -1.08867776E-04 -5.68572818E-03  1.69413296E-02
  2.00000000E-01  1.05165746E-01 -2.89750217E-03  7.57356697E-05 -9.66773787E-01  2.65240900E-03 -3.02919497E-04 -2.14926146E-04  2.15811844E-03 -6.53558702E-03
  2.10000000E-01  8.88346707E-02 -2.80121361E-03  6.89626030E-05 -7.30506056E-01  6.60636784E-03 -1.80328395E-04 -8.06784635E-05  3.92878071E-03 -1.20964412E-02
  2.20000000E-01  8.27109488E-02 -2.71538014E-03  6.77722745E-05 -4.87610352E-01  9.14020880E-03 -3.04790638E-04 -2.16790611E-05  5.24432643E-03 -1.59521817E-02
  2.30000000E-01  7.90493238E-02 -2.61130884E-03  6.41020569E-05 -3.04038288E-01  9.91738881E-03 -2.78784263E-04  4.19109642E-05  5.44814519E-03 -1.65418978E-02
  2.40000000E-01  7.69268012E-02 -2.50824905E-03  6.14442462E-05 -1.81104375E-01  9.15736305E-03 -2.51427139E-04  7.40891398E-05  4.87420503E-03 -1.47486738E-02
  2.50000000E-01  7.57304270E-02 -2.42047555E-03  5.90667604E-05 -1.04484889E-01  7.61787524E-03 -2.18118595E-04  8.45071856E-05  3.93512390E-03 -1.18601744E-02
  2.60000000E-01  7.50686756E-02 -2.35199424E-03  5.70521172E-05 -5.89170468E-02  5.88528047E-03 -1.84048395E-04  8.11689765E-05  2.94910896E-03 -8.84666143E-03
  2.70000000E-01  7.47073443E-02 -2.30180441E-03  5.53819842E-05 -3.26976479E-02  4.30053397E-03 -1.52013434E-04  7.06349301E-05  2.08845249E-03 -6.22980888E-03
  2.80000000E-01  7.45114648E-02 -2.26672280E-03  5.40220247E-05 -1.79680460E-02  3.00741645E-03 -1.23353159E-04  5.74817034E-05  1.41450435E-03 -4.19125222E-03
  2.90000000E-01  7.44054324E-02 -2.24311422E-03  5.29317945E-05 -9.83273535E-03  2.02827985E-03 -9.85886559E-05  4.44968336E-05  9.24332853E-04 -2.71699261E-03
  3.00000000E-01  7.43477816E-02 -2.22772711E-03  5.20697304E-05 -5.38886847E-03  1.32575597E-03 -7.77789983E-05  3.31154076E-05  5.86720559E-04 -1.70812171E-03
  3.10000000E-01  7.43161122E-02 -2.21798217E-03  5.13959887E-05 -2.97455825E-03  8.42084137E-04 -6.07149281E-05  2.38693105E-05  3.63779388E-04 -1.04688557E-03
  3.20000000E-01  7.42984382E-02 -2.21197969E-03  5.08741598E-05 -1.66268641E-03  5.19962252E-04 -4.70300254E-05  1.67576033E-05  2.21411817E-04 -6.28310570E-04
  3.30000000E-01  7.42883707E-02 -2.20839067E-03  5.04722841E-05 -9.45766541E-04  3.11339731E-04 -3.62734855E-05  1.15133805E-05  1.32913675E-04 -3.70791179E-04
  3.40000000E-01  7.42824976E-02 -2.20632039E-03  5.01633319E-05 -5.49624048E-04  1.79521667E-04 -2.79629048E-05  7.77503893E-06  7.90722804E-05 -2.16028530E-04
  3.50000000E-01  7.42789821E-02 -2.20518426E-03  4.99252558E-05 -3.27243758E-04  9.81524572E-05 -2.16251730E-05  5.18334578E-06  4.68568395E-05 -1.24773606E-04
  3.60000000E-01  7.42768215E-02 -2.20460958E-03  4.97406927E-05 -1.99945959E-04  4.91221608E-05 -1.68267715E-05  3.42760571E-06  2.78109121E-05 -7.17618647E-05
  3.70000000E-01  7.42754586E-02 -2.20436351E-03  4.95964170E-05 -1.25462553E-04  2.03899749E-05 -1.31941839E-05  2.26059573E-06  1.66321809E-05 -4.12969876E-05
  3.80000000E-01  7.42745764E-02 -2.20430327E-03  4.94826381E-05 -8.08710755E-05  4.14156929E-06 -1.04238399E-05  1.49663231E-06  1.00856461E-05 -2.39029169E-05
  3.90000000E-01  7.42739906E-02 -2.20434310E-03  4.93922514E-05 -5.35578690E-05 -4.60382065E-06 -8.28814095E-06  1.00216696E-06  6.23990729E-06 -1.39908504E-05
  4.00000000E-01  7.42735916E-02 -2.20443287E-03  4.93200485E-05 -3.64516972E-05 -8.93413981E-06 -6.62404345E-06  6.84400942E-07  3.96095811E-06 -8.32584116E-06
  4.10000000E-01  7.42733126E-02 -2.20454386E-03  4.92621285E-05 -2.55043445E-05 -1.07254678E-05 -5.31854183E-06  4.80622244E-07  2.59094172E-06 -5.06227126E-06
  4.20000000E-01  7.42731123E-02 -2.20466007E-03  4.92154706E-05 -1.83474272E-05 -1.10974894E-05 -4.28997234E-06  3.49429831E-07  1.75099818E-06 -3.15777298E-06
  4.30000000E-01  7.42729646E-02 -2.20477291E-03  4.91777137E-05 -1.35661682E-05 -1.07111080E-05 -3.47617286E-06  2.64016886E-07  1.22346559E-06 -2.02693571E-06
  4.40000000E-01  7.42728529E-02 -2.20487808E-03  4.91470210E-05 -1.02993185E-05 -9.95156388E-06 -2.82915108E-06  2.07306414E-07  8.82953194E-07 -1.34124726E-06
  4.50000000E-01  7.42727662E-02 -2.20497380E-03  4.91219646E-05 -8.01385874E-06 -9.03735792E-06 -2.31134673E-06  1.68563301E-07  6.56652285E-07 -9.15577175E-07
  4.60000000E-01  7.42726975E-02 -2.20505961E-03  4.91014402E-05 -6.37511138E-06 -8.08934437E-06 -1.89345308E-06  1.41109826E-07  5.01737708E-07 -6.44630935E-07
  4.70000000E-01  7.42726419E-02 -2.20513576E-03  4.90845951E-05 -5.17017713E-06 -7.17232768E-06 -1.55295550E-06  1.20824387E-07  3.92582113E-07 -4.67690621E-07
  4.80000000E-01  7.42725963E-02 -2.20520290E-03  4.90707680E-05 -4.26192142E-06 -6.31895750E-06 -1.27284857E-06  1.05175242E-07  3.13530687E-07 -3.49127676E-07
  4.90000000E-01  7.42725582E-02 -2.20526182E-03  4.90594401E-05 -3.56087586E-06 -5.54336350E-06 -1.04047271E-06  9.26093604E-08  2.54801509E-07 -2.67618539E-07
  5.00000000E-01  7.42725261E-02 -2.20531338E-03  4.90501972E-05 -3.00785591E-06 -4.84914948E-06 -8.46458708E-07  8.21711483E-08  2.10137786E-07 -2.10135193E-07
