  0.00000000E+00  0.00000000E+00  0.00000000E+00  0.00000000E+00  1.90257480E+00  2.49030151E-04  4.12927561E-04  2.37702552E-04  8.64615588E-05 -4.40366946E-04
  1.00000000E-02  1.90257480E-02  2.49030151E-06  4.12927561E-06  1.44215913E+00 -2.80135882E-03  4.57124501E-03  1.90699584E-04 -5.28295128E-03 -9.03298906E-03
  2.00000000E-02  3.11452609E-02 -4.07752315E-05  7.06333130E-05  1.13010835E+00 -4.11041586E-03  6.62370171E-03  1.48117911E-04 -7.80311205E-03 -1.30155117E-02
  3.00000000E-02  4.08860905E-02 -8.84246753E-05  1.47132614E-04  9.04963778E-01 -4.73235973E-03  7.75094198E-03  1.25338348E-04 -9.11677225E-03 -1.50690123E-02
  4.00000000E-02  4.88100054E-02 -1.38857992E-04  2.30278235E-04  7.50686461E-01 -4.85032431E-03  8.11334758E-03  1.15995737E-04 -9.45797518E-03 -1.55724745E-02
  5.00000000E-02  5.55454835E-02 -1.87951058E-04  3.13223738E-04  6.47936237E-01 -4.67709857E-03  7.99180939E-03  1.13054257E-04 -9.21522185E-03 -1.51428815E-02
  6.00000000E-02  6.15110947E-02 -2.33855915E-04  3.92534141E-04  5.80617865E-01 -4.37124336E-03  7.62910498E-03  1.12483245E-04 -8.69547494E-03 -1.42745332E-02
  7.00000000E-02  6.69806815E-02 -2.76039072E-04  4.67011669E-04  5.36929929E-01 -4.03006156E-03  7.18672031E-03  1.12125489E-04 -8.09713043E-03 -1.32855038E-02
  8.00000000E-02  7.21315411E-02 -3.14633779E-04  5.36666949E-04  5.08726396E-01 -3.70518300E-03  6.75688303E-03  1.11177293E-04 -7.52853608E-03 -1.23494922E-02
  9.00000000E-02  7.70777874E-02 -3.50061216E-04  6.02086593E-04  4.90566800E-01 -3.41932813E-03  6.38373197E-03  1.09567379E-04 -7.03757850E-03 -1.15437527E-02
  1.00000000E-01  8.18926574E-02 -3.82825223E-04  6.64058157E-04  4.78884974E-01 -3.17878689E-03  6.08219331E-03  1.07545940E-04 -6.63760481E-03 -1.08892161E-02
  1.10000000E-01  8.66230980E-02 -4.13410386E-04  7.23372397E-04  4.71368666E-01 -2.98149222E-03  5.85134124E-03  1.05429810E-04 -6.32417074E-03 -1.03778220E-02
  1.20000000E-01  9.12992032E-02 -4.42238835E-04  7.80731549E-04  4.66527941E-01 -2.82176604E-03  5.68288916E-03  1.03474102E-04 -6.08512381E-03 -9.98925056E-03
  1.30000000E-01  9.59402789E-02 -4.69657864E-04  8.36718180E-04  4.63405925E-01 -2.69292853E-03  5.56606908E-03  1.01845189E-04 -5.90630665E-03 -9.70011370E-03
  1.40000000E-01  1.00558728E-01 -4.95942962E-04  8.91794770E-04  4.61388863E-01 -2.58859526E-03  5.49021098E-03  1.00621939E-04 -5.77441352E-03 -9.48839768E-03
  1.50000000E-01  1.05162531E-01 -5.21307248E-04  9.46317590E-04  4.60083104E-01 -2.50322709E-03  5.44590543E-03  9.98133264E-05 -5.67810383E-03 -9.33531092E-03
  1.60000000E-01  1.09756834E-01 -5.45912678E-04  1.00055512E-03  4.59235991E-01 -2.43227247E-03  5.42537928E-03  9.93921352E-05 -5.60825223E-03 -9.22571587E-03
  1.70000000E-01  1.14344958E-01 -5.69880630E-04  1.05470628E-03  4.58685151E-01 -2.37212166E-03  5.42247523E-03  9.93131563E-05 -5.55777636E-03 -9.14787796E-03
  1.80000000E-01  1.18929055E-01 -5.93301092E-04  1.10891651E-03  4.58326073E-01 -2.31998216E-03  5.43245622E-03  9.95235610E-05 -5.52132009E-03 -9.09294305E-03
  1.90000000E-01  1.23510521E-01 -6.16240217E-04  1.16329098E-03  4.58091363E-01 -2.27373242E-03  5.45175483E-03  9.99703327E-05 -5.49491057E-03 -9.05436252E-03
  2.00000000E-01  1.28090261E-01 -6.38746292E-04  1.21790502E-03 -9.84179046E-01 -3.59203954E-04 -1.44574867E-04 -1.18094770E-04 -2.09747341E-04  8.13834471E-06
  2.10000000E-01  1.11037118E-01 -6.32765689E-04  1.18847762E-03 -7.75935279E-01  4.28982101E-04 -1.45423769E-03 -5.77265242E-05  1.41787018E-03  2.67075857E-03
  2.20000000E-01  1.04318984E-01 -6.24534938E-04  1.16738693E-03 -5.56334834E-01  9.64966691E-04 -2.97386929E-03 -6.59806872E-05  2.88741794E-03  4.91913501E-03
  2.30000000E-01  9.98536382E-02 -6.12205348E-04  1.13005008E-03 -3.80387420E-01  1.38344863E-03 -3.56305233E-03 -5.00309275E-05  3.59237919E-03  6.01485767E-03
  2.40000000E-01  9.69295011E-02 -5.96278452E-04  1.09147364E-03 -2.53362517E-01  1.50057777E-03 -3.60131762E-03 -4.37911978E-05  3.67699392E-03  6.10113967E-03
  2.50000000E-01  9.50310004E-02 -5.80687029E-04  1.05526914E-03 -1.66230904E-01  1.43002278E-03 -3.27894729E-03 -4.05806674E-05  3.36462615E-03  5.55728517E-03
  2.60000000E-01  9.38043494E-02 -5.66739576E-04  1.02409152E-03 -1.08125345E-01  1.25844424E-03 -2.79071405E-03 -3.81363988E-05  2.86700721E-03  4.72058921E-03
  2.70000000E-01  9.30136238E-02 -5.55013026E-04  9.98625543E-04 -6.99996544E-02  1.04926155E-03 -2.26706882E-03 -3.53127434E-05  2.32600486E-03  3.82024981E-03
  2.80000000E-01  9.25042557E-02 -5.45566324E-04  9.78573081E-04 -4.52164967E-02  8.41380391E-04 -1.78072442E-03 -3.18098627E-05  1.82143023E-03  2.98458364E-03
  2.90000000E-01  9.21760065E-02 -5.38191926E-04  9.63197559E-04 -2.91897365E-02  6.54967606E-04 -1.36402923E-03 -2.77865984E-05  1.38910240E-03  2.27071875E-03
  3.00000000E-01  9.19642429E-02 -5.32574314E-04  9.51640743E-04 -1.88519912E-02  4.97951209E-04 -1.02499409E-03 -2.35628919E-05  1.03818121E-03  1.69262126E-03
  3.10000000E-01  9.18274117E-02 -5.28379884E-04  9.43085977E-04 -1.21895873E-02  3.71173716E-04 -7.58834892E-04 -1.94487530E-05  7.63778043E-04  1.24155167E-03
  3.20000000E-01  9.17388279E-02 -5.25302034E-04  9.36828424E-04 -7.89482257E-03  2.71894914E-04 -5.55247995E-04 -1.56713228E-05  5.54946799E-04  8.99042632E-04
  3.30000000E-01  9.16813535E-02 -5.23079479E-04  9.32293879E-04 -5.12363775E-03  1.95939610E-04 -4.02540062E-04 -1.23611523E-05  3.99223276E-04  6.44275063E-04
  3.40000000E-01  9.16439730E-02 -5.21499859E-04  9.29032018E-04 -3.33295514E-03  1.38897036E-04 -2.89713705E-04 -9.56682214E-06  2.84910289E-04  4.57788776E-04
  3.50000000E-01  9.16195969E-02 -5.20396102E-04  9.26699013E-04 -2.17379853E-03  9.67166756E-05 -2.07339749E-04 -7.27865570E-06  2.02023590E-04  3.23011367E-04
  3.60000000E-01  9.16036547E-02 -5.19639837E-04  9.25037485E-04 -1.42193278E-03  6.59480448E-05 -1.47768307E-04 -5.45163274E-06  1.42510395E-04  2.26600378E-04
  3.70000000E-01  9.15931947E-02 -5.19134200E-04  9.23857659E-04 -9.33170617E-04  4.37864198E-05 -1.05016192E-04 -4.02352227E-06  1.00115327E-04  1.58209856E-04
  3.80000000E-01  9.15863068E-02 -5.18807143E-04  9.23021258E-04 -6.14682850E-04  2.80233732E-05 -7.45233818E-05 -2.92743798E-06  7.01067830E-05  1.10029674E-04
  3.90000000E-01  9.15817524E-02 -5.18605725E-04  9.22428488E-04 -4.06612445E-04  1.69590430E-05 -5.28801691E-05 -2.09954348E-06  4.89754619E-05  7.62807893E-05
  4.00000000E-01  9.15787266E-02 -5.18491456E-04  9.22007902E-04 -2.70295490E-04  9.30771574E-06 -3.75740763E-05 -1.48311346E-06  3.41573720E-05  5.27524763E-05
  4.10000000E-01  9.15767053E-02 -5.18436636E-04  9.21708692E-04 -1.80710598E-04  4.11612030E-06 -2.67762349E-05 -1.03012483E-06  2.38010190E-05  3.64138247E-05
  4.20000000E-01  9.15753461E-02 -5.18421432E-04  9.21494919E-04 -1.21633291E-04  6.82515707E-07 -1.91672992E-05 -7.01356275E-07  1.65818106E-05  2.51044191E-05
  4.30000000E-01  9.15744251E-02 -5.18431775E-04  9.21341291E-04 -8.25215830E-05 -1.51672603E-06 -1.38009848E-05 -4.65645697E-07  1.15592114E-05  1.72966094E-05
  4.40000000E-01  9.15737955E-02 -5.18457939E-04  9.21230112E-04 -5.65114741E-05 -2.86007258E-06 -1.00050384E-05 -2.98756245E-07  8.06945714E-06  1.19172654E-05
  4.50000000E-01  9.15733604E-02 -5.18493256E-04  9.21149042E-04 -3.91239460E-05 -3.61887626E-06 -7.30580830E-06 -1.82167871E-07  5.64645353E-06  8.21666565E-06
  4.60000000E-01  9.15730561E-02 -5.18533239E-04  9.21089480E-04 -2.74296602E-05 -3.98646628E-06 -5.37434250E-06 -1.01942387E-07  3.96425838E-06  5.67343513E-06
  4.70000000E-01  9.15728403E-02 -5.18574942E-04  9.21045394E-04 -1.95082461E-05 -4.09361106E-06 -3.98296013E-06 -4.77263632E-08  2.79571251E-06  3.92639729E-06
  4.80000000E-01  9.15726848E-02 -5.18616413E-04  9.21012521E-04 -1.40974759E-05 -4.03343666E-06 -2.97399303E-06 -1.19172312E-08  1.98293881E-06  2.72616255E-06
  4.90000000E-01  9.15725709E-02 -5.18656447E-04  9.20987826E-04 -1.03653906E-05 -3.86937752E-06 -2.23759694E-06  1.10093158E-08  1.41645466E-06  1.90099608E-06
  5.00000000E-01  9.15724859E-02 -5.18694320E-04  9.20969132E-04 -7.76196453E-06 -3.64383709E-06 -1.69666696E-06  2.50281548E-08  1.02046811E-06  1.33290159E-06
