  0.00000000E+00  0.00000000E+00  0.00000000E+00  0.00000000E+00  1.90257477E+00  2.49017077E-04  4.12928357E-04  2.37679203E-04  8.64724209E-05 -4.40339229E-04
  1.00000000E-02  1.90257477E-02  2.49017077E-06  4.12928357E-06  1.37531941E+00  9.08813807E-03 -1.91456702E-02  1.40515527E-04  2.06388359E-02  4.50283952E-03
  2.00000000E-02  3.01426649E-02  1.37567156E-04 -2.85120411E-04  1.03487421E+00  1.26949850E-02 -2.70972820E-02  4.56069061E-05  2.90156624E-02  6.59356683E-03
  3.00000000E-02  3.87891811E-02  2.82551241E-04 -5.95851289E-04  7.96505038E-01  1.42772634E-02 -3.06184717E-02 -1.36344833E-05  3.27338239E-02  7.54686102E-03
  4.00000000E-02  4.55623856E-02  4.33235267E-04 -9.19641956E-04  6.40921949E-01  1.42964629E-02 -3.07301576E-02 -4.54229711E-05  3.27979716E-02  7.60447174E-03
  5.00000000E-02  5.11936896E-02  5.76295894E-04 -1.22750196E-03  5.43560857E-01  1.34609272E-02 -2.89682130E-02 -5.95055480E-05  3.08900035E-02  7.18075530E-03
  6.00000000E-02  5.61424927E-02  7.06727488E-04 -1.50837437E-03  4.84288842E-01  1.23190031E-02 -2.65240485E-02 -6.28286114E-05  2.82604738E-02  6.57540862E-03
  7.00000000E-02  6.06890211E-02  8.24207898E-04 -1.76139403E-03  4.48860514E-01  1.11921191E-02 -2.40985016E-02 -6.03892335E-05  2.56532049E-02  5.96839094E-03
  8.00000000E-02  6.50004846E-02  9.30494669E-04 -1.99025131E-03  4.27940538E-01  1.02280707E-02 -2.20168682E-02 -5.53598785E-05  2.34127306E-02  5.44361509E-03
  9.00000000E-02  6.91752901E-02  1.02795513E-03 -2.20001183E-03  4.15683567E-01  9.46875053E-03 -2.03744552E-02 -4.96151365E-05  2.16397840E-02  5.02647701E-03
  1.00000000E-01  7.32708409E-02  1.11884604E-03 -2.39554431E-03  4.08535713E-01  8.90224985E-03 -1.91487489E-02 -4.41699514E-05  2.03107287E-02  4.71271937E-03
  1.10000000E-01  7.73204588E-02  1.20503603E-03 -2.58090327E-03  4.04378261E-01  8.49540563E-03 -1.82698608E-02 -3.94667618E-05  1.93516510E-02  4.48564722E-03
  1.20000000E-01  8.13434541E-02  1.28795587E-03 -2.75920744E-03  4.01964374E-01  8.21128081E-03 -1.76586171E-02 -3.56431185E-05  1.86785000E-02  4.32578749E-03
  1.30000000E-01  8.53510284E-02  1.36864805E-03 -2.93273739E-03  4.00566226E-01  8.01702127E-03 -1.72439907E-02 -3.26676296E-05  1.82155772E-02  4.21548583E-03
  1.40000000E-01  8.93496999E-02  1.44784697E-03 -3.10310416E-03  3.99760790E-01  7.88637921E-03 -1.69689181E-02 -3.04163966E-05  1.79018938E-02  4.14045691E-03
  1.50000000E-01  9.33432807E-02  1.52605755E-03 -3.27141798E-03  3.99302473E-01  7.79968488E-03 -1.67904380E-02 -2.87427769E-05  1.76914130E-02  4.08987714E-03
  1.60000000E-01  9.73340138E-02  1.60362093E-03 -3.43842996E-03  3.99048502E-01  7.74280840E-03 -1.66775743E-02 -2.75102660E-05  1.75508797E-02  4.05590237E-03
  1.70000000E-01  1.01323229E-01  1.68076463E-03 -3.60464139E-03  3.98915599E-01  7.70589322E-03 -1.66086604E-02 -2.66031425E-05  1.74570180E-02  4.03302788E-03
  1.80000000E-01  1.05311720E-01  1.75763899E-03 -3.77038342E-03  3.98854945E-01  7.68220763E-03 -1.65688702E-02 -2.59298743E-05  1.73939154E-02  4.01748151E-03
  1.90000000E-01  1.09299967E-01  1.83434263E-03 -3.93587317E-03  3.98837749E-01  7.66722430E-03 -1.65482216E-02 -2.54212585E-05  1.73508876E-02  4.00672510E-03
  2.00000000E-01  1.13288258E-01  1.91093996E-03 -4.10125215E-03 -9.78300357E-01 -1.40261860E-03  2.77801962E-03 -1.86717046E-04 -3.02440781E-03 -4.74344545E-04
  2.10000000E-01  9.66195640E-02  1.85156456E-03 -3.97684074E-03 -7.49986670E-01 -3.78542273E-03  8.01881147E-03 -9.20985566E-05 -8.65346805E-03 -1.78357844E-03
  2.20000000E-01  9.02612658E-02  1.80179631E-03 -3.87044867E-03 -5.16318540E-01 -5.74982824E-03  1.24015047E-02 -5.66920368E-05 -1.28803931E-02 -2.91002409E-03
  2.30000000E-01  8.62664210E-02  1.73447600E-03 -3.72452016E-03 -3.34262319E-01 -6.41794200E-03  1.39401046E-02 -1.01581124E-05 -1.44380632E-02 -3.32679004E-03
  2.40000000E-01  8.38340789E-02  1.66695601E-03 -3.57742611E-03 -2.08700808E-01 -6.09105535E-03  1.32865801E-02  1.55568067E-05 -1.37386192E-02 -3.20110972E-03
  2.50000000E-01  8.23748784E-02  1.60767989E-03 -3.44782793E-03 -1.27264987E-01 -5.21900114E-03  1.14196651E-02  2.76217849E-05 -1.17955691E-02 -2.76620281E-03
  2.60000000E-01  8.15094076E-02  1.55985015E-03 -3.34296586E-03 -7.64193413E-02 -4.17125755E-03  9.14917651E-03  3.08156421E-05 -9.43879425E-03 -2.22289415E-03
  2.70000000E-01  8.09994425E-02  1.52337629E-03 -3.26282653E-03 -4.54460100E-02 -3.17210487E-03  6.97031392E-03  2.90239533E-05 -7.17726377E-03 -1.69530878E-03
  2.80000000E-01  8.06998490E-02  1.49665101E-03 -3.20401771E-03 -2.68815821E-02 -2.32563076E-03  5.11603032E-03  2.49215309E-05 -5.25192223E-03 -1.24321115E-03
  2.90000000E-01  8.05238553E-02  1.47762707E-03 -3.16212882E-03 -1.58692557E-02 -1.65923570E-03  3.65081413E-03  2.01526288E-05 -3.73053370E-03 -8.84480855E-04
  3.00000000E-01  8.04202244E-02  1.46436669E-03 -3.13294676E-03 -9.37576865E-03 -1.16015889E-03  2.55003212E-03  1.56140696E-05 -2.58850045E-03 -6.14434081E-04
  3.10000000E-01  8.03589342E-02  1.45526049E-03 -3.11295035E-03 -5.55663041E-03 -7.99503154E-04  1.75247907E-03  1.17140771E-05 -1.76279089E-03 -4.18797938E-04
  3.20000000E-01  8.03224635E-02  1.44906873E-03 -3.09941333E-03 -3.30994627E-03 -5.45612424E-04  1.18990563E-03  8.57068367E-06 -1.18254022E-03 -2.81130709E-04
  3.30000000E-01  8.03005975E-02  1.44488206E-03 -3.09032714E-03 -1.98502503E-03 -3.70295523E-04  8.00964071E-04  6.14793183E-06 -7.83707069E-04 -1.86421450E-04
  3.40000000E-01  8.02873719E-02  1.44205569E-03 -3.08426220E-03 -1.20030752E-03 -2.50914045E-04  5.36066352E-04  4.34170350E-06 -5.14323724E-04 -1.22418964E-04
  3.50000000E-01  8.02792924E-02  1.44014346E-03 -3.08022603E-03 -7.32824188E-04 -1.70397840E-04  3.57626820E-04  3.02923181E-06 -3.34895519E-04 -7.97784831E-05
  3.60000000E-01  8.02743015E-02  1.43884206E-03 -3.07754196E-03 -4.52358332E-04 -1.16414119E-04  2.38365138E-04  2.09460352E-06 -2.16711983E-04 -5.16906255E-05
  3.70000000E-01  8.02711803E-02  1.43794784E-03 -3.07575461E-03 -2.82731811E-04 -8.03237791E-05  1.59080238E-04  1.43959075E-06 -1.39561502E-04 -3.33544909E-05
  3.80000000E-01  8.02692011E-02  1.43732505E-03 -3.07456024E-03 -1.79220222E-04 -5.62048441E-05  1.06548033E-04  9.86267347E-07 -8.95545885E-05 -2.14681556E-05
  3.90000000E-01  8.02679265E-02  1.43688360E-03 -3.07375742E-03 -1.15433543E-04 -4.00570314E-05  7.17956697E-05  6.75543458E-07 -5.73221305E-05 -1.38037336E-05
  4.00000000E-01  8.02670911E-02  1.43656377E-03 -3.07321322E-03 -7.57047996E-05 -2.91879053E-05  4.87982437E-05  4.64066499E-07 -3.66355085E-05 -8.88040485E-06
  4.10000000E-01  8.02665327E-02  1.43632623E-03 -3.07284023E-03 -5.06685661E-05 -2.18155893E-05  3.35480777E-05  3.20814039E-07 -2.34012123E-05 -5.72548599E-06
  4.20000000E-01  8.02661511E-02  1.43614494E-03 -3.07258100E-03 -3.46849330E-05 -1.67535766E-05  2.33936208E-05  2.24015323E-07 -1.49533016E-05 -3.70601959E-06
  4.30000000E-01  8.02658842E-02  1.43600271E-03 -3.07239783E-03 -2.43310419E-05 -1.32241556E-05  1.65900998E-05  1.58620121E-07 -9.56797221E-06 -2.41312307E-06
  4.40000000E-01  8.02656927E-02  1.43588812E-03 -3.07226595E-03 -1.75132210E-05 -1.07086071E-05  1.19945107E-05  1.14349497E-07 -6.13684470E-06 -1.58414777E-06
  4.50000000E-01  8.02655516E-02  1.43579361E-03 -3.07216898E-03 -1.29404585E-05 -8.86674521E-06  8.85617090E-06  8.42454432E-08 -3.95032246E-06 -1.05108748E-06
  4.60000000E-01  8.02654451E-02  1.43571415E-03 -3.07209611E-03 -9.81007941E-06 -7.47609078E-06  6.68237975E-06  6.36291590E-08 -2.55558425E-06 -7.06791806E-07
  4.70000000E-01  8.02653626E-02  1.43564635E-03 -3.07204016E-03 -7.61873558E-06 -6.39312703E-06  5.15084062E-06  4.93688304E-08 -1.66433897E-06 -4.83047932E-07
  4.80000000E-01  8.02652974E-02  1.43558783E-03 -3.07199631E-03 -6.04791302E-06 -5.52538295E-06  4.05100939E-06  3.93741814E-08 -1.09332787E-06 -3.36466438E-07
  4.90000000E-01  8.02652448E-02  1.43553691E-03 -3.07196130E-03 -4.89406460E-06 -4.81266164E-06  3.24507620E-06  3.22519368E-08 -7.26158990E-07 -2.39444830E-07
  5.00000000E-01  8.02652016E-02  1.43549235E-03 -3.07193288E-03 -4.02569490E-06 -4.21495320E-06  2.64228400E-06  2.70733752E-08 -4.88928819E-07 -1.74405752E-07
