  0.00000000E+00  0.00000000E+00  0.00000000E+00  0.00000000E+00  1.90257477E+00  2.49017077E-04  4.12928357E-04  2.37679203E-04  8.64724209E-05 -4.40339229E-04
  1.00000000E-02  1.90257477E-02  2.49017077E-06  4.12928357E-06  1.36241728E+00 -1.17514475E-02  1.29747980E-03  1.78111649E-04  1.53787788E-03 -8.86961299E-03
  2.00000000E-02  2.99491330E-02 -1.75026627E-04  2.15268388E-05  1.01692903E+00 -1.63640093E-02  1.64319136E-03  1.24260650E-04  2.10285831E-03 -1.19262715E-02
  3.00000000E-02  3.83909821E-02 -3.61729530E-04  3.96873101E-05  7.76346250E-01 -1.82549592E-02  1.76292711E-03  9.46447921E-05  2.32183554E-03 -1.31067710E-02
  4.00000000E-02  4.49515307E-02 -5.53733871E-04  5.79152601E-05  6.20727809E-01 -1.80690443E-02  1.71814255E-03  8.18262725E-05  2.28671412E-03 -1.28204473E-02
  5.00000000E-02  5.03807166E-02 -7.33494739E-04  7.48727627E-05  5.24536218E-01 -1.67930846E-02  1.59097298E-03  7.66055591E-05  2.11604903E-03 -1.18149662E-02
  6.00000000E-02  5.51451208E-02 -8.95045786E-04  9.01466447E-05  4.66861842E-01 -1.51763494E-02  1.43724966E-03  7.40348656E-05  1.90649650E-03 -1.06071693E-02
  7.00000000E-02  5.95253673E-02 -1.03872560E-03  1.03750525E-04  4.33003722E-01 -1.36443147E-02  1.28863924E-03  7.17398757E-05  1.71102738E-03 -9.48907629E-03
  8.00000000E-02  6.36861140E-02 -1.16750858E-03  1.15893865E-04  4.13416594E-01 -1.23785483E-02  1.15920187E-03  6.90847010E-05  1.55127490E-03 -8.57798553E-03
  9.00000000E-02  6.77223443E-02 -1.28496523E-03  1.26838697E-04  4.02195930E-01 -1.14161926E-02  1.05275644E-03  6.61974704E-05  1.43124743E-03 -7.89259589E-03
  1.00000000E-01  7.16882002E-02 -1.39431538E-03  1.36834034E-04  3.95806281E-01 -1.07250784E-02  9.67832543E-04  6.34068037E-05  1.34630739E-03 -7.40382717E-03
  1.10000000E-01  7.56143148E-02 -1.49811059E-03  1.46087740E-04  3.92177738E-01 -1.02492581E-02  9.00900675E-04  6.09556076E-05  1.28894331E-03 -7.06792590E-03
  1.20000000E-01  7.95179495E-02 -1.59822407E-03  1.54762087E-04  3.90117452E-01 -9.93229135E-03  8.48029042E-04  5.89729992E-05  1.25178616E-03 -6.84280159E-03
  1.30000000E-01  8.34088226E-02 -1.69596215E-03  1.62978020E-04  3.88945407E-01 -9.72681889E-03  8.05667322E-04  5.74740993E-05  1.22869572E-03 -6.69411939E-03
  1.40000000E-01  8.72924164E-02 -1.79220298E-03  1.70822884E-04  3.88276579E-01 -9.59680712E-03  7.70908820E-04  5.64021122E-05  1.21507538E-03 -6.59630040E-03
  1.50000000E-01  9.11718380E-02 -1.88752099E-03  1.78358180E-04  3.87893679E-01 -9.51648633E-03  7.41514184E-04  5.56712121E-05  1.20767041E-03 -6.53137952E-03
  1.60000000E-01  9.50488603E-02 -1.98228425E-03  1.85626349E-04  3.87674096E-01 -9.46820764E-03  7.15826827E-04  5.51951495E-05  1.20426084E-03 -6.48725819E-03
  1.70000000E-01  9.89245034E-02 -2.07672493E-03  1.92656180E-04  3.87548471E-01 -9.44026088E-03  6.92657912E-04  5.48998228E-05  1.20337614E-03 -6.45604867E-03
  1.80000000E-01  1.02799360E-01 -2.17098781E-03  1.99466915E-04  3.87477376E-01 -9.42505976E-03  6.71174486E-04  5.47264707E-05  1.20406347E-03 -6.43273761E-03
  1.90000000E-01  1.06673778E-01 -2.26516240E-03  2.06071242E-04  3.87438243E-01 -9.41777782E-03  6.50804309E-04  5.46314723E-05  1.20571703E-03 -6.41420113E-03
  2.00000000E-01  1.10547965E-01 -2.35930377E-03  2.12477435E-04 -9.75361823E-01  2.54673362E-03 -1.58326641E-04 -1.42877075E-04 -4.72183428E-04  1.94364202E-03
  2.10000000E-01  9.39803464E-02 -2.27401387E-03  2.06848513E-04 -7.44440730E-01  5.53598343E-03 -3.32618286E-04 -7.25798425E-05 -7.29379650E-04  4.39750020E-03
  2.20000000E-01  8.76905446E-02 -2.20370779E-03  2.02650872E-04 -5.07476060E-01  7.85413383E-03 -3.47929344E-04 -6.71928340E-05 -1.09444294E-03  5.49894039E-03
  2.30000000E-01  8.38006074E-02 -2.11357570E-03  1.99095024E-04 -3.24655661E-01  8.47628068E-03 -3.99448128E-04 -4.28568707E-05 -1.14857880E-03  5.88351984E-03
  2.40000000E-01  8.14681527E-02 -2.02570216E-03  1.94842948E-04 -1.99666072E-01  7.82578717E-03 -3.82723328E-04 -3.06245594E-05 -1.05057760E-03  5.36872740E-03
  2.50000000E-01  8.00964400E-02 -1.95069675E-03  1.91099339E-04 -1.19584745E-01  6.52181974E-03 -3.29501137E-04 -2.38379500E-05 -8.69677834E-04  4.43105962E-03
  2.60000000E-01  7.93009992E-02 -1.89199839E-03  1.88070439E-04 -7.03325551E-02  5.05742029E-03 -2.61213470E-04 -1.95371418E-05 -6.70555040E-04  3.40459586E-03
  2.70000000E-01  7.88439346E-02 -1.84874619E-03  1.85799742E-04 -4.08621182E-02  3.71830564E-03 -1.93117072E-04 -1.61055776E-05 -4.90232773E-04  2.47900974E-03
  2.80000000E-01  7.85826656E-02 -1.81825870E-03  1.84209054E-04 -2.35594447E-02  2.62436776E-03 -1.33624030E-04 -1.29544077E-05 -3.43945131E-04  1.73094535E-03
  2.90000000E-01  7.84335845E-02 -1.79748472E-03  1.83170279E-04 -1.35314040E-02  1.79383222E-03 -8.59888618E-05 -1.00212790E-05 -2.33549532E-04  1.16868701E-03
  3.00000000E-01  7.83484106E-02 -1.78369907E-03  1.82548566E-04 -7.76769517E-03  1.19518472E-03 -5.03019698E-05 -7.41582951E-06 -1.54437441E-04  7.67714887E-04
  3.10000000E-01  7.82995522E-02 -1.77474046E-03  1.82223981E-04 -4.46994130E-03  7.80081930E-04 -2.50596557E-05 -5.24028129E-06 -9.99041893E-05  4.93018597E-04
  3.20000000E-01  7.82713416E-02 -1.76901516E-03  1.82099596E-04 -2.58551682E-03  5.00700938E-04 -8.18733048E-06 -3.53102989E-06 -6.34298334E-05  3.10721981E-04
  3.30000000E-01  7.82549085E-02 -1.76540505E-03  1.82102084E-04 -1.50699768E-03  3.16997057E-04  2.38534665E-06 -2.26156576E-06 -3.96104133E-05  1.92824489E-04
  3.40000000E-01  7.82452312E-02 -1.76315360E-03  1.82178801E-04 -8.87173377E-04  1.98395523E-04  8.45633093E-06 -1.36653484E-06 -2.43523796E-05  1.18176106E-04
  3.50000000E-01  7.82394586E-02 -1.76176265E-03  1.82293719E-04 -5.28686062E-04  1.22902602E-04  1.14693787E-05 -7.66106236E-07 -1.47322528E-05  7.17329329E-05
  3.60000000E-01  7.82359641E-02 -1.76091109E-03  1.82423478E-04 -3.19615683E-04  7.53451781E-05  1.25209021E-05 -3.83037026E-07 -8.74760380E-06  4.32517637E-05
  3.70000000E-01  7.82338133E-02 -1.76039543E-03  1.82553945E-04 -1.96458026E-04  4.56104116E-05  1.23944565E-05 -1.51672408E-07 -5.06872493E-06  2.59880526E-05
  3.80000000E-01  7.82324645E-02 -1.76008800E-03  1.82677257E-04 -1.23069472E-04  2.71269176E-05  1.16147856E-05 -2.09303533E-08 -2.83314035E-06  1.56176232E-05
  3.90000000E-01  7.82316008E-02 -1.75990915E-03  1.82789506E-04 -7.87708027E-05  1.56822722E-05  1.05184338E-05  4.63364236E-08 -1.49143872E-06  9.42741164E-06
  4.00000000E-01  7.82310346E-02 -1.75980955E-03  1.82889209E-04 -5.16470384E-05  8.60722915E-06  9.31697519E-06  7.56528300E-08 -6.98452023E-07  5.74521681E-06
  4.10000000E-01  7.82306537E-02 -1.75975885E-03  1.82976372E-04 -3.47751386E-05  4.24563810E-06  8.13538705E-06  8.36907590E-08 -2.39610382E-07  3.55540277E-06
  4.20000000E-01  7.82303903E-02 -1.75973820E-03  1.83051817E-04 -2.40948088E-05  1.56919368E-06  7.04190838E-06  8.08086678E-08  1.73975786E-08  2.24849139E-06
  4.30000000E-01  7.82302028E-02 -1.75973589E-03  1.83116769E-04 -1.72006774E-05 -5.73630054E-08  6.06346186E-06  7.31080477E-08  1.53653292E-07  1.46224930E-06
  4.40000000E-01  7.82300652E-02 -1.75974460E-03  1.83172512E-04 -1.26528198E-05 -1.02479838E-06  5.20774301E-06  6.39596878E-08  2.18593420E-07  9.82973010E-07
  4.50000000E-01  7.82299615E-02 -1.75975968E-03  1.83220310E-04 -9.58001248E-06 -1.57607279E-06  4.46852707E-06  5.50672529E-08  2.42211257E-07  6.85226280E-07
  4.60000000E-01  7.82298810E-02 -1.75977820E-03  1.83261300E-04 -7.44932017E-06 -1.86288288E-06  3.83367278E-06  4.71692657E-08  2.42600120E-07  4.95581884E-07
  4.70000000E-01  7.82298172E-02 -1.75979826E-03  1.83296462E-04 -5.93101766E-06 -1.98079402E-06  3.28999893E-06  4.04805740E-08  2.30589672E-07  3.71063183E-07
  4.80000000E-01  7.82297655E-02 -1.75981866E-03  1.83326644E-04 -4.81865077E-06 -1.99137135E-06  2.82498721E-06  3.49568931E-08  2.12588312E-07  2.86442581E-07
  4.90000000E-01  7.82297228E-02 -1.75983863E-03  1.83352568E-04 -3.98126909E-06 -1.93505880E-06  2.42753556E-06  3.04452244E-08  1.92321072E-07  2.26816085E-07
  5.00000000E-01  7.82296872E-02 -1.75985770E-03  1.83374857E-04 -3.33462281E-06 -1.83851760E-06  2.08807931E-06  2.67638873E-08  1.71890700E-07  1.83286101E-07
