  0.00000000E+00  0.00000000E+00  0.00000000E+00  0.00000000E+00  1.90257477E+00  2.49017077E-04  4.12928357E-04  2.37679203E-04  8.64724209E-05 -4.40339229E-04
  1.00000000E-02  1.90257477E-02  2.49017077E-06  4.12928357E-06  1.30722779E+00 -1.40989630E-02  1.34795125E-02  6.97205899E-05 -2.54627801E-03  3.90530941E-03
  2.00000000E-02  2.91212908E-02 -2.10239359E-04  2.04257330E-04  9.42836640E-01 -1.92333049E-02  1.81680104E-02 -6.81143859E-05 -3.50366607E-03  5.30403292E-03
  3.00000000E-02  3.67277014E-02 -4.28244118E-04  4.09379923E-04  6.95471011E-01 -2.11629008E-02  1.99274557E-02 -1.49274166E-04 -3.88485454E-03  5.73346975E-03
  4.00000000E-02  4.24455834E-02 -6.49521106E-04  6.17451707E-04  5.42153687E-01 -2.06759459E-02  1.94700360E-02 -1.84792112E-04 -3.79513052E-03  5.48873861E-03
  5.00000000E-02  4.71005336E-02 -8.53845791E-04  8.09864968E-04  4.52750620E-01 -1.89842828E-02  1.78974186E-02 -1.92694809E-04 -3.49610385E-03  4.90663599E-03
  6.00000000E-02  5.11810245E-02 -1.03523030E-03  9.80976067E-04  4.02924243E-01 -1.69795190E-02  1.60368749E-02 -1.85155074E-04 -3.13961078E-03  4.27739463E-03
  7.00000000E-02  5.49611350E-02 -1.19500167E-03  1.13204210E-03  3.76127400E-01 -1.51483239E-02  1.43403198E-02 -1.70864285E-04 -2.81297885E-03  3.74216162E-03
  8.00000000E-02  5.85884248E-02 -1.33732894E-03  1.26696252E-03  3.62122296E-01 -1.36792324E-02  1.29834545E-02 -1.55081203E-04 -2.54867292E-03  3.34427850E-03
  9.00000000E-02  6.21396222E-02 -1.46677580E-03  1.39001274E-03  3.54964670E-01 -1.25914738E-02  1.19841934E-02 -1.40532551E-04 -2.35026313E-03  3.07519501E-03
  1.00000000E-01  6.56534808E-02 -1.58725175E-03  1.50485837E-03  3.51362837E-01 -1.18287524E-02  1.12898192E-02 -1.28459070E-04 -2.20873891E-03  2.90710881E-03
  1.10000000E-01  6.91491000E-02 -1.70172567E-03  1.61428469E-03  3.49563003E-01 -1.13140224E-02  1.08281719E-02 -1.19144563E-04 -2.11061661E-03  2.80918633E-03
  1.20000000E-01  7.26357309E-02 -1.81229224E-03  1.72025817E-03  3.48660023E-01 -1.09757103E-02  1.05321188E-02 -1.12312648E-04 -2.04351473E-03  2.75615721E-03
  1.30000000E-01  7.61178162E-02 -1.92035778E-03  1.82409909E-03  3.48198955E-01 -1.07569647E-02  1.03482712E-02 -1.07491743E-04 -1.99773162E-03  2.73007422E-03
  1.40000000E-01  7.95975004E-02 -2.02683370E-03  1.92666257E-03  3.47955833E-01 -1.06164805E-02  1.02377870E-02 -1.04184198E-04 -1.96623033E-03  2.71929231E-03
  1.50000000E-01  8.30758431E-02 -2.13229609E-03  2.02848801E-03  3.47821857E-01 -1.05259412E-02  1.01740247E-02 -1.01962976E-04 -1.94415073E-03  2.71676216E-03
  1.60000000E-01  8.65533918E-02 -2.23710280E-03  2.12990945E-03  3.47744308E-01 -1.04667167E-02  1.01394527E-02 -1.00496095E-04 -1.92821492E-03  2.71847162E-03
  1.70000000E-01  9.00304472E-02 -2.34147385E-03  2.23113112E-03  3.47697323E-01 -1.04269001E-02  1.01228752E-02 -9.95376924E-05 -1.91625164E-03  2.72224992E-03
  1.80000000E-01  9.35071855E-02 -2.44554376E-03  2.33227698E-03  3.47667815E-01 -1.03990354E-02  1.01172953E-02 -9.89137736E-05 -1.90684203E-03  2.72698112E-03
  1.90000000E-01  9.69837161E-02 -2.54939479E-03  2.43342204E-03  3.47648836E-01 -1.03785157E-02  1.01184045E-02 -9.85056575E-05 -1.89906782E-03  2.73212259E-03
  2.00000000E-01  1.00460110E-01 -2.65307735E-03  2.53461163E-03 -9.59569128E-01  3.41363718E-03 -3.68128629E-03 -1.91142183E-04  5.31873943E-04 -1.36218771E-03
  2.10000000E-01  8.43283285E-02 -2.54998022E-03  2.42880031E-03 -7.16482279E-01  6.89476715E-03 -6.74134244E-03 -5.98618533E-05  1.17526354E-03 -2.19101190E-03
  2.20000000E-01  7.83789399E-02 -2.46362690E-03  2.34608661E-03 -4.70276166E-01  9.20767860E-03 -9.05511038E-03 -2.26490015E-06  1.58335508E-03 -2.91849592E-03
  2.30000000E-01  7.49072088E-02 -2.35998555E-03  2.24396666E-03 -2.86148840E-01  9.71786858E-03 -9.45103199E-03  5.57259347E-05  1.70540564E-03 -2.90848833E-03
  2.40000000E-01  7.29663570E-02 -2.26025592E-03  2.14747673E-03 -1.65287312E-01  8.78206634E-03 -8.50120732E-03  8.12051281E-05  1.56433917E-03 -2.50156929E-03
  2.50000000E-01  7.19177916E-02 -2.17711426E-03  2.06721378E-03 -9.18648538E-02  7.15963686E-03 -6.91328484E-03  8.55359159E-05  1.29372464E-03 -1.93044250E-03
  2.60000000E-01  7.13662553E-02 -2.11363004E-03  2.00602055E-03 -4.95781450E-02  5.42167813E-03 -5.22937518E-03  7.77173160E-05  9.95577264E-04 -1.37205055E-03
  2.70000000E-01  7.10819074E-02 -2.06810306E-03  1.96214634E-03 -2.61765149E-02  3.88364313E-03 -3.74638095E-03  6.45475117E-05  7.26952707E-04 -9.12881851E-04
  2.80000000E-01  7.09371504E-02 -2.03695680E-03  1.93209751E-03 -1.36209534E-02  2.66364969E-03 -2.57344199E-03  5.03496203E-05  5.10394022E-04 -5.74666249E-04
  2.90000000E-01  7.08637187E-02 -2.01642027E-03  1.91222778E-03 -7.04305651E-03  1.76400635E-03 -1.71015343E-03  3.74568218E-05  3.47929507E-04 -3.44747220E-04
  3.00000000E-01  7.08261776E-02 -2.00327842E-03  1.89944269E-03 -3.65441843E-03  1.13463110E-03 -1.10698701E-03  2.68419950E-05  2.32021825E-04 -1.98084391E-04
  3.10000000E-01  7.08065766E-02 -1.99507899E-03  1.89138865E-03 -1.92432353E-03  7.11544349E-04 -7.01800470E-04  1.86641052E-05  1.52285184E-04 -1.09411127E-04
  3.20000000E-01  7.07959839E-02 -1.99007898E-03  1.88639658E-03 -1.04049421E-03  4.35851606E-04 -4.37746155E-04  1.26668646E-05  9.88721676E-05 -5.82702388E-05
  3.30000000E-01  7.07899981E-02 -1.98709893E-03  1.88333939E-03 -5.83532111E-04  2.60627164E-04 -2.69684554E-04  8.43510536E-06  6.37730355E-05 -3.00165824E-05
  3.40000000E-01  7.07864475E-02 -1.98536878E-03  1.88148285E-03 -3.41429240E-04  1.51529704E-04 -1.64662646E-04  5.53992802E-06  4.10141004E-05 -1.50198358E-05
  3.50000000E-01  7.07842438E-02 -1.98439897E-03  1.88036133E-03 -2.08510978E-04  8.48214401E-05 -9.99479555E-05  3.60778794E-06  2.63829107E-05 -7.35272163E-06
  3.60000000E-01  7.07828232E-02 -1.98388429E-03  1.87968543E-03 -1.32362866E-04  4.47348925E-05 -6.04812156E-05  2.34339710E-06  1.70209198E-05 -3.56530267E-06
  3.70000000E-01  7.07818804E-02 -1.98363738E-03  1.87927795E-03 -8.68046846E-05  2.10889766E-05 -3.65798294E-05  1.52807166E-06  1.10396792E-05 -1.74768410E-06
  3.80000000E-01  7.07812401E-02 -1.98354472E-03  1.87903166E-03 -5.84763566E-05  7.42957083E-06 -2.21385593E-05  1.00746663E-06  7.21446005E-06 -8.91124535E-07
  3.90000000E-01  7.07807970E-02 -1.98353872E-03  1.87888248E-03 -4.03090738E-05 -2.38907708E-07 -1.33891135E-05  6.76609723E-07  4.76056889E-06 -4.86684434E-07
  4.00000000E-01  7.07804847E-02 -1.98357945E-03  1.87879234E-03 -2.83826707E-05 -4.34835032E-06 -8.04881224E-06  4.66177684E-07  3.17886441E-06 -2.88993809E-07
  4.10000000E-01  7.07802605E-02 -1.98364348E-03  1.87873855E-03 -2.04114928E-05 -6.36342943E-06 -4.75999187E-06  3.31437438E-07  2.15295035E-06 -1.84926854E-07
  4.20000000E-01  7.07800963E-02 -1.98371719E-03  1.87870739E-03 -1.50022756E-05 -7.16215369E-06 -2.72087371E-06  2.44031483E-07  1.48239213E-06 -1.24400947E-07
  4.30000000E-01  7.07799733E-02 -1.98379281E-03  1.87869038E-03 -1.12767744E-05 -7.26325352E-06 -1.45433910E-06  1.86217081E-07  1.04004358E-06 -8.58261943E-08
  4.40000000E-01  7.07798792E-02 -1.98386594E-03  1.87868217E-03 -8.66920393E-06 -6.97880457E-06 -6.71780843E-07  1.46987879E-07  7.45034155E-07 -5.98006293E-08
  4.50000000E-01  7.07798055E-02 -1.98393431E-03  1.87867936E-03 -6.81046514E-06 -6.49715299E-06 -1.94247639E-07  1.19543088E-07  5.45742369E-07 -4.18829922E-08
  4.60000000E-01  7.07797467E-02 -1.98399687E-03  1.87867981E-03 -5.45811848E-06 -5.92981558E-06  9.13105385E-08  9.96786476E-08  4.09080321E-07 -2.96078408E-08
  4.70000000E-01  7.07796989E-02 -1.98405333E-03  1.87868215E-03 -4.45224026E-06 -5.34101973E-06  2.56738371E-07  8.47846175E-08  3.13742974E-07 -2.13481461E-08
  4.80000000E-01  7.07796594E-02 -1.98410380E-03  1.87868555E-03 -3.68690315E-06 -4.76731973E-06  3.47769782E-07  7.32276659E-08  2.45943015E-07 -1.59142858E-08
  4.90000000E-01  7.07796263E-02 -1.98414860E-03  1.87868948E-03 -3.09155415E-06 -4.22879820E-06  3.93210630E-07  6.39740351E-08  1.96707915E-07 -1.24141795E-08
  5.00000000E-01  7.07795984E-02 -1.98418820E-03  1.87869364E-03 -2.61881390E-06 -3.73524570E-06  4.10990321E-07  5.63600358E-08  1.60160766E-07 -1.01907959E-08
