  0.00000000E+00  0.00000000E+00  0.00000000E+00  0.00000000E+00  1.90257477E+00  2.49017077E-04  4.12928357E-04  2.37679203E-04  8.64724209E-05 -4.40339229E-04
  1.00000000E-02  1.90257477E-02  2.49017077E-06  4.12928357E-06  1.31875314E+00 -2.46613906E-03  4.58308953E-03  1.07540869E-04 -3.73847171E-03  1.51734623E-02
  2.00000000E-02  2.92941709E-02 -3.57470005E-05  7.08109847E-05  9.57132285E-01 -3.18986482E-03  6.24854515E-03 -6.67685089E-06 -5.06063180E-03  2.05068947E-02
  3.00000000E-02  3.70573895E-02 -7.12642775E-05  1.41623714E-04  7.10301656E-01 -3.31911729E-03  6.95167397E-03 -7.59480685E-05 -5.54072433E-03  2.23543169E-02
  4.00000000E-02  4.29262529E-02 -1.05101713E-04  2.14656098E-04  5.55965057E-01 -3.02084198E-03  6.91778426E-03 -1.09882400E-04 -5.38290403E-03  2.16085470E-02
  5.00000000E-02  4.77142205E-02 -1.33818756E-04  2.83664492E-04  4.64865420E-01 -2.56517366E-03  6.48645006E-03 -1.21876389E-04 -4.91618137E-03  1.96064534E-02
  6.00000000E-02  5.19073765E-02 -1.57192151E-04  3.46372322E-04  4.13349770E-01 -2.12305487E-03  5.91763473E-03 -1.21055552E-04 -4.37741821E-03  1.73422229E-02
  7.00000000E-02  5.57832959E-02 -1.76212106E-04  4.02704593E-04  3.85191576E-01 -1.77229753E-03  5.36248788E-03 -1.13869714E-04 -3.89400247E-03  1.53389052E-02
  8.00000000E-02  5.94944207E-02 -1.92181294E-04  4.53553737E-04  3.70230464E-01 -1.52693131E-03  4.88961781E-03 -1.04348880E-04 -3.51291907E-03  1.37821739E-02
  9.00000000E-02  6.31219198E-02 -2.06223776E-04  5.00085565E-04  3.62473883E-01 -1.37029153E-03  4.51750761E-03 -9.47579408E-05 -3.23603683E-03  1.26700500E-02
  1.00000000E-01  6.67078758E-02 -2.19143493E-04  5.43400090E-04  3.58540185E-01 -1.27696549E-03  4.23935190E-03 -8.62034382E-05 -3.04619785E-03  1.19233273E-02
  1.10000000E-01  7.02736091E-02 -2.31446517E-04  5.84402830E-04  3.56586731E-01 -1.22366657E-03  4.03854916E-03 -7.91135485E-05 -2.92165396E-03  1.14461915E-02
  1.20000000E-01  7.38297091E-02 -2.43416689E-04  6.23784308E-04  3.55638346E-01 -1.19299396E-03  3.89694326E-03 -7.35313943E-05 -2.84271621E-03  1.11538496E-02
  1.30000000E-01  7.73813507E-02 -2.55193265E-04  6.62045712E-04  3.55191763E-01 -1.17355956E-03  3.79849578E-03 -6.92903187E-05 -2.79401140E-03  1.09814156E-02
  1.40000000E-01  8.09310354E-02 -2.66831689E-04  6.99538432E-04  3.54992823E-01 -1.15869343E-03  3.73045244E-03 -6.61478783E-05 -2.76457553E-03  1.08834656E-02
  1.50000000E-01  8.44799689E-02 -2.78344292E-04  7.36502740E-04  3.54915476E-01 -1.14491531E-03  3.68329573E-03 -6.38580757E-05 -2.74705392E-03  1.08301362E-02
  1.60000000E-01  8.80287369E-02 -2.89724555E-04  7.73099913E-04  3.54898063E-01 -1.13067233E-03  3.65021921E-03 -6.22039231E-05 -2.73672907E-03  1.08027210E-02
  1.70000000E-01  9.15776305E-02 -3.00960063E-04  8.09436723E-04  3.54910668E-01 -1.11545736E-03  3.62649963E-03 -6.10090597E-05 -2.73067678E-03  1.07899545E-02
  1.80000000E-01  9.51268002E-02 -3.12038562E-04  8.45583121E-04  3.54938767E-01 -1.09926117E-03  3.60893077E-03 -6.01378959E-05 -2.72713188E-03  1.07852748E-02
  1.90000000E-01  9.86763284E-02 -3.22950193E-04  8.81584585E-04  3.54975226E-01 -1.08226538E-03  3.59537143E-03 -5.94903329E-05 -2.72505026E-03  1.07849686E-02
  2.00000000E-01  1.02226263E-01 -3.33687868E-04  9.17470502E-04 -9.65760266E-01  8.46472554E-04 -8.15633022E-04 -1.87851452E-04  1.07825821E-03 -4.50071188E-03
  2.10000000E-01  8.59649828E-02 -3.15579452E-04  8.87259150E-04 -7.23170928E-01  1.43137147E-03 -1.85752807E-03 -8.23503508E-05  1.82008584E-03 -7.88983617E-03
  2.20000000E-01  7.99462202E-02 -2.98341243E-04  8.63474394E-04 -4.79233017E-01  1.43100779E-03 -2.67636666E-03 -3.49532491E-05  2.52007723E-03 -1.04587905E-02
  2.30000000E-01  7.63735796E-02 -2.84032984E-04  8.32616534E-04 -2.94494931E-01  1.34007630E-03 -2.94119566E-03  1.63977291E-05  2.60727584E-03 -1.07575706E-02
  2.40000000E-01  7.43523207E-02 -2.71086878E-04  8.01880433E-04 -1.72173092E-01  1.05850237E-03 -2.75966542E-03  4.28038071E-05  2.33406834E-03 -9.54159936E-03
  2.50000000E-01  7.32421990E-02 -2.61909724E-04  7.75191430E-04 -9.69593621E-02  7.30276090E-04 -2.33831516E-03  5.24679358E-05  1.88527431E-03 -7.62794113E-03
  2.60000000E-01  7.26486740E-02 -2.56248094E-04  7.53915029E-04 -5.30191316E-02  4.39833799E-04 -1.84469457E-03  5.17599599E-05  1.41320193E-03 -5.64971731E-03
  2.70000000E-01  7.23381839E-02 -2.53301968E-04  7.37936187E-04 -2.83150887E-02  2.22425207E-04 -1.38008095E-03  4.56887169E-05  1.00083674E-03 -3.94420304E-03
  2.80000000E-01  7.21785532E-02 -2.52164759E-04  7.26458445E-04 -1.48420385E-02  7.97564719E-05 -9.90698623E-04  3.75949079E-05  6.77870258E-04 -2.62546375E-03
  2.90000000E-01  7.20974981E-02 -2.52080538E-04  7.18498371E-04 -7.67409258E-03 -2.52269859E-06 -6.87670637E-04  2.94399926E-05  4.43027584E-04 -1.67991374E-03
  3.00000000E-01  7.20565969E-02 -2.52517161E-04  7.13136804E-04 -3.93683847E-03 -4.27525471E-05 -4.63850273E-04  2.22101630E-05  2.81366130E-04 -1.03945274E-03
  3.10000000E-01  7.20359148E-02 -2.53145835E-04  7.09617403E-04 -2.01871517E-03 -5.70776212E-05 -3.04911767E-04  1.62738848E-05  1.74696182E-04 -6.24869060E-04
  3.20000000E-01  7.20253182E-02 -2.53788237E-04  7.07362978E-04 -1.04471184E-03 -5.73521982E-05 -1.95516213E-04  1.16494048E-05  1.06636236E-04 -3.66379275E-04
  3.30000000E-01  7.20197411E-02 -2.54363132E-04  7.05954794E-04 -5.52257819E-04 -5.12313624E-05 -1.22157412E-04  8.18423140E-06  6.43590700E-05 -2.10264958E-04
  3.40000000E-01  7.20166808E-02 -2.54844841E-04  7.05100014E-04 -3.02275624E-04 -4.31152703E-05 -7.40850570E-05  5.66468478E-06  3.86432924E-05 -1.18536149E-04
  3.50000000E-01  7.20149080E-02 -2.55235413E-04  7.04599525E-04 -1.73502317E-04 -3.52148565E-05 -4.32650096E-05  3.87593764E-06  2.32429094E-05 -6.59085164E-05
  3.60000000E-01  7.20138168E-02 -2.55548060E-04  7.04320975E-04 -1.05332391E-04 -2.84303285E-05 -2.39464132E-05  2.63011351E-06  1.41121409E-05 -3.63268343E-05
  3.70000000E-01  7.20131043E-02 -2.55798441E-04  7.04178104E-04 -6.77679885E-05 -2.29684564E-05 -1.21364853E-05  1.77563484E-06  8.72027500E-06 -1.99798280E-05
  3.80000000E-01  7.20126145E-02 -2.56000816E-04  7.04115789E-04 -4.60040694E-05 -1.87261111E-05 -5.12632161E-06  1.19662019E-06  5.52768789E-06 -1.10630785E-05
  3.90000000E-01  7.20122633E-02 -2.56166865E-04  7.04099576E-04 -3.26877965E-05 -1.54843424E-05 -1.11814083E-06  8.07869152E-07  3.61808503E-06 -6.23757141E-06
  4.00000000E-01  7.20120030E-02 -2.56305500E-04  7.04108436E-04 -2.41011276E-05 -1.30070046E-05  1.05380173E-06  5.48564244E-07  2.45520778E-06 -3.62906567E-06
  4.10000000E-01  7.20118049E-02 -2.56423183E-04  7.04129833E-04 -1.83039920E-05 -1.11038700E-05  2.13222077E-06  3.76280293E-07  1.72884651E-06 -2.20780665E-06
  4.20000000E-01  7.20116508E-02 -2.56524706E-04  7.04156548E-04 -1.42391163E-05 -9.61681875E-06  2.57905392E-06  2.61957153E-07  1.26065342E-06 -1.41828387E-06
  4.30000000E-01  7.20115288E-02 -2.56613439E-04  7.04184572E-04 -1.12998211E-05 -8.42548987E-06  2.67406480E-06  1.85973220E-07  9.48092744E-07 -9.65206219E-07
  4.40000000E-01  7.20114305E-02 -2.56691737E-04  7.04211788E-04 -9.11955852E-06 -7.44179099E-06  2.58382139E-06  1.35231015E-07  7.31818391E-07 -6.93199445E-07
  4.50000000E-01  7.20113502E-02 -2.56761237E-04  7.04237175E-04 -7.46644424E-06 -6.60798643E-06  2.40446398E-06  1.01064870E-07  5.77002425E-07 -5.20849889E-07
  4.60000000E-01  7.20112838E-02 -2.56823148E-04  7.04260323E-04 -6.18827992E-06 -5.88449471E-06  2.18778513E-06  7.77782060E-08  4.62773331E-07 -4.05325568E-07
  4.70000000E-01  7.20112283E-02 -2.56878375E-04  7.04281117E-04 -5.18234412E-06 -5.24538512E-06  1.96136057E-06  6.16431097E-08  3.76280379E-07 -3.23759325E-07
  4.80000000E-01  7.20111815E-02 -2.56927633E-04  7.04299599E-04 -4.37783536E-06 -4.67506098E-06  1.74021255E-06  5.02270410E-08  3.09360602E-07 -2.63605564E-07
  4.90000000E-01  7.20111417E-02 -2.56971532E-04  7.04315895E-04 -3.72510176E-06 -4.16389978E-06  1.53265483E-06  4.19449135E-08  2.56655298E-07 -2.17701021E-07
  5.00000000E-01  7.20111077E-02 -2.57010616E-04  7.04330184E-04 -3.18876468E-06 -3.70520714E-06  1.34305070E-06  3.57636795E-08  2.14531488E-07 -1.81747794E-07
