  0.00000000E+00  0.00000000E+00  0.00000000E+00  0.00000000E+00  1.90257477E+00  2.49017077E-04  4.12928357E-04  2.37679203E-04  8.64724209E-05 -4.40339229E-04
  1.00000000E-02  1.90257477E-02  2.49017077E-06  4.12928357E-06  1.35368299E+00 -4.94091696E-03  2.13638138E-02 -3.00331798E-04 -6.13412581E-03  3.03463344E-02
  2.00000000E-02  2.98181187E-02 -7.28686690E-05  3.22521849E-04  1.00545273E+00 -6.66140426E-03  2.94582647E-02 -8.17624805E-04 -8.66288826E-03  4.18271287E-02
  3.00000000E-02  3.81314947E-02 -1.48085148E-04  6.57576750E-04  7.64063242E-01 -7.22189748E-03  3.27977668E-02 -1.18329181E-03 -9.79061851E-03  4.63838398E-02
  4.00000000E-02  4.45651797E-02 -2.23106589E-04  1.00225193E-03  6.09069718E-01 -6.90224698E-03  3.24979009E-02 -1.40810301E-03 -9.78975930E-03  4.56737877E-02
  5.00000000E-02  4.98809092E-02 -2.90530806E-04  1.32573161E-03  5.14154571E-01 -6.18346956E-03  3.02777485E-02 -1.51276649E-03 -9.20976322E-03  4.22332407E-02
  6.00000000E-02  5.45478792E-02 -3.48771615E-04  1.61740833E-03  4.57844970E-01 -5.39328450E-03  2.74455103E-02 -1.52487014E-03 -8.41727182E-03  3.79959653E-02
  7.00000000E-02  5.88447809E-02 -3.98753534E-04  1.87770224E-03  4.25153656E-01 -4.70248820E-03  2.47464502E-02 -1.47567012E-03 -7.63397013E-03  3.40409810E-02
  8.00000000E-02  6.29328609E-02 -4.42324435E-04  2.11167144E-03  4.06445331E-01 -4.16734350E-03  2.25018793E-02 -1.39376184E-03 -6.96151401E-03  3.08134656E-02
  9.00000000E-02  6.69037726E-02 -4.81322146E-04  2.32546738E-03  3.95831223E-01 -3.78232765E-03  2.07814634E-02 -1.30112753E-03 -6.42892578E-03  2.83885524E-02
  1.00000000E-01  7.08090142E-02 -5.17220344E-04  2.52467994E-03  3.89832510E-01 -3.51735555E-03  1.95332214E-02 -1.21215875E-03 -6.02853746E-03  2.66679015E-02
  1.10000000E-01  7.46773458E-02 -5.51069039E-04  2.71377094E-03  3.86441773E-01 -3.33843686E-03  1.86625681E-02 -1.13462340E-03 -5.73792757E-03  2.54976136E-02
  1.20000000E-01  7.85248098E-02 -5.83558814E-04  2.89604336E-03  3.84518954E-01 -3.21671555E-03  1.80729560E-02 -1.07145059E-03 -5.53195798E-03  2.47273475E-02
  1.30000000E-01  8.23603853E-02 -6.15117363E-04  3.07382485E-03  3.83423011E-01 -3.13084905E-03  1.76826873E-02 -1.02250159E-03 -5.38816681E-03  2.42336484E-02
  1.40000000E-01  8.61891357E-02 -6.45996521E-04  3.24870038E-03  3.82795088E-01 -3.06641024E-03  1.74290670E-02 -9.86048376E-04 -5.28850460E-03  2.39241819E-02
  1.50000000E-01  9.00139469E-02 -6.76338429E-04  3.42172295E-03  3.82434240E-01 -3.01426343E-03  1.72668079E-02 -9.59758710E-04 -5.21935418E-03  2.37339841E-02
  1.60000000E-01  9.38364851E-02 -7.06220329E-04  3.59357974E-03  3.82227439E-01 -2.96892647E-03  1.71645156E-02 -9.41294500E-04 -5.17088038E-03  2.36192957E-02
  1.70000000E-01  9.76577255E-02 -7.35682909E-04  3.76471343E-03  3.82110600E-01 -2.92725892E-03  1.71010526E-02 -9.28609654E-04 -5.13619841E-03  2.35515850E-02
  1.80000000E-01  1.01478247E-01 -7.64747161E-04  3.93540664E-03  3.82046988E-01 -2.88753473E-03  1.70624845E-02 -9.20054538E-04 -5.11060099E-03  2.35127086E-02
  1.90000000E-01  1.05298399E-01 -7.93423887E-04  4.10583865E-03  3.82015279E-01 -2.84883957E-03  1.70397644E-02 -9.14372186E-04 -5.09092777E-03  2.34913513E-02
  2.00000000E-01  1.09118393E-01 -8.21718807E-04  4.27612269E-03 -9.72400723E-01  1.08874499E-03 -4.36888046E-03 -6.32396632E-04  7.98494150E-04 -7.01372762E-03
  2.10000000E-01  9.26223061E-02 -7.91143434E-04  4.12539066E-03 -7.39488873E-01  2.43857354E-03 -9.68522151E-03 -2.54214067E-04  2.52370800E-03 -1.44743823E-02
  2.20000000E-01  8.63919766E-02 -7.60008556E-04  4.00195674E-03 -5.01454781E-01  2.74065240E-03 -1.38054155E-02  8.34951150E-05  3.72294735E-03 -2.02334847E-02
  2.30000000E-01  8.25675993E-02 -7.31091638E-04  3.84330162E-03 -3.18655287E-01  2.78926468E-03 -1.49610418E-02  3.59862231E-04  4.20942505E-03 -2.15997923E-02
  2.40000000E-01  8.02950439E-02 -7.02955930E-04  3.68791307E-03 -1.94527449E-01  2.40055097E-03 -1.38682971E-02  5.23372880E-04  4.01554665E-03 -1.97836123E-02
  2.50000000E-01  7.89704086E-02 -6.80893989E-04  3.55469382E-03 -1.15631709E-01  1.84426879E-03 -1.16129290E-02  5.87382086E-04  3.45074261E-03 -1.63559432E-02
  2.60000000E-01  7.82085702E-02 -6.65232712E-04  3.44984137E-03 -6.75367693E-02  1.29389278E-03 -9.05803018E-03  5.76723164E-04  2.76155573E-03 -1.25746040E-02
  2.70000000E-01  7.77736772E-02 -6.55045664E-04  3.37203556E-03 -3.90209853E-02  8.37247140E-04 -6.70678175E-03  5.18949978E-04  2.09890955E-03 -9.15721232E-03
  2.80000000E-01  7.75260463E-02 -6.48956421E-04  3.31672399E-03 -2.24243715E-02  4.98950508E-04 -4.77370800E-03  4.38071246E-04  1.53440565E-03 -6.39486374E-03
  2.90000000E-01  7.73847856E-02 -6.45658399E-04  3.27865227E-03 -1.28772120E-02  2.68924804E-04 -3.29555832E-03  3.51805642E-04  1.08841422E-03 -4.32010353E-03
  3.00000000E-01  7.73037493E-02 -6.44119279E-04  3.25308744E-03 -7.41898515E-03  1.23635892E-04 -2.22127151E-03  2.71312719E-04  7.53915279E-04 -2.84177646E-03
  3.10000000E-01  7.72568506E-02 -6.43609365E-04  3.23624616E-03 -4.30300135E-03  3.82783465E-05 -1.46919030E-03  2.02296553E-04  5.12428774E-04 -1.82954394E-03
  3.20000000E-01  7.72294005E-02 -6.43653369E-04  3.22531466E-03 -2.51951561E-03 -7.83895224E-06 -9.57416792E-04  1.46589015E-04  3.43085516E-04 -1.15764247E-03
  3.30000000E-01  7.72131228E-02 -6.43962345E-04  3.21829936E-03 -1.49251930E-03 -2.99147255E-05 -6.16709117E-04  1.03654955E-04  2.26994648E-04 -7.22502818E-04
  3.40000000E-01  7.72033325E-02 -6.44371871E-04  3.21383581E-03 -8.95906379E-04 -3.81819972E-05 -3.93714053E-04  7.17650719E-05  1.48822546E-04 -4.46188118E-04
  3.50000000E-01  7.71973565E-02 -6.44795028E-04  3.21101364E-03 -5.45539135E-04 -3.90739087E-05 -2.49682008E-04  4.87861239E-05  9.69252687E-05 -2.73450800E-04
  3.60000000E-01  7.71936530E-02 -6.45190226E-04  3.20923698E-03 -3.37267762E-04 -3.64002768E-05 -1.57595852E-04  3.26432125E-05  6.28535388E-05 -1.66774302E-04
  3.70000000E-01  7.71913217E-02 -6.45540861E-04  3.20812146E-03 -2.11865007E-04 -3.22996876E-05 -9.91654397E-05  2.15440264E-05  4.06755922E-05 -1.01495437E-04
  3.80000000E-01  7.71898300E-02 -6.45843355E-04  3.20742195E-03 -1.35364819E-04 -2.79250687E-05 -6.22830997E-05  1.40516150E-05  2.63300069E-05 -6.18033338E-05
  3.90000000E-01  7.71888589E-02 -6.46100732E-04  3.20698353E-03 -8.80806199E-05 -2.38298195E-05 -3.90739118E-05  9.07300803E-06  1.70894000E-05 -3.77600001E-05
  4.00000000E-01  7.71882145E-02 -6.46318554E-04  3.20670884E-03 -5.84656209E-05 -2.02354419E-05 -2.44831815E-05  5.80927294E-06  1.11499514E-05 -2.32145349E-05
  4.10000000E-01  7.71877779E-02 -6.46502937E-04  3.20653696E-03 -3.96634098E-05 -1.71743847E-05 -1.53048364E-05  3.69443046E-06  7.33289674E-06 -1.44049229E-05
  4.20000000E-01  7.71874753E-02 -6.46659375E-04  3.20642981E-03 -2.75532749E-05 -1.46015320E-05 -9.52541052E-06  2.33757679E-06  4.87511919E-06 -9.05038334E-06
  4.30000000E-01  7.71872603E-02 -6.46792526E-04  3.20636345E-03 -1.96302839E-05 -1.24509204E-05 -5.88433908E-06  1.47432696E-06  3.28610377E-06 -5.77649953E-06
  4.40000000E-01  7.71871036E-02 -6.46906283E-04  3.20632281E-03 -1.43557849E-05 -1.06461112E-05 -3.59177401E-06  9.28963660E-07  2.25219327E-06 -3.75798267E-06
  4.50000000E-01  7.71869864E-02 -6.47003720E-04  3.20629836E-03 -1.07755814E-05 -9.12597994E-06 -2.15067726E-06  5.86401030E-07  1.57350917E-06 -2.49990814E-06
  4.60000000E-01  7.71868966E-02 -6.47087379E-04  3.20628405E-03 -8.29265084E-06 -7.83992698E-06 -1.24678003E-06  3.72188531E-07  1.12290710E-06 -1.70522439E-06
  4.70000000E-01  7.71868261E-02 -6.47159348E-04  3.20627611E-03 -6.53016703E-06 -6.74764189E-06 -6.81259986E-07  2.38660998E-07  8.19526776E-07 -1.19514972E-06
  4.80000000E-01  7.71867696E-02 -6.47221363E-04  3.20627212E-03 -5.24814826E-06 -5.81714052E-06 -3.28682143E-07  1.55567434E-07  6.11874076E-07 -8.61594612E-07
  4.90000000E-01  7.71867235E-02 -6.47274882E-04  3.20627060E-03 -4.29227167E-06 -5.02218130E-06 -1.09998147E-07  1.03849196E-07  4.67060117E-07 -6.38805753E-07
  5.00000000E-01  7.71866854E-02 -6.47321129E-04  3.20627059E-03 -3.56222025E-06 -4.34125660E-06  2.45942658E-08  7.15728004E-08  3.63983321E-07 -4.86476987E-07
