  0.00000000E+00  0.00000000E+00  0.00000000E+00  0.00000000E+00  1.90257477E+00  2.49017077E-04  4.12928357E-04  2.37679203E-04  8.64724209E-05 -4.40339229E-04
  1.00000000E-02  1.90257477E-02  2.49017077E-06  4.12928357E-06  1.40889131E+00 -3.74702553E-03  2.69185935E-03  1.51398180E-04 -2.70628066E-02 -1.54770228E-02
  2.00000000E-02  3.06462434E-02 -5.49602975E-05  4.24425321E-05  1.08260670E+00 -5.49480655E-03  3.95777234E-03  8.46010249E-05 -3.85454091E-02 -2.18076981E-02
  3.00000000E-02  3.98408873E-02 -1.18647268E-04  8.83498204E-05  8.50668664E-01 -6.35736310E-03  4.68478450E-03  4.54579242E-05 -4.38885888E-02 -2.47510609E-02
  4.00000000E-02  4.71878838E-02 -1.86533682E-04  1.38832726E-04  6.95469679E-01 -6.53795109E-03  4.98251622E-03  2.70998833E-05 -4.44069882E-02 -2.50265008E-02
  5.00000000E-02  5.33665857E-02 -2.52816133E-04  1.90146547E-04  5.95157967E-01 -6.31099882E-03  4.98299000E-03  2.04143864E-05 -4.22038906E-02 -2.37981054E-02
  6.00000000E-02  5.88166068E-02 -3.14791360E-04  2.39978816E-04  5.31663495E-01 -5.90035680E-03  4.81780871E-03  1.98300990E-05 -3.89228620E-02 -2.19714724E-02
  7.00000000E-02  6.38157694E-02 -3.71741717E-04  2.87330997E-04  4.91975466E-01 -5.44749033E-03  4.58058713E-03  2.18014239E-05 -3.55590292E-02 -2.00964150E-02
  8.00000000E-02  6.85370839E-02 -4.23952288E-04  3.31950760E-04  4.67344397E-01 -5.02831533E-03  4.33171470E-03  2.44381276E-05 -3.25982324E-02 -1.84423794E-02
  9.00000000E-02  7.30873725E-02 -4.72139567E-04  3.74023545E-04  4.52109913E-01 -4.67531844E-03  4.10540489E-03  2.68636391E-05 -3.02059417E-02 -1.71023649E-02
  1.00000000E-01  7.75322992E-02 -5.17127767E-04  4.13946045E-04  4.42694540E-01 -4.39569790E-03  3.91753218E-03  2.88061910E-05 -2.83767191E-02 -1.60747719E-02
  1.10000000E-01  8.19121678E-02 -5.59686643E-04  4.52182003E-04  4.36869243E-01 -4.18382936E-03  3.77237148E-03  3.02714921E-05 -2.70307226E-02 -1.53162975E-02
  1.20000000E-01  8.62517337E-02 -6.00465594E-04  4.89179914E-04  4.33256507E-01 -4.02889459E-03  3.66760937E-03  3.13640801E-05 -2.60675193E-02 -1.47717442E-02
  1.30000000E-01  9.05662351E-02 -6.39979866E-04  5.25332197E-04  4.31008599E-01 -3.91904633E-03  3.59779708E-03  3.22117795E-05 -2.53923273E-02 -1.43887688E-02
  1.40000000E-01  9.48650816E-02 -6.78621088E-04  5.60961107E-04  4.29604524E-01 -3.84348945E-03  3.55650460E-03  3.29090362E-05 -2.49262723E-02 -1.41236100E-02
  1.50000000E-01  9.91541064E-02 -7.16678198E-04  5.96319690E-04  4.28723801E-01 -3.79325103E-03  3.53753772E-03  3.35295694E-05 -2.46081620E-02 -1.39421546E-02
  1.60000000E-01  1.03436941E-01 -7.54359516E-04  6.31600233E-04  4.28168853E-01 -3.76128803E-03  3.53550107E-03  3.41213383E-05 -2.43926570E-02 -1.38190115E-02
  1.70000000E-01  1.07715855E-01 -7.91812582E-04  6.66945061E-04  4.27817500E-01 -3.74227770E-03  3.54598259E-03  3.47146857E-05 -2.42472420E-02 -1.37358919E-02
  1.80000000E-01  1.11992273E-01 -8.29140307E-04  7.02457294E-04  4.27593893E-01 -3.73231378E-03  3.56553168E-03  3.53257036E-05 -2.41491386E-02 -1.36799199E-02
  1.90000000E-01  1.16267094E-01 -8.66413625E-04  7.38210356E-04  4.27450761E-01 -3.72859200E-03  3.59153710E-03  3.59609189E-05 -2.40826727E-02 -1.36421906E-02
  2.00000000E-01  1.20540886E-01 -9.03680936E-04  7.74255754E-04 -9.81504066E-01  2.00704653E-04 -1.22788504E-04 -1.44704752E-04  2.82442561E-03  1.80128284E-03
  2.10000000E-01  1.03681071E-01 -8.82027406E-04  7.54456241E-04 -7.63567084E-01  1.21782269E-03 -6.84649512E-04 -5.76205144E-05  1.05915127E-02  6.04999167E-03
  2.20000000E-01  9.71350850E-02 -8.64763589E-04  7.44800441E-04 -5.36358303E-01  2.29938906E-03 -1.89413117E-03 -5.14359618E-05  1.66260281E-02  9.38603978E-03
  2.30000000E-01  9.29075458E-02 -8.36361867E-04  7.19811721E-04 -3.57226767E-01  2.75227779E-03 -2.32453376E-03 -2.14941094E-05  1.90315110E-02  1.07042855E-02
  2.40000000E-01  9.02309358E-02 -8.06574645E-04  6.94414371E-04 -2.30776845E-01  2.74549407E-03 -2.40755633E-03 -8.21001949E-06  1.83890506E-02  1.03381344E-02
  2.50000000E-01  8.85554170E-02 -7.79153623E-04  6.69923694E-04 -1.46387886E-01  2.45372882E-03 -2.23575428E-03 -2.81246787E-06  1.60095727E-02  9.00915795E-03
  2.60000000E-01  8.75134829E-02 -7.56075161E-04  6.48425162E-04 -9.18607288E-02  2.03807744E-03 -1.93331458E-03 -1.53671775E-06  1.29930822E-02  7.32449845E-03
  2.70000000E-01  8.68675114E-02 -7.37772644E-04  6.30604215E-04 -5.73048408E-02  1.60592501E-03 -1.58943223E-03 -1.94034572E-06  1.00284886E-02  5.66624416E-03
  2.80000000E-01  8.64672425E-02 -7.23874156E-04  6.16429304E-04 -3.56566453E-02  1.21557681E-03 -1.25826429E-03 -2.71077823E-06  7.45645154E-03  4.22434241E-03
  2.90000000E-01  8.62189170E-02 -7.13670129E-04  6.05502501E-04 -2.21814792E-02  8.90991424E-04 -9.67315693E-04 -3.28121005E-06  5.38791614E-03  3.06160460E-03
  3.00000000E-01  8.60644780E-02 -7.06383141E-04  5.97284087E-04 -1.38182539E-02  6.35706149E-04 -7.26525125E-04 -3.49862272E-06  3.80750395E-03  2.17057423E-03
  3.10000000E-01  8.59681116E-02 -7.01302506E-04  5.91222788E-04 -8.63031503E-03  4.42937824E-04 -5.35553911E-04 -3.40119566E-06  2.64381204E-03  1.51234159E-03
  3.20000000E-01  8.59077482E-02 -6.97836970E-04  5.86822105E-04 -5.40826416E-03  3.01916082E-04 -3.88878128E-04 -3.09057437E-06  1.81033110E-03  1.03924333E-03
  3.30000000E-01  8.58697758E-02 -6.95522918E-04  5.83666703E-04 -3.40244695E-03  2.01397635E-04 -2.79007733E-04 -2.66930291E-06  1.22590834E-03  7.06297824E-04
  3.40000000E-01  8.58457804E-02 -6.94011533E-04  5.81425978E-04 -2.14985825E-03  1.31342777E-04 -1.98326799E-04 -2.21669291E-06  8.22864597E-04  4.75811027E-04
  3.50000000E-01  8.58305448E-02 -6.93048380E-04  5.79846114E-04 -1.36480383E-03  8.35083300E-05 -1.40009135E-04 -1.78446716E-06  5.48522382E-04  3.18313818E-04
  3.60000000E-01  8.58208220E-02 -6.92452469E-04  5.78737611E-04 -8.70835432E-04  5.14729832E-05 -9.83674059E-05 -1.40088478E-06  3.63710358E-04  2.11797638E-04
  3.70000000E-01  8.58145835E-02 -6.92097916E-04  5.77962146E-04 -5.58736480E-04  3.04101168E-05 -6.89009350E-05 -1.07729065E-06  2.40227544E-04  1.40348823E-04
  3.80000000E-01  8.58105566E-02 -6.91899129E-04  5.77420469E-04 -3.60699963E-04  1.67768594E-05 -4.81778631E-05 -8.14288989E-07  1.58251001E-04  9.27323298E-05
  3.90000000E-01  8.58079398E-02 -6.91799527E-04  5.77042306E-04 -2.34479469E-04  8.10406622E-06 -3.36521232E-05 -6.06539223E-07  1.04098201E-04  6.11589437E-05
  4.00000000E-01  8.58062261E-02 -6.91761850E-04  5.76778413E-04 -1.53654334E-04  2.70294439E-06 -2.34872209E-05 -4.46063554E-07  6.84571695E-05  4.03039090E-05
  4.10000000E-01  8.58050937E-02 -6.91761826E-04  5.76594365E-04 -1.01637422E-04 -5.52677777E-07 -1.63855779E-05 -3.24293824E-07  4.50600103E-05  2.65671463E-05
  4.20000000E-01  8.58043374E-02 -6.91783631E-04  5.76466018E-04 -6.79751754E-05 -2.40835258E-06 -1.14287454E-05 -2.33208891E-07  2.97243125E-05  1.75357569E-05
  4.30000000E-01  8.58038259E-02 -6.91816993E-04  5.76376515E-04 -4.60545696E-05 -3.37350546E-06 -7.96604666E-06 -1.65860793E-07  1.96782798E-05  1.16036582E-05
  4.40000000E-01  8.58034750E-02 -6.91855554E-04  5.76314168E-04 -3.16769676E-05 -3.78405989E-06 -5.54522654E-06 -1.16527208E-07  1.30947702E-05  7.70761420E-06
  4.50000000E-01  8.58032301E-02 -6.91895447E-04  5.76270819E-04 -2.21670902E-05 -3.85727127E-06 -3.84937614E-06 -8.06626660E-08  8.77430796E-06  5.14674732E-06
  4.60000000E-01  8.58030560E-02 -6.91934386E-04  5.76240805E-04 -1.58142063E-05 -3.73312183E-06 -2.65713602E-06 -5.47517133E-08  5.93190142E-06  3.46055238E-06
  4.70000000E-01  8.58029296E-02 -6.91971096E-04  5.76220195E-04 -1.15203932E-05 -3.50125062E-06 -1.81532765E-06 -3.61309603E-08  4.05495173E-06  2.34719035E-06
  4.80000000E-01  8.58028359E-02 -6.92004950E-04  5.76206251E-04 -8.57832822E-06 -3.21776542E-06 -1.21798282E-06 -2.28140415E-08  2.80921176E-06  1.60915165E-06
  4.90000000E-01  8.58027648E-02 -6.92035710E-04  5.76197057E-04 -6.53046730E-06 -2.91744059E-06 -7.91932398E-07 -1.33373175E-08  1.97688870E-06  1.11732700E-06
  5.00000000E-01  8.58027098E-02 -6.92063383E-04  5.76191268E-04 -5.07949271E-06 -2.62134075E-06 -4.86850766E-07 -6.63254803E-09  1.41607716E-06  7.87352103E-07
