  0.00000000E+00  0.00000000E+00  0.00000000E+00  0.00000000E+00  1.90257477E+00  2.49017077E-04  4.12928357E-04  2.37679203E-04  8.64724209E-05 -4.40339229E-04
  1.00000000E-02  1.90257477E-02  2.49017077E-06  4.12928357E-06  1.35679508E+00  2.06351261E-02  1.08386272E-02  8.33204353E-05 -1.08124377E-03  1.05522785E-02
  2.00000000E-02  2.98648001E-02  3.10771977E-04  1.64644050E-04  1.00899996E+00  2.83429078E-02  1.48672337E-02 -6.53395321E-05 -1.51097094E-03  1.46580071E-02
  3.00000000E-02  3.82158241E-02  6.32739963E-04  3.33459419E-04  7.67376114E-01  3.13960242E-02  1.65104293E-02 -1.62709620E-04 -1.68877432E-03  1.62793713E-02
  4.00000000E-02  4.46814660E-02  9.61965788E-04  5.06779690E-04  6.11707961E-01  3.09106555E-02  1.63246000E-02 -2.17050733E-04 -1.65505888E-03  1.59727022E-02
  5.00000000E-02  5.00202048E-02  1.26864550E-03  6.69096543E-04  5.16019054E-01  2.86004912E-02  1.51787980E-02 -2.40701314E-04 -1.53072258E-03  1.47190843E-02
  6.00000000E-02  5.47019508E-02  1.54309959E-03  8.15155513E-04  4.59053591E-01  2.57581605E-02  1.37312605E-02 -2.43528843E-04 -1.37843752E-03  1.31951337E-02
  7.00000000E-02  5.90076594E-02  1.78646954E-03  9.45230431E-04  4.25904993E-01  2.31065084E-02  1.23566527E-02 -2.34039738E-04 -1.23628947E-03  1.17826238E-02
  8.00000000E-02  6.31009664E-02  2.00427636E-03  1.06192392E-03  4.06930629E-01  2.09431775E-02  1.12157736E-02 -2.18634503E-04 -1.11947892E-03  1.06350859E-02
  9.00000000E-02  6.70754008E-02  2.20289148E-03  1.16837726E-03  3.96196584E-01  1.93178490E-02  1.03424342E-02 -2.01652060E-04 -1.03041439E-03  9.77567164E-03
  1.00000000E-01  7.09836965E-02  2.38794333E-03  1.26743491E-03  3.90172843E-01  1.81642246E-02  9.70924189E-03 -1.85689551E-04 -9.65605672E-04  9.16683986E-03
  1.10000000E-01  7.48553062E-02  2.56381746E-03  1.36136136E-03  3.86808957E-01  1.73790666E-02  9.26751486E-03 -1.72039654E-04 -9.19791751E-04  8.75240355E-03
  1.20000000E-01  7.87065763E-02  2.73368233E-03  1.45182788E-03  3.84934707E-01  1.68617475E-02  8.96779565E-03 -1.61092588E-04 -8.87860100E-04  8.47833098E-03
  1.30000000E-01  8.25465521E-02  2.89971321E-03  1.54000724E-03  3.83890677E-01  1.65296684E-02  8.76835380E-03 -1.52719553E-04 -8.65635111E-04  8.30062384E-03
  1.40000000E-01  8.63802388E-02  3.06334950E-03  1.62669357E-03  3.83308583E-01  1.63211076E-02  8.63725371E-03 -1.46544342E-04 -8.49964017E-04  8.18664253E-03
  1.50000000E-01  9.02104141E-02  3.22551777E-03  1.71241060E-03  3.82983820E-01  1.61926628E-02  8.55150875E-03 -1.42115428E-04 -8.38604682E-04  8.11356959E-03
  1.60000000E-01  9.40386285E-02  3.38680218E-03  1.79749696E-03  3.82802967E-01  1.61150959E-02  8.49526012E-03 -1.39004596E-04 -8.30027468E-04  8.06613207E-03
  1.70000000E-01  9.78657539E-02  3.54756530E-03  1.88216832E-03  3.82703114E-01  1.60693237E-02  8.45789792E-03 -1.36850131E-04 -8.23219357E-04  8.03444219E-03
  1.80000000E-01  1.01692286E-01  3.70802968E-03  1.96656049E-03  3.82649250E-01  1.60431843E-02  8.43248435E-03 -1.35367962E-04 -8.17524275E-04  8.01226628E-03
  1.90000000E-01  1.05518509E-01  3.86833082E-03  2.05075827E-03  3.82621779E-01  1.60290652E-02  8.41456007E-03 -1.34346263E-04 -8.12524544E-04  7.99575852E-03
  2.00000000E-01  1.09344589E-01  4.02855088E-03  2.13481425E-03 -9.74621532E-01 -4.74208145E-03 -2.32396393E-03 -2.37767228E-04  2.01697047E-04 -2.32093990E-03
  2.10000000E-01  9.28121575E-02  3.87727433E-03  2.05788199E-03 -7.42110640E-01 -9.83293793E-03 -4.93590244E-03 -1.08779713E-04  4.41395799E-04 -5.08640942E-03
  2.20000000E-01  8.65536056E-02  3.75349067E-03  1.99546327E-03 -5.03869501E-01 -1.37243032E-02 -6.89812824E-03 -3.59991152E-05  6.41575767E-04 -6.96739404E-03
  2.30000000E-01  8.27061163E-02  3.59679081E-03  1.91667086E-03 -3.20618373E-01 -1.46760795E-02 -7.43006105E-03  3.78525934E-05  7.02583021E-04 -7.47949534E-03
  2.40000000E-01  8.04161882E-02  3.44527114E-03  1.83971058E-03 -1.95838288E-01 -1.34477234E-02 -6.85827691E-03  7.97981854E-05  6.53586528E-04 -6.84666136E-03
  2.50000000E-01  7.90817057E-02  3.31693568E-03  1.77398673E-03 -1.16311225E-01 -1.11272453E-02 -5.71972355E-03  9.73275297E-05  5.46260558E-04 -5.64717585E-03
  2.60000000E-01  7.83162288E-02  3.21726562E-03  1.72248227E-03 -6.77234862E-02 -8.56774775E-03 -4.44044118E-03  9.78729088E-05  4.23709520E-04 -4.32532525E-03
  2.70000000E-01  7.78819326E-02  3.14438563E-03  1.68447427E-03 -3.88860580E-02 -6.25521174E-03 -3.26845374E-03  8.83853851E-05  3.10971208E-04 -3.13342907E-03
  2.80000000E-01  7.76372592E-02  3.09339619E-03  1.65764967E-03 -2.21192312E-02 -4.38589615E-03 -2.30875470E-03  7.42559785E-05  2.18706374E-04 -2.17310510E-03
  2.90000000E-01  7.74999010E-02  3.05888381E-03  1.63936061E-03 -1.25124962E-02 -2.98112966E-03 -1.57821120E-03  5.91307377E-05  1.48727767E-04 -1.45497905E-03
  3.00000000E-01  7.74228097E-02  3.03609634E-03  1.62723122E-03 -7.06357286E-03 -1.97888308E-03 -1.05024233E-03  4.51437732E-05  9.84685067E-05 -9.46284531E-04
  3.10000000E-01  7.73794186E-02  3.02131875E-03  1.61936864E-03 -3.99240053E-03 -1.29095891E-03 -6.83283165E-04  3.33029436E-05  6.38352959E-05 -6.00645361E-04
  3.20000000E-01  7.73548505E-02  3.01184878E-03  1.61437060E-03 -2.26650687E-03 -8.32478776E-04 -4.35893144E-04  2.38775330E-05  4.07330362E-05 -3.73484877E-04
  3.30000000E-01  7.73408149E-02  3.00581639E-03  1.61124862E-03 -1.29648005E-03 -5.33673549E-04 -2.73159879E-04  1.67157769E-05  2.57170081E-05 -2.28213558E-04
  3.40000000E-01  7.73327002E-02  3.00197368E-03  1.60933069E-03 -7.49613466E-04 -3.42114005E-04 -1.68272166E-04  1.14710060E-05  1.61559970E-05 -1.37407082E-04
  3.50000000E-01  7.73279384E-02  2.99951034E-03  1.60817241E-03 -4.39503835E-04 -2.20672196E-04 -1.01831293E-04  7.74398735E-06  1.01641416E-05 -8.17285710E-05
  3.60000000E-01  7.73250939E-02  2.99791083E-03  1.60748630E-03 -2.62151653E-04 -1.44155244E-04 -6.03768453E-05  5.16083969E-06  6.45084484E-06 -4.81412877E-05
  3.70000000E-01  7.73233591E-02  2.99685186E-03  1.60708980E-03 -1.59601033E-04 -9.60046491E-05 -3.48605248E-05  3.40741050E-06  4.16369478E-06 -2.81564000E-05
  3.80000000E-01  7.73222759E-02  2.99613257E-03  1.60686878E-03 -9.95033753E-05 -6.55865798E-05 -1.93572395E-05  2.23757878E-06  2.75542164E-06 -1.63990605E-05
  3.90000000E-01  7.73215813E-02  2.99562879E-03  1.60675272E-03 -6.37274884E-05 -4.62040573E-05 -1.00650585E-05  1.46797431E-06  1.88266105E-06 -9.54384784E-06
  4.00000000E-01  7.73211229E-02  2.99526366E-03  1.60669853E-03 -4.20449167E-05 -3.36745310E-05 -4.58344427E-06  9.67139904E-07  1.33399136E-06 -5.57279622E-06
  4.10000000E-01  7.73208109E-02  2.99498956E-03  1.60668011E-03 -2.86360245E-05 -2.54109504E-05 -1.41654128E-06  6.43674222E-07  9.81170523E-07 -3.28120877E-06
  4.20000000E-01  7.73205916E-02  2.99477677E-03  1.60668178E-03 -2.01555644E-05 -1.98186629E-05  3.56817252E-07  4.35593386E-07  7.47274902E-07 -1.95973977E-06
  4.30000000E-01  7.73204324E-02  2.99460655E-03  1.60669421E-03 -1.46580153E-05 -1.59111193E-05  1.29834797E-06  3.01724794E-07  5.86488352E-07 -1.19546906E-06
  4.40000000E-01  7.73203133E-02  2.99446697E-03  1.60671190E-03 -1.09974097E-05 -1.30838422E-05  1.74855420E-06  2.15184543E-07  4.71582642E-07 -7.50239227E-07
  4.50000000E-01  7.73202217E-02  2.99435027E-03  1.60673164E-03 -8.48952508E-06 -1.09640240E-05  1.91234340E-06  1.58663381E-07  3.86315770E-07 -4.87651070E-07
  4.60000000E-01  7.73201493E-02  2.99425123E-03  1.60675158E-03 -6.71995106E-06 -9.32029511E-06  1.91320497E-06  1.21140880E-07  3.20893054E-07 -3.29950660E-07
  4.70000000E-01  7.73200910E-02  2.99416625E-03  1.60677072E-03 -5.43389162E-06 -8.00704768E-06  1.82550607E-06  9.56603226E-08  2.69294032E-07 -2.32909706E-07
  4.80000000E-01  7.73200431E-02  2.99409274E-03  1.60678853E-03 -4.47216297E-06 -6.93148674E-06  1.69370738E-06  7.78560025E-08  2.27713809E-07 -1.71352598E-07
  4.90000000E-01  7.73200031E-02  2.99402880E-03  1.60680481E-03 -3.73360634E-06 -6.03289509E-06  1.54420277E-06  6.49968071E-08  1.93661349E-07 -1.30893524E-07
  5.00000000E-01  7.73199695E-02  2.99397297E-03  1.60681951E-03 -3.15274645E-06 -5.27043891E-06  1.39229150E-06  5.53744035E-08  1.65438949E-07 -1.03250812E-07
