  0.00000000E+00  0.00000000E+00  0.00000000E+00  0.00000000E+00  1.90257477E+00  2.49017077E-04  4.12928357E-04  2.37679203E-04  8.64724209E-05 -4.40339229E-04
  1.00000000E-02  1.90257477E-02  2.49017077E-06  4.12928357E-06  1.35950639E+00 -5.34648135E-04  1.57040024E-02  2.58087506E-04  1.11197331E-02 -1.24938983E-02
  2.00000000E-02  2.99054698E-02 -6.77463663E-06  2.37624678E-04  1.01277917E+00 -9.39666567E-04  2.16113075E-02  2.83893852E-04  1.52384641E-02 -1.69202140E-02
  3.00000000E-02  3.82996254E-02 -1.81963945E-05  4.83274278E-04  7.71578791E-01 -1.18554438E-03  2.40288141E-02  3.13320810E-04  1.68583726E-02 -1.86502739E-02
  4.00000000E-02  4.48094114E-02 -3.12812274E-05  7.35649951E-04  6.15816833E-01 -1.30592776E-03  2.37559513E-02  3.38908381E-04  1.65999000E-02 -1.83214617E-02
  5.00000000E-02  5.01887699E-02 -4.49424219E-05  9.71845151E-04  5.19787939E-01 -1.33173772E-03  2.20761047E-02  3.52302119E-04  1.53419763E-02 -1.69304868E-02
  6.00000000E-02  5.49065048E-02 -5.83888489E-05  1.18420697E-03  4.62412221E-01 -1.30234675E-03  1.99556480E-02  3.52279180E-04  1.37941672E-02 -1.52334160E-02
  7.00000000E-02  5.92437485E-02 -7.12653615E-05  1.37316116E-03  4.28883771E-01 -1.24694960E-03  1.79447930E-02  3.41547060E-04  1.23494659E-02 -1.36532214E-02
  8.00000000E-02  6.33649439E-02 -8.34578718E-05  1.54255482E-03  4.09599633E-01 -1.18549554E-03  1.62785830E-02  3.24360515E-04  1.11715339E-02 -1.23641144E-02
  9.00000000E-02  6.73645196E-02 -9.50055570E-05  1.69700960E-03  3.98630814E-01 -1.12967023E-03  1.50052733E-02  3.04828936E-04  1.02881285E-02 -1.13948570E-02
  1.00000000E-01  7.12959836E-02 -1.06023133E-04  1.84069578E-03  3.92436273E-01 -1.08509480E-03  1.40834544E-02  2.85954655E-04  9.66345956E-03 -1.07062292E-02
  1.10000000E-01  7.51893736E-02 -1.16651203E-04  1.97692123E-03  3.88950696E-01 -1.05344586E-03  1.34409300E-02  2.69473254E-04  9.24134344E-03 -1.02373697E-02
  1.20000000E-01  7.90614527E-02 -1.27027417E-04  2.10811791E-03  3.86989908E-01 -1.03411925E-03  1.30047909E-02  2.56087323E-04  8.96652953E-03 -9.92861297E-03
  1.30000000E-01  8.29215478E-02 -1.37271977E-04  2.23598512E-03  3.85883286E-01 -1.02541833E-03  1.27138046E-02  2.45809174E-04  8.79336646E-03 -9.73068657E-03
  1.40000000E-01  8.67748476E-02 -1.47482656E-04  2.36166824E-03  3.85254283E-01 -1.02530267E-03  1.25213190E-02  2.38275118E-04  8.68762897E-03 -9.60659243E-03
  1.50000000E-01  9.06242454E-02 -1.57735104E-04  2.48591900E-03  3.84892595E-01 -1.03180911E-03  1.23939110E-02  2.32970695E-04  8.62524268E-03 -9.53022885E-03
  1.60000000E-01  9.44713629E-02 -1.68085727E-04  2.60922107E-03  3.84681028E-01 -1.04324872E-03  1.23086316E-02  2.29373235E-04  8.59002870E-03 -9.48399081E-03
  1.70000000E-01  9.83171154E-02 -1.78575412E-04  2.73188099E-03  3.84554253E-01 -1.05826607E-03  1.22502040E-02  2.27024418E-04  8.57148984E-03 -9.45640098E-03
  1.80000000E-01  1.02162024E-01 -1.89233160E-04  2.85409089E-03  3.84475742E-01 -1.07582434E-03  1.22086900E-02  2.25556141E-04  8.56300419E-03 -9.44017381E-03
  1.90000000E-01  1.06006389E-01 -2.00079195E-04  2.97597022E-03  3.84424968E-01 -1.09515786E-03  1.21777356E-02  2.24690163E-04  8.56048952E-03 -9.43078244E-03
  2.00000000E-01  1.09850385E-01 -2.11127441E-04  3.09759280E-03 -9.74746095E-01  1.49010318E-05 -3.26777876E-03 -5.82270022E-05 -2.69974725E-03  3.12961225E-03
  2.10000000E-01  9.33070684E-02 -2.05428136E-04  2.98768744E-03 -7.43572709E-01  2.31167594E-04 -7.20303476E-03 -3.92083630E-05 -5.47086473E-03  6.04064775E-03
  2.20000000E-01  8.70272083E-02 -2.02035127E-04  2.89598082E-03 -5.05289468E-01  6.64771697E-04 -9.98004887E-03 -9.38854486E-05 -7.50687062E-03  8.19769665E-03
  2.30000000E-01  8.31657298E-02 -1.93219390E-04  2.78229526E-03 -3.22221291E-01  8.07528197E-04 -1.07498838E-02 -1.14326982E-04 -7.97129832E-03  8.67879519E-03
  2.40000000E-01  8.08588578E-02 -1.84430325E-04  2.67094724E-03 -1.97299587E-01  8.18433468E-04 -9.91428765E-03 -1.29401221E-04 -7.27136662E-03  7.91251645E-03
  2.50000000E-01  7.95104704E-02 -1.76191464E-04  2.57598235E-03 -1.17511059E-01  7.41907879E-04 -8.25976237E-03 -1.33145424E-04 -5.99077806E-03  6.52294566E-03
  2.60000000E-01  7.87343025E-02 -1.69155014E-04  2.50165735E-03 -6.86393636E-02  6.25556025E-04 -6.40489521E-03 -1.26360215E-04 -4.58889170E-03  5.00372488E-03
  2.70000000E-01  7.82922673E-02 -1.63481213E-04  2.44688273E-03 -3.95482559E-02  5.01085733E-04 -4.70870799E-03 -1.12054492E-04 -3.32731850E-03  3.63586575E-03
  2.80000000E-01  7.80422403E-02 -1.59092707E-04  2.40827659E-03 -2.25782345E-02  3.86185758E-04 -3.32224327E-03 -9.38575659E-05 -2.31116981E-03  2.53257253E-03
  2.90000000E-01  7.79013081E-02 -1.55805349E-04  2.38198648E-03 -1.28200833E-02  2.88719838E-04 -2.26875726E-03 -7.49041290E-05 -1.55081747E-03  1.70534435E-03
  3.00000000E-01  7.78218980E-02 -1.53405480E-04  2.36456634E-03 -7.26407404E-03  2.10555240E-04 -1.50879653E-03 -5.73525434E-05 -1.01146968E-03  1.11705192E-03
  3.10000000E-01  7.77770373E-02 -1.51690751E-04  2.35327818E-03 -4.12013213E-03  1.50361338E-04 -9.81543476E-04 -4.23655864E-05 -6.44241802E-04  7.15250073E-04
  3.20000000E-01  7.77515557E-02 -1.50488107E-04  2.34609901E-03 -2.34632527E-03  1.05419386E-04 -6.26674043E-04 -3.03252261E-05 -4.02220438E-04  4.49457415E-04
  3.30000000E-01  7.77369615E-02 -1.49658623E-04  2.34160661E-03 -1.34554655E-03  7.26764809E-05 -3.93548168E-04 -2.11079666E-05 -2.46899934E-04  2.78126992E-04
  3.40000000E-01  7.77285099E-02 -1.49095573E-04  2.33883676E-03 -7.79351894E-04  4.92864299E-05 -2.43398870E-04 -1.43260487E-05 -1.49394960E-04  1.70004554E-04
  3.50000000E-01  7.77235473E-02 -1.48719658E-04  2.33715352E-03 -4.57303446E-04  3.28371799E-05 -1.48270301E-04 -9.50001939E-06 -8.93052536E-05  1.02949863E-04
  3.60000000E-01  7.77205845E-02 -1.48473533E-04  2.33614646E-03 -2.72682907E-04  2.14030193E-05 -8.88379657E-05 -6.16325266E-06 -5.28444087E-05  6.19504373E-05
  3.70000000E-01  7.77187808E-02 -1.48316674E-04  2.33555524E-03 -1.65761039E-04  1.35202329E-05 -5.21621922E-05 -3.91373282E-06 -3.10070560E-05  3.71631008E-05
  3.80000000E-01  7.77176578E-02 -1.48220885E-04  2.33521700E-03 -1.03061907E-04  8.14225795E-06 -2.97921845E-05 -2.43105634E-06 -1.80684482E-05  2.23037976E-05
  3.90000000E-01  7.77169407E-02 -1.48166352E-04  2.33503093E-03 -6.57523775E-05  4.51291769E-06 -1.63148057E-05 -1.47372802E-06 -1.04691929E-05  1.34463461E-05
  4.00000000E-01  7.77164697E-02 -1.48139370E-04  2.33493517E-03 -4.31738733E-05  2.08643019E-06 -8.31107657E-06 -8.67386586E-07 -6.03648770E-06  8.18061648E-06
  4.10000000E-01  7.77161509E-02 -1.48130638E-04  2.33489207E-03 -2.92465735E-05  4.80234336E-07 -3.64167655E-06 -4.90431276E-07 -3.46406712E-06  5.04826305E-06
  4.20000000E-01  7.77159280E-02 -1.48133867E-04  2.33487900E-03 -2.04694841E-05 -5.62013619E-07 -9.83002457E-07 -2.60466539E-07 -1.97647063E-06  3.17698314E-06
  4.30000000E-01  7.77157672E-02 -1.48144698E-04  2.33488247E-03 -1.48046782E-05 -1.22134947E-06  4.73725178E-07 -1.23021839E-07 -1.11810257E-06  2.04964040E-06
  4.40000000E-01  7.77156475E-02 -1.48160208E-04  2.33489449E-03 -1.10518118E-05 -1.61993720E-06  1.21755576E-06 -4.28415178E-08 -6.23424846E-07  1.36162118E-06
  4.50000000E-01  7.77155558E-02 -1.48178401E-04  2.33491038E-03 -8.49479242E-06 -1.83991292E-06  1.55057969E-06  2.45800613E-09 -3.38585552E-07  9.34184345E-07
  4.60000000E-01  7.77154836E-02 -1.48197900E-04  2.33492755E-03 -6.70060264E-06 -1.93805915E-06  1.65065987E-06  2.68502396E-08 -1.74806676E-07  6.62571339E-07
  4.70000000E-01  7.77154256E-02 -1.48217771E-04  2.33494456E-03 -5.40363914E-06 -1.95292010E-06  1.62147325E-06  3.89253987E-08 -8.09655691E-08  4.85279416E-07
  4.80000000E-01  7.77153780E-02 -1.48237374E-04  2.33496063E-03 -4.43848399E-06 -1.91106940E-06  1.52477433E-06  4.38889285E-08 -2.76255680E-08  3.66027299E-07
  4.90000000E-01  7.77153384E-02 -1.48256276E-04  2.33497539E-03 -3.70042676E-06 -1.83197043E-06  1.39697622E-06  4.48517622E-08  2.19094766E-09  2.83237020E-07
  5.00000000E-01  7.77153051E-02 -1.48274200E-04  2.33498872E-03 -3.12197991E-06 -1.73023185E-06  1.25906073E-06  4.36474136E-08  1.83111557E-08  2.23922477E-07
