  0.00000000E+00  0.00000000E+00  0.00000000E+00  0.00000000E+00  1.90257477E+00  2.49017077E-04  4.12928357E-04  2.37679203E-04  8.64724209E-05 -4.40339229E-04
  1.00000000E-02  1.90257477E-02  2.49017077E-06  4.12928357E-06  1.31575326E+00  8.92325555E-03  1.50691528E-02  2.59784399E-04  1.35718096E-02 -2.12035894E-02
  2.00000000E-02  2.92491728E-02  1.35093919E-04  2.28101934E-04  9.53866360E-01  1.20440990E-02  2.04476391E-02  2.88303388E-04  1.80259187E-02 -2.79741108E-02
  3.00000000E-02  3.69784018E-02  2.71139125E-04  4.59470757E-04  7.07187355E-01  1.31863813E-02  2.25099773E-02  3.19560302E-04  1.94827417E-02 -3.01706479E-02
  4.00000000E-02  4.28168804E-02  4.08714350E-04  6.94882221E-04  5.53201307E-01  1.28154004E-02  2.20292352E-02  3.45671578E-04  1.87398624E-02 -2.89777238E-02
  5.00000000E-02  4.75789632E-02  5.35013449E-04  9.12770862E-04  4.62547222E-01  1.17022023E-02  2.02636312E-02  3.57319583E-04  1.69298466E-02 -2.61722600E-02
  6.00000000E-02  5.17511650E-02  6.46469482E-04  1.10657915E-03  4.11410219E-01  1.04048689E-02  1.81519476E-02  3.54105083E-04  1.49236524E-02 -2.30771789E-02
  7.00000000E-02  5.56095822E-02  7.44031504E-04  1.27754021E-03  3.83508151E-01  9.22846593E-03  1.62136615E-02  3.39715175E-04  1.31702500E-02 -2.03769526E-02
  8.00000000E-02  5.93051533E-02  8.30434149E-04  1.42998540E-03  3.68680915E-01  8.28971646E-03  1.46550434E-02  3.19353014E-04  1.18225930E-02 -1.83025688E-02
  9.00000000E-02  6.29178263E-02  9.08637566E-04  1.56874274E-03  3.60961721E-01  7.59800780E-03  1.35014982E-02  2.97615001E-04  1.08716877E-02 -1.68376748E-02
  1.00000000E-01  6.64888475E-02  9.81159101E-04  1.69799000E-03  3.57000252E-01  7.11507642E-03  1.26960446E-02  2.77626264E-04  1.02422810E-02 -1.58657359E-02
  1.10000000E-01  7.00390427E-02  1.04989521E-03  1.82092317E-03  3.54980935E-01  6.78992389E-03  1.21577534E-02  2.60992701E-04  9.84666133E-03 -1.52519576E-02
  1.20000000E-01  7.35787555E-02  1.11616868E-03  1.93980925E-03  3.53948114E-01  6.57559788E-03  1.18102405E-02  2.48143799E-04  9.60886073E-03 -1.48799267E-02
  1.30000000E-01  7.71130725E-02  1.18085303E-03  2.05617409E-03  3.53410761E-01  6.43504558E-03  1.15921887E-02  2.38824512E-04  9.47181604E-03 -1.46623097E-02
  1.40000000E-01  8.06444934E-02  1.24450073E-03  2.17100572E-03  3.53121272E-01  6.34157772E-03  1.14586866E-02  2.32441960E-04  9.39621542E-03 -1.45389866E-02
  1.50000000E-01  8.41742586E-02  1.30744917E-03  2.28492507E-03  3.52956432E-01  6.27714539E-03  1.13787904E-02  2.28319691E-04  9.35664333E-03 -1.44710977E-02
  1.60000000E-01  8.77029988E-02  1.36989846E-03  2.39831350E-03  3.52855301E-01  6.23010578E-03  1.13320968E-02  2.25837533E-04  9.33747891E-03 -1.44347435E-02
  1.70000000E-01  9.12310461E-02  1.43196432E-03  2.51140100E-03  3.52787650E-01  6.19322594E-03  1.13055899E-02  2.24490539E-04  9.32951979E-03 -1.44158189E-02
  1.80000000E-01  9.47585844E-02  1.49371218E-03  2.62432436E-03  3.52738262E-01  6.16215099E-03  1.12911758E-02  2.23898778E-04  9.32754146E-03 -1.44062899E-02
  1.90000000E-01  9.82857200E-02  1.55517831E-03  2.73716405E-03  3.52699271E-01  6.13432816E-03  1.12839198E-02  2.23792618E-04  9.32867441E-03 -1.44017200E-02
  2.00000000E-01  1.01812518E-01  1.61638248E-03  2.84996697E-03 -9.62134495E-01 -2.19599322E-03 -4.00402104E-03 -6.42374482E-05 -4.34049602E-03  6.86445033E-03
  2.10000000E-01  8.56170040E-02  1.55277094E-03  2.73348705E-03 -7.21436148E-01 -4.40301766E-03 -7.60421818E-03 -5.04944862E-05 -7.39895039E-03  1.14560472E-02
  2.20000000E-01  7.96061343E-02  1.49770564E-03  2.63944389E-03 -4.75652975E-01 -5.62454390E-03 -1.01023376E-02 -1.07471915E-04 -9.34230386E-03  1.43754521E-02
  2.30000000E-01  7.60785204E-02  1.43535257E-03  2.52592991E-03 -2.91504203E-01 -5.87943778E-03 -1.05670928E-02 -1.30075048E-04 -9.47339032E-03  1.45407997E-02
  2.40000000E-01  7.40842222E-02  1.37528372E-03  2.41793521E-03 -1.69827977E-01 -5.27169513E-03 -9.52404182E-03 -1.44410146E-04 -8.28802505E-03  1.27083011E-02
  2.50000000E-01  7.29943236E-02  1.32560549E-03  2.32791005E-03 -9.53238363E-02 -4.26380126E-03 -7.76058572E-03 -1.45368386E-04 -6.54030957E-03  1.00237603E-02
  2.60000000E-01  7.24136059E-02  1.28800694E-03  2.25912147E-03 -5.20003261E-02 -3.19785809E-03 -5.88029370E-03 -1.34658420E-04 -4.77900986E-03  7.32401586E-03
  2.70000000E-01  7.21102202E-02  1.26135808E-03  2.20971999E-03 -2.77554497E-02 -2.26240063E-03 -4.21721085E-03 -1.16270136E-04 -3.28774619E-03  5.04015564E-03
  2.80000000E-01  7.19538901E-02  1.24341136E-03  2.17586330E-03 -1.45844734E-02 -1.52683598E-03 -2.89702938E-03 -9.45709264E-05 -2.15338834E-03  3.30347693E-03
  2.90000000E-01  7.18739002E-02  1.23182082E-03  2.15349391E-03 -7.59312519E-03 -9.90430710E-04 -1.92254002E-03 -7.30752545E-05 -1.35336247E-03  2.07865632E-03
  3.00000000E-01  7.18329257E-02  1.22459854E-03  2.13914096E-03 -3.94566882E-03 -6.20768508E-04 -1.24039814E-03 -5.40020883E-05 -8.20874580E-04  1.26319325E-03
  3.10000000E-01  7.18117063E-02  1.22023917E-03  2.13014769E-03 -2.06402485E-03 -3.77262760E-04 -7.81952927E-04 -3.83673180E-05 -4.82663349E-04  7.44925713E-04
  3.20000000E-01  7.18004743E-02  1.21768407E-03  2.12462038E-03 -1.09750914E-03 -2.22817058E-04 -4.83624798E-04 -2.63143148E-05 -2.76125492E-04  4.28091418E-04
  3.30000000E-01  7.17943318E-02  1.21622813E-03  2.12127578E-03 -5.99136362E-04 -1.28054465E-04 -2.94478612E-04 -1.74751660E-05 -1.54199199E-04  2.40730318E-04
  3.40000000E-01  7.17908323E-02  1.21542140E-03  2.11927672E-03 -3.38733494E-04 -7.16551521E-05 -1.77070877E-04 -1.12597624E-05 -8.43280716E-05  1.33070138E-04
  3.50000000E-01  7.17887470E-02  1.21498684E-03  2.11809305E-03 -1.99496160E-04 -3.90654030E-05 -1.05439706E-04 -7.04534430E-06 -4.53223770E-05  7.27151704E-05
  3.60000000E-01  7.17874482E-02  1.21475914E-03  2.11739681E-03 -1.22635251E-04 -2.08057866E-05 -6.23408055E-05 -4.27825190E-06 -2.40399304E-05  3.95683270E-05
  3.70000000E-01  7.17866061E-02  1.21464238E-03  2.11698890E-03 -7.85717519E-05 -1.09249793E-05 -3.66937774E-05 -2.51369890E-06 -1.26504508E-05  2.16491021E-05
  3.80000000E-01  7.17860407E-02  1.21458253E-03  2.11675019E-03 -5.22864030E-05 -5.79300780E-06 -2.15626591E-05 -1.41863632E-06 -6.64711033E-06  1.20551837E-05
  3.90000000E-01  7.17856493E-02  1.21455026E-03  2.11661022E-03 -3.60005887E-05 -3.26465927E-06 -1.26958851E-05 -7.56672946E-07 -3.51369325E-06  6.92650121E-06
  4.00000000E-01  7.17853707E-02  1.21453025E-03  2.11652760E-03 -2.55629907E-05 -2.11709670E-06 -7.52800684E-06 -3.67085221E-07 -1.88280321E-06  4.15960563E-06
  4.10000000E-01  7.17851673E-02  1.21451482E-03  2.11647816E-03 -1.86736203E-05 -1.65890264E-06 -4.52803787E-06 -1.44456155E-07 -1.02879454E-06  2.63329685E-06
  4.20000000E-01  7.17850150E-02  1.21450052E-03  2.11644788E-03 -1.40062400E-05 -1.51845237E-06 -2.78730065E-06 -2.17488348E-08 -5.74242788E-07  1.76029828E-06
  4.30000000E-01  7.17848983E-02  1.21448604E-03  2.11642871E-03 -1.07669584E-05 -1.50641679E-06 -1.76588966E-06  4.25239334E-08 -3.25835045E-07  1.23648765E-06
  4.40000000E-01  7.17848068E-02  1.21447104E-03  2.11641616E-03 -8.46537740E-06 -1.53268570E-06 -1.15068151E-06  7.34144690E-08 -1.85426692E-07  9.04853376E-07
  4.50000000E-01  7.17847337E-02  1.21445558E-03  2.11640772E-03 -6.79113840E-06 -1.55961926E-06 -7.70597789E-07  8.57203786E-08 -1.03187995E-07  6.83628229E-07
  4.60000000E-01  7.17846741E-02  1.21443985E-03  2.11640192E-03 -5.54421819E-06 -1.56842093E-06 -5.29564266E-07  8.80092414E-08 -5.35102496E-08  5.29201810E-07
  4.70000000E-01  7.17846249E-02  1.21442412E-03  2.11639783E-03 -4.59381949E-06 -1.55239757E-06 -3.73327806E-07  8.51462542E-08 -2.28738372E-08  4.17434211E-07
  4.80000000E-01  7.17845837E-02  1.21440868E-03  2.11639488E-03 -3.85333922E-06 -1.51296310E-06 -2.71350159E-07  7.98395579E-08 -3.84861934E-09  3.34266222E-07
  4.90000000E-01  7.17845489E-02  1.21439374E-03  2.11639267E-03 -3.26464403E-06 -1.45543095E-06 -2.02272435E-07  7.35622193E-08  7.85548338E-09  2.71031747E-07
  5.00000000E-01  7.17845192E-02  1.21437948E-03  2.11639100E-03 -2.78815777E-06 -1.38491219E-06 -1.53260280E-07  6.70924829E-08  1.48424970E-08  2.22106982E-07
