  0.00000000E+00  0.00000000E+00  0.00000000E+00  0.00000000E+00  1.90257477E+00  2.49017077E-04  4.12928357E-04  2.37679203E-04  8.64724209E-05 -4.40339229E-04
  1.00000000E-02  1.90257477E-02  2.49017077E-06  4.12928357E-06  1.31810441E+00 -9.27637585E-03 -3.23775529E-03  3.30668733E-04  3.04269763E-02 -2.82698135E-03
  2.00000000E-02  2.92844399E-02 -1.37900552E-04 -4.65016876E-05  9.57219983E-01 -1.26441059E-02 -4.67581690E-03  4.22949367E-04  4.03342153E-02 -3.55820956E-03
  3.00000000E-02  3.70522177E-02 -2.81180261E-04 -1.00450165E-04  7.11093471E-01 -1.38728430E-02 -5.28967765E-03  4.98715380E-04  4.35357260E-02 -3.78110906E-03
  4.00000000E-02  4.29325198E-02 -4.26052377E-04 -1.56416245E-04  5.57343444E-01 -1.35009060E-02 -5.29003512E-03  5.49508900E-04  4.17558578E-02 -3.60238807E-03
  5.00000000E-02  4.77372041E-02 -5.59201752E-04 -2.09318383E-04  4.66649732E-01 -1.23443767E-02 -4.94446896E-03  5.69292965E-04  3.76568444E-02 -3.25572408E-03
  6.00000000E-02  5.19502329E-02 -6.76862872E-04 -2.57035242E-04  4.15328173E-01 -1.09997192E-02 -4.48338238E-03  5.61599737E-04  3.31565354E-02 -2.88135792E-03
  7.00000000E-02  5.58469068E-02 -7.80136777E-04 -2.99563633E-04  3.87184524E-01 -9.78732191E-03 -4.03998022E-03  5.34997353E-04  2.92452929E-02 -2.55508722E-03
  8.00000000E-02  5.95780338E-02 -8.71948009E-04 -3.37746424E-04  3.72117282E-01 -8.82671524E-03 -3.67472015E-03  4.99140167E-04  2.62509172E-02 -2.30209964E-03
  9.00000000E-02  6.32238704E-02 -9.55412129E-04 -3.72667326E-04  3.64192126E-01 -8.12492454E-03 -3.40287696E-03  4.61856138E-04  2.41430340E-02 -2.12020423E-03
  1.00000000E-01  6.68261659E-02 -1.03315242E-03 -4.05336879E-04  3.60071821E-01 -7.64021739E-03 -3.21661955E-03  4.28146069E-04  2.27481094E-02 -1.99620875E-03
  1.10000000E-01  7.04062826E-02 -1.10713106E-03 -4.36571788E-04  3.57941633E-01 -7.31876439E-03 -3.09915911E-03  4.00360916E-04  2.18687910E-02 -1.91486394E-03
  1.20000000E-01  7.39750479E-02 -1.17871144E-03 -4.66976077E-04  3.56840207E-01 -7.11171997E-03 -3.03258654E-03  3.78961321E-04  2.13361916E-02 -1.86286142E-03
  1.30000000E-01  7.75379429E-02 -1.24879342E-03 -4.96969079E-04  3.56268211E-01 -6.98095986E-03 -3.00142517E-03  3.63329935E-04  2.10242457E-02 -1.83005946E-03
  1.40000000E-01  8.10977650E-02 -1.31794921E-03 -5.26827524E-04  3.55969727E-01 -6.89923485E-03 -2.99372367E-03  3.52385547E-04  2.08466818E-02 -1.80933467E-03
  1.50000000E-01  8.46559699E-02 -1.38653294E-03 -5.56726253E-04  3.55814393E-01 -6.84818397E-03 -3.00091726E-03  3.44979641E-04  2.07480427E-02 -1.79597003E-03
  1.60000000E-01  8.82133371E-02 -1.45475952E-03 -5.86771394E-04  3.55735640E-01 -6.81594971E-03 -3.01721120E-03  3.40099628E-04  2.06943615E-02 -1.78697441E-03
  1.70000000E-01  9.17702998E-02 -1.52275785E-03 -6.17024976E-04  3.55699062E-01 -6.79511078E-03 -3.03886747E-03  3.36942990E-04  2.06656421E-02 -1.78051539E-03
  1.80000000E-01  9.53271075E-02 -1.59060476E-03 -6.47521932E-04  3.55686490E-01 -6.78112777E-03 -3.06357443E-03  3.34918739E-04  2.06504971E-02 -1.77550208E-03
  1.90000000E-01  9.88839095E-02 -1.65834612E-03 -6.78281211E-04  3.55688039E-01 -6.77126770E-03 -3.08995769E-03  3.33615130E-04  2.06426210E-02 -1.77130064E-03
  2.00000000E-01  1.02440798E-01 -1.72600950E-03 -7.09312704E-04 -9.63449601E-01  2.38807892E-03  9.01276137E-04 -1.21645392E-05 -9.71842813E-03  9.37864309E-04
  2.10000000E-01  8.62106134E-02 -1.65633198E-03 -6.80343774E-04 -7.21859869E-01  4.62977502E-03  1.69698776E-03 -4.35545807E-05 -1.63033399E-02  1.49045221E-03
  2.20000000E-01  8.01999634E-02 -1.59882575E-03 -6.59395338E-04 -4.78054077E-01  6.14245573E-03  2.81968252E-03 -1.34609060E-04 -2.06366721E-02  1.71983698E-03
  2.30000000E-01  7.66384516E-02 -1.52983779E-03 -6.25585039E-04 -2.94035381E-01  6.43267405E-03  3.04992804E-03 -1.86115109E-04 -2.09229236E-02  1.73344741E-03
  2.40000000E-01  7.46181913E-02 -1.46405995E-03 -5.93934531E-04 -1.72287030E-01  5.77671462E-03  2.82462311E-03 -2.15787606E-04 -1.83209066E-02  1.51747983E-03
  2.50000000E-01  7.35040627E-02 -1.40957261E-03 -5.66814824E-04 -9.74797824E-02  4.67830568E-03  2.35396506E-03 -2.20381767E-04 -1.44716268E-02  1.20684315E-03
  2.60000000E-01  7.29033011E-02 -1.36828159E-03 -5.45628464E-04 -5.37573703E-02  3.51657214E-03  1.82180759E-03 -2.04741334E-04 -1.05885076E-02  8.93243916E-04
  2.70000000E-01  7.25843395E-02 -1.33892454E-03 -5.30071175E-04 -2.91114428E-02  2.49824481E-03  1.33480033E-03 -1.76419719E-04 -7.29819774E-03  6.25041805E-04
  2.80000000E-01  7.24164547E-02 -1.31903373E-03 -5.19158209E-04 -1.55875653E-02  1.69794816E-03  9.38056126E-04 -1.42881107E-04 -4.79315280E-03  4.17927695E-04
  2.90000000E-01  7.23281984E-02 -1.30605573E-03 -5.11761368E-04 -8.31037038E-03  1.11360603E-03  6.38719575E-04 -1.09827696E-04 -3.02422713E-03  2.69063962E-04
  3.00000000E-01  7.22814807E-02 -1.29784138E-03 -5.06870855E-04 -4.44441366E-03  7.09219566E-04  4.25108857E-04 -8.07195900E-05 -1.84464666E-03  1.67747515E-04
  3.10000000E-01  7.22563664E-02 -1.29277112E-03 -5.03687820E-04 -2.40287040E-03  4.40581826E-04  2.79017561E-04 -5.70569989E-05 -1.09330713E-03  1.01736686E-04
  3.20000000E-01  7.22425454E-02 -1.28970849E-03 -5.01628101E-04 -1.32329140E-03  2.67740515E-04  1.82337006E-04 -3.89714494E-05 -6.32530177E-04  6.02575141E-05
  3.30000000E-01  7.22347104E-02 -1.28789529E-03 -5.00288134E-04 -7.47171987E-04  1.59316674E-04  1.19909974E-04 -2.58216588E-05 -3.58810918E-04  3.49827692E-05
  3.40000000E-01  7.22301192E-02 -1.28684424E-03 -4.99401169E-04 -4.34524159E-04  9.26604510E-05  8.02492429E-05 -1.66517216E-05 -2.00522836E-04  1.99848043E-05
  3.50000000E-01  7.22273372E-02 -1.28625092E-03 -4.98796981E-04 -2.60841963E-04  5.23287880E-05  5.52335643E-05 -1.04815419E-05 -1.11004088E-04  1.12864093E-05
  3.60000000E-01  7.22255972E-02 -1.28592929E-03 -4.98369723E-04 -1.61624885E-04  2.82240336E-05  3.94121373E-05 -6.45656382E-06 -6.12598034E-05  6.33873682E-06
  3.70000000E-01  7.22244771E-02 -1.28576757E-03 -4.98054709E-04 -1.03232825E-04  1.39533287E-05  2.92651189E-05 -3.90120866E-06 -3.39564510E-05  3.56840844E-06
  3.80000000E-01  7.22237367E-02 -1.28569939E-03 -4.97812793E-04 -6.78525205E-05  5.58143430E-06  2.25852488E-05 -2.31693869E-06 -1.90622751E-05  2.03450621E-06
  3.90000000E-01  7.22232351E-02 -1.28568544E-03 -4.97620340E-04 -4.58332134E-05  7.40110177E-07  1.80161705E-05 -1.35477220E-06 -1.09278410E-05  1.18960055E-06
  4.00000000E-01  7.22228868E-02 -1.28570224E-03 -4.97463023E-04 -3.17958052E-05 -1.99886880E-06  1.47440837E-05 -7.80638164E-07 -6.44267224E-06  7.22799161E-07
  4.10000000E-01  7.22226391E-02 -1.28573593E-03 -4.97331943E-04 -2.26492902E-05 -3.48707278E-06  1.22875998E-05 -4.43000784E-07 -3.92408568E-06  4.61261251E-07
  4.20000000E-01  7.22224583E-02 -1.28577824E-03 -4.97221350E-04 -1.65647832E-05 -4.22557720E-06  1.03677198E-05 -2.46687606E-07 -2.47247337E-06  3.10647231E-07
  4.30000000E-01  7.22223231E-02 -1.28582419E-03 -4.97127272E-04 -1.24322187E-05 -4.51612017E-06  8.82345853E-06 -1.33464848E-07 -1.60913532E-06  2.20219712E-07
  4.40000000E-01  7.22222194E-02 -1.28587080E-03 -4.97046758E-04 -9.56397038E-06 -4.53725214E-06  7.55403369E-06 -6.84839207E-08 -1.07832325E-06  1.62969395E-07
  4.50000000E-01  7.22221381E-02 -1.28591628E-03 -4.96977565E-04 -7.52719974E-06 -4.39713331E-06  6.49292396E-06 -3.12759947E-08 -7.41483638E-07  1.24571736E-07
  4.60000000E-01  7.22220730E-02 -1.28595955E-03 -4.96917942E-04 -6.04590642E-06 -4.16342218E-06  5.59579855E-06 -9.99614521E-09 -5.21729799E-07  9.73881652E-08
  4.70000000E-01  7.22220200E-02 -1.28600001E-03 -4.96866469E-04 -4.94211539E-06 -3.87931842E-06  4.83182520E-06  2.13707756E-09 -3.75001602E-07  7.72703652E-08
  4.80000000E-01  7.22219761E-02 -1.28603739E-03 -4.96821971E-04 -4.09981188E-06 -3.57260032E-06  4.17820172E-06  8.98323680E-09 -2.75119199E-07  6.18870293E-08
  4.90000000E-01  7.22219393E-02 -1.28607158E-03 -4.96783457E-04 -3.44248075E-06 -3.26116695E-06  3.61729005E-06  1.27382559E-08 -2.05968141E-07  4.98600867E-08
  5.00000000E-01  7.22219081E-02 -1.28610263E-03 -4.96750089E-04 -2.91897348E-06 -2.95639084E-06  3.13508178E-06  1.46589329E-08 -1.57325042E-07  4.03223125E-08
