  0.00000000E+00  0.00000000E+00  0.00000000E+00  0.00000000E+00  1.90257477E+00  2.49017077E-04  4.12928357E-04  2.37679203E-04  8.64724209E-05 -4.40339229E-04
  1.00000000E-02  1.90257477E-02  2.49017077E-06  4.12928357E-06  1.43050682E+00 -1.31208688E-02 -8.88599856E-03  1.80825536E-04  4.09283288E-03 -1.99130815E-03
  2.00000000E-02  3.09704761E-02 -1.95567946E-04 -1.31225337E-04  1.11401671E+00 -1.89890434E-02 -1.30814565E-02  1.20868588E-04  5.95811767E-03 -2.57909697E-03
  3.00000000E-02  4.05281927E-02 -4.14799253E-04 -2.83017192E-04  8.87099114E-01 -2.18486559E-02 -1.51932385E-02  8.29360518E-05  6.91108164E-03 -2.82468080E-03
  4.00000000E-02  4.82645958E-02 -6.47583875E-04 -4.45508487E-04  7.33085369E-01 -2.23161133E-02 -1.56367572E-02  6.08436145E-05  7.12506041E-03 -2.78697147E-03
  5.00000000E-02  5.48253808E-02 -8.73082295E-04 -6.04093653E-04  6.31665550E-01 -2.14019755E-02 -1.50971870E-02  4.84864937E-05  6.91360918E-03 -2.61578768E-03
  6.00000000E-02  6.06349372E-02 -1.08253136E-03 -7.52367672E-04  5.65999276E-01 -1.99112865E-02 -1.41288251E-02  4.20408473E-05  6.50451784E-03 -2.39757898E-03
  7.00000000E-02  6.59665986E-02 -1.27419078E-03 -8.88814113E-04  5.23863516E-01 -1.83392322E-02 -1.30779115E-02  3.88655821E-05  6.04401180E-03 -2.18537165E-03
  8.00000000E-02  7.09945550E-02 -1.44972283E-03 -1.01433866E-03  4.96933358E-01 -1.69342682E-02 -1.21230295E-02  3.73835120E-05  5.61052893E-03 -2.00307507E-03
  9.00000000E-02  7.58292378E-02 -1.61204069E-03 -1.13079455E-03  4.79731872E-01 -1.57875790E-02 -1.13343445E-02  3.66972575E-05  5.23875058E-03 -1.85722319E-03
  1.00000000E-01  8.05405490E-02 -1.76418304E-03 -1.24019457E-03  4.68726963E-01 -1.49048791E-02 -1.07217411E-02  3.63441995E-05  4.93645379E-03 -1.74514225E-03
  1.10000000E-01  8.51727941E-02 -1.90881833E-03 -1.34434896E-03  4.61664962E-01 -1.42532186E-02 -1.02667121E-02  3.61242246E-05  4.69838498E-03 -1.66075103E-03
  1.20000000E-01  8.97541337E-02 -2.04809221E-03 -1.44474094E-03  4.57115120E-01 -1.37876515E-02 -9.94086774E-03  3.59290437E-05  4.51448817E-03 -1.59769973E-03
  1.30000000E-01  9.43025357E-02 -2.18364089E-03 -1.54252039E-03  4.54170116E-01 -1.34644620E-02 -9.71541228E-03  3.57338968E-05  4.37392177E-03 -1.55034067E-03
  1.40000000E-01  9.88295119E-02 -2.31666957E-03 -1.63854724E-03  4.52254167E-01 -1.32465035E-02 -9.56521819E-03  3.55413820E-05  4.26725606E-03 -1.51434755E-03
  1.50000000E-01  1.03342474E-01 -2.44804481E-03 -1.73344845E-03  4.51000670E-01 -1.31044661E-02 -9.47006628E-03  3.53581964E-05  4.18645024E-03 -1.48650350E-03
  1.60000000E-01  1.07846213E-01 -2.57837928E-03 -1.82767335E-03  4.50175335E-01 -1.30162509E-02 -9.41445120E-03  3.51847758E-05  4.12500276E-03 -1.46443691E-03
  1.70000000E-01  1.12343840E-01 -2.70810071E-03 -1.92153979E-03  4.49627826E-01 -1.29657063E-02 -9.38686322E-03  3.50204919E-05  4.07784543E-03 -1.44643451E-03
  1.80000000E-01  1.16837380E-01 -2.83750505E-03 -2.01527048E-03  4.49261286E-01 -1.29412923E-02 -9.37895494E-03  3.48780203E-05  4.04116304E-03 -1.43127749E-03
  1.90000000E-01  1.21328161E-01 -2.96679591E-03 -2.10902049E-03  4.49013050E-01 -1.29348749E-02 -9.38474868E-03  3.47606870E-05  4.01210460E-03 -1.41810424E-03
  2.00000000E-01  1.25817050E-01 -3.09611257E-03 -2.20289694E-03 -9.81078801E-01  1.12791020E-03  4.84783531E-04 -1.71436476E-04  1.81299157E-04  3.86712553E-04
  2.10000000E-01  1.08855803E-01 -3.01451954E-03 -2.14870145E-03 -7.70188827E-01  5.05832146E-03  3.32699352E-03 -8.86215183E-05 -1.27029060E-03  8.53185297E-04
  2.20000000E-01  1.02208364E-01 -2.94428427E-03 -2.10122046E-03 -5.48116459E-01  8.45416880E-03  5.94307370E-03 -7.89327629E-05 -2.12649145E-03  1.02434589E-03
  2.30000000E-01  9.78375614E-02 -2.84276335E-03 -2.02870932E-03 -3.71658106E-01  9.75422463E-03  6.97088765E-03 -4.53461249E-05 -2.66090835E-03  1.12169246E-03
  2.40000000E-01  9.50032721E-02 -2.73872082E-03 -1.95386138E-03 -2.45361773E-01  9.49164784E-03  6.87027332E-03 -2.59483641E-05 -2.70378228E-03  1.05088438E-03
  2.50000000E-01  9.31811361E-02 -2.64511723E-03 -1.88566172E-03 -1.59610604E-01  8.31949370E-03  6.09245608E-03 -1.43150237E-05 -2.46204174E-03  8.97342455E-04
  2.60000000E-01  9.20137859E-02 -2.56778306E-03 -1.82862624E-03 -1.03037200E-01  6.80303873E-03  5.04202894E-03 -7.81775195E-06 -2.09189113E-03  7.19723209E-04
  2.70000000E-01  9.12662809E-02 -2.50733495E-03 -1.78345809E-03 -6.63043896E-02  5.29776152E-03  3.97744610E-03 -4.41003460E-06 -1.69518640E-03  5.51889561E-04
  2.80000000E-01  9.07869011E-02 -2.46188372E-03 -1.74900654E-03 -4.26530101E-02  3.98090962E-03  3.03138528E-03 -2.71938720E-06 -1.32800128E-03  4.09425145E-04
  2.90000000E-01  9.04786279E-02 -2.42865888E-03 -1.72342299E-03 -2.74795321E-02  2.91244567E-03  2.25264655E-03 -1.90853255E-06 -1.01471874E-03  2.96319387E-04
  3.00000000E-01  9.02796999E-02 -2.40487674E-03 -1.70479022E-03 -1.77505757E-02  2.08769019E-03  1.64282828E-03 -1.50618282E-06 -7.60897209E-04  2.10507257E-04
  3.10000000E-01  9.01508390E-02 -2.38812362E-03 -1.69141103E-03 -1.15039491E-02  1.47296901E-03  1.18147186E-03 -1.26909207E-06 -5.62392878E-04  1.47465814E-04
  3.20000000E-01  9.00670326E-02 -2.37646754E-03 -1.68190309E-03 -7.48286074E-03  1.02632502E-03  8.40925133E-04 -1.08550870E-06 -4.11027101E-04  1.02222559E-04
  3.30000000E-01  9.00123094E-02 -2.36843751E-03 -1.67519658E-03 -4.88594087E-03  7.07902430E-04  5.94012392E-04 -9.13462294E-07 -2.97741105E-04  7.03039489E-05
  3.40000000E-01  8.99764346E-02 -2.36295059E-03 -1.67049101E-03 -3.20272837E-03  4.84128000E-04  4.17317683E-04 -7.43990029E-07 -2.14143260E-04  4.80670338E-05
  3.50000000E-01  8.99528234E-02 -2.35922819E-03 -1.66720131E-03 -2.10766803E-03  3.28591405E-04  2.92077800E-04 -5.81014175E-07 -1.53120787E-04  3.27170490E-05
  3.60000000E-01  8.99372220E-02 -2.35671996E-03 -1.66490673E-03 -1.39258884E-03  2.21407266E-04  2.03927691E-04 -4.31332818E-07 -1.08955730E-04  2.21920295E-05
  3.70000000E-01  8.99268715E-02 -2.35504180E-03 -1.66330821E-03 -9.23925808E-04  1.48041435E-04  1.42199940E-04 -3.00362521E-07 -7.72082142E-05  1.50107012E-05
  3.80000000E-01  8.99199756E-02 -2.35392822E-03 -1.66219485E-03 -6.15657940E-04  9.81078065E-05  9.91320556E-05 -1.90908213E-07 -5.45128656E-05  1.01285955E-05
  3.90000000E-01  8.99153604E-02 -2.35319681E-03 -1.66141886E-03 -4.12169081E-04  6.42983594E-05  6.91581170E-05 -1.03318724E-07 -3.83628633E-05  6.81878478E-06
  4.00000000E-01  8.99122561E-02 -2.35272287E-03 -1.66087715E-03 -2.77363849E-04  4.15134792E-05  4.83384674E-05 -3.61496578E-08 -2.69150214E-05  4.57995605E-06
  4.10000000E-01  8.99101565E-02 -2.35242166E-03 -1.66049787E-03 -1.87730808E-04  2.62362321E-05  3.38993012E-05  1.31065066E-08 -1.88274862E-05  3.06854896E-06
  4.20000000E-01  8.99087274E-02 -2.35223569E-03 -1.66023107E-03 -1.27902356E-04  1.60501224E-05  2.38941307E-05  4.74085102E-08 -1.31309179E-05  2.05013643E-06
  4.30000000E-01  8.99077475E-02 -2.35212611E-03 -1.66004215E-03 -8.78014042E-05  9.31074046E-06  1.69619525E-05  6.97398373E-08 -9.12937112E-06  1.36524333E-06
  4.40000000E-01  8.99070700E-02 -2.35206670E-03 -1.65990720E-03 -6.07996650E-05  4.89615543E-06  1.21495447E-05  8.28452074E-08 -6.32567971E-06  9.05620693E-07
  4.50000000E-01  8.99065970E-02 -2.35203982E-03 -1.65980976E-03 -4.25246075E-05  2.04968913E-06  8.79518014E-06  8.90971993E-08 -4.36615354E-06  5.97913346E-07
  4.60000000E-01  8.99062631E-02 -2.35203355E-03 -1.65973858E-03 -3.00835294E-05  2.57105209E-07  6.44370733E-06  9.04516947E-08 -3.00005481E-06  3.92480814E-07
  4.70000000E-01  8.99060245E-02 -2.35203994E-03 -1.65968590E-03 -2.15572743E-05 -8.33328077E-07  4.78351589E-06  8.84595491E-08 -2.05016360E-06  2.55773957E-07
  4.80000000E-01  8.99058515E-02 -2.35205373E-03 -1.65964637E-03 -1.56689018E-05 -1.45995503E-06  3.60190027E-06  8.43096053E-08 -1.39155021E-06  1.65149253E-07
  4.90000000E-01  8.99057243E-02 -2.35207146E-03 -1.65961626E-03 -1.15662170E-05 -1.78346538E-06  2.75332388E-06  7.88845494E-08 -9.36351227E-07  1.05346152E-07
  5.00000000E-01  8.99056291E-02 -2.35209091E-03 -1.65959297E-03 -8.67867112E-06 -1.91207121E-06  2.13782197E-06  7.28189305E-08 -6.22903499E-07  6.60977268E-08
