  0.00000000E+00  0.00000000E+00  0.00000000E+00  0.00000000E+00  1.90257480E+00  2.49030151E-04  4.12927561E-04  2.37702552E-04  8.64615588E-05 -4.40366946E-04
  1.00000000E-02  1.90257480E-02  2.49030151E-06  4.12927561E-06  1.48979760E+00 -8.75122316E-03 -9.34138964E-03  1.79580024E-04  5.81688070E-03 -8.80228134E-03
  2.00000000E-02  3.18598380E-02 -1.30023197E-04 -1.38056207E-04  1.20111847E+00 -1.31531958E-02 -1.41145218E-02  1.12536134E-04  8.87078444E-03 -1.31515593E-02
  3.00000000E-02  4.24276270E-02 -2.83565018E-04 -3.03067086E-04  9.88709271E-01 -1.55228984E-02 -1.66908553E-02  6.49705557E-05  1.06430620E-02 -1.56501438E-02
  4.00000000E-02  5.12526737E-02 -4.50642515E-04 -4.82857307E-04  8.38570458E-01 -1.62695185E-02 -1.75140023E-02  3.21965769E-05  1.13599359E-02 -1.66279827E-02
  5.00000000E-02  5.88876842E-02 -6.17070799E-04 -6.62113065E-04  7.34596093E-01 -1.60137079E-02 -1.72523141E-02  1.01927986E-05  1.14011928E-02 -1.66322933E-02
  6.00000000E-02  6.57137733E-02 -7.75928825E-04 -8.33327764E-04  6.63347478E-01 -1.52606776E-02 -1.64480777E-02 -3.84144373E-06  1.10660138E-02 -1.61026465E-02
  7.00000000E-02  7.19910051E-02 -9.24770450E-04 -9.93787360E-04  6.14772552E-01 -1.43396268E-02 -1.54552689E-02 -1.22540462E-05  1.05619853E-02 -1.53412090E-02
  8.00000000E-02  7.78958559E-02 -1.06356146E-03 -1.14337600E-03  5.81723563E-01 -1.34356079E-02 -1.44737889E-02 -1.67467781E-05  1.00150521E-02 -1.45299425E-02
  9.00000000E-02  8.35478466E-02 -1.19339745E-03 -1.28320649E-03  5.59245568E-01 -1.26366736E-02 -1.35998062E-02 -1.86040658E-05  9.49411109E-03 -1.37665157E-02
  1.00000000E-01  8.90279123E-02 -1.31576951E-03 -1.41483464E-03  5.43948126E-01 -1.19729787E-02 -1.28673754E-02 -1.87691104E-05  9.03177098E-03 -1.30955017E-02
  1.10000000E-01  9.43909064E-02 -1.43218082E-03 -1.53984624E-03  5.33526345E-01 -1.14437477E-02 -1.22771031E-02 -1.79219379E-05  8.63907070E-03 -1.25304508E-02
  1.20000000E-01  9.96740609E-02 -1.54397215E-03 -1.65966591E-03  5.26417640E-01 -1.10339279E-02 -1.18139423E-02 -1.65301015E-05  8.31525224E-03 -1.20681994E-02
  1.30000000E-01  1.04902694E-01 -1.65226233E-03 -1.77548953E-03  5.21563347E-01 -1.07236329E-02 -1.14573322E-02 -1.48974954E-05  8.05376063E-03 -1.16976985E-02
  1.40000000E-01  1.10094056E-01 -1.75794718E-03 -1.88827980E-03  5.18245727E-01 -1.04930302E-02 -1.11864780E-02 -1.32171028E-05  7.84573741E-03 -1.14051085E-02
  1.50000000E-01  1.15259925E-01 -1.86172447E-03 -1.99879031E-03  5.15977509E-01 -1.03245282E-02 -1.09827705E-02 -1.16018724E-05  7.68199669E-03 -1.11765202E-02
  1.60000000E-01  1.20408359E-01 -1.96412724E-03 -2.10759948E-03  5.14427331E-01 -1.02034945E-02 -1.08306249E-02 -1.01098425E-05  7.55405338E-03 -1.09992819E-02
  1.70000000E-01  1.25544881E-01 -2.06555702E-03 -2.21514500E-03  5.13369420E-01 -1.01182342E-02 -1.07175132E-02 -8.76577337E-06  7.45453641E-03 -1.08625297E-02
  1.80000000E-01  1.30673286E-01 -2.16631306E-03 -2.32175457E-03  5.12649635E-01 -1.00596485E-02 -1.06336364E-02 -7.57409572E-06  7.37727756E-03 -1.07572750E-02
  1.90000000E-01  1.35796183E-01 -2.26661662E-03 -2.42767155E-03  5.12162528E-01 -1.00207903E-02 -1.05714769E-02 -6.52731773E-06  7.31725298E-03 -1.06762680E-02
  2.00000000E-01  1.40915373E-01 -2.36663023E-03 -2.53307552E-03 -9.78864167E-01 -9.99068495E-04 -1.35003122E-03 -2.07299530E-04  1.61873358E-03 -1.98809278E-03
  2.10000000E-01  1.23671598E-01 -2.33151230E-03 -2.50046861E-03 -7.86033437E-01  1.89335951E-03  1.81767294E-03 -1.28369733E-04 -5.22567953E-04  1.00792676E-03
  2.20000000E-01  1.16775417E-01 -2.29811657E-03 -2.46645336E-03 -5.80710688E-01  4.57809183E-03  4.67462425E-03 -1.08919555E-04 -2.28299948E-03  3.56364070E-03
  2.30000000E-01  1.11994924E-01 -2.23891199E-03 -2.40542236E-03 -4.12110589E-01  5.96903970E-03  6.21992684E-03 -6.70067650E-05 -3.41773251E-03  5.13118506E-03
  2.40000000E-01  1.08716819E-01 -2.17226685E-03 -2.33549658E-03 -2.86713969E-01  6.27162200E-03  6.59731475E-03 -3.83459306E-05 -3.83798676E-03  5.67877161E-03
  2.50000000E-01  1.06476662E-01 -2.10803772E-03 -2.26763649E-03 -1.97452794E-01  5.86548940E-03  6.21183616E-03 -1.82578100E-05 -3.77425338E-03  5.53273095E-03
  2.60000000E-01  1.04948440E-01 -2.05141349E-03 -2.20744552E-03 -1.35319985E-01  5.10396227E-03  5.43634293E-03 -4.99129679E-06 -3.43438560E-03  4.99787484E-03
  2.70000000E-01  1.03905904E-01 -2.00418150E-03 -2.15695956E-03 -9.25636240E-02  4.23170677E-03  4.53127122E-03  3.21842431E-06 -2.97101058E-03  4.29617527E-03
  2.80000000E-01  1.03194050E-01 -1.96622571E-03 -2.11617220E-03 -6.33050866E-02  3.39115867E-03  3.65004008E-03  7.85574444E-06 -2.48122840E-03  3.56725004E-03
  2.90000000E-01  1.02707292E-01 -1.93651687E-03 -2.08407796E-03 -4.33291445E-02  2.65116354E-03  2.86837052E-03  1.00767620E-05 -2.01967256E-03  2.88813725E-03
  3.00000000E-01  1.02373880E-01 -1.91370521E-03 -2.05930260E-03 -2.96964552E-02  2.03482448E-03  2.21321352E-03  1.07378851E-05 -1.61244500E-03  2.29427493E-03
  3.10000000E-01  1.02145079E-01 -1.89643866E-03 -2.04044625E-03 -2.03866137E-02  1.54012371E-03  1.68436730E-03  1.04498308E-05 -1.26815083E-03  1.79596360E-03
  3.20000000E-01  1.01987762E-01 -1.88351092E-03 -2.02624681E-03 -1.40208183E-02  1.15323997E-03  1.26856776E-03  9.63263296E-06 -9.85582722E-04  1.38970893E-03
  3.30000000E-01  1.01879383E-01 -1.87391294E-03 -2.01564013E-03 -9.66111963E-03  8.56331641E-04  9.47815598E-04  8.56451774E-06 -7.58661243E-04  1.06541750E-03
  3.40000000E-01  1.01804570E-01 -1.86683417E-03 -2.00776573E-03 -6.67004055E-03  6.31648617E-04  7.03844767E-04  7.42184789E-06 -5.79409925E-04  8.10656494E-04
  3.50000000E-01  1.01752825E-01 -1.86164110E-03 -2.00194714E-03 -4.61414227E-03  4.63417183E-04  5.20227511E-04  6.31019245E-06 -4.39626390E-04  6.12990756E-04
  3.60000000E-01  1.01716963E-01 -1.85784808E-03 -1.99766295E-03 -3.19837799E-03  3.38476086E-04  3.83136648E-04  5.28744376E-06 -3.31735366E-04  4.61132221E-04
  3.70000000E-01  1.01692058E-01 -1.85508803E-03 -1.99451704E-03 -2.22159295E-03  2.46271373E-04  2.81406040E-04  4.38047275E-06 -2.49153428E-04  3.45393745E-04
  3.80000000E-01  1.01674726E-01 -1.85308634E-03 -1.99221163E-03 -1.54640354E-03  1.78563830E-04  2.06266473E-04  3.59680541E-06 -1.86378244E-04  2.57760101E-04
  3.90000000E-01  1.01662638E-01 -1.85163924E-03 -1.99052466E-03 -1.07880641E-03  1.29041915E-04  1.50965345E-04  2.93258021E-06 -1.38933997E-04  1.91766374E-04
  4.00000000E-01  1.01654188E-01 -1.85059643E-03 -1.98929152E-03 -7.54360079E-04  9.29368487E-05  1.10376633E-04  2.37780963E-06 -1.03251355E-04  1.42294758E-04
  4.10000000E-01  1.01648267E-01 -1.84984758E-03 -1.98839069E-03 -5.28806261E-04  6.66816991E-05  8.06496739E-05  1.91974837E-06 -7.65264634E-05  1.05351126E-04
  4.20000000E-01  1.01644106E-01 -1.84931204E-03 -1.98773283E-03 -3.71692805E-04  4.76286650E-05  5.89136157E-05  1.54496163E-06 -5.65826092E-05  7.78528510E-05
  4.30000000E-01  1.01641175E-01 -1.84893102E-03 -1.98725238E-03 -2.62029442E-04  3.38306799E-05  4.30392528E-05  1.24052686E-06 -4.17458412E-05  5.74418826E-05
  4.40000000E-01  1.01639103E-01 -1.84866170E-03 -1.98690136E-03 -1.85322334E-04  2.38625401E-05  3.14570749E-05  9.94665946E-07 -3.07387255E-05  4.23274650E-05
  4.50000000E-01  1.01637633E-01 -1.84847292E-03 -1.98664470E-03 -1.31546194E-04  1.66822616E-05  2.30147794E-05  7.97017849E-07 -2.25926279E-05  3.11577754E-05
  4.60000000E-01  1.01636587E-01 -1.84834200E-03 -1.98645676E-03 -9.37547516E-05  1.15232530E-05  1.68654856E-05  6.38693718E-07 -1.65769955E-05  2.29174297E-05
  4.70000000E-01  1.01635838E-01 -1.84825256E-03 -1.98631885E-03 -6.71270145E-05  7.82947476E-06  1.23885292E-05  5.12210395E-07 -1.21433354E-05  1.68469559E-05
  4.80000000E-01  1.01635300E-01 -1.84819273E-03 -1.98621735E-03 -4.83112672E-05  5.19373137E-06  9.13214255E-06  4.11354775E-07 -8.88143825E-06  1.23803307E-05
  4.90000000E-01  1.01634911E-01 -1.84815398E-03 -1.98614231E-03 -3.49733867E-05  3.32215597E-06  6.76178851E-06  3.31027919E-07 -6.48555031E-06  9.09700064E-06
  5.00000000E-01  1.01634628E-01 -1.84813011E-03 -1.98608655E-03 -2.54850953E-05  2.00283338E-06  5.03229880E-06  2.67082570E-07 -4.72843780E-06  6.68531493E-06
