  0.00000000E+00  0.00000000E+00  0.00000000E+00  0.00000000E+00  1.90257477E+00  2.49017077E-04  4.12928357E-04  2.37679203E-04  8.64724209E-05 -4.40339229E-04
  1.00000000E-02  1.90257477E-02  2.49017077E-06  4.12928357E-06  1.40981596E+00  5.45991428E-03  1.76925994E-02  2.59506555E-04  4.98443129E-03 -1.14863296E-02
  2.00000000E-02  3.06601132E-02  8.31437996E-05  2.67453632E-04  1.08361687E+00  7.28238118E-03  2.48594194E-02  2.90594267E-04  7.07980185E-03 -1.61603078E-02
  3.00000000E-02  3.98652865E-02  1.65079946E-04  5.51881926E-04  8.51639356E-01  7.88249761E-03  2.80586180E-02  3.26173331E-04  8.05508615E-03 -1.83408367E-02
  4.00000000E-02  4.72217925E-02  2.46905504E-04  8.48464098E-04  6.96311521E-01  7.57127542E-03  2.81793779E-02  3.59243785E-04  8.18052454E-03 -1.85699438E-02
  5.00000000E-02  5.34082685E-02  3.21062147E-04  1.13086168E-03  5.95839733E-01  6.82701762E-03  2.66060012E-02  3.81851591E-04  7.79356362E-03 -1.76812742E-02
  6.00000000E-02  5.88643069E-02  3.85611035E-04  1.38905480E-03  5.32199966E-01  5.98895060E-03  2.44010695E-02  3.91515849E-04  7.20325448E-03 -1.63458481E-02
  7.00000000E-02  6.38681077E-02  4.41310205E-04  1.62204084E-03  4.92403689E-01  5.23803569E-03  2.21941906E-02  3.89590028E-04  6.59316274E-03 -1.49696135E-02
  8.00000000E-02  6.85931632E-02  4.89935988E-04  1.83294835E-03  4.67705675E-01  4.64022216E-03  2.02810082E-02  3.79233339E-04  6.05477920E-03 -1.37529487E-02
  9.00000000E-02  7.31467299E-02  5.33349142E-04  2.02619252E-03  4.52441050E-01  4.19747435E-03  1.87519391E-02  3.64038127E-04  5.62020342E-03 -1.27654976E-02
  1.00000000E-01  7.75948173E-02  5.73110146E-04  2.20606657E-03  4.43023967E-01  3.88398859E-03  1.75914395E-02  3.47059237E-04  5.28962604E-03 -1.20072670E-02
  1.10000000E-01  8.19779715E-02  6.10382603E-04  2.37617846E-03  4.37216311E-01  3.66718134E-03  1.67405045E-02  3.30432789E-04  5.04898822E-03 -1.14471710E-02
  1.20000000E-01  8.63210964E-02  6.45970381E-04  2.53932883E-03  4.33632806E-01  3.51758302E-03  1.61306328E-02  3.15421852E-04  4.87993004E-03 -1.10450939E-02
  1.30000000E-01  9.06395069E-02  6.80398219E-04  2.69758580E-03  4.31419955E-01  3.41216576E-03  1.56995459E-02  3.02603857E-04  4.76491124E-03 -1.07627219E-02
  1.40000000E-01  9.49426422E-02  7.13992790E-04  2.85242583E-03  4.30052870E-01  3.33446140E-03  1.53966672E-02  2.92093024E-04  4.68919812E-03 -1.05678708E-02
  1.50000000E-01  9.92363355E-02  7.46948883E-04  3.00487811E-03  4.29208751E-01  3.27340496E-03  1.51835326E-02  2.83733389E-04  4.64129735E-03 -1.04353844E-02
  1.60000000E-01  1.03524202E-01  7.79377650E-04  3.15564776E-03  4.28688835E-01  3.22191934E-03  1.50321113E-02  2.77237745E-04  4.61266967E-03 -1.03464891E-02
  1.70000000E-01  1.07808491E-01  8.11339415E-04  3.30521177E-03  4.28370483E-01  3.17566675E-03  1.49225676E-02  2.72278208E-04  4.59718131E-03 -1.02876184E-02
  1.80000000E-01  1.12090604E-01  8.42864820E-04  3.45388972E-03  4.28177828E-01  3.13209323E-03  1.48411569E-02  2.68538363E-04  4.59053500E-03 -1.02491934E-02
  1.90000000E-01  1.16371419E-01  8.73967885E-04  3.60189424E-03  4.28063801E-01  3.08975709E-03  1.47784990E-02  2.65739476E-04  4.58977703E-03 -1.02245659E-02
  2.00000000E-01  1.20651487E-01  9.04653775E-04  3.74936594E-03 -9.82495778E-01 -1.25772218E-03 -2.20602295E-03 -1.37524927E-05 -6.51257373E-04  1.30767239E-03
  2.10000000E-01  1.03773731E-01  8.70339157E-04  3.64238310E-03 -7.64388460E-01 -2.55088877E-03 -6.97850691E-03 -9.73393847E-07 -1.98107302E-03  4.46549002E-03
  2.20000000E-01  9.72203834E-02  8.38364436E-04  3.54873561E-03 -5.37433492E-01 -3.05472075E-03 -1.05174178E-02 -5.62971353E-05 -3.24512257E-03  6.97271831E-03
  2.30000000E-01  9.29808233E-02  8.05298069E-04  3.42586688E-03 -3.58151565E-01 -3.19328892E-03 -1.18969347E-02 -8.33250998E-05 -3.66708462E-03  7.95511854E-03
  2.40000000E-01  9.02957173E-02  7.72672339E-04  3.29999995E-03 -2.31505642E-01 -2.84607171E-03 -1.13814538E-02 -1.06635836E-04 -3.53437734E-03  7.69429676E-03
  2.50000000E-01  8.86138905E-02  7.45947708E-04  3.18876281E-03 -1.46896470E-01 -2.28512550E-03 -9.82063383E-03 -1.19942534E-04 -3.07386317E-03  6.71640710E-03
  2.60000000E-01  8.75679717E-02  7.25901184E-04  3.09836058E-03 -9.21707925E-02 -1.69724899E-03 -7.90065827E-03 -1.22797135E-04 -2.49368233E-03  5.47164647E-03
  2.70000000E-01  8.69198921E-02  7.11868076E-04  3.02895387E-03 -5.74599155E-02 -1.18518215E-03 -6.04485990E-03 -1.16966948E-04 -1.92443761E-03  4.24319800E-03
  2.80000000E-01  8.65188473E-02  7.02576589E-04  2.97778426E-03 -3.57040617E-02 -7.86045241E-04 -4.45561364E-03 -1.05249394E-04 -1.43084964E-03  3.17250982E-03
  2.90000000E-01  8.62705860E-02  6.96711821E-04  2.94117436E-03 -2.21623842E-02 -4.98312534E-04 -3.19217584E-03 -9.04654605E-05 -1.03391685E-03  2.30694290E-03
  3.00000000E-01  8.61166705E-02  6.93167359E-04  2.91556979E-03 -1.37638950E-02 -3.03116060E-04 -2.23717850E-03 -7.48992098E-05 -7.30579965E-04  1.64174483E-03
  3.10000000E-01  8.60210240E-02  6.91112181E-04  2.89797299E-03 -8.56203833E-03 -1.77296811E-04 -1.54101840E-03 -6.01155349E-05 -5.07126087E-04  1.14872397E-03
  3.20000000E-01  8.59614129E-02  6.89968309E-04  2.88604361E-03 -5.33922158E-03 -9.98634690E-05 -1.04704868E-03 -4.70095548E-05 -3.46987072E-04  7.93034366E-04
  3.30000000E-01  8.59241348E-02  6.89356841E-04  2.87804297E-03 -3.33976408E-03 -5.43070007E-05 -7.03676258E-04 -3.59580529E-05 -2.34632577E-04  5.41650605E-04
  3.40000000E-01  8.59007345E-02  6.89041554E-04  2.87272307E-03 -2.09662643E-03 -2.87450699E-05 -4.68756083E-04 -2.69891768E-05 -1.57109810E-04  3.66804507E-04
  3.50000000E-01  8.58859839E-02  6.88881913E-04  2.86921011E-03 -1.32165179E-03 -1.51605798E-05 -3.10022300E-04 -1.99281117E-05 -1.04330662E-04  2.46713463E-04
  3.60000000E-01  8.58766422E-02  6.88798229E-04  2.86690355E-03 -8.37049792E-04 -8.42122099E-06 -2.03811624E-04 -1.45045482E-05 -6.87854137E-05  1.65048815E-04
  3.70000000E-01  8.58706947E-02  6.88747714E-04  2.86539649E-03 -5.32996882E-04 -5.39762132E-06 -1.33291652E-04 -1.04231037E-05 -4.50597520E-05  1.09954128E-04
  3.80000000E-01  8.58668850E-02  6.88708856E-04  2.86441617E-03 -3.41522293E-04 -4.25179609E-06 -8.67624738E-05 -7.40415831E-06 -2.93414109E-05  7.30190685E-05
  3.90000000E-01  8.58644272E-02  6.88672067E-04  2.86378120E-03 -2.20456105E-04 -3.97482935E-06 -5.62106017E-05 -5.20381300E-06 -1.89942006E-05  4.83820382E-05
  4.00000000E-01  8.58628280E-02  6.88633703E-04  2.86337185E-03 -1.43564935E-04 -4.02380386E-06 -3.62188658E-05 -3.62050180E-06 -1.22206897E-05  3.20128900E-05
  4.10000000E-01  8.58617768E-02  6.88593220E-04  2.86310962E-03 -9.44825006E-05 -4.14338067E-06 -2.31686226E-05 -2.49397996E-06 -7.80898433E-06  2.11699367E-05
  4.20000000E-01  8.58610774E-02  6.88551189E-04  2.86294318E-03 -6.29681173E-05 -4.21105408E-06 -1.46739853E-05 -1.70053671E-06 -4.94931045E-06  1.40035743E-05
  4.30000000E-01  8.58606052E-02  6.88508740E-04  2.86283892E-03 -4.25948603E-05 -4.19305203E-06 -9.16570632E-06 -1.14684745E-06 -3.10453309E-06  9.27431223E-06
  4.40000000E-01  8.58602812E-02  6.88466899E-04  2.86277480E-03 -2.93168094E-05 -4.08542072E-06 -5.61195079E-06 -7.63811729E-07 -1.92052216E-06  6.15592378E-06
  4.50000000E-01  8.58600544E-02  6.88426583E-04  2.86273645E-03 -2.05788390E-05 -3.90311850E-06 -3.33537786E-06 -5.01052630E-07 -1.16498876E-06  4.09999039E-06
  4.60000000E-01  8.58598923E-02  6.88388463E-04  2.86271448E-03 -1.47618938E-05 -3.66944459E-06 -1.89094423E-06 -3.22319437E-07 -6.86226953E-07  2.74372037E-06
  4.70000000E-01  8.58597738E-02  6.88352937E-04  2.86270279E-03 -1.08363354E-05 -3.40640658E-06 -9.85210919E-07 -2.01815646E-07 -3.85534752E-07  1.84775658E-06
  4.80000000E-01  8.58596850E-02  6.88320189E-04  2.86269747E-03 -8.14474603E-06 -3.13023873E-06 -4.25967154E-07 -1.21361786E-07 -1.98915220E-07  1.25450577E-06
  4.90000000E-01  8.58596170E-02  6.88290267E-04  2.86269601E-03 -6.26546937E-06 -2.85237336E-06 -8.76714731E-08 -6.82555964E-08 -8.50086687E-08  8.60367201E-07
  5.00000000E-01  8.58595638E-02  6.88263133E-04  2.86269682E-03 -4.92666512E-06 -2.58050244E-06  1.11883385E-07 -3.36903631E-08 -1.71708968E-08  5.97305259E-07
