  0.00000000E+00  0.00000000E+00  0.00000000E+00  0.00000000E+00  1.90257480E+00  2.49030151E-04  4.12927561E-04  2.37702552E-04  8.64615588E-05 -4.40366946E-04
  1.00000000E-02  1.90257480E-02  2.49030151E-06  4.12927561E-06  1.47651510E+00  6.46093089E-03  3.47923123E-03  1.63708006E-04  1.33833853E-02 -7.16214679E-03
  2.00000000E-02  3.16606005E-02  9.81591140E-05  5.42531063E-05  1.18108571E+00  9.43280289E-03  4.81456880E-03  8.22817045E-05  2.01441304E-02 -1.04842328E-02
  3.00000000E-02  4.19943106E-02  2.07346503E-04  1.09075482E-04  9.64865035E-01  1.09681276E-02  5.44342264E-03  2.45828453E-05  2.39210501E-02 -1.23076739E-02
  4.00000000E-02  5.05618576E-02  3.24704402E-04  1.66653978E-04  8.13300101E-01  1.13463357E-02  5.49387510E-03 -1.44301436E-05  2.52814261E-02 -1.29213796E-02
  5.00000000E-02  5.79370339E-02  4.40058799E-04  2.21844991E-04  7.09429147E-01  1.10291688E-02  5.21534938E-03 -3.95925497E-05  2.51022943E-02 -1.27663877E-02
  6.00000000E-02  6.45119707E-02  5.48764653E-04  2.72605856E-04  6.39090901E-01  1.03859377E-02  4.80269331E-03 -5.43243360E-05  2.41156174E-02 -1.22175723E-02
  7.00000000E-02  7.05511884E-02  6.49407875E-04  3.18569509E-04  5.91749896E-01  9.65298441E-03  4.37648753E-03 -6.16641531E-05  2.28105447E-02 -1.15226964E-02
  8.00000000E-02  7.62319824E-02  7.42272953E-04  3.60203355E-04  5.59972956E-01  8.95831804E-03  3.99682022E-03 -6.40601057E-05  2.14736721E-02 -1.08252667E-02
  9.00000000E-02  8.16728272E-02  8.28382801E-04  3.98273221E-04  5.38657535E-01  8.35825971E-03  3.68505436E-03 -6.33485484E-05  2.02521344E-02 -1.01971405E-02
  1.00000000E-01  8.69528255E-02  9.08965107E-04  4.33564935E-04  5.24351847E-01  7.86770606E-03  3.44162845E-03 -6.08754339E-05  1.92065864E-02 -9.66598883E-03
  1.10000000E-01  9.21248155E-02  9.85189399E-04  4.66764090E-04  5.14738515E-01  7.48046770E-03  3.25743195E-03 -5.75610823E-05  1.83486778E-02 -9.23499322E-03
  1.20000000E-01  9.72241340E-02  1.05805788E-03  4.98417427E-04  5.08267352E-01  7.18159913E-03  3.12049645E-03 -5.39981006E-05  1.76650705E-02 -8.89522123E-03
  1.30000000E-01  1.02274452E-01  1.12837953E-03  5.28937714E-04  5.03902628E-01  6.95407320E-03  3.01929967E-03 -5.05377108E-05  1.71318810E-02 -8.63301632E-03
  1.40000000E-01  1.07291654E-01  1.19678263E-03  5.58624727E-04  5.00952190E-01  6.78201002E-03  2.94411320E-03 -4.73675545E-05  1.67227013E-02 -8.43396095E-03
  1.50000000E-01  1.12286424E-01  1.26374242E-03  5.87689927E-04  4.98953006E-01  6.65194696E-03  2.88730995E-03 -4.45682376E-05  1.64126452E-02 -8.28481109E-03
  1.60000000E-01  1.17265958E-01  1.32961157E-03  6.16279010E-04  4.97594850E-01  6.55308907E-03  2.84319445E-03 -4.21546416E-05  1.61800842E-02 -8.17426444E-03
  1.70000000E-01  1.22235116E-01  1.39464817E-03  6.44490377E-04  4.96669505E-01  6.47708750E-03  2.80765963E-03 -4.01044819E-05  1.60071173E-02 -8.09310366E-03
  1.80000000E-01  1.27197184E-01  1.45903904E-03  6.72389299E-04  4.96036952E-01  6.41764437E-03  2.77782188E-03 -3.83771432E-05  1.58794002E-02 -8.03403828E-03
  1.90000000E-01  1.32154391E-01  1.52291827E-03  7.00018329E-04  4.95602850E-01  6.37009347E-03  2.75169977E-03 -3.69254673E-05  1.57856998E-02 -7.99142636E-03
  2.00000000E-01  1.37108249E-01  1.58638145E-03  7.27404716E-04 -9.80978140E-01  2.27609127E-04 -4.10191129E-04 -2.25101240E-04  2.31320252E-03 -7.77703239E-04
  2.10000000E-01  1.19915563E-01  1.55794512E-03  7.07493350E-04 -7.84059549E-01 -1.78252176E-03 -1.39431931E-03 -1.27507102E-04 -2.30819360E-03  1.52805979E-03
  2.20000000E-01  1.13059560E-01  1.53006925E-03  6.88629516E-04 -5.74014672E-01 -3.33630936E-03 -1.88186529E-03 -1.01757133E-04 -6.33579545E-03  3.47788661E-03
  2.30000000E-01  1.08369638E-01  1.48893722E-03  6.67373134E-04 -4.03137679E-01 -4.14597907E-03 -2.10593830E-03 -5.19598122E-05 -8.60730974E-03  4.54552097E-03
  2.40000000E-01  1.05192646E-01  1.44342908E-03  6.45193386E-04 -2.77068022E-01 -4.23434262E-03 -1.99845478E-03 -1.95084219E-05 -9.24942715E-03  4.79605278E-03
  2.50000000E-01  1.03052314E-01  1.40064383E-03  6.25746255E-04 -1.88263294E-01 -3.87632270E-03 -1.71420078E-03  1.73633077E-06 -8.80721465E-03  4.51105562E-03
  2.60000000E-01  1.01613705E-01  1.36367071E-03  6.10025518E-04 -1.27187018E-01 -3.30972795E-03 -1.36967740E-03  1.43286764E-05 -7.79044066E-03  3.95065400E-03
  2.70000000E-01  1.00647216E-01  1.33340640E-03  5.98051361E-04 -8.57096961E-02 -2.69500507E-03 -1.03728993E-03  2.07216216E-05 -6.56074093E-03  3.29733903E-03
  2.80000000E-01  9.99975056E-02  1.30952996E-03  5.89340399E-04 -5.77241772E-02 -2.12190708E-03 -7.52301140E-04  2.29527999E-05 -5.33711492E-03  2.65971352E-03
  2.90000000E-01  9.95601914E-02  1.29117638E-03  5.83242331E-04 -3.88972026E-02 -1.63045707E-03 -5.25556169E-04  2.25873177E-05 -4.23289956E-03  2.09220258E-03
  3.00000000E-01  9.92653542E-02  1.27732906E-03  5.79120494E-04 -2.62423764E-02 -1.23068747E-03 -3.54483127E-04  2.07559024E-05 -3.29344335E-03  1.61485661E-03
  3.10000000E-01  9.90662046E-02  1.26702104E-03  5.76431028E-04 -1.77330648E-02 -9.16941112E-04 -2.30594103E-04  1.82298852E-05 -2.52485982E-03  1.22830141E-03
  3.20000000E-01  9.89314205E-02  1.25942036E-03  5.74744532E-04 -1.20049842E-02 -6.76874066E-04 -1.43874410E-04  1.55040560E-05 -1.91323450E-03  9.23597416E-04
  3.30000000E-01  9.88400111E-02  1.25385195E-03  5.73739387E-04 -8.14325611E-03 -4.96527118E-04 -8.49919653E-05  1.28725808E-05 -1.43634185E-03  6.88152314E-04
  3.40000000E-01  9.87778871E-02  1.24978841E-03  5.73183879E-04 -5.53521462E-03 -3.62850061E-04 -4.61785197E-05  1.04915913E-05 -1.07022354E-03  5.08960680E-04
  3.50000000E-01  9.87355752E-02  1.24682830E-03  5.72916161E-04 -3.77054416E-03 -2.64727269E-04 -2.13935531E-05  8.42734291E-06 -7.92521438E-04  3.74180646E-04
  3.60000000E-01  9.87066931E-02  1.24467164E-03  5.72826151E-04 -2.57419068E-03 -1.93199126E-04 -6.15395723E-06  6.69114901E-06 -5.83891792E-04  2.73746776E-04
  3.70000000E-01  9.86869330E-02  1.24309729E-03  5.72840809E-04 -1.76150972E-03 -1.41299397E-04  2.75384478E-06  5.26345534E-06 -4.28360099E-04  1.99465316E-04
  3.80000000E-01  9.86733813E-02  1.24194379E-03  5.72912887E-04 -1.20833918E-03 -1.03744686E-04  7.56991975E-06  4.10962646E-06 -3.13141337E-04  1.44859644E-04
  3.90000000E-01  9.86640637E-02  1.24109412E-03  5.73012666E-04 -8.31035073E-04 -7.65984557E-05  9.81851101E-06  3.18974575E-06 -2.28229628E-04  1.04917651E-04
  4.00000000E-01  9.86576399E-02  1.24046387E-03  5.73122094E-04 -5.73142947E-04 -5.69656443E-05  1.05137660E-05  2.46430242E-06 -1.65923482E-04  7.58214361E-05
  4.10000000E-01  9.86531979E-02  1.23999237E-03  5.73230708E-04 -3.96487234E-04 -4.27386598E-05  1.03151732E-05  1.89718097E-06 -1.20370399E-04  5.46979166E-05
  4.20000000E-01  9.86501164E-02  1.23963612E-03  5.73332867E-04 -2.75204093E-04 -3.23955230E-05  9.64097035E-06  1.45695718E-06 -8.71674335E-05  3.94055832E-05
  4.30000000E-01  9.86479707E-02  1.23936388E-03  5.73425906E-04 -1.91738043E-04 -2.48394293E-05  8.74863199E-06  1.11718716E-06 -6.30287231E-05  2.83603868E-05
  4.40000000E-01  9.86464707E-02  1.23915327E-03  5.73508930E-04 -1.34150806E-04 -1.92886066E-05  7.79084767E-06  8.56149955E-07 -4.55180784E-05  2.03978731E-05
  4.50000000E-01  9.86454171E-02  1.23898814E-03  5.73582050E-04 -9.43090193E-05 -1.51836164E-05  6.85456002E-06  6.56325982E-07 -3.28389887E-05  1.46663941E-05
  4.60000000E-01  9.86446732E-02  1.23885683E-03  5.73645914E-04 -6.66613080E-05 -1.21222475E-05  5.98429568E-06  5.03782031E-07 -2.36725937E-05  1.05457049E-05
  4.70000000E-01  9.86441449E-02  1.23875091E-03  5.73701406E-04 -4.74115350E-05 -9.81717221E-06  5.20067500E-06  3.87559389E-07 -1.70543264E-05  7.58567529E-06
  4.80000000E-01  9.86437670E-02  1.23866426E-03  5.73749494E-04 -3.39589444E-05 -8.06186640E-06  4.50982347E-06  2.99116548E-07 -1.22809765E-05  5.46059455E-06
  4.90000000E-01  9.86434947E-02  1.23859242E-03  5.73791138E-04 -2.45183071E-05 -6.70802224E-06  3.90917888E-06  2.31844723E-07 -8.84125393E-06  3.93536260E-06
  5.00000000E-01  9.86432967E-02  1.23853211E-03  5.73827227E-04 -1.78617550E-05 -5.64843536E-06  3.39105291E-06  1.80661474E-07 -6.36425986E-06  2.84063408E-06
