  0.00000000E+00  0.00000000E+00  0.00000000E+00  0.00000000E+00  1.90257480E+00  2.49030151E-04  4.12927561E-04  2.37702552E-04  8.64615588E-05 -4.40366946E-04
  1.00000000E-02  1.90257480E-02  2.49030151E-06  4.12927561E-06  1.31737794E+00  3.88784406E-03  2.62579552E-03  1.36239589E-04 -1.61469995E-02  2.93603522E-03
  2.00000000E-02  2.92735431E-02  5.95628116E-05  4.14515706E-05  9.57311723E-01  5.54606790E-03  3.12250593E-03  6.61070847E-05 -2.10521187E-02  4.12159084E-03
  3.00000000E-02  3.70463292E-02  1.23314610E-04  7.51601820E-05  7.11949070E-01  6.35984062E-03  3.14772077E-03  3.42812708E-05 -2.24472049E-02  4.54249800E-03
  4.00000000E-02  4.29390067E-02  1.90981880E-04  1.06763464E-04  5.58803414E-01  6.50205268E-03  2.86370426E-03  3.02659736E-05 -2.12611250E-02  4.39601367E-03
  5.00000000E-02  4.77613125E-02  2.56713467E-04  1.33980424E-04  4.68551771E-01  6.24971101E-03  2.46144808E-03  3.75781166E-05 -1.89428778E-02  3.98259214E-03
  6.00000000E-02  5.19955720E-02  3.17948868E-04  1.56583624E-04  4.17475533E-01  5.82928979E-03  2.07648805E-03  4.74633901E-05 -1.65106906E-02  3.51552381E-03
  7.00000000E-02  5.59149462E-02  3.74139660E-04  1.75423704E-04  3.89402995E-01  5.38114874E-03  1.76899614E-03  5.54061208E-05 -1.44671807E-02  3.10565087E-03
  8.00000000E-02  5.96686134E-02  4.25710442E-04  1.91576206E-04  3.74278129E-01  4.97700594E-03  1.55015954E-03  6.00771349E-05 -1.29543396E-02  2.79028051E-03
  9.00000000E-02  6.33357704E-02  4.73459788E-04  2.05983619E-04  3.66216393E-01  4.64433888E-03  1.40729167E-03  6.17853881E-05 -1.19266678E-02  2.56694007E-03
  1.00000000E-01  6.69576256E-02  5.18239841E-04  2.19342196E-04  3.61922557E-01  4.38613718E-03  1.32054656E-03  6.13870015E-05 -1.12722377E-02  2.41764768E-03
  1.10000000E-01  7.05553820E-02  5.60810205E-04  2.32113936E-04  3.59611507E-01  4.19397203E-03  1.27122742E-03  5.97876776E-05 -1.08765165E-02  2.32194646E-03
  1.20000000E-01  7.41399419E-02  6.01789099E-04  2.44579614E-04  3.58339629E-01  4.05558712E-03  1.24490230E-03  5.76902533E-05 -1.06471017E-02  2.26238164E-03
  1.30000000E-01  7.77169788E-02  6.41653046E-04  2.56897012E-04  3.57616118E-01  3.95874118E-03  1.23166091E-03  5.55607460E-05 -1.05183711E-02  2.22597747E-03
  1.40000000E-01  8.12895224E-02  6.80756228E-04  2.69147414E-04  3.57187443E-01  3.89284699E-03  1.22525677E-03  5.36576305E-05 -1.04476276E-02  2.20387821E-03
  1.50000000E-01  8.48592534E-02  7.19355227E-04  2.81367961E-04  3.56922081E-01  3.84942939E-03  1.22202915E-03  5.20923562E-05 -1.04088843E-02  2.19038873E-03
  1.60000000E-01  8.84271474E-02  7.57632433E-04  2.93572114E-04  3.56750629E-01  3.82202483E-03  1.21998130E-03  5.08851884E-05 -1.03871694E-02  2.18200234E-03
  1.70000000E-01  9.19937965E-02  7.95715658E-04  3.05761688E-04  3.56635358E-01  3.80586331E-03  1.21811166E-03  5.00070061E-05 -1.03742552E-02  2.17662561E-03
  1.80000000E-01  9.55595737E-02  8.33693484E-04  3.17933456E-04  3.56554927E-01  3.79750618E-03  1.21597555E-03  4.94072294E-05 -1.03658037E-02  2.17303313E-03
  1.90000000E-01  9.91247208E-02  8.71626760E-04  3.30082531E-04  3.56496730E-01  3.79451709E-03  1.21341915E-03  4.90305884E-05 -1.03596068E-02  2.17051359E-03
  2.00000000E-01  1.02689397E-01  9.09556985E-04  3.42203941E-04 -9.60263496E-01 -3.49247078E-04 -1.25151813E-03 -1.15953569E-04  5.65485879E-03 -8.33397917E-04
  2.10000000E-01  8.65029610E-02  8.85345694E-04  3.17364073E-04 -7.20476452E-01 -1.45792802E-03 -1.44384808E-03 -2.53695242E-05  9.04466489E-03 -1.49393617E-03
  2.20000000E-01  8.04971317E-02  8.65223009E-04  3.01963943E-04 -4.76255798E-01 -2.47873410E-03 -1.61446519E-03 -2.09003712E-05  1.09538540E-02 -2.10306782E-03
  2.30000000E-01  7.69556770E-02  8.35331637E-04  2.84966205E-04 -2.93078246E-01 -2.87636028E-03 -1.49541802E-03 -4.36279293E-07  1.08512509E-02 -2.17465043E-03
  2.40000000E-01  7.49407823E-02  8.04579904E-04  2.70607261E-04 -1.71992982E-01 -2.82264881E-03 -1.20228747E-03  2.08512886E-06  9.27863682E-03 -1.92657159E-03
  2.50000000E-01  7.38262788E-02  7.76621973E-04  2.60050039E-04 -9.77069136E-02 -2.50203629E-03 -8.60449370E-04 -2.63408593E-06  7.14387807E-03 -1.53231323E-03
  2.60000000E-01  7.32206400E-02  7.53204673E-04  2.53154736E-04 -5.43220632E-02 -2.07498329E-03 -5.53043337E-04 -8.88969585E-06  5.07926089E-03 -1.12763821E-03
  2.70000000E-01  7.28943436E-02  7.34590105E-04  2.49161333E-04 -2.98408221E-02 -1.64379657E-03 -3.16051706E-04 -1.37111519E-05  3.38964158E-03 -7.82709351E-04
  2.80000000E-01  7.27183416E-02  7.20308073E-04  2.47185774E-04 -1.63489097E-02 -1.26092996E-03 -1.53054105E-04 -1.61759053E-05  2.14709555E-03 -5.19442889E-04
  2.90000000E-01  7.26223121E-02  7.09613106E-04  2.46470221E-04 -9.01835783E-03 -9.45584782E-04 -5.16871209E-05 -1.64898573E-05  1.30164428E-03 -3.33094363E-04
  3.00000000E-01  7.25687813E-02  7.01733984E-04  2.46460184E-04 -5.05491889E-03 -6.98230194E-04  4.93472736E-06 -1.52943307E-05  7.60374483E-04 -2.08258912E-04
  3.10000000E-01  7.25380493E-02  6.95988455E-04  2.46792641E-04 -2.90158237E-03 -5.10576205E-04  3.22420602E-05 -1.32665113E-05  4.30752811E-04 -1.28014528E-04
  3.20000000E-01  7.25198001E-02  6.91820963E-04  2.47251598E-04 -1.71435096E-03 -3.71483214E-04  4.20297748E-05 -1.09434940E-05  2.38298686E-04 -7.79875310E-05
  3.30000000E-01  7.25085928E-02  6.88801596E-04  2.47720834E-04 -1.04418232E-03 -2.70020427E-04  4.23360154E-05 -8.68022771E-06  1.29850850E-04 -4.74548664E-05
  3.40000000E-01  7.25015018E-02  6.86608706E-04  2.48145726E-04 -6.54447471E-04 -1.96776681E-04  3.81655454E-05 -6.67184615E-06  7.04807824E-05 -2.90495159E-05
  3.50000000E-01  7.24969060E-02  6.85007158E-04  2.48506529E-04 -4.20392860E-04 -1.44216256E-04  3.23837920E-05 -4.99737605E-06  3.86552053E-05 -1.79955662E-05
  3.60000000E-01  7.24938723E-02  6.83827797E-04  2.48801458E-04 -2.75479168E-04 -1.06575593E-04  2.64849329E-05 -3.66280048E-06  2.17756874E-05 -1.13260461E-05
  3.70000000E-01  7.24918421E-02  6.82950245E-04  2.49036813E-04 -1.83396539E-04 -7.95813498E-05  2.11521499E-05 -2.63482475E-06  1.27931297E-05 -7.25386485E-06
  3.80000000E-01  7.24904686E-02  6.82289402E-04  2.49221671E-04 -1.23683876E-04 -6.01332627E-05  1.66255757E-05 -1.86384695E-06  7.91221966E-06 -4.72451641E-06
  3.90000000E-01  7.24895303E-02  6.81785310E-04  2.49365294E-04 -8.43746184E-05 -4.60169346E-05  1.29249741E-05 -1.29779577E-06  5.15403466E-06 -3.12218495E-06
  4.00000000E-01  7.24888831E-02  6.81395723E-04  2.49476040E-04 -5.82088102E-05 -3.56695576E-05  9.97470930E-06 -8.89337669E-07  3.51091818E-06 -2.08718803E-06
  4.10000000E-01  7.24884318E-02  6.81090764E-04  2.49561036E-04 -4.06407148E-05 -2.80186079E-05  7.66479404E-06 -5.98813156E-07  2.47545466E-06 -1.40724548E-06
  4.20000000E-01  7.24881133E-02  6.80848833E-04  2.49626134E-04 -2.87552808E-05 -2.23061398E-05  5.88511081E-06 -3.94711085E-07  1.79011548E-06 -9.54628738E-07
  4.30000000E-01  7.24878851E-02  6.80654333E-04  2.49676087E-04 -2.06522414E-05 -1.79975746E-05  4.53454059E-06 -2.52913164E-07  1.31978246E-06 -6.50532167E-07
  4.40000000E-01  7.24877191E-02  6.80495901E-04  2.49714680E-04 -1.50801014E-05 -1.47078556E-05  3.52295505E-06 -1.55457894E-07  9.89235227E-07 -4.45016493E-07
  4.50000000E-01  7.24875962E-02  6.80365271E-04  2.49744851E-04 -1.12095343E-05 -1.21624292E-05  2.77048019E-06 -8.92391789E-08  7.53376779E-07 -3.05654446E-07
  4.60000000E-01  7.24875034E-02  6.80256373E-04  2.49768794E-04 -8.48887414E-06 -1.01654810E-05  2.21034656E-06 -4.48398733E-08  5.83224367E-07 -2.10977165E-07
  4.70000000E-01  7.24874322E-02  6.80164703E-04  2.49788097E-04 -6.55007422E-06 -8.57508798E-06  1.78984169E-06 -1.55712797E-08  4.59202705E-07 -1.46579403E-07
  4.80000000E-01  7.24873764E-02  6.80086904E-04  2.49803892E-04 -5.14695865E-06 -7.28780700E-06  1.46964293E-06  3.27638122E-09  3.67730352E-07 -1.02719975E-07
  4.90000000E-01  7.24873319E-02  6.80020463E-04  2.49816988E-04 -4.11428779E-06 -6.23100324E-06  1.22153541E-06  1.49976186E-08  2.99293149E-07 -7.27880514E-08
  5.00000000E-01  7.24872959E-02  6.79963437E-04  2.49827963E-04 -3.34064963E-06 -5.35326581E-06  1.02629651E-06  2.18851646E-08  2.47226913E-07 -5.22942023E-08
