  0.00000000E+00  0.00000000E+00  0.00000000E+00  0.00000000E+00  1.90257477E+00  2.49017077E-04  4.12928357E-04  2.37679203E-04  8.64724209E-05 -4.40339229E-04
  1.00000000E-02  1.90257477E-02  2.49017077E-06  4.12928357E-06  1.38901276E+00  7.30293321E-03 -3.33218454E-03  1.71926478E-04 -6.84011584E-03 -6.31794315E-03
  2.00000000E-02  3.03480652E-02  1.10789084E-04 -4.79181263E-05  1.05372363E+00  1.02257906E-02 -4.98786701E-03  1.15179702E-04 -9.76516646E-03 -8.76169639E-03
  3.00000000E-02  3.92088558E-02  2.27661277E-04 -1.06075209E-04  8.17350145E-01  1.15376297E-02 -5.77584011E-03  8.27485993E-05 -1.11305871E-02 -9.88641099E-03
  4.00000000E-02  4.62004899E-02  3.49596769E-04 -1.67773475E-04  6.61296509E-01  1.15747075E-02 -5.88714948E-03  6.75446406E-05 -1.12739950E-02 -9.98233658E-03
  5.00000000E-02  5.20331868E-02  4.65529232E-04 -2.27201517E-04  5.62248918E-01  1.09092910E-02 -5.61799198E-03  6.09077177E-05 -1.07183585E-02 -9.48321384E-03
  6.00000000E-02  5.71604380E-02  5.71295060E-04 -2.82035649E-04  5.00946571E-01  9.98771489E-03 -5.19031594E-03  5.81304537E-05 -9.88575434E-03 -8.75049733E-03
  7.00000000E-02  6.18633920E-02  6.66564328E-04 -3.31800428E-04  4.63636244E-01  9.07504835E-03 -4.73934083E-03  5.65644772E-05 -9.03058685E-03 -8.00084263E-03
  8.00000000E-02  6.63132028E-02  7.52751479E-04 -3.76938961E-04  4.41179963E-01  8.29451713E-03 -4.33235107E-03  5.51147009E-05 -8.27782400E-03 -7.34117562E-03
  9.00000000E-02  7.06127210E-02  8.31793994E-04 -4.18227523E-04  4.27760765E-01  7.68169742E-03 -3.99399309E-03  5.35563031E-05 -7.67045777E-03 -6.80895640E-03
  1.00000000E-01  7.48232327E-02  9.05546870E-04 -4.56475664E-04  4.19774855E-01  7.22728671E-03 -3.72594236E-03  5.19919142E-05 -7.20727436E-03 -6.40324223E-03
  1.10000000E-01  7.89810517E-02  9.75547684E-04 -4.92394834E-04  4.15029942E-01  6.90408378E-03 -3.51950261E-03  5.05426776E-05 -6.86760363E-03 -6.10628704E-03
  1.20000000E-01  8.31076265E-02  1.04297251E-03 -5.26557661E-04  4.12208660E-01  6.68153528E-03 -3.36275441E-03  4.93172761E-05 -6.62565618E-03 -5.89551394E-03
  1.30000000E-01  8.72156067E-02  1.10867512E-03 -5.59401464E-04  4.10525884E-01  6.53239641E-03 -3.24406315E-03  4.83698362E-05 -6.45710056E-03 -5.74956931E-03
  1.40000000E-01  9.13124517E-02  1.17325339E-03 -5.91248640E-04  4.09516198E-01  6.43491478E-03 -3.15351436E-03  4.77073450E-05 -6.34167107E-03 -5.65063874E-03
  1.50000000E-01  9.54025652E-02  1.23711513E-03 -6.22331039E-04  4.08904567E-01  6.37283779E-03 -3.08326330E-03  4.73048199E-05 -6.26367612E-03 -5.58489151E-03
  1.60000000E-01  9.94885527E-02  1.30053312E-03 -6.52812417E-04  4.08528671E-01  6.33454494E-03 -3.02739169E-03  4.71166795E-05 -6.21152654E-03 -5.54207284E-03
  1.70000000E-01  1.03571960E-01  1.36368710E-03 -6.82806976E-04  4.08292699E-01  6.31198261E-03 -2.98157339E-03  4.70944764E-05 -6.17693849E-03 -5.51482837E-03
  1.80000000E-01  1.07653707E-01  1.42669412E-03 -7.12393618E-04  4.08140032E-01  6.29969644E-03 -2.94271654E-03  4.71946839E-05 -6.15413216E-03 -5.49801761E-03
  1.90000000E-01  1.11734344E-01  1.48962965E-03 -7.41626499E-04  4.08037142E-01  6.29405610E-03 -2.90864770E-03  4.73816539E-05 -6.13914901E-03 -5.48811853E-03
  2.00000000E-01  1.15814201E-01  1.55254201E-03 -7.70542632E-04 -9.80176330E-01 -1.31318438E-03 -2.06129291E-04 -1.49718292E-04  7.56849304E-04  8.95931966E-04
  2.10000000E-01  9.90713704E-02  1.50137397E-03 -7.59091333E-04 -7.57098997E-01 -3.29969153E-03  1.00923989E-03 -7.55191160E-05  2.66980006E-03  2.58592129E-03
  2.20000000E-01  9.26157671E-02  1.45844451E-03 -7.42922088E-04 -5.24151726E-01 -4.84834940E-03  1.70241577E-03 -6.95892915E-05  4.26846874E-03  3.87578105E-03
  2.30000000E-01  8.85389862E-02  1.40221773E-03 -7.22432051E-04 -3.42827216E-01 -5.32767848E-03  2.12945732E-03 -4.34884900E-05  4.86521088E-03  4.36258906E-03
  2.40000000E-01  8.60173366E-02  1.34654430E-03 -6.99002270E-04 -2.16470916E-01 -5.00905546E-03  2.14925124E-03 -3.00149854E-05  4.69166994E-03  4.18145803E-03
  2.50000000E-01  8.44844089E-02  1.29804686E-03 -6.77410788E-04 -1.33618390E-01 -4.25970306E-03  1.93345019E-03 -2.24674137E-05  4.07446765E-03  3.62346340E-03
  2.60000000E-01  8.35624876E-02  1.25919659E-03 -6.59155292E-04 -8.12425867E-02 -3.38079182E-03  1.61527970E-03 -1.79611475E-05  3.29685103E-03  2.93037040E-03
  2.70000000E-01  8.30119408E-02  1.22978323E-03 -6.44593347E-04 -4.89062183E-02 -2.55273949E-03  1.28245851E-03 -1.47720840E-05  2.53552207E-03  2.25432978E-03
  2.80000000E-01  8.26845605E-02  1.20839610E-03 -6.33432868E-04 -2.92539859E-02 -1.85734569E-03  9.81761754E-04 -1.21030122E-05  1.87736881E-03  1.67022078E-03
  2.90000000E-01  8.24902818E-02  1.19329961E-03 -6.25118734E-04 -1.74354522E-02 -1.31412749E-03  7.31824041E-04 -9.69526591E-06  1.35007700E-03  1.20190315E-03
  3.00000000E-01  8.23750199E-02  1.18287443E-03 -6.19050182E-04 -1.03763304E-02 -9.10432360E-04  5.34968826E-04 -7.52886373E-06  9.48918938E-04  8.45163128E-04
  3.10000000E-01  8.23065522E-02  1.17578858E-03 -6.14684770E-04 -6.17715850E-03 -6.21080493E-04  3.85577774E-04 -5.64929524E-06  6.54938073E-04  5.83375098E-04
  3.20000000E-01  8.22657765E-02  1.17102453E-03 -6.11575948E-04 -3.68416086E-03 -4.19196261E-04  2.75175907E-04 -4.09052046E-06  4.45494990E-04  3.96640589E-04
  3.30000000E-01  8.22413999E-02  1.16784199E-03 -6.09376198E-04 -2.20450554E-03 -2.81161046E-04  1.95138799E-04 -2.85376690E-06  2.99505040E-04  2.66366090E-04
  3.40000000E-01  8.22267531E-02  1.16572056E-03 -6.07824995E-04 -1.32530349E-03 -1.88192862E-04  1.37909158E-04 -1.91172241E-06  1.99482231E-04  1.77077004E-04
  3.50000000E-01  8.22178961E-02  1.16430347E-03 -6.06732052E-04 -8.01664805E-04 -1.26254157E-04  9.73782958E-05 -1.22044532E-06  1.31887642E-04  1.16750704E-04
  3.60000000E-01  8.22124976E-02  1.16335062E-03 -6.05960923E-04 -4.88720616E-04 -8.52869581E-05  6.88519143E-05 -7.30564766E-07  8.67075450E-05  7.64672978E-05
  3.70000000E-01  8.22091751E-02  1.16270259E-03 -6.05415036E-04 -3.00851360E-04 -5.82900874E-05  4.88416082E-05 -3.94992671E-07  5.67739102E-05  4.98248302E-05
  3.80000000E-01  8.22071060E-02  1.16225467E-03 -6.05026672E-04 -1.87434896E-04 -4.05003817E-05  3.48161741E-05 -1.73069080E-07  3.70795650E-05  3.23419882E-05
  3.90000000E-01  8.22057987E-02  1.16193862E-03 -6.04748637E-04 -1.18497454E-04 -2.87371842E-05  2.49716860E-05 -3.20070964E-08  2.41919309E-05  2.09423964E-05
  4.00000000E-01  8.22049584E-02  1.16171006E-03 -6.04548143E-04 -7.62497885E-05 -2.09037073E-05  1.80393361E-05  5.32916616E-08  1.57923182E-05  1.35466517E-05
  4.10000000E-01  8.22044071E-02  1.16154019E-03 -6.04402411E-04 -5.01014515E-05 -1.56315572E-05  1.31361985E-05  1.01269280E-07  1.03327217E-05  8.76673813E-06
  4.20000000E-01  8.22040369E-02  1.16141023E-03 -6.04295565E-04 -3.37239512E-05 -1.20368016E-05  9.65161915E-06  1.25022212E-07  6.78930507E-06  5.68557055E-06
  4.30000000E-01  8.22037815E-02  1.16130784E-03 -6.04216471E-04 -2.33191398E-05 -9.54251477E-06  7.16298282E-06  1.33577528E-07  4.48997903E-06  3.70228848E-06
  4.40000000E-01  8.22036004E-02  1.16122489E-03 -6.04157285E-04 -1.65961108E-05 -7.77360607E-06  5.37652795E-06  1.32988647E-07  2.99618806E-06  2.42592655E-06
  4.50000000E-01  8.22034680E-02  1.16115600E-03 -6.04112452E-04 -1.21651950E-05 -6.48829137E-06  4.08663555E-06  1.27209430E-07  2.02310993E-06  1.60352235E-06
  4.60000000E-01  8.22033685E-02  1.16109754E-03 -6.04078035E-04 -9.17804256E-06 -5.52629575E-06  3.14944235E-06  1.18753682E-07  1.38643012E-06  1.07214560E-06
  4.70000000E-01  8.22032917E-02  1.16104709E-03 -6.04051226E-04 -7.11294510E-06 -4.78166197E-06  2.46293664E-06  1.09171918E-07  9.67185451E-07  7.27228107E-07
  4.80000000E-01  8.22032309E-02  1.16100299E-03 -6.04030030E-04 -5.64632291E-06 -4.18517056E-06  1.95414486E-06  9.93858770E-08  6.88722805E-07  5.01838433E-07
  4.90000000E-01  8.22031817E-02  1.16096412E-03 -6.04013032E-04 -4.57549709E-06 -3.69382936E-06  1.57180890E-06  8.99163148E-08  5.01689886E-07  3.53211968E-07
  5.00000000E-01  8.22031413E-02  1.16092964E-03 -6.03999226E-04 -3.77206035E-06 -3.27898729E-06  1.28031313E-06  8.10340766E-08  3.74307885E-07  2.54048712E-07
