  0.00000000E+00  0.00000000E+00  0.00000000E+00  0.00000000E+00  1.90257480E+00  2.49030151E-04  4.12927561E-04  2.37702552E-04  8.64615588E-05 -4.40366946E-04
  1.00000000E-02  1.90257480E-02  2.49030151E-06  4.12927561E-06  1.43917899E+00 -8.27665772E-03 -7.62435991E-03  9.42305014E-05 -2.24131661E-02  1.68157028E-02
  2.00000000E-02  3.11005588E-02 -1.22904715E-04 -1.12300761E-04  1.12630633E+00 -1.21952034E-02 -1.13692638E-02 -4.97493082E-05 -3.26715159E-02  2.47464705E-02
  3.00000000E-02  4.07992589E-02 -2.64449477E-04 -2.44717918E-04  9.00954127E-01 -1.41735045E-02 -1.32755566E-02 -1.52661679E-04 -3.78499610E-02  2.87630803E-02
  4.00000000E-02  4.86820391E-02 -4.16076028E-04 -3.87004948E-04  7.46898985E-01 -1.45901638E-02 -1.36943049E-02 -2.21361598E-04 -3.89897283E-02  2.96756598E-02
  5.00000000E-02  5.53807532E-02 -5.64060962E-04 -5.26041739E-04  6.44581827E-01 -1.40876381E-02 -1.32367386E-02 -2.62793998E-04 -3.77149656E-02  2.87257933E-02
  6.00000000E-02  6.13149857E-02 -7.02424714E-04 -6.56121293E-04  5.77725896E-01 -1.31717053E-02 -1.23820621E-02 -2.82934377E-04 -3.53500462E-02  2.69322774E-02
  7.00000000E-02  6.67579650E-02 -8.29562104E-04 -7.75668531E-04  5.34435493E-01 -1.21619363E-02 -1.14338798E-02 -2.87835328E-04 -3.27305539E-02  2.49376080E-02
  8.00000000E-02  7.18858680E-02 -9.46132621E-04 -8.85266417E-04  5.06530826E-01 -1.12262607E-02 -1.05520477E-02 -2.82856262E-04 -3.03001214E-02  2.30836739E-02
  9.00000000E-02  7.68116529E-02 -1.05371685E-03 -9.86377733E-04  4.88571538E-01 -1.04338368E-02 -9.80274782E-03 -2.72312092E-04 -2.82449677E-02  2.15146974E-02
  1.00000000E-01  8.16075718E-02 -1.15409310E-03 -1.08065871E-03  4.77007607E-01 -9.79806915E-03 -9.19926097E-03 -2.59379199E-04 -2.66043405E-02  2.02617271E-02
  1.10000000E-01  8.63198282E-02 -1.24889495E-03 -1.16963389E-03  4.69547440E-01 -9.30527949E-03 -8.72917482E-03 -2.46140750E-04 -2.53447368E-02  1.92997682E-02
  1.20000000E-01  9.09780018E-02 -1.33948380E-03 -1.25457521E-03  4.64720360E-01 -8.93156129E-03 -8.37034565E-03 -2.33824003E-04 -2.44044406E-02  1.85819296E-02
  1.30000000E-01  9.56010700E-02 -1.42693082E-03 -1.33648452E-03  4.61584839E-01 -8.65167899E-03 -8.09927829E-03 -2.23058924E-04 -2.37170950E-02  1.80575988E-02
  1.40000000E-01  1.00201241E-01 -1.51204820E-03 -1.41612196E-03  4.59538254E-01 -8.44307907E-03 -7.89493813E-03 -2.14049577E-04 -2.32226582E-02  1.76809185E-02
  1.50000000E-01  1.04786390E-01 -1.59543599E-03 -1.49404964E-03  4.58194468E-01 -8.28724976E-03 -7.74004283E-03 -2.06747867E-04 -2.28714114E-02  1.74138773E-02
  1.60000000E-01  1.09361616E-01 -1.67752934E-03 -1.57067559E-03  4.57305569E-01 -8.16976047E-03 -7.62110826E-03 -2.00974233E-04 -2.26243408E-02  1.72266271E-02
  1.70000000E-01  1.13930227E-01 -1.75863950E-03 -1.64629200E-03  4.56711981E-01 -8.07974092E-03 -7.52796837E-03 -1.96495945E-04 -2.24519137E-02  1.70965607E-02
  1.80000000E-01  1.18494379E-01 -1.83898681E-03 -1.72110599E-03  4.56310691E-01 -8.00919694E-03 -7.45314026E-03 -1.93074250E-04 -2.23323374E-02  1.70069888E-02
  1.90000000E-01  1.23055480E-01 -1.91872606E-03 -1.79526325E-03  4.56034997E-01 -7.95235062E-03 -7.39121049E-03 -1.90489706E-04 -2.22498307E-02  1.69458215E-02
  2.00000000E-01  1.27614451E-01 -1.99796533E-03 -1.86886571E-03 -9.82332329E-01 -1.49356711E-04 -4.00931866E-04 -3.13095373E-04  2.86925709E-04 -2.90150355E-05
  2.10000000E-01  1.10599291E-01 -1.96044393E-03 -1.83792363E-03 -7.74299170E-01  2.61001579E-03  2.35071347E-03 -1.62336707E-04  7.19602389E-03 -5.33335214E-03
  2.20000000E-01  1.03896465E-01 -1.92054691E-03 -1.80065827E-03 -5.53648260E-01  4.47906901E-03  4.09146888E-03 -9.67016421E-05  1.29515252E-02 -9.83168390E-03
  2.30000000E-01  9.94632373E-02 -1.86641096E-03 -1.75103980E-03 -3.77802618E-01  5.45558000E-03  5.06004892E-03 -9.58372033E-06  1.56088690E-02 -1.19044137E-02
  2.40000000E-01  9.65644393E-02 -1.80697260E-03 -1.69559642E-03 -2.51102426E-01  5.46993958E-03  5.11173733E-03  4.68282048E-05  1.56334078E-02 -1.19489701E-02
  2.50000000E-01  9.46869160E-02 -1.75220141E-03 -1.64422060E-03 -1.64447100E-01  4.91481614E-03  4.62069012E-03  7.99693439E-05  1.40525792E-02 -1.07530815E-02
  2.60000000E-01  9.34757216E-02 -1.70582886E-03 -1.60046893E-03 -1.06831651E-01  4.11232582E-03  3.88903593E-03  9.48493425E-05  1.17721149E-02 -9.01426504E-03
  2.70000000E-01  9.26954824E-02 -1.66871806E-03 -1.56523685E-03 -6.91309775E-02  3.27414607E-03  3.11622008E-03  9.68203820E-05  9.38875690E-03 -7.19244247E-03
  2.80000000E-01  9.21926760E-02 -1.64016749E-03 -1.53793873E-03 -4.46780659E-02  2.51390239E-03  2.41023089E-03  9.06378957E-05  7.22447445E-03 -5.53610743E-03
  2.90000000E-01  9.18681599E-02 -1.61882969E-03 -1.51736636E-03 -2.88874541E-02  1.87787585E-03  1.81602695E-03  8.00574680E-05  5.41144173E-03 -4.14763645E-03
  3.00000000E-01  9.16582384E-02 -1.60323106E-03 -1.50217711E-03 -1.87067952E-02  1.37300160E-03  1.34154555E-03  6.77699043E-05  3.97040180E-03 -3.04356305E-03
  3.10000000E-01  9.15220737E-02 -1.59202542E-03 -1.49113406E-03 -1.21415499E-02  9.86683111E-04  9.76162401E-04  5.55231026E-05  2.86640034E-03 -2.19745826E-03
  3.20000000E-01  9.14334845E-02 -1.58409018E-03 -1.48319936E-03 -7.90187089E-03  6.98928609E-04  7.02040413E-04  4.43228299E-05  2.04310629E-03 -1.56634589E-03
  3.30000000E-01  9.13756641E-02 -1.57853967E-03 -1.47754956E-03 -5.15812444E-03  4.88924465E-04  5.00313912E-04  3.46437059E-05  1.44153119E-03 -1.10511872E-03
  3.40000000E-01  9.13378016E-02 -1.57470044E-03 -1.47355505E-03 -3.37787451E-03  3.38093309E-04  3.54000136E-04  2.66129098E-05  1.00883140E-03 -7.73326069E-04
  3.50000000E-01  9.13129241E-02 -1.57207366E-03 -1.47074662E-03 -2.21947425E-03  2.31151038E-04  2.49040287E-04  2.01524908E-05  7.01422014E-04 -5.37584513E-04
  3.60000000E-01  9.12965214E-02 -1.57029687E-03 -1.46878102E-03 -1.46344322E-03  1.56141335E-04  1.74378081E-04  1.50800966E-05  4.85155297E-04 -3.71728458E-04
  3.70000000E-01  9.12856671E-02 -1.56911050E-03 -1.46741055E-03 -9.68498371E-04  1.04023566E-04  1.21611247E-04  1.11746196E-05  3.34195905E-04 -2.55955837E-04
  3.80000000E-01  9.12784569E-02 -1.56833085E-03 -1.46645827E-03 -6.43463392E-04  6.81245501E-05  8.45062089E-05  8.21528778E-06  2.29482215E-04 -1.75653041E-04
  3.90000000E-01  9.12736474E-02 -1.56782910E-03 -1.46579873E-03 -4.29332475E-04  4.36051145E-05  5.85182469E-05  6.00226593E-06  1.57211380E-04 -1.20236040E-04
  4.00000000E-01  9.12704247E-02 -1.56751565E-03 -1.46534349E-03 -2.87806894E-04  2.70066977E-05  4.03761006E-05  4.36531586E-06  1.07530917E-04 -8.21486602E-05
  4.10000000E-01  9.12682543E-02 -1.56732857E-03 -1.46503044E-03 -1.93954208E-04  1.58874408E-05  2.77475827E-05  3.16534786E-06  7.34864372E-05 -5.60565592E-05
  4.20000000E-01  9.12667840E-02 -1.56722530E-03 -1.46481611E-03 -1.31495560E-04  8.53509099E-06  1.89834102E-05  2.29216358E-06  5.02124670E-05 -3.82271886E-05
  4.30000000E-01  9.12657814E-02 -1.56717671E-03 -1.46467009E-03 -8.97713890E-05  3.74573734E-06  1.29237775E-05  1.66049371E-06  3.43289973E-05 -2.60672647E-05
  4.40000000E-01  9.12650923E-02 -1.56716320E-03 -1.46457115E-03 -6.17821764E-05  6.91017749E-07  8.75351314E-06  1.20558207E-06  2.35012743E-05 -1.77852846E-05
  4.50000000E-01  9.12646144E-02 -1.56717156E-03 -1.46450447E-03 -4.29190001E-05 -1.19925365E-06  5.90010670E-06  8.78988565E-07  1.61239239E-05 -1.21493160E-05
  4.60000000E-01  9.12642795E-02 -1.56719300E-03 -1.46445974E-03 -3.01389246E-05 -2.30752421E-06  3.95932864E-06  6.44927081E-07  1.10971512E-05 -8.31535602E-06
  4.70000000E-01  9.12640420E-02 -1.56722162E-03 -1.46442985E-03 -2.14274705E-05 -2.90088945E-06  2.64615456E-06  4.77230645E-07  7.66973119E-06 -5.70689572E-06
  4.80000000E-01  9.12638713E-02 -1.56725360E-03 -1.46440995E-03 -1.54474068E-05 -3.16039564E-06  1.76164962E-06  3.56929261E-07  5.32971993E-06 -3.93107473E-06
  4.90000000E-01  9.12637467E-02 -1.56728650E-03 -1.46439676E-03 -1.13086370E-05 -3.20620573E-06  1.16804638E-06  2.70370138E-07  3.72885703E-06 -2.72067403E-06
  5.00000000E-01  9.12636543E-02 -1.56731879E-03 -1.46438805E-03 -8.41694330E-06 -3.11997872E-06  7.71276093E-07  2.07786627E-07  2.63053741E-06 -1.89418715E-06
