  0.00000000E+00  0.00000000E+00  0.00000000E+00  0.00000000E+00  1.90257477E+00  2.49017077E-04  4.12928357E-04  2.37679203E-04  8.64724209E-05 -4.40339229E-04
  1.00000000E-02  1.90257477E-02  2.49017077E-06  4.12928357E-06  1.42409467E+00  1.52220732E-02 -1.85279365E-02  9.86042315E-05  7.24103143E-03 -2.29670095E-03
  2.00000000E-02  3.08742938E-02  2.29576183E-04 -2.75854405E-04  1.10401330E+00  2.13285998E-02 -2.65074896E-02 -4.87436607E-05  1.05184711E-02 -3.07466836E-03
  3.00000000E-02  4.03140201E-02  4.73394814E-04 -5.80827068E-04  8.74942414E-01  2.40062040E-02 -3.01904350E-02 -1.54960085E-04  1.21676172E-02 -3.44395100E-03
  4.00000000E-02  4.79180898E-02  7.26844875E-04 -9.01146145E-04  7.19988002E-01  2.40193129E-02 -3.05208359E-02 -2.25797903E-04  1.24952109E-02 -3.50791388E-03
  5.00000000E-02  5.43431977E-02  9.67103549E-04 -1.20800651E-03  6.18443567E-01  2.25818913E-02 -2.89717178E-02 -2.67864454E-04  1.20717583E-02 -3.36828760E-03
  6.00000000E-02  6.00199112E-02  1.18573535E-03 -1.48997810E-03  5.53140309E-01  2.06282076E-02 -2.66939795E-02 -2.87301282E-04  1.13055067E-02 -3.14473098E-03
  7.00000000E-02  6.52247980E-02  1.38224901E-03 -1.74552920E-03  5.11612664E-01  1.87063124E-02 -2.43778286E-02 -2.90668111E-04  1.04596041E-02 -2.90720444E-03
  8.00000000E-02  7.01332864E-02  1.55970266E-03 -1.97772673E-03  4.85374992E-01  1.70671545E-02 -2.23547826E-02 -2.83844612E-04  9.67370748E-03 -2.69301159E-03
  9.00000000E-02  7.48558480E-02  1.72217842E-03 -2.19115933E-03  4.68854571E-01  1.57803794E-02 -2.07330839E-02 -2.71517652E-04  9.00650700E-03 -2.51699487E-03
  1.00000000E-01  7.94617916E-02  1.87354833E-03 -2.39038167E-03  4.58468103E-01  1.48238499E-02 -1.95036487E-02 -2.57109526E-04  8.47000034E-03 -2.38096915E-03
  1.10000000E-01  8.39945403E-02  2.01700419E-03 -2.57927098E-03  4.51940001E-01  1.41395789E-02 -1.86076006E-02 -2.42821511E-04  8.05372722E-03 -2.28051867E-03
  1.20000000E-01  8.84812998E-02  2.15497862E-03 -2.76086675E-03  4.47835605E-01  1.36635307E-02 -1.79735496E-02 -2.29874381E-04  7.73855082E-03 -2.20903272E-03
  1.30000000E-01  9.29391339E-02  2.28923369E-03 -2.93743199E-03  4.45253824E-01  1.33390330E-02 -1.75353207E-02 -2.18815918E-04  7.50385683E-03 -2.15991025E-03
  1.40000000E-01  9.73787632E-02  2.42100153E-03 -3.11059405E-03  4.43629578E-01  1.31210470E-02 -1.72384730E-02 -2.09768000E-04  7.33093874E-03 -2.12746880E-03
  1.50000000E-01  1.01806938E-01  2.55112207E-03 -3.28149455E-03  4.42608490E-01  1.29760125E-02 -1.70411957E-02 -2.02602289E-04  7.20421881E-03 -2.10711711E-03
  1.60000000E-01  1.06227917E-01  2.68015702E-03 -3.45092012E-03  4.41968092E-01  1.28799795E-02 -1.69127762E-02 -1.97068705E-04  7.11136360E-03 -2.09535942E-03
  1.70000000E-01  1.10644396E-01  2.80847665E-03 -3.61940578E-03  4.41568504E-01  1.28163709E-02 -1.68313336E-02 -1.92880201E-04  7.04294712E-03 -2.08962596E-03
  1.80000000E-01  1.15058083E-01  2.93632231E-03 -3.78731190E-03  4.41321597E-01  1.27739674E-02 -1.67816158E-02 -1.89761169E-04  6.99194794E-03 -2.08807168E-03
  1.90000000E-01  1.19470065E-01  3.06384997E-03 -3.95487947E-03  4.41171732E-01  1.27453024E-02 -1.67531583E-02 -1.87470349E-04  6.95323553E-03 -2.08939418E-03
  2.00000000E-01  1.23881033E-01  3.19115967E-03 -4.12226877E-03 -9.83674757E-01 -2.44792801E-03  2.08721471E-03 -3.03613510E-04  1.03417192E-05  3.66492565E-04
  2.10000000E-01  1.06920053E-01  3.09071424E-03 -4.00719475E-03 -7.69775216E-01 -6.53519451E-03  7.41908850E-03 -1.71564208E-04 -2.33597888E-03  8.87530847E-04
  2.20000000E-01  1.00291798E-01  3.00492596E-03 -3.90634450E-03 -5.46099421E-01 -9.70294368E-03  1.18313067E-02 -9.24076094E-05 -3.96700752E-03  1.37760360E-03
  2.30000000E-01  9.59491830E-02  2.89205778E-03 -3.76597034E-03 -3.68170986E-01 -1.07642909E-02  1.34904607E-02 -5.35614124E-06 -4.85533442E-03  1.53483116E-03
  2.40000000E-01  9.31571153E-02  2.77910813E-03 -3.62276997E-03 -2.41251055E-01 -1.01665808E-02  1.29934645E-02  5.25995521E-05 -4.89131749E-03  1.48117916E-03
  2.50000000E-01  9.13792044E-02  2.68043088E-03 -3.49532030E-03 -1.55437088E-01 -8.66931515E-03  1.12759043E-02  8.63254896E-05 -4.42111100E-03  1.29952326E-03
  2.60000000E-01  9.02539033E-02  2.60122405E-03 -3.39114906E-03 -9.91529163E-02 -6.89217918E-03  9.12295710E-03  1.00795700E-04 -3.72494815E-03  1.06824758E-03
  2.70000000E-01  8.95437950E-02  2.54118794E-03 -3.31068422E-03 -6.28939944E-02 -5.20913800E-03  7.02229444E-03  1.01685095E-04 -2.98826607E-03  8.38304759E-04
  2.80000000E-01  8.90961497E-02  2.49751177E-03 -3.25096459E-03 -3.97831190E-02 -3.79158284E-03  5.21056728E-03  9.41280362E-05 -2.31276574E-03  6.35813189E-04
  2.90000000E-01  8.88138729E-02  2.46668371E-03 -3.20791756E-03 -2.51419105E-02 -2.68219442E-03  3.76091373E-03  8.21850268E-05 -1.74192725E-03  4.70057495E-04
  3.00000000E-01  8.86356598E-02  2.44540871E-03 -3.17755669E-03 -1.58952003E-02 -1.85675063E-03  2.65802723E-03  6.87353165E-05 -1.28450791E-03  3.40805901E-04
  3.10000000E-01  8.85229414E-02  2.43096842E-03 -3.15649085E-03 -1.00620570E-02 -1.26465004E-03  1.84854000E-03  5.56081487E-05 -9.31415710E-04  2.43408151E-04
  3.20000000E-01  8.84514865E-02  2.42128243E-03 -3.14205288E-03 -6.38166764E-03 -8.51360988E-04  1.26986548E-03  4.38142104E-05 -6.66275962E-04  1.71824351E-04
  3.30000000E-01  8.84060718E-02  2.41483526E-03 -3.13224760E-03 -4.05710314E-03 -5.68756013E-04  8.64266432E-04  3.37891639E-05 -4.71339357E-04  1.20187007E-04
  3.40000000E-01  8.83771236E-02  2.41056073E-03 -3.12563293E-03 -2.58648022E-03 -3.78468027E-04  5.84160604E-04  2.56032651E-05 -3.30372993E-04  8.34644397E-05
  3.50000000E-01  8.83586119E-02  2.40772749E-03 -3.12119185E-03 -1.65419749E-03 -2.51771309E-04  3.92859350E-04  1.91205956E-05 -2.29778708E-04  5.76337705E-05
  3.60000000E-01  8.83467313E-02  2.40584326E-03 -3.11821977E-03 -1.06180668E-03 -1.68059044E-04  2.63288856E-04  1.41088812E-05 -1.58765791E-04  3.96191694E-05
  3.70000000E-01  8.83390752E-02  2.40458123E-03 -3.11623473E-03 -6.84417005E-04 -1.12997531E-04  1.76073549E-04  1.03085530E-05 -1.09080722E-04  2.71396982E-05
  3.80000000E-01  8.83341180E-02  2.40372656E-03 -3.11491007E-03 -4.43315937E-04 -7.68539022E-05  1.17642935E-04  7.47180307E-06 -7.45762694E-05  1.85404444E-05
  3.90000000E-01  8.83308903E-02  2.40313874E-03 -3.11402580E-03 -2.88805216E-04 -5.31087167E-05  7.86303694E-05  5.38146850E-06 -5.07647921E-05  1.26398986E-05
  4.00000000E-01  8.83287748E-02  2.40272638E-03 -3.11343456E-03 -1.89442142E-04 -3.74611065E-05  5.26543039E-05  3.85739999E-06 -3.44208137E-05  8.60470355E-06
  4.10000000E-01  8.83273772E-02  2.40243000E-03 -3.11303789E-03 -1.25291426E-04 -2.70821567E-05  3.53946960E-05  2.75580448E-06 -2.32545844E-05  5.85249713E-06
  4.20000000E-01  8.83264451E-02  2.40221108E-03 -3.11277024E-03 -8.36857679E-05 -2.01332980E-05  2.39412206E-05  1.96514586E-06 -1.56568555E-05  3.97924628E-06
  4.30000000E-01  8.83258162E-02  2.40204449E-03 -3.11258810E-03 -5.65576938E-05 -1.54020554E-05  1.63383163E-05  1.40080399E-06 -1.05059178E-05  2.70623039E-06
  4.40000000E-01  8.83253863E-02  2.40191412E-03 -3.11246273E-03 -3.87571266E-05 -1.21152523E-05  1.12785761E-05  9.99694339E-07 -7.02525231E-06  1.84204431E-06
  4.50000000E-01  8.83250877E-02  2.40180941E-03 -3.11237524E-03 -2.69883680E-05 -9.77555368E-06  7.89673360E-06  7.15445051E-07 -4.68039971E-06  1.25574182E-06
  4.60000000E-01  8.83248767E-02  2.40172335E-03 -3.11231319E-03 -1.91369323E-05 -8.06200515E-06  5.62295603E-06  5.14357226E-07 -3.10530700E-06  8.58010211E-07
  4.70000000E-01  8.83247246E-02  2.40165130E-03 -3.11226832E-03 -1.38423457E-05 -6.76893853E-06  4.08239266E-06  3.72169463E-07 -2.05031555E-06  5.88084837E-07
  4.80000000E-01  8.83246126E-02  2.40159007E-03 -3.11223520E-03 -1.02264970E-05 -5.76422763E-06  3.02838049E-06  2.71548287E-07 -1.34577075E-06  4.04709232E-07
  4.90000000E-01  8.83245284E-02  2.40153745E-03 -3.11221019E-03 -7.72059977E-06 -4.96157795E-06  2.29895750E-06  2.00187061E-07 -8.76751346E-07  2.79920415E-07
  5.00000000E-01  8.83244638E-02  2.40149185E-03 -3.11219085E-03 -5.95472967E-06 -4.30433800E-06  1.78752178E-06  1.49392205E-07 -5.65631292E-07  1.94790988E-07
