  0.00000000E+00  0.00000000E+00  0.00000000E+00  0.00000000E+00  1.90257477E+00  2.49017077E-04  4.12928357E-04  2.37679203E-04  8.64724209E-05 -4.40339229E-04
  1.00000000E-02  1.90257477E-02  2.49017077E-06  4.12928357E-06  1.38101088E+00  7.07456773E-03  2.11976399E-03  1.87297215E-04 -9.70000004E-03  4.70337840E-03
  2.00000000E-02  3.02280370E-02  1.07363601E-04  3.38611016E-05  1.04247454E+00  9.71523505E-03  2.70436995E-03  1.45638058E-04 -1.36442009E-02  6.72296173E-03
  3.00000000E-02  3.89601008E-02  2.17719289E-04  6.38278309E-05  8.04643649E-01  1.08098332E-02  2.91434574E-03  1.25292983E-04 -1.53835636E-02  7.56805486E-03
  4.00000000E-02  4.58173828E-02  3.31290611E-04  9.40211672E-05  6.48535012E-01  1.07073563E-02  2.83786749E-03  1.18727579E-04 -1.54047867E-02  7.50301617E-03
  5.00000000E-02  5.15221897E-02  4.37851789E-04  1.22017451E-04  5.50206168E-01  9.96982672E-03  2.61211846E-03  1.16963999E-04 -1.44871123E-02  6.97048471E-03
  6.00000000E-02  5.65326072E-02  5.33862408E-04  1.47009890E-04  4.89910698E-01  9.03311372E-03  2.35085110E-03  1.15579713E-04 -1.32322204E-02  6.28866187E-03
  7.00000000E-02  6.11302368E-02  6.19509981E-04  1.69212065E-04  4.53605507E-01  8.14622581E-03  2.11687714E-03  1.12839607E-04 -1.19938013E-02  5.64005016E-03
  8.00000000E-02  6.54847659E-02  6.96537799E-04  1.89210966E-04  4.32016401E-01  7.41608101E-03  1.93491840E-03  1.08702170E-04 -1.09352542E-02  5.10268049E-03
  9.00000000E-02  6.96969844E-02  7.67047885E-04  2.07650356E-04  4.19285015E-01  6.86476747E-03  1.80739935E-03  1.03791926E-04 -1.01031890E-02  4.69281480E-03
  1.00000000E-01  7.38261776E-02  8.32938992E-04  2.25086755E-04  4.11815635E-01  6.47340315E-03  1.72641367E-03  9.87936509E-05 -9.48454292E-03  4.39712654E-03
  1.10000000E-01  7.79069871E-02  8.95716202E-04  2.41945963E-04  4.07443915E-01  6.20897966E-03  1.68105097E-03  9.42087026E-05 -9.04238154E-03  4.19202735E-03
  1.20000000E-01  8.19595676E-02  9.56483881E-04  2.58529659E-04  4.04884769E-01  6.03816484E-03  1.66102825E-03  9.03191459E-05 -8.73543765E-03  4.05371964E-03
  1.30000000E-01  8.59956196E-02  1.01601146E-03  2.75039828E-04  4.03382381E-01  5.93298012E-03  1.65807527E-03  8.72060330E-05 -8.52698252E-03  3.96222222E-03
  1.40000000E-01  9.00219314E-02  1.07481533E-03  2.91605816E-04  4.02495045E-01  5.87213577E-03  1.66611991E-03  8.48338590E-05 -8.38769788E-03  3.90235604E-03
  1.50000000E-01  9.40424452E-02  1.13323247E-03  3.08307238E-04  4.01965639E-01  5.84041900E-03  1.68097845E-03  8.31023004E-05 -8.29568387E-03  3.86327012E-03
  1.60000000E-01  9.80594546E-02  1.19147808E-03  3.25191315E-04  4.01644783E-01  5.82742273E-03  1.69990528E-03  8.18867868E-05 -8.23530002E-03  3.83753231E-03
  1.70000000E-01  1.02074298E-01  1.24968732E-03  3.42285002E-04  4.01445727E-01  5.82625141E-03  1.72116784E-03  8.10652019E-05 -8.19573099E-03  3.82021313E-03
  1.80000000E-01  1.06087760E-01  1.30794398E-03  3.59602993E-04  4.01318044E-01  5.83244554E-03  1.74370960E-03  8.05320135E-05 -8.16967755E-03  3.80812486E-03
  1.90000000E-01  1.10100302E-01  1.36629940E-03  3.77152798E-04  4.01232362E-01  5.84317418E-03  1.76690675E-03  8.02029877E-05 -8.15230578E-03  3.79924733E-03
  2.00000000E-01  1.14112197E-01  1.42478479E-03  3.94937852E-04 -9.79048113E-01 -1.81330723E-03 -1.01685699E-03 -1.30482902E-04  1.55031103E-03 -8.40083839E-04
  2.10000000E-01  9.74203138E-02  1.36836931E-03  3.70850463E-04 -7.53691080E-01 -3.52713553E-03 -1.26820461E-03 -6.60609127E-05  4.15194468E-03 -2.17132421E-03
  2.20000000E-01  9.10101882E-02  1.32452881E-03  3.56911679E-04 -5.19139118E-01 -5.01626055E-03 -1.75681082E-03 -7.02574382E-05  6.19161168E-03 -3.15646859E-03
  2.30000000E-01  8.69915568E-02  1.26692058E-03  3.36900539E-04 -3.37216856E-01 -5.33488796E-03 -1.73886217E-03 -5.27957509E-05  6.87491507E-03 -3.45870055E-03
  2.40000000E-01  8.45289996E-02  1.21197857E-03  3.19601661E-04 -2.11148397E-01 -4.89346409E-03 -1.52383771E-03 -4.49857340E-05  6.49433618E-03 -3.21194396E-03
  2.50000000E-01  8.30478579E-02  1.16525104E-03  3.05438406E-04 -1.29061447E-01 -4.06313166E-03 -1.21338573E-03 -4.02360815E-05  5.53220847E-03 -2.68180877E-03
  2.60000000E-01  8.21676782E-02  1.12877139E-03  2.94856809E-04 -7.76058895E-02 -3.14558890E-03 -8.98377833E-04 -3.61157063E-05  4.38863309E-03 -2.07913385E-03
  2.70000000E-01  8.16488971E-02  1.10190321E-03  2.87448070E-04 -4.61480214E-02 -2.31329764E-03 -6.27170822E-04 -3.16162625E-05  3.30507455E-03 -1.52564593E-03
  2.80000000E-01  8.13447062E-02  1.08293169E-03  2.82532397E-04 -2.72407385E-02 -1.63682162E-03 -4.16170597E-04 -2.66748557E-05  2.39280222E-03 -1.07295101E-03
  2.90000000E-01  8.11668352E-02  1.06994586E-03  2.79425692E-04 -1.60088364E-02 -1.12496845E-03 -2.63398128E-04 -2.16358272E-05  1.67989182E-03 -7.29510509E-04
  3.00000000E-01  8.10629064E-02  1.06125544E-03  2.77555573E-04 -9.38867920E-03 -7.56797425E-04 -1.58815214E-04 -1.68951208E-05  1.15093096E-03 -4.82565256E-04
  3.10000000E-01  8.10021204E-02  1.05552832E-03  2.76490336E-04 -5.50594017E-03 -5.01696524E-04 -9.05330246E-05 -1.27363139E-05  7.73195145E-04 -3.12061055E-04
  3.20000000E-01  8.09664747E-02  1.05178686E-03  2.75926416E-04 -3.23468009E-03 -3.29837808E-04 -4.78471728E-05 -9.29380796E-06  5.11250616E-04 -1.98027080E-04
  3.30000000E-01  8.09454842E-02  1.04934778E-03  2.75661374E-04 -1.90702897E-03 -2.16455909E-04 -2.23085660E-05 -6.57840228E-06  3.33743296E-04 -1.23693572E-04
  3.40000000E-01  8.09330521E-02  1.04775013E-03  2.75565981E-04 -1.13024218E-03 -1.42758419E-04 -7.77294330E-06 -4.52179509E-06  2.15648752E-04 -7.62477953E-05
  3.50000000E-01  8.09256337E-02  1.04669103E-03  2.75560930E-04 -6.74669595E-04 -9.53033042E-05 -2.50461648E-08 -3.01757402E-06  1.38236167E-04 -4.64868873E-05
  3.60000000E-01  8.09211648E-02  1.04597527E-03  2.75599419E-04 -4.06476025E-04 -6.48669489E-05  3.69876017E-06 -1.95061974E-06  8.80926524E-05 -2.80872815E-05
  3.70000000E-01  8.09184410E-02  1.04547878E-03  2.75655025E-04 -2.47780303E-04 -4.53075217E-05  5.14093926E-06 -1.21453658E-06  5.59203073E-05 -1.68474605E-05
  3.80000000E-01  8.09167567E-02  1.04512351E-03  2.75713646E-04 -1.53259398E-04 -3.26345045E-05  5.36224644E-06 -7.19769650E-07  3.54314934E-05 -1.00487117E-05
  3.90000000E-01  8.09156967E-02  1.04486053E-03  2.75768375E-04 -9.65021365E-05 -2.43027132E-05  4.98562199E-06 -3.95617585E-07  2.24558790E-05 -5.96884920E-06
  4.00000000E-01  8.09150155E-02  1.04465916E-03  2.75816348E-04 -6.20802695E-05 -1.87112906E-05  4.36384276E-06 -1.88880040E-07  1.42697572E-05 -3.53573135E-06
  4.10000000E-01  8.09145668E-02  1.04450000E-03  2.75856877E-04 -4.09504748E-05 -1.48685070E-05  3.69031839E-06 -6.10117272E-08  9.11606416E-06 -2.09137393E-06
  4.20000000E-01  8.09142629E-02  1.04437053E-03  2.75890413E-04 -2.77894088E-05 -1.21480401E-05  3.06063332E-06  1.50640643E-08  5.87248450E-06 -1.23666477E-06
  4.30000000E-01  8.09140508E-02  1.04426265E-03  2.75917871E-04 -1.94474740E-05 -1.01562979E-05  2.51261272E-06  5.78736723E-08  3.82777087E-06 -7.31798495E-07
  4.40000000E-01  8.09138981E-02  1.04417105E-03  2.75940257E-04 -1.40500528E-05 -8.65112612E-06  2.05510583E-06  7.98035414E-08  2.53395017E-06 -4.33768410E-07
  4.50000000E-01  8.09137846E-02  1.04409206E-03  2.75958520E-04 -1.04738316E-05 -7.47575083E-06  1.68317493E-06  8.89635373E-08  1.71017590E-06 -2.57779418E-07
  4.60000000E-01  8.09136977E-02  1.04402318E-03  2.75973492E-04 -8.04040389E-06 -6.52764411E-06  1.38506963E-06  9.05604673E-08  1.18094954E-06 -1.53752562E-07
  4.70000000E-01  8.09136295E-02  1.04396265E-03  2.75985853E-04 -6.33633900E-06 -5.74161370E-06  1.14690970E-06  8.78733354E-08  8.36814066E-07 -9.21824704E-08
  4.80000000E-01  8.09135746E-02  1.04390916E-03  2.75996131E-04 -5.10703133E-06 -5.07624253E-06  9.55965776E-07  8.29256698E-08  6.09542748E-07 -5.57000422E-08
  4.90000000E-01  8.09135297E-02  1.04386173E-03  2.76004736E-04 -4.19377264E-06 -4.50366304E-06  8.01926304E-07  7.69381681E-08  4.56577138E-07 -3.40741955E-08
  5.00000000E-01  8.09134923E-02  1.04381955E-03  2.76011985E-04 -3.49622272E-06 -4.00437523E-06  6.76722365E-07  7.06270521E-08  3.51310915E-07 -2.12674001E-08
