  0.00000000E+00  0.00000000E+00  0.00000000E+00  0.00000000E+00  1.90257477E+00  2.49017077E-04  4.12928357E-04  2.37679203E-04  8.64724209E-05 -4.40339229E-04
  1.00000000E-02  1.90257477E-02  2.49017077E-06  4.12928357E-06  1.44360005E+00 -1.80498978E-02  1.07725357E-02  1.02582721E-04 -3.81183988E-03  2.08728925E-03
  2.00000000E-02  3.11668747E-02 -2.69503382E-04  1.63652677E-04  1.13287977E+00 -2.64636594E-02  1.53561576E-02 -4.34221575E-05 -5.64290675E-03  3.53801920E-03
  3.00000000E-02  4.09420710E-02 -5.76208784E-04  3.40132362E-04  9.08701717E-01 -3.07700800E-02  1.75687167E-02 -1.52769879E-04 -6.60627892E-03  4.42136198E-03
  4.00000000E-02  4.89081979E-02 -9.05441686E-04  5.26882325E-04  7.55035816E-01 -3.17773382E-02  1.79064635E-02 -2.31231544E-04 -6.85908084E-03  4.86523796E-03
  5.00000000E-02  5.56902265E-02 -1.22825136E-03  7.07635693E-04  6.52610362E-01 -3.08169034E-02  1.71627544E-02 -2.83651785E-04 -6.69560843E-03  4.97515497E-03
  6.00000000E-02  6.17042029E-02 -1.53161822E-03  8.75544693E-04  5.85384345E-01 -2.89629365E-02  1.59675946E-02 -3.14295800E-04 -6.33147852E-03  4.89027700E-03
  7.00000000E-02  6.72219162E-02 -1.81197775E-03  1.02924484E-03  5.41622418E-01 -2.68960259E-02  1.47081505E-02 -3.28169119E-04 -5.90801813E-03  4.70585270E-03
  8.00000000E-02  7.24193308E-02 -2.07060346E-03  1.17002912E-03  5.13240410E-01 -2.49768854E-02  1.35791274E-02 -3.30153944E-04 -5.50270735E-03  4.48583402E-03
  9.00000000E-02  7.74098248E-02 -2.31077661E-03  1.30017528E-03  4.94847116E-01 -2.33565823E-02  1.26526679E-02 -3.24465901E-04 -5.15086669E-03  4.26912243E-03
  1.00000000E-01  8.22663295E-02 -2.53624092E-03  1.42206967E-03  4.82913034E-01 -2.20669535E-02  1.19340868E-02 -3.14522325E-04 -4.86185160E-03  4.07563442E-03
  1.10000000E-01  8.70357895E-02 -2.75046231E-03  1.53781763E-03  4.75150227E-01 -2.10815201E-02  1.13982542E-02 -3.02828106E-04 -4.63236764E-03  3.91344092E-03
  1.20000000E-01  9.17484777E-02 -2.95635034E-03  1.64912101E-03  4.70082636E-01 -2.03512007E-02  1.10103350E-02 -2.91002161E-04 -4.45412655E-03  3.78374804E-03
  1.30000000E-01  9.64239661E-02 -3.15621075E-03  1.75728476E-03  4.66759496E-01 -1.98233012E-02  1.07361428E-02 -2.80018690E-04 -4.31759772E-03  3.68418177E-03
  1.40000000E-01  1.01074945E-01 -3.35180427E-03  1.86327523E-03  4.64568149E-01 -1.94502841E-02  1.05464499E-02 -2.70376609E-04 -4.21383747E-03  3.61077171E-03
  1.50000000E-01  1.05709670E-01 -3.54444202E-03  1.96779126E-03  4.63113149E-01 -1.91927900E-02  1.04180309E-02 -2.62248097E-04 -4.13519014E-03  3.55910727E-03
  1.60000000E-01  1.10333527E-01 -3.73508245E-03  2.07132948E-03  4.62138604E-01 -1.90198840E-02  1.03332539E-02 -2.55611482E-04 -4.07541179E-03  3.52495983E-03
  1.70000000E-01  1.14950040E-01 -3.92441676E-03  2.17423813E-03  4.61478475E-01 -1.89080687E-02  1.02791596E-02 -2.50339377E-04 -4.02964221E-03  3.50457535E-03
  1.80000000E-01  1.19561524E-01 -4.11293837E-03  2.27675925E-03  4.61024730E-01 -1.88399109E-02  1.02464228E-02 -2.46255437E-04 -3.99418500E-03  3.49484214E-03
  1.90000000E-01  1.24169503E-01 -4.30099669E-03  2.37905980E-03  4.60706854E-01 -1.88026893E-02  1.02284359E-02 -2.43168201E-04 -3.96626476E-03  3.49324315E-03
  2.00000000E-01  1.28774982E-01 -4.48883748E-03  2.48125422E-03 -9.81600291E-01  2.33731266E-04 -9.59837443E-04 -3.64978766E-04 -2.94738384E-04  7.55826592E-04
  2.10000000E-01  1.11747443E-01 -4.39131806E-03  2.41571448E-03 -7.75088223E-01  5.96747685E-03 -3.93474375E-03 -2.20232484E-04  9.59455826E-04  1.97998384E-04
  2.20000000E-01  1.05029121E-01 -4.30297456E-03  2.36149251E-03 -5.55531324E-01  1.09146463E-02 -6.55631063E-03 -1.38521218E-04  1.93842667E-03 -1.15140677E-03
  2.30000000E-01  1.00571592E-01 -4.16909225E-03  2.28282157E-03 -3.80408067E-01  1.30991356E-02 -7.57519538E-03 -4.23382920E-05  2.47144423E-03 -1.68373806E-03
  2.40000000E-01  9.76431281E-02 -4.02717845E-03  2.20197519E-03 -2.53912172E-01  1.30960504E-02 -7.38617023E-03  2.58723025E-05  2.54990467E-03 -1.92396483E-03
  2.50000000E-01  9.57364859E-02 -3.89623337E-03  2.12905862E-03 -1.67126141E-01  1.17622501E-02 -6.49027031E-03  7.02949854E-05  2.34643445E-03 -1.90890335E-03
  2.60000000E-01  9.44991546E-02 -3.78527987E-03  2.06863541E-03 -1.09198224E-01  9.85503229E-03 -5.32198824E-03  9.47562905E-05  2.00999942E-03 -1.74141042E-03
  2.70000000E-01  9.36968120E-02 -3.69626564E-03  2.02125694E-03 -7.11148622E-02  7.86936498E-03 -4.15663835E-03  1.04057189E-04  1.64010096E-03 -1.50315133E-03
  2.80000000E-01  9.31760801E-02 -3.62750033E-03  1.98551731E-03 -4.62788183E-02  6.06939320E-03 -3.13303518E-03  1.02879010E-04  1.29277644E-03 -1.24776420E-03
  2.90000000E-01  9.28374722E-02 -3.57580625E-03  1.95930497E-03 -3.01421072E-02  4.56186863E-03 -2.29947483E-03  9.52079819E-05  9.93457348E-04 -1.00616393E-03
  3.00000000E-01  9.26167347E-02 -3.53772519E-03  1.94047803E-03 -1.96681424E-02  3.36216289E-03 -1.65388144E-03  8.41212549E-05  7.49049388E-04 -7.93437969E-04
  3.10000000E-01  9.24724231E-02 -3.51010209E-03  1.92716718E-03 -1.28650375E-02  2.44056855E-03 -1.17121576E-03  7.17987536E-05  5.56663870E-04 -6.14734360E-04
  3.20000000E-01  9.23777882E-02 -3.49030438E-03  1.91786835E-03 -8.43859552E-03  1.75044855E-03 -8.19544827E-04  5.96540372E-05  4.09136270E-04 -4.69527377E-04
  3.30000000E-01  9.23155345E-02 -3.47625049E-03  1.91143126E-03 -5.55177520E-03  1.24337895E-03 -5.68204130E-04  4.85076131E-05  2.98161718E-04 -3.54435254E-04
  3.40000000E-01  9.22744508E-02 -3.46635205E-03  1.90700592E-03 -3.66400737E-03  8.76146438E-04 -3.91169067E-04  3.87566325E-05  2.15879162E-04 -2.64952786E-04
  3.50000000E-01  9.22472496E-02 -3.45942675E-03  1.90397940E-03 -2.42602574E-03  6.13145872E-04 -2.67847386E-04  3.05184349E-05  1.55535739E-04 -1.96440135E-04
  3.60000000E-01  9.22291792E-02 -3.45461029E-03  1.90191754E-03 -1.61179357E-03  4.26447475E-04 -1.82665590E-04  2.37407285E-05  1.11651636E-04 -1.44632382E-04
  3.70000000E-01  9.22171325E-02 -3.45127931E-03  1.90051679E-03 -1.07468265E-03  2.94854748E-04 -1.24204816E-04  1.82801348E-05  7.99420388E-05 -1.05856818E-04
  3.80000000E-01  9.22090712E-02 -3.44898872E-03  1.89956705E-03 -7.19319696E-04  2.02666740E-04 -8.42757447E-05  1.39544868E-05  5.71415813E-05 -7.70828871E-05
  3.90000000E-01  9.22036548E-02 -3.44742300E-03  1.89892393E-03 -4.83492576E-04  1.38420143E-04 -5.70873630E-05  1.05752290E-05  4.08075186E-05 -5.58844175E-05
  4.00000000E-01  9.21999990E-02 -3.44636003E-03  1.89848900E-03 -3.26503786E-04  9.38638933E-05 -3.85956978E-05  7.96573496E-06  2.91374373E-05 -4.03624137E-05
  4.10000000E-01  9.21975189E-02 -3.44564417E-03  1.89819550E-03 -2.21655465E-04  6.30855948E-05 -2.60210946E-05  5.97022454E-06  2.08151216E-05 -2.90561874E-05
  4.20000000E-01  9.21958266E-02 -3.44516721E-03  1.89799817E-03 -1.51385715E-04  4.19236250E-05 -1.74819885E-05  4.45679072E-06  1.48870113E-05 -2.08576759E-05
  4.30000000E-01  9.21946641E-02 -3.44485378E-03  1.89786604E-03 -1.04111566E-04  2.74573280E-05 -1.16940455E-05  3.31699749E-06  1.06664759E-05 -1.49356699E-05
  4.40000000E-01  9.21938593E-02 -3.44465154E-03  1.89777804E-03 -7.21738489E-05  1.76204596E-05 -7.78105928E-06  2.46368499E-06  7.66142494E-06 -1.06723711E-05
  4.50000000E-01  9.21932973E-02 -3.44452452E-03  1.89771979E-03 -5.04951418E-05  1.09739063E-05 -5.14357947E-06  1.82802894E-06  5.52045398E-06 -7.61211011E-06
  4.60000000E-01  9.21929007E-02 -3.44444801E-03  1.89768155E-03 -3.57009290E-05  6.51883896E-06 -3.37083729E-06  1.35646118E-06  3.99330560E-06 -5.42095947E-06
  4.70000000E-01  9.21926177E-02 -3.44440510E-03  1.89765670E-03 -2.55427281E-05  3.56751195E-06 -2.18157957E-06  1.00777886E-06  2.90211187E-06 -3.85554155E-06
  4.80000000E-01  9.21924131E-02 -3.44438418E-03  1.89764083E-03 -1.85183644E-05  1.64502648E-06 -1.38352687E-06  7.50602879E-07  2.12063215E-06 -2.73929791E-06
  4.90000000E-01  9.21922630E-02 -3.44437734E-03  1.89763099E-03 -1.36214512E-05  4.21490696E-07 -8.47782265E-07  5.61236579E-07  1.55934555E-06 -1.94465845E-06
  5.00000000E-01  9.21921513E-02 -3.44437925E-03  1.89762519E-03 -1.01757636E-05 -3.32304419E-07 -4.88417736E-07  4.21913354E-07  1.15479519E-06 -1.37976841E-06
