  0.00000000E+00  0.00000000E+00  0.00000000E+00  0.00000000E+00  1.90257480E+00  2.49030151E-04  4.12927561E-04  2.37702552E-04  8.64615588E-05 -4.40366946E-04
  1.00000000E-02  1.90257480E-02  2.49030151E-06  4.12927561E-06  1.45456353E+00 -1.24195444E-02 -1.86077611E-02  8.93885710E-05 -2.10906349E-02  8.77430701E-03
  2.00000000E-02  3.13313269E-02 -1.85048015E-04 -2.77051779E-04  1.14895697E+00 -1.83426329E-02 -2.76039816E-02 -6.84499615E-05 -3.14308304E-02  1.33643453E-02
  3.00000000E-02  4.12928638E-02 -3.98089786E-04 -5.98072698E-04  9.27450663E-01 -2.13969474E-02 -3.22853135E-02 -1.86975917E-04 -3.70197138E-02  1.58739700E-02
  4.00000000E-02  4.94598389E-02 -6.27330833E-04 -9.44332493E-04  7.74488759E-01 -2.21484121E-02 -3.34817926E-02 -2.71686699E-04 -3.87958209E-02  1.67204412E-02
  5.00000000E-02  5.64399170E-02 -8.52572278E-04 -1.28513281E-03  6.71583051E-01 -2.15210565E-02 -3.25828474E-02 -3.27241555E-04 -3.81728524E-02  1.65069074E-02
  6.00000000E-02  6.26412189E-02 -1.06464606E-03 -1.60646656E-03  6.03324229E-01 -2.02532308E-02 -3.07026235E-02 -3.58221960E-04 -3.63528330E-02  1.57572018E-02
  7.00000000E-02  6.83331671E-02 -1.26083924E-03 -1.90409168E-03  5.58378710E-01 -1.88158426E-02 -2.85549497E-02 -3.70332522E-04 -3.41207731E-02  1.48144608E-02
  8.00000000E-02  7.36922266E-02 -1.44181073E-03 -2.17890281E-03  5.28877702E-01 -1.74618822E-02 -2.65251901E-02 -3.69271279E-04 -3.19232338E-02  1.38756750E-02
  9.00000000E-02  7.88334986E-02 -1.60965975E-03 -2.43400591E-03  5.09523860E-01 -1.63008491E-02 -2.47816074E-02 -3.60003445E-04 -2.99755712E-02  1.30376780E-02
  1.00000000E-01  8.38319680E-02 -1.76686307E-03 -2.67310407E-03  4.96811265E-01 -1.53597963E-02 -2.33671958E-02 -3.46461738E-04 -2.83535263E-02  1.23361962E-02
  1.10000000E-01  8.87365177E-02 -1.91575577E-03 -2.89970397E-03  4.88440766E-01 -1.46244414E-02 -2.22618619E-02 -3.31390261E-04 -2.70571999E-02  1.17734183E-02
  1.20000000E-01  9.35790728E-02 -2.05832341E-03 -3.11679592E-03  4.82911176E-01 -1.40637483E-02 -2.14196711E-02 -3.16572007E-04 -2.60511084E-02  1.13354067E-02
  1.30000000E-01  9.83805367E-02 -2.19615743E-03 -3.32678168E-03  4.79243631E-01 -1.36431386E-02 -2.07889409E-02 -3.03035819E-04 -2.52871850E-02  1.10022293E-02
  1.40000000E-01  1.03154635E-01 -2.33048577E-03 -3.53151743E-03  4.76799541E-01 -1.33307680E-02 -2.03218529E-02 -2.91260259E-04 -2.47169925E-02  1.07533948E-02
  1.50000000E-01  1.07910410E-01 -2.46223160E-03 -3.73240052E-03  4.75161582E-01 -1.30999026E-02 -1.99781454E-02 -2.81362677E-04 -2.42973270E-02  1.05704152E-02
  1.60000000E-01  1.12653836E-01 -2.59207629E-03 -3.93046344E-03  4.74056371E-01 -1.29292850E-02 -1.97257327E-02 -2.73251606E-04 -2.39921665E-02  1.04377529E-02
  1.70000000E-01  1.17388874E-01 -2.72051606E-03 -4.12645870E-03  4.73304309E-01 -1.28025972E-02 -1.95399403E-02 -2.66729149E-04 -2.37727333E-02  1.03429163E-02
  1.80000000E-01  1.22118157E-01 -2.84790859E-03 -4.32092914E-03  4.72787048E-01 -1.27076148E-02 -1.94022554E-02 -2.61557095E-04 -2.36166919E-02  1.02761572E-02
  1.90000000E-01  1.26843441E-01 -2.97450983E-03 -4.51426327E-03  4.72426355E-01 -1.26353379E-02 -1.92990328E-02 -2.57495855E-04 -2.35070677E-02  1.02300314E-02
  2.00000000E-01  1.31565901E-01 -3.10050182E-03 -4.70673749E-03 -9.81305017E-01 -4.46727963E-04 -8.64068494E-04 -3.75341605E-04 -2.04176598E-03  1.21016014E-03
  2.10000000E-01  1.14484194E-01 -3.04402605E-03 -4.62320335E-03 -7.78262023E-01  3.61336263E-03  5.44991078E-03 -2.13065712E-04  4.88674732E-03 -1.83088713E-03
  2.20000000E-01  1.07716789E-01 -2.98759197E-03 -4.53713435E-03 -5.61719762E-01  6.76499488E-03  1.03079837E-02 -1.33993876E-04  1.10767648E-02 -4.64902805E-03
  2.30000000E-01  1.03182302E-01 -2.90418386E-03 -4.40976415E-03 -3.88006924E-01  8.35349200E-03  1.27717126E-02 -3.19436696E-05  1.42461213E-02 -6.09365251E-03
  2.40000000E-01  1.00170797E-01 -2.81270646E-03 -4.26972837E-03 -2.61617882E-01  8.46746777E-03  1.29795776E-02  3.83671771E-05  1.48662382E-02 -6.41973870E-03
  2.50000000E-01  9.81865636E-02 -2.72746190E-03 -4.13889327E-03 -1.74132709E-01  7.68292493E-03  1.18081496E-02  8.31978258E-05  1.38285568E-02 -6.00823979E-03
  2.60000000E-01  9.68826624E-02 -2.65455536E-03 -4.02666892E-03 -1.15142992E-01  6.49275394E-03  1.00093765E-02  1.06792047E-04  1.19686153E-02 -5.22481804E-03
  2.70000000E-01  9.60261811E-02 -2.59557868E-03 -3.93556902E-03 -7.59281297E-02  5.22474554E-03  8.08396164E-03  1.14408773E-04  9.86402654E-03 -4.32372185E-03
  2.80000000E-01  9.54629741E-02 -2.54967127E-03 -3.86435648E-03 -5.00499761E-02  4.05842823E-03  6.30704324E-03  1.11167645E-04  7.85034780E-03 -3.45402798E-03
  2.90000000E-01  9.50918651E-02 -2.51491857E-03 -3.81017064E-03 -3.30278367E-02  3.07047195E-03  4.79716958E-03  1.01403236E-04  6.08835404E-03 -2.68838563E-03
  3.00000000E-01  9.48466974E-02 -2.48915363E-03 -3.76974831E-03 -2.18386426E-02  2.27657247E-03  3.57987449E-03  8.84243814E-05  4.63009768E-03 -2.05158000E-03
  3.10000000E-01  9.46842570E-02 -2.47035740E-03 -3.74003604E-03 -1.44770057E-02  1.66136549E-03  2.63310018E-03  7.45319337E-05  3.46800920E-03 -1.54188269E-03
  3.20000000E-01  9.45762951E-02 -2.45681978E-03 -3.71843891E-03 -9.62453119E-03  1.19696608E-03  1.91538893E-03  6.11749232E-05  2.56670825E-03 -1.14496548E-03
  3.30000000E-01  9.45043122E-02 -2.44717212E-03 -3.70287358E-03 -6.41813196E-03  8.53196803E-04  1.38148023E-03  4.91535261E-05  1.88163186E-03 -8.42109966E-04
  3.40000000E-01  9.44561629E-02 -2.44035900E-03 -3.69172832E-03 -4.29351692E-03  6.02509662E-04  9.89859838E-04  3.88148347E-05  1.36887711E-03 -6.14595552E-04
  3.50000000E-01  9.44238508E-02 -2.43558734E-03 -3.68378782E-03 -2.88154736E-03  4.21843127E-04  7.05650288E-04  3.02154627E-05  9.89690474E-04 -4.45743811E-04
  3.60000000E-01  9.44020951E-02 -2.43227224E-03 -3.67815237E-03 -1.94033920E-03  2.92875832E-04  5.01055771E-04  2.32438583E-05  7.11941840E-04 -3.21631196E-04
  3.70000000E-01  9.43873978E-02 -2.42998832E-03 -3.67416478E-03 -1.31101874E-03  2.01547708E-04  3.54681366E-04  1.77052575E-05  5.10047224E-04 -2.31107481E-04
  3.80000000E-01  9.43774342E-02 -2.42842948E-03 -3.67134984E-03 -8.88947889E-04  1.37326727E-04  2.50453061E-04  1.33764205E-05  3.64198073E-04 -1.65496113E-04
  3.90000000E-01  9.43706551E-02 -2.42737732E-03 -3.66936645E-03 -6.05006890E-04  9.24606924E-05  1.76503452E-04  1.00380364E-05  2.59367402E-04 -1.18184760E-04
  4.00000000E-01  9.43660247E-02 -2.42667704E-03 -3.66797116E-03 -4.13400781E-04  6.13178283E-05  1.24182838E-04  7.49177003E-06  1.84329704E-04 -8.42127164E-05
  4.10000000E-01  9.43628487E-02 -2.42621958E-03 -3.66699094E-03 -2.83697416E-04  3.98449068E-05  8.72468587E-05  5.56741996E-06  1.30798541E-04 -5.99032588E-05
  4.20000000E-01  9.43606603E-02 -2.42592849E-03 -3.66630315E-03 -1.95614222E-04  2.51558646E-05  6.12187950E-05  4.12415816E-06  9.27142603E-05 -4.25572879E-05
  4.30000000E-01  9.43591445E-02 -2.42575038E-03 -3.66582110E-03 -1.35594069E-04  1.51896977E-05  4.29077875E-05  3.04855243E-06  6.56788419E-05 -3.02085342E-05
  4.40000000E-01  9.43580887E-02 -2.42564831E-03 -3.66548358E-03 -9.45499059E-05  8.49674221E-06  3.00478265E-05  2.25110860E-06  4.65196908E-05 -2.14334838E-05
  4.50000000E-01  9.43573484E-02 -2.42559681E-03 -3.66524740E-03 -6.63741893E-05  4.06139342E-06  2.10326546E-05  1.66236368E-06  3.29595957E-05 -1.52068055E-05
  4.60000000E-01  9.43568256E-02 -2.42557837E-03 -3.66508215E-03 -4.69509691E-05  1.17471742E-06  1.47246609E-05  1.22910887E-06  2.33707367E-05 -1.07930713E-05
  4.70000000E-01  9.43564532E-02 -2.42558106E-03 -3.66496644E-03 -3.34990890E-05 -6.55050242E-07  1.03183374E-05  9.11025189E-07  1.65934429E-05 -7.66662336E-06
  4.80000000E-01  9.43561854E-02 -2.42559676E-03 -3.66488529E-03 -2.41342831E-05 -1.76444288E-06  7.24349323E-06  6.77834419E-07  1.18038685E-05 -5.45282134E-06
  4.90000000E-01  9.43559909E-02 -2.42561995E-03 -3.66482823E-03 -1.75765407E-05 -2.38984393E-06  5.09857324E-06  5.06969537E-07  8.41808872E-06 -3.88529224E-06
  5.00000000E-01  9.43558479E-02 -2.42564698E-03 -3.66478797E-03 -1.29539690E-05 -2.69407240E-06  3.60203727E-06  3.81717153E-07  6.02300610E-06 -2.77501314E-06
