  0.00000000E+00  0.00000000E+00  0.00000000E+00  0.00000000E+00  1.90257480E+00  2.49030151E-04  4.12927561E-04  2.37702552E-04  8.64615588E-05 -4.40366946E-04
  1.00000000E-02  1.90257480E-02  2.49030151E-06  4.12927561E-06  1.50414059E+00  5.97654187E-03 -8.49399799E-03  2.07438072E-04  5.42345643E-04  4.52196259E-03
  2.00000000E-02  3.20749828E-02  9.08932789E-05 -1.25345332E-04  1.22291676E+00  8.92308412E-03 -1.29070784E-02  1.73178117E-04  8.30714186E-04  7.14018834E-03
  3.00000000E-02  4.28980312E-02  1.94856831E-04 -2.76481518E-04  1.01475600E+00  1.05926405E-02 -1.53041452E-02  1.52170660E-04  1.01504400E-03  8.64461575E-03
  4.00000000E-02  5.20047875E-02  3.09131018E-04 -4.41508304E-04  8.66237386E-01  1.12089174E-02 -1.60898579E-02  1.39705911E-04  1.10386906E-03  9.23884102E-03
  5.00000000E-02  5.99245683E-02  4.24301577E-04 -6.06335446E-04  7.62198743E-01  1.11504769E-02 -1.58750795E-02  1.31573777E-04  1.13669405E-03  9.25392552E-03
  6.00000000E-02  6.70263625E-02  5.35514144E-04 -7.64012349E-04  6.89973952E-01  1.07398658E-02 -1.51525305E-02  1.25476484E-04  1.13080888E-03  8.95433386E-03
  7.00000000E-02  7.35649780E-02  6.40859746E-04 -9.11924909E-04  6.40036799E-01  1.01941083E-02 -1.42452811E-02  1.20149843E-04  1.10144568E-03  8.52018414E-03
  8.00000000E-02  7.97156603E-02  7.40072042E-04 -1.04984147E-03  6.05553086E-01  9.64023244E-03 -1.33374664E-02  1.15124077E-04  1.05933186E-03  8.05937232E-03
  9.00000000E-02  8.55987726E-02  8.33704987E-04 -1.17867706E-03  5.81733517E-01  9.14267639E-03 -1.25193643E-02  1.10287963E-04  1.01178918E-03  7.62888896E-03
  1.00000000E-01  9.12970099E-02  9.22643971E-04 -1.29978020E-03  5.65261588E-01  8.72692057E-03 -1.18246332E-02  1.05710449E-04  9.63654552E-04  7.25276014E-03
  1.10000000E-01  9.68672661E-02  1.00783440E-03 -1.41455287E-03  5.53852703E-01  8.39668354E-03 -1.12560296E-02  1.01562315E-04  9.17549765E-04  6.93725614E-03
  1.20000000E-01  1.02348749E-01  1.09015005E-03 -1.52427015E-03  5.45936226E-01  8.14487117E-03 -1.08015835E-02  9.79282191E-05  8.75058798E-04  6.67959965E-03
  1.30000000E-01  1.07768529E-01  1.17033970E-03 -1.63001375E-03  5.40432324E-01  7.96005216E-03 -1.04437566E-02  9.48153241E-05  8.36942569E-04  6.47291759E-03
  1.40000000E-01  1.13145332E-01  1.24901612E-03 -1.73266219E-03  5.36598020E-01  7.82996602E-03 -1.01643560E-02  9.22036925E-05  8.03304860E-04  6.30922023E-03
  1.50000000E-01  1.18492141E-01  1.32666535E-03 -1.83290874E-03  5.33921200E-01  7.74327080E-03 -9.94683735E-03  9.00410718E-05  7.73875256E-04  6.18061817E-03
  1.60000000E-01  1.23817969E-01  1.40366459E-03 -1.93128952E-03  5.32048302E-01  7.69022461E-03 -9.77715247E-03  8.82469517E-05  7.48246854E-04  6.08008668E-03
  1.70000000E-01  1.29129087E-01  1.48030160E-03 -2.02821262E-03  5.30734760E-01  7.66287313E-03 -9.64390527E-03  8.67568233E-05  7.25924588E-04  6.00170074E-03
  1.80000000E-01  1.34429867E-01  1.55679357E-03 -2.12398544E-03  5.29811061E-01  7.65490611E-03 -9.53810624E-03  8.55159495E-05  7.06402154E-04  5.94058153E-03
  1.90000000E-01  1.39723359E-01  1.63330280E-03 -2.21883751E-03  5.29159490E-01  7.66142298E-03 -9.45280639E-03  8.44779109E-05  6.89202176E-04  5.89279851E-03
  2.00000000E-01  1.45011697E-01  1.70994961E-03 -2.31293907E-03 -9.75208970E-01  6.74593177E-04 -1.55449984E-03 -1.45368845E-04  3.68009218E-04  1.44677117E-03
  2.10000000E-01  1.27737765E-01  1.68176140E-03 -2.28899254E-03 -7.87916944E-01 -1.32626390E-03  1.39721930E-03 -7.78345819E-05  1.45246708E-05 -3.21591058E-04
  2.20000000E-01  1.20795055E-01  1.65849447E-03 -2.26026175E-03 -5.86482442E-01 -3.48240169E-03  3.85049114E-03 -8.57956930E-05 -7.15407442E-06 -1.88644991E-03
  2.30000000E-01  1.15937403E-01  1.61288977E-03 -2.20949048E-03 -4.20523555E-01 -4.48697806E-03  5.29176295E-03 -6.36425768E-05 -1.63193185E-04 -2.83003993E-03
  2.40000000E-01  1.12561962E-01  1.56299710E-03 -2.14936649E-03 -2.95991393E-01 -4.71768744E-03  5.69065568E-03 -5.11766900E-05 -2.38708601E-04 -3.16874657E-03
  2.50000000E-01  1.10224709E-01  1.51466668E-03 -2.09046547E-03 -2.06449649E-01 -4.42610868E-03  5.40916985E-03 -4.22030079E-05 -2.74966392E-04 -3.09502619E-03
  2.60000000E-01  1.08607921E-01  1.47186349E-03 -2.03778120E-03 -1.43404355E-01 -3.86994212E-03  4.77038719E-03 -3.52962693E-05 -2.82426719E-04 -2.79376427E-03
  2.70000000E-01  1.07489104E-01  1.43594490E-03 -1.99327124E-03 -9.94733276E-02 -3.22793957E-03  4.00290922E-03 -2.95622851E-05 -2.70639036E-04 -2.39650840E-03
  2.80000000E-01  1.06714026E-01  1.40687552E-03 -1.95707954E-03 -6.90076247E-02 -2.60496814E-03  3.24382517E-03 -2.45653607E-05 -2.47157561E-04 -1.98495857E-03
  2.90000000E-01  1.06176278E-01  1.38394069E-03 -1.92843671E-03 -4.79166407E-02 -2.05263304E-03  2.56287952E-03 -2.01432575E-05 -2.17760961E-04 -1.60330487E-03
  3.00000000E-01  1.05802567E-01  1.36617604E-03 -1.90621264E-03 -3.33165131E-02 -1.58920825E-03  1.98689064E-03 -1.62574913E-05 -1.86577170E-04 -1.27122738E-03
  3.10000000E-01  1.05542402E-01  1.35260108E-03 -1.88922368E-03 -2.32010430E-02 -1.21441301E-03  1.51826625E-03 -1.29046107E-05 -1.56322958E-04 -9.93893535E-04
  3.20000000E-01  1.05360969E-01  1.34233093E-03 -1.87638414E-03 -1.61833906E-02 -9.19015924E-04  1.14725133E-03 -1.00749870E-05 -1.28602546E-04 -7.68717607E-04
  3.30000000E-01  1.05234224E-01  1.33461775E-03 -1.86676670E-03 -1.13072762E-02 -6.90514408E-04  8.59296174E-04 -7.73979104E-06 -1.04205729E-04 -5.89557617E-04
  3.40000000E-01  1.05145531E-01  1.32885512E-03 -1.85961351E-03 -7.91358378E-03 -5.16194083E-04  6.39110328E-04 -5.85274395E-06 -8.33684808E-05 -4.49137070E-04
  3.50000000E-01  1.05083364E-01  1.32456478E-03 -1.85432334E-03 -5.54768549E-03 -3.84582719E-04  4.72652374E-04 -4.35691749E-06 -6.59801671E-05 -3.40330312E-04
  3.60000000E-01  1.05039717E-01  1.32137701E-03 -1.85042911E-03 -3.89558163E-03 -2.85988049E-04  3.47922492E-04 -3.19177226E-06 -5.17358588E-05 -2.56763875E-04
  3.70000000E-01  1.05009021E-01  1.31901010E-03 -1.84757353E-03 -2.74004740E-03 -2.12552839E-04  2.55110939E-04 -2.29862596E-06 -4.02412185E-05 -1.93029417E-04
  3.80000000E-01  1.04987399E-01  1.31725175E-03 -1.84548648E-03 -1.93054461E-03 -1.58083411E-04  1.86434052E-04 -1.62412360E-06 -3.10800337E-05 -1.44691003E-04
  3.90000000E-01  1.04972141E-01  1.31594326E-03 -1.84396552E-03 -1.36256533E-03 -1.17794185E-04  1.35845427E-04 -1.12196744E-06 -2.38542997E-05 -1.08194629E-04
  4.00000000E-01  1.04961355E-01  1.31496677E-03 -1.84286001E-03 -9.63431544E-04 -8.80419134E-05  9.87209483E-05 -7.53373767E-07 -1.82053349E-05 -8.07406891E-05
  4.10000000E-01  1.04953716E-01  1.31423511E-03 -1.84205843E-03 -6.82516078E-04 -6.60840856E-05  7.15653101E-05 -4.86737773E-07 -1.38225312E-05 -6.01515325E-05
  4.20000000E-01  1.04948296E-01  1.31368406E-03 -1.84147855E-03 -4.84495530E-04 -4.98714047E-05  5.17588481E-05 -2.96873684E-07 -1.04445173E-05 -4.47495999E-05
  4.30000000E-01  1.04944441E-01  1.31326640E-03 -1.84105999E-03 -3.44686098E-04 -3.78796925E-05  3.73509124E-05 -1.64078065E-07 -7.85605597E-06 -3.32523110E-05
  4.40000000E-01  1.04941693E-01  1.31294757E-03 -1.84075852E-03 -2.45813122E-04 -2.89902913E-05  2.68967203E-05 -7.31782706E-08 -5.88288033E-06 -2.46849517E-05
  4.50000000E-01  1.04939729E-01  1.31270211E-03 -1.84054183E-03 -1.75769752E-04 -2.23813413E-05  1.93304111E-05 -1.26474964E-08 -4.38579501E-06 -1.83103614E-05
  4.60000000E-01  1.04938322E-01  1.31251134E-03 -1.84038636E-03 -1.26059125E-04 -1.74474329E-05  1.38677310E-05  2.61638320E-08 -3.25483806E-06 -1.35732433E-05
