  0.00000000E+00  0.00000000E+00  0.00000000E+00  0.00000000E+00  1.90257477E+00  2.49017077E-04  4.12928357E-04  2.37679203E-04  8.64724209E-05 -4.40339229E-04
  1.00000000E-02  1.90257477E-02  2.49017077E-06  4.12928357E-06  1.34941211E+00 -4.19223092E-03 -2.04287135E-02  4.66955797E-05 -1.13507888E-02 -6.42178276E-03
  2.00000000E-02  2.97540555E-02 -6.16383784E-05 -3.04366061E-04  9.98948856E-01 -5.84827700E-03 -2.84494116E-02 -1.40883719E-04 -1.55721139E-02 -8.53779665E-03
  3.00000000E-02  3.79912278E-02 -1.28401379E-04 -6.28963667E-04  7.56269914E-01 -6.52266968E-03 -3.17419843E-02 -2.68500402E-04 -1.72338943E-02 -9.32692920E-03
  4.00000000E-02  4.43405322E-02 -1.97000039E-04 -9.62846373E-04  6.00745750E-01 -6.44101823E-03 -3.13959912E-02 -3.43435627E-04 -1.69790053E-02 -9.09629274E-03
  5.00000000E-02  4.95703689E-02 -2.61001964E-04 -1.27507632E-03  5.05849091E-01 -5.96204774E-03 -2.91522450E-02 -3.77785697E-04 -1.56914048E-02 -8.36030372E-03
  6.00000000E-02  5.41543765E-02 -3.18227589E-04 -1.55538004E-03  4.49867441E-01 -5.36740396E-03 -2.63217691E-02 -3.82817522E-04 -1.41063884E-02 -7.49079023E-03
  7.00000000E-02  5.83731427E-02 -3.68928410E-04 -1.80444535E-03  4.17640123E-01 -4.81583638E-03 -2.36475264E-02 -3.69540921E-04 -1.26290675E-02 -6.69424793E-03
  8.00000000E-02  6.23884073E-02 -4.14328936E-04 -2.02754940E-03  3.99416621E-01 -4.37320237E-03 -2.14433661E-02 -3.47059836E-04 -1.14276050E-02 -6.05228683E-03
  9.00000000E-02  6.62914560E-02 -4.55847789E-04 -2.23096226E-03  3.89242368E-01 -4.05035170E-03 -1.97704020E-02 -3.21892771E-04 -1.05296818E-02 -5.57407777E-03
  1.00000000E-01  7.01330084E-02 -4.94737053E-04 -2.42030146E-03  3.83608933E-01 -3.83219209E-03 -1.85693642E-02 -2.98132469E-04 -9.89795318E-03 -5.23703713E-03
  1.10000000E-01  7.39409306E-02 -5.31968176E-04 -2.59998991E-03  3.80501758E-01 -3.69531330E-03 -1.77407934E-02 -2.77854496E-04 -9.47382980E-03 -5.00887638E-03
  1.20000000E-01  7.77304123E-02 -5.68236915E-04 -2.77325499E-03  3.78786445E-01 -3.61692655E-03 -1.71855558E-02 -2.61729385E-04 -9.19997274E-03 -4.85890540E-03
  1.30000000E-01  8.15097002E-02 -6.04014247E-04 -2.94233436E-03  3.77833429E-01 -3.57838372E-03 -1.68211741E-02 -2.49586806E-04 -9.02925649E-03 -4.76233964E-03
  1.40000000E-01  8.52832694E-02 -6.39605370E-04 -3.10872420E-03  3.77296965E-01 -3.56583922E-03 -1.65853561E-02 -2.40850963E-04 -8.92655553E-03 -4.70089299E-03
  1.50000000E-01  8.90535567E-02 -6.75201039E-04 -3.27339867E-03  3.76988429E-01 -3.56966184E-03 -1.64338606E-02 -2.34820338E-04 -8.86730277E-03 -4.66186645E-03
  1.60000000E-01  9.28218983E-02 -7.10916771E-04 -3.43697980E-03  3.76805223E-01 -3.58346908E-03 -1.63365782E-02 -2.30825739E-04 -8.83509099E-03 -4.63682327E-03
  1.70000000E-01  9.65890345E-02 -7.46820498E-04 -3.59985917E-03  3.76691512E-01 -3.60319265E-03 -1.62736427E-02 -2.28300179E-04 -8.81934897E-03 -4.62034142E-03
  1.80000000E-01  1.00355381E-01 -7.82951042E-04 -3.76228092E-03  3.76616780E-01 -3.62632293E-03 -1.62322434E-02 -2.26798841E-04 -8.81345930E-03 -4.60902435E-03
  1.90000000E-01  1.04121175E-01 -8.19329923E-04 -3.92439635E-03  3.76564222E-01 -3.65135617E-03 -1.62042574E-02 -2.25991587E-04 -8.81337646E-03 -4.60078728E-03
  2.00000000E-01  1.07886555E-01 -8.55968651E-04 -4.08629900E-03 -9.72137329E-01  1.30847312E-03  4.18476740E-03 -2.93134206E-04  2.80856140E-03  1.71757831E-03
  2.10000000E-01  9.14216736E-02 -8.18084773E-04 -3.94250620E-03 -7.38715328E-01  2.36741721E-03  9.65609887E-03 -1.21360542E-04  5.51067019E-03  3.20297439E-03
  2.20000000E-01  8.52016303E-02 -7.89115881E-04 -3.81858855E-03 -4.98372763E-01  3.35709504E-03  1.35290942E-02 -2.21593814E-05  7.71553130E-03  4.11869630E-03
  2.30000000E-01  8.14196155E-02 -7.50596541E-04 -3.66393263E-03 -3.14902959E-01  3.50611282E-03  1.46077290E-02  7.74072739E-05  8.16069847E-03  4.31227444E-03
  2.40000000E-01  7.91879350E-02 -7.14790324E-04 -3.51246217E-03 -1.90624176E-01  3.16205149E-03  1.34729692E-02  1.34166726E-04  7.43006714E-03  3.89124399E-03
  2.50000000E-01  7.79030871E-02 -6.84890116E-04 -3.38340628E-03 -1.12011689E-01  2.57483476E-03  1.12165241E-02  1.57172964E-04  6.10690416E-03  3.17845936E-03
  2.60000000E-01  7.71760327E-02 -6.62077852E-04 -3.28252326E-03 -6.44272422E-02  1.94706451E-03  8.69145508E-03  1.55983420E-04  4.66429468E-03  2.41650139E-03
  2.70000000E-01  7.67696825E-02 -6.45746058E-04 -3.20823406E-03 -3.64942758E-02  1.39092212E-03  6.38901872E-03  1.40137299E-04  3.37065036E-03  1.74004540E-03
  2.80000000E-01  7.65444046E-02 -6.34617549E-04 -3.15585605E-03 -2.04568986E-02  9.49029109E-04  4.51293217E-03  1.17413894E-04  2.33252946E-03  1.20071934E-03
  2.90000000E-01  7.64200225E-02 -6.27336723E-04 -3.12010716E-03 -1.13965089E-02  6.22885345E-04  3.09172107E-03  9.32719092E-05  1.55888677E-03  8.00707595E-04
  3.00000000E-01  7.63513593E-02 -6.22738588E-04 -3.09629601E-03 -6.33541217E-03  3.95015697E-04  2.06902725E-03  7.09933260E-05  1.01255190E-03  5.19277475E-04
  3.10000000E-01  7.63133107E-02 -6.19927779E-04 -3.08071920E-03 -3.52845146E-03  2.42574510E-04  1.36047789E-03  5.21582042E-05  6.42359437E-04  3.29144501E-04
  3.20000000E-01  7.62920610E-02 -6.18264240E-04 -3.07065717E-03 -1.97676352E-03  1.44217211E-04  8.83389646E-04  3.71949701E-05  3.99636774E-04  2.04757256E-04
  3.30000000E-01  7.62800518E-02 -6.17313855E-04 -3.06420872E-03 -1.11857162E-03  8.27258177E-05  5.68980827E-04  2.58611206E-05  2.44698325E-04  1.25469214E-04
  3.40000000E-01  7.62731570E-02 -6.16794053E-04 -3.06009095E-03 -6.41924376E-04  4.53731066E-05  3.65029143E-04  1.75984995E-05  1.47956195E-04  7.59862332E-05
  3.50000000E-01  7.62691210E-02 -6.16527086E-04 -3.05746042E-03 -3.75090160E-04  2.33013285E-05  2.34171084E-04  1.17621604E-05  8.86431690E-05  4.56284276E-05
  3.60000000E-01  7.62667043E-02 -6.16404431E-04 -3.05577300E-03 -2.23991881E-04  1.06179224E-05  1.50767824E-04  7.74758749E-06  5.28153675E-05  2.72548766E-05
  3.70000000E-01  7.62652199E-02 -6.16361669E-04 -3.05468234E-03 -1.37159120E-04  3.54339499E-06  9.77547532E-05  5.04745411E-06  3.14264393E-05  1.62481939E-05
  3.80000000E-01  7.62642824E-02 -6.16361608E-04 -3.05396985E-03 -8.63683155E-05 -2.53543564E-07  6.40250441E-05  3.26548143E-06  1.87667266E-05  9.70104147E-06
  3.90000000E-01  7.62636727E-02 -6.16383128E-04 -3.05349825E-03 -5.60543508E-05 -2.17416569E-06  4.24675471E-05  2.10779811E-06  1.13127758E-05  5.82151222E-06
  4.00000000E-01  7.62632637E-02 -6.16414473E-04 -3.05318136E-03 -3.75555686E-05 -3.04717270E-06  2.85823330E-05  1.36505564E-06  6.93028475E-06  3.52394194E-06
  4.10000000E-01  7.62629807E-02 -6.16449310E-04 -3.05296497E-03 -2.59941155E-05 -3.35723227E-06  1.95469208E-05  8.92864223E-07  4.34603705E-06  2.15936747E-06
  4.20000000E-01  7.62627785E-02 -6.16484432E-04 -3.05281467E-03 -1.85834298E-05 -3.37910704E-06  1.35996302E-05  5.94261817E-07  2.80981080E-06  1.34378665E-06
  4.30000000E-01  7.62626297E-02 -6.16518333E-04 -3.05270841E-03 -1.37059668E-05 -3.25940703E-06  9.63395496E-06  4.05578579E-07  1.88373326E-06  8.51560756E-07
  4.40000000E-01  7.62625171E-02 -6.16550328E-04 -3.05263190E-03 -1.04064648E-05 -3.07764887E-06  6.95344401E-06  2.85791603E-07  1.31393169E-06  5.50610170E-07
  4.50000000E-01  7.62624295E-02 -6.16580196E-04 -3.05257577E-03 -8.11080370E-06 -2.87641523E-06  5.11589416E-06  2.08889326E-07  9.53754433E-07  3.63664393E-07
  4.60000000E-01  7.62623599E-02 -6.16607954E-04 -3.05253380E-03 -6.46776412E-06 -2.67209803E-06  3.83621098E-06  1.58594278E-07  7.18508409E-07  2.45400697E-07
  4.70000000E-01  7.62623034E-02 -6.16633653E-04 -3.05250184E-03 -5.25870469E-06 -2.47393832E-06  2.93036432E-06  1.24826238E-07  5.59110057E-07  1.69080819E-07
  4.80000000E-01  7.62622569E-02 -6.16657402E-04 -3.05247706E-03 -4.34512530E-06 -2.28428679E-06  2.27763843E-06  1.01390566E-07  4.46891848E-07  1.18789641E-07
  4.90000000E-01  7.62622180E-02 -6.16679296E-04 -3.05245755E-03 -3.63771570E-06 -2.10325402E-06  1.79863303E-06  8.44977435E-08  3.64899807E-07  8.49429691E-08
  5.00000000E-01  7.62621852E-02 -6.16699424E-04 -3.05244196E-03 -3.07781197E-06 -1.93071326E-06  1.44086261E-06  7.18313808E-08  3.02931101E-07  6.16873803E-08
