  0.00000000E+00  0.00000000E+00  0.00000000E+00  0.00000000E+00  1.90257477E+00  2.49017077E-04  4.12928357E-04  2.37679203E-04  8.64724209E-05 -4.40339229E-04
  1.00000000E-02  1.90257477E-02  2.49017077E-06  4.12928357E-06  1.29145183E+00 -2.47551715E-02  1.66576889E-02 -1.14963096E-04 -1.08801593E-02  4.16536086E-03
  2.00000000E-02  2.88846513E-02 -3.70082488E-04  2.51929976E-04  9.21625252E-01 -3.32646231E-02  2.21532551E-02 -4.18579534E-04 -1.42705011E-02  5.60646366E-03
  3.00000000E-02  3.62517709E-02 -7.45275977E-04  5.00940357E-04  6.72438463E-01 -3.62050509E-02  2.40326085E-02 -6.11231929E-04 -1.52786399E-02  6.01989893E-03
  4.00000000E-02  4.17302216E-02 -1.12202863E-03  7.50663209E-04  5.20001448E-01 -3.49928072E-02  2.32232819E-02 -7.06011746E-04 -1.44978826E-02  5.74672841E-03
  5.00000000E-02  4.61680510E-02 -1.46589548E-03  9.78849395E-04  4.32731858E-01 -3.17959471E-02  2.11212709E-02 -7.28889184E-04 -1.29527620E-02  5.11171701E-03
  6.00000000E-02  5.00590216E-02 -1.76787065E-03  1.17955205E-03  3.85275669E-01 -2.81872634E-02  1.87549059E-02 -7.04704284E-04 -1.13181135E-02  4.43519956E-03
  7.00000000E-02  5.36744974E-02 -2.03169986E-03  1.35526928E-03  3.60554983E-01 -2.49942059E-02  1.66640787E-02 -6.55764657E-04 -9.93494689E-03  3.86692310E-03
  8.00000000E-02  5.71564438E-02 -2.26567664E-03  1.51145593E-03  3.48153035E-01 -2.25073072E-02  1.50384104E-02 -5.98992300E-04 -8.90191667E-03  3.45113291E-03
  9.00000000E-02  6.05759644E-02 -2.47831521E-03  1.65371170E-03  3.42136327E-01 -2.07220635E-02  1.38746256E-02 -5.45108379E-04 -8.19245988E-03  3.17565526E-03
  1.00000000E-01  6.39672441E-02 -2.67660963E-03  1.78663903E-03  3.39302037E-01 -1.95117313E-02  1.30893982E-02 -4.99624184E-04 -7.73447162E-03  3.00815749E-03
  1.10000000E-01  6.73460930E-02 -2.86567528E-03  1.91360687E-03  3.37998168E-01 -1.87245722E-02  1.25830845E-02 -4.64284750E-04 -7.45258487E-03  2.91483771E-03
  1.20000000E-01  7.07195554E-02 -3.04898521E-03  2.03690615E-03  3.37407083E-01 -1.82276697E-02  1.22683809E-02 -4.38531185E-04 -7.28526728E-03  2.86825708E-03
  1.30000000E-01  7.40906708E-02 -3.22877740E-03  2.15801644E-03  3.37139457E-01 -1.79200359E-02  1.20789063E-02 -4.20723079E-04 -7.18836821E-03  2.84907107E-03
  1.40000000E-01  7.74607272E-02 -3.40643959E-03  2.27785813E-03  3.37016513E-01 -1.77312816E-02  1.19683347E-02 -4.08946570E-04 -7.13278914E-03  2.84489572E-03
  1.50000000E-01  8.08302776E-02 -3.58280863E-03  2.39698862E-03  3.36958760E-01 -1.76151626E-02  1.19061714E-02 -4.01458433E-04 -7.10053192E-03  2.84839237E-03
  1.60000000E-01  8.41995764E-02 -3.75837966E-03  2.51573952E-03  3.36931676E-01 -1.75425770E-02  1.18731730E-02 -3.96860955E-04 -7.08102285E-03  2.85550441E-03
  1.70000000E-01  8.75687578E-02 -3.93344250E-03  2.63430626E-03  3.36920316E-01 -1.74957837E-02  1.18575625E-02 -3.94125100E-04 -7.06830810E-03  2.86414687E-03
  1.80000000E-01  9.09379041E-02 -4.10816637E-03  2.75280383E-03  3.36917979E-01 -1.74642102E-02  1.18522841E-02 -3.92541143E-04 -7.05915375E-03  2.87333331E-03
  1.90000000E-01  9.43070723E-02 -4.28265061E-03  2.87130028E-03  3.36921383E-01 -1.74416463E-02  1.18531638E-02 -3.91644872E-04 -7.05185498E-03  2.88264486E-03
  2.00000000E-01  9.76763031E-02 -4.45695425E-03  2.98983631E-03 -9.55203948E-01  7.06090388E-03 -5.09482188E-03 -2.97333425E-04  3.67311355E-03 -1.58813509E-03
  2.10000000E-01  8.16636370E-02 -4.26383246E-03  2.85414817E-03 -7.08026334E-01  1.27633818E-02 -8.65760299E-03 -6.10580240E-05  5.95553978E-03 -2.38371105E-03
  2.20000000E-01  7.58192617E-02 -4.10768625E-03  2.74975823E-03 -4.59865869E-01  1.65289976E-02 -1.12607672E-02  1.10820425E-04  7.30670366E-03 -3.19255576E-03
  2.30000000E-01  7.24614053E-02 -3.92356820E-03  2.62413474E-03 -2.75415337E-01  1.70213670E-02 -1.15258150E-02  2.45034376E-04  7.30275320E-03 -3.13200614E-03
  2.40000000E-01  7.06295046E-02 -3.75089268E-03  2.50755135E-03 -1.55811994E-01  1.50783422E-02 -1.01846612E-02  3.06319882E-04  6.29780338E-03 -2.66461388E-03
  2.50000000E-01  6.96694014E-02 -3.60982438E-03  2.41241051E-03 -8.43222443E-02  1.20496686E-02 -8.13005795E-03  3.11735144E-04  4.89178298E-03 -2.03283040E-03
  2.60000000E-01  6.91836277E-02 -3.50447106E-03  2.34138294E-03 -4.40117495E-02  8.93268378E-03 -6.02670416E-03  2.81371042E-04  3.51203877E-03 -1.42559975E-03
  2.70000000E-01  6.89450627E-02 -3.43072915E-03  2.29163267E-03 -2.23000687E-02  6.25340672E-03 -4.22308673E-03  2.33456175E-04  2.36947775E-03 -9.33212282E-04
  2.80000000E-01  6.88306204E-02 -3.38159147E-03  2.25841989E-03 -1.10424455E-02  4.18488931E-03 -2.83217968E-03  1.81464402E-04  1.51937885E-03 -5.75771825E-04
  2.90000000E-01  6.87764841E-02 -3.35008516E-03  2.23705263E-03 -5.39017847E-03  2.70110830E-03 -1.83471691E-03  1.33682839E-04  9.33729141E-04 -3.36805353E-04
  3.00000000E-01  6.87508436E-02 -3.33049298E-03  2.22369277E-03 -2.62623874E-03  1.69288691E-03 -1.15658909E-03  9.40744671E-05  5.53661586E-04 -1.87388615E-04
  3.10000000E-01  6.87384009E-02 -3.31860522E-03  2.21551752E-03 -1.30007541E-03  1.03567661E-03 -7.13931059E-04  6.36031672E-05  3.18722191E-04 -9.92475083E-05
  3.20000000E-01  6.87320310E-02 -3.31153451E-03  2.21059150E-03 -6.68707013E-04  6.20935594E-04 -4.33890751E-04  4.15008359E-05  1.79284677E-04 -4.99683117E-05
  3.30000000E-01  6.87285008E-02 -3.30739886E-03  2.20765280E-03 -3.65326471E-04  3.65740782E-04 -2.60905270E-04  2.62340434E-05  9.93116674E-05 -2.38162267E-05
  3.40000000E-01  6.87263644E-02 -3.30501742E-03  2.20590867E-03 -2.14694376E-04  2.11731106E-04 -1.55902649E-04  1.61231089E-05  5.47131744E-05 -1.06599750E-05
  3.50000000E-01  6.87249706E-02 -3.30367016E-03  2.20487466E-03 -1.35392690E-04  1.20117425E-04 -9.29178182E-05  9.66999757E-06  3.03629298E-05 -4.41465745E-06
  3.60000000E-01  6.87240132E-02 -3.30292705E-03  2.20426040E-03 -9.03260629E-05  6.61819758E-05 -5.53957991E-05  5.68488408E-06  1.72324435E-05 -1.64285015E-06
  3.70000000E-01  6.87233353E-02 -3.30253491E-03  2.20389406E-03 -6.26686174E-05  3.46810784E-05 -3.31025516E-05  3.29512384E-06  1.01582289E-05 -5.12504209E-07
  3.80000000E-01  6.87228469E-02 -3.30234561E-03  2.20367450E-03 -4.46255397E-05  1.64367348E-05 -1.98495580E-05  1.89859142E-06  6.29329797E-06 -1.03517161E-07
  3.90000000E-01  6.87224908E-02 -3.30227246E-03  2.20354227E-03 -3.23742342E-05  5.97069224E-06 -1.19415907E-05  1.10005691E-06  4.11547798E-06  1.69679436E-08
  4.00000000E-01  6.87222284E-02 -3.30226508E-03  2.20346239E-03 -2.38625484E-05  6.49588171E-08 -7.19107108E-06  6.50948438E-07  2.83023560E-06  3.72088196E-08
  4.10000000E-01  6.87220323E-02 -3.30229396E-03  2.20341423E-03 -1.78710207E-05 -3.16894621E-06 -4.31147688E-06  4.00694032E-07  2.02888043E-06  3.08686335E-08
  4.20000000E-01  6.87218835E-02 -3.30234182E-03  2.20338551E-03 -1.36136598E-05 -4.83405142E-06 -2.54746149E-06  2.61098427E-07  1.50141002E-06  2.22706955E-08
  4.30000000E-01  6.87217687E-02 -3.30239849E-03  2.20336886E-03 -1.05590054E-05 -5.57582305E-06 -1.45524874E-06  1.82027566E-07  1.13800185E-06  1.68644717E-08
  4.40000000E-01  6.87216784E-02 -3.30245795E-03  2.20335977E-03 -8.34049573E-06 -5.77215424E-06 -7.75127143E-07  1.35728819E-07  8.78888178E-07  1.42276040E-08
  4.50000000E-01  6.87216061E-02 -3.30251666E-03  2.20335542E-03 -6.70452044E-06 -5.65408213E-06 -3.52440240E-07  1.07179141E-07  6.89560656E-07  1.29242604E-08
  4.60000000E-01  6.87215472E-02 -3.30257261E-03  2.20335401E-03 -5.47634272E-06 -5.36172205E-06 -9.30395360E-08  8.83788022E-08  5.48716249E-07  1.19235200E-08
  4.70000000E-01  6.87214986E-02 -3.30262476E-03  2.20335437E-03 -4.53619724E-06 -4.97827041E-06  6.21617478E-08  7.51027176E-08  4.42395775E-07  1.07580353E-08
  4.80000000E-01  6.87214579E-02 -3.30267263E-03  2.20335577E-03 -3.80217366E-06 -4.55719283E-06  1.51068204E-07  6.51115516E-08  3.61048224E-07  9.33853554E-09
  4.90000000E-01  6.87214236E-02 -3.30271610E-03  2.20335773E-03 -3.21816625E-06 -4.13124806E-06  1.98370975E-07  5.71965425E-08  2.97966493E-07  7.75369179E-09
  5.00000000E-01  6.87213943E-02 -3.30275528E-03  2.20335995E-03 -2.74548914E-06 -3.71919478E-06  2.19963326E-07  5.06820549E-08  2.48376279E-07  6.13869483E-09
