  0.00000000E+00  0.00000000E+00  0.00000000E+00  0.00000000E+00  1.91675286E+00  1.54716663E-04  1.77855937E-04 -2.77282875E-06  3.87769104E-06  2.78401676E-06
  5.00000000E-03  9.58376428E-03  7.73583314E-07  8.89279687E-07  1.75861791E+00  1.47033601E-04  1.58728207E-04 -2.44941327E-06  3.36120161E-06  2.46654586E-06
  1.00000000E-02  1.79815165E-02  1.48954367E-06  1.63510139E-06  1.62094219E+00  1.08517037E-04  1.37476079E-04 -2.12033478E-06  2.76261898E-06  2.01071653E-06
  1.50000000E-02  2.57420381E-02  1.93583744E-06  2.26935147E-06  1.49962980E+00  7.52013101E-05  1.18594274E-04 -1.82844747E-06  2.19539398E-06  1.67246628E-06
  2.00000000E-02  3.29369061E-02  2.22855467E-06  2.81511833E-06  1.39360680E+00  4.69117362E-05  1.01881392E-04 -1.57214665E-06  1.70188765E-06  1.37714853E-06
  2.50000000E-02  3.96398826E-02  2.39238942E-06  3.28274308E-06  1.30124178E+00  2.31046961E-05  8.71172159E-05 -1.35024938E-06  1.28677593E-06  1.13581921E-06
  3.00000000E-02  4.59151790E-02  2.44839530E-06  3.68141872E-06  1.22087634E+00  3.17053347E-06  7.40944284E-05 -1.15908537E-06  9.43843444E-07  9.29583669E-07
  3.50000000E-02  5.18186470E-02  2.41441256E-06  4.01933389E-06  1.15098610E+00 -1.34596571E-05  6.26240756E-05 -9.95092901E-07  6.63591104E-07  7.53104498E-07
  4.00000000E-02  5.73988519E-02  2.30553880E-06  4.30377839E-06  1.09021743E+00 -2.72881438E-05  5.25360927E-05 -8.54918252E-07  4.36756160E-07  6.02072997E-07
  4.50000000E-02  6.26980174E-02  2.13452686E-06  4.54123890E-06  1.03738378E+00 -3.87488696E-05  4.36779782E-05 -7.35492551E-07  2.54975018E-07  4.72897228E-07
  5.00000000E-02  6.77528521E-02  1.91213070E-06  4.73748350E-06  9.91450271E-01 -4.82132950E-05  3.59132428E-05 -6.34052038E-07  1.10934979E-07  3.62535901E-07
  5.50000000E-02  7.25952697E-02  1.64740316E-06  4.89763788E-06  9.51516102E-01 -5.59979973E-05  2.91198131E-05 -5.48136388E-07 -1.67778612E-09  2.68397362E-07
  6.00000000E-02  7.72530148E-02  1.34795142E-06  5.02625337E-06  9.16797766E-01 -6.23722365E-05  2.31885254E-05 -4.75588611E-07 -8.81398691E-08  1.88209639E-07
  6.50000000E-02  8.17502078E-02  1.02015464E-06  5.12736777E-06  8.86613991E-01 -6.75645119E-05  1.80218002E-05 -4.14517473E-07 -1.53019527E-07  1.20287708E-07
  7.00000000E-02  8.61078183E-02  6.69351391E-07  5.20455996E-06  8.60372469E-01 -7.17680992E-05  1.35325848E-05 -3.63269885E-07 -1.99942399E-07  6.31265229E-08
  7.50000000E-02  9.03440769E-02  3.00001926E-07  5.26099985E-06  8.37558261E-01 -7.51467257E-05  9.64290521E-06 -3.20411312E-07 -2.32531261E-07  1.47313092E-08
  8.00000000E-02  9.44748327E-02 -8.41782688E-08  5.29949017E-06  8.17723695E-01 -7.78388843E-05  6.28324803E-06 -2.84683748E-07 -2.53803363E-07 -2.68522641E-08
  8.50000000E-02  9.85138647E-02 -4.80103086E-07  5.32250727E-06  8.00479580E-01 -7.99612817E-05  3.39149663E-06 -2.55005129E-07 -2.66054796E-07 -6.27965724E-08
  9.00000000E-02  1.02473152E-01 -8.85215489E-07  5.33223538E-06  7.85487569E-01 -8.16124324E-05  9.12257854E-07 -2.30434057E-07 -2.70677689E-07 -9.34814746E-08
  9.50000000E-02  1.06363110E-01 -1.29740553E-06  5.33059857E-06  7.72453515E-01 -8.28749703E-05 -1.20354377E-06 -2.10144545E-07 -2.69550440E-07 -1.19285059E-07
  1.00000000E-01  1.10192793E-01 -1.71493672E-06  5.31929135E-06  7.61121692E-01 -8.38183303E-05 -2.99966140E-06 -1.93453564E-07 -2.64039639E-07 -1.40932109E-07
  1.05000000E-01  1.13970071E-01 -2.13638678E-06  5.29980275E-06  7.51269781E-01 -8.45007349E-05 -4.51512213E-06 -1.79771826E-07 -2.55199576E-07 -1.59111054E-07
  1.10000000E-01  1.17701791E-01 -2.56059646E-06  5.27343848E-06  7.42704499E-01 -8.49708865E-05 -5.78460387E-06 -1.68597101E-07 -2.43911774E-07 -1.74393264E-07
  1.15000000E-01  1.21393900E-01 -2.98662627E-06  5.24134176E-06  7.35257810E-01 -8.52694663E-05 -6.83892027E-06 -1.59502889E-07 -2.30903754E-07 -1.87236617E-07
  1.20000000E-01  1.25051572E-01 -3.41372005E-06  5.20451137E-06  7.28783624E-01 -8.54303072E-05 -7.70535841E-06 -1.52129106E-07 -2.16767371E-07 -1.98021952E-07
  1.25000000E-01  1.28679305E-01 -3.84127369E-06  5.16381848E-06  7.23154935E-01 -8.54814388E-05 -8.40796939E-06 -1.46169905E-07 -2.01979055E-07 -2.07082687E-07
  1.30000000E-01  1.32281008E-01 -4.26880872E-06  5.12002210E-06  7.18261323E-01 -8.54461043E-05 -8.96806570E-06 -1.41382628E-07 -1.86936258E-07 -2.14700484E-07
  1.35000000E-01  1.35860080E-01 -4.69595090E-06  5.07378154E-06  7.14006789E-01 -8.53437054E-05 -9.40453896E-06 -1.37505445E-07 -1.71864662E-07 -2.21172082E-07
  1.40000000E-01  1.39419478E-01 -5.12241343E-06  5.02566766E-06  7.10307874E-01 -8.51901630E-05 -9.73419735E-06 -1.34409071E-07 -1.57058842E-07 -2.26647173E-07
  1.45000000E-01  1.42961770E-01 -5.54798039E-06  4.97617252E-06  7.07092017E-01 -8.49985575E-05 -9.97185865E-06 -1.31929594E-07 -1.42663027E-07 -2.31310260E-07
  1.50000000E-01  1.46489191E-01 -5.97249416E-06  4.92571908E-06  7.04296135E-01 -8.47795502E-05 -1.01306234E-05 -1.29942472E-07 -1.28800678E-07 -2.35304788E-07
  1.55000000E-01  1.50003682E-01 -6.39584440E-06  4.87466905E-06  7.01865382E-01 -8.45417817E-05 -1.02219936E-05 -1.28348248E-07 -1.15568907E-07 -2.38753483E-07
  1.60000000E-01  1.53506932E-01 -6.81795888E-06  4.82333066E-06  6.99752077E-01 -8.42922735E-05 -1.02559637E-05 -1.27064305E-07 -1.03042028E-07 -2.41757739E-07
  1.65000000E-01  1.57000409E-01 -7.23879648E-06  4.77196591E-06  6.97914764E-01 -8.40366097E-05 -1.02412047E-05 -1.26015647E-07 -9.12612108E-08 -2.44396051E-07
  1.70000000E-01  1.60485389E-01 -7.65834037E-06  4.72079679E-06  6.96317401E-01 -8.37791246E-05 -1.01854071E-05 -1.25139173E-07 -8.02313970E-08 -2.46736778E-07
  1.75000000E-01  1.63962983E-01 -8.07659228E-06  4.67000924E-06  6.94928654E-01 -8.35232241E-05 -1.00954229E-05 -1.24390007E-07 -6.99405321E-08 -2.48840582E-07
  1.80000000E-01  1.67434154E-01 -8.49356865E-06  4.61975709E-06  6.93721280E-01 -8.32714677E-05 -9.97727797E-06 -1.23728851E-07 -6.03677994E-08 -2.50759850E-07
  1.85000000E-01  1.70899742E-01 -8.90929660E-06  4.57016606E-06  6.92671594E-01 -8.30258397E-05 -9.83622895E-06 -1.23124685E-07 -5.14875111E-08 -2.52537828E-07
  1.90000000E-01  1.74360476E-01 -9.32381172E-06  4.52133754E-06  6.91759003E-01 -8.27878173E-05 -9.67682584E-06 -1.22554123E-07 -4.32718157E-08 -2.54207004E-07
  1.95000000E-01  1.77816989E-01 -9.73715575E-06  4.47335192E-06  6.90965606E-01 -8.25584482E-05 -9.50301913E-06 -1.21998452E-07 -3.56881313E-08 -2.55794993E-07
  2.00000000E-01  1.81269834E-01 -1.01493746E-05  4.42627134E-06 -1.06836343E+00 -2.29975803E-04 -1.65545460E-04  1.86511570E-06 -3.03107441E-06 -4.33951199E-06
  2.05000000E-01  1.71529694E-01 -1.16677970E-05  3.20843794E-06 -9.77160537E-01 -1.93250174E-04 -1.46326540E-04  2.24965192E-06 -4.92316566E-06 -6.77031207E-07
  2.10000000E-01  1.66871899E-01 -1.25422338E-05  2.52485254E-06 -8.66226622E-01 -1.45511382E-04 -1.23624258E-04  1.83035980E-06 -2.88806371E-06 -2.89887753E-06
  2.15000000E-01  1.62818100E-01 -1.31504437E-05  1.96348695E-06 -7.58843312E-01 -1.02657660E-04 -1.01666783E-04  1.69430513E-06 -2.66561733E-06 -2.15667471E-06
  2.20000000E-01  1.59292342E-01 -1.35565977E-05  1.51004672E-06 -6.61724526E-01 -6.49731378E-05 -8.20068021E-05  1.44766442E-06 -2.17229142E-06 -1.83556057E-06
  2.25000000E-01  1.56226517E-01 -1.37872521E-05  1.14916267E-06 -5.75990631E-01 -3.32404373E-05 -6.48584865E-05  1.22456639E-06 -1.73918225E-06 -1.57485961E-06
  2.30000000E-01  1.53560898E-01 -1.38741225E-05  8.67741022E-07 -5.01005884E-01 -6.99311776E-06 -5.00903350E-05  1.03069332E-06 -1.37211093E-06 -1.34652444E-06
  2.35000000E-01  1.51243331E-01 -1.38434698E-05  6.54209726E-07 -4.35659979E-01  1.44462850E-05 -3.74640188E-05  8.64888812E-07 -1.06677273E-06 -1.14857376E-06
  2.40000000E-01  1.49228395E-01 -1.37176399E-05  4.98455423E-07 -3.78795246E-01  3.17568010E-05 -2.67269229E-05  7.24058095E-07 -8.15330019E-07 -9.76766861E-07
  2.45000000E-01  1.47476581E-01 -1.35155796E-05  3.91663548E-07 -3.29338849E-01  4.55549850E-05 -1.76418097E-05  6.04827969E-07 -6.09767924E-07 -8.28040719E-07
  2.50000000E-01  1.45953528E-01 -1.32533092E-05  3.26167282E-07 -2.86335196E-01  5.63811967E-05 -9.99476541E-06  5.04068170E-07 -4.42790355E-07 -6.99742719E-07
  2.55000000E-01  1.44629361E-01 -1.29443377E-05  2.95311066E-07 -2.48945624E-01  6.47023447E-05 -3.59598248E-06  4.19027744E-07 -3.08047891E-07 -5.89468841E-07
  2.60000000E-01  1.43478107E-01 -1.26000231E-05  2.93328111E-07 -2.16438296E-01  7.09193863E-05  1.72181672E-06  3.47337382E-07 -2.00114473E-07 -4.95021916E-07
  2.65000000E-01  1.42477184E-01 -1.22298836E-05  3.15231692E-07 -1.88176036E-01  7.53756332E-05  6.10552348E-06  2.86972830E-07 -1.14393449E-07 -4.14401229E-07
  2.70000000E-01  1.41606959E-01 -1.18418648E-05  3.56718577E-07 -1.63604571E-01  7.83644846E-05  9.68387290E-06  2.36210469E-07 -4.70084447E-08 -3.45800781E-07
  2.75000000E-01  1.40850365E-01 -1.14425702E-05  4.14083815E-07 -1.42241919E-01  8.01363245E-05  1.25695163E-05  1.93583577E-07  5.29587296E-09 -2.87604267E-07
  2.80000000E-01  1.40192562E-01 -1.10374590E-05  4.84145504E-07 -1.23669014E-01  8.09045240E-05  1.48608924E-05  1.57845205E-07  4.52489874E-08 -2.38377358E-07
  2.85000000E-01  1.39620649E-01 -1.06310159E-05  5.64178407E-07 -1.07521513E-01  8.08506546E-05  1.66439036E-05  1.27934320E-07  7.51312937E-08 -1.96855706E-07
  2.90000000E-01  1.39123410E-01 -1.02268973E-05  6.51855452E-07 -9.34826593E-02  8.01289929E-05  1.79934076E-05  1.02949092E-07  9.68445026E-08 -1.61931489E-07
  2.95000000E-01  1.38691094E-01 -9.82805647E-06  7.45196251E-07 -8.12770654E-02  7.88703993E-05  1.89745506E-05  8.21233582E-08  1.11971258E-07 -1.32639455E-07
  3.00000000E-01  1.38315223E-01 -9.43685096E-06  8.42521861E-07 -7.06653123E-02  7.71856485E-05  1.96439536E-05  6.48069871E-08  1.21824492E-07 -1.08141798E-07
  3.05000000E-01  1.37988426E-01 -9.05513459E-06  9.42415136E-07 -6.14392506E-02  7.51682940E-05  2.00507613E-05  5.04490513E-08  1.27491595E-07 -8.77146058E-08
  3.10000000E-01  1.37704295E-01 -8.68433651E-06  1.04368596E-06 -5.34179170E-02  7.28971331E-05  2.02375616E-05  3.85828732E-08  1.29870273E-07 -7.07341640E-08
  3.15000000E-01  1.37457258E-01 -8.32552875E-06  1.14534077E-06 -4.64439829E-02  7.04383327E-05  2.02411983E-05  2.88125135E-08  1.29698415E-07 -5.66647114E-08
  3.20000000E-01  1.37242473E-01 -7.97948408E-06  1.24655585E-06 -4.03806672E-02  6.78472488E-05  2.00934869E-05  2.08029184E-08  1.27579987E-07 -4.50482101E-08
  3.25000000E-01  1.37055728E-01 -7.64672555E-06  1.34665401E-06 -3.51090529E-02  6.51700020E-05  1.98218479E-05  1.42699188E-08  1.24006831E-07 -3.54931782E-08
  3.30000000E-01  1.36893362E-01 -7.32756866E-06  1.44508415E-06 -3.05257536E-02  6.24448247E-05  1.94498628E-05  8.97305762E-09  1.19377427E-07 -2.76663043E-08
  3.35000000E-01  1.36752191E-01 -7.02215748E-06  1.54140350E-06 -2.65408852E-02  5.97032233E-05  1.89977638E-05  4.70898170E-09  1.14012615E-07 -2.12843486E-08
  3.40000000E-01  1.36629449E-01 -6.73049536E-06  1.63526208E-06 -2.30763021E-02  5.69709762E-05  1.84828629E-05  1.30588060E-09  1.08168916E-07 -1.61071523E-08
  3.45000000E-01  1.36522729E-01 -6.45247110E-06  1.72638914E-06 -2.00640643E-02  5.42689917E-05  1.79199293E-05 -1.38126006E-09  1.02049693E-07 -1.19315158E-08
  3.50000000E-01  1.36429939E-01 -6.18788110E-06  1.81458145E-06 -1.74451045E-02  5.16140445E-05  1.73215200E-05 -3.47469331E-09  9.58145003E-08 -8.58592320E-09
  3.55000000E-01  1.36349261E-01 -5.93644825E-06  1.89969303E-06 -1.51680690E-02  4.90194080E-05  1.66982710E-05 -5.07734667E-09  8.95869126E-08 -5.92600266E-09
  3.60000000E-01  1.36279113E-01 -5.69783780E-06  1.98162626E-06 -1.31883106E-02  4.64953974E-05  1.60591515E-05 -6.27575450E-09  8.34610697E-08 -3.83056178E-09
  3.65000000E-01  1.36218121E-01 -5.47167084E-06  2.06032422E-06 -1.14670126E-02  4.40498353E-05  1.54116874E-05 -7.14257360E-09  7.75071901E-08 -2.19807536E-09
  3.70000000E-01  1.36165089E-01 -5.25753557E-06  2.13576399E-06 -9.97042726E-03  4.16884513E-05  1.47621548E-05 -7.73873395E-09  7.17762028E-08 -9.43622521E-10
  3.75000000E-01  1.36118979E-01 -5.05499677E-06  2.20795094E-06 -8.66921392E-03  3.94152237E-05  1.41157503E-05 -8.11525661E-09  6.63035817E-08  3.71515231E-12
  3.80000000E-01  1.36078886E-01 -4.86360372E-06  2.27691368E-06 -7.53786333E-03  3.72326722E-05  1.34767398E-05 -8.31477946E-09  6.11124939E-08  7.03032643E-10
  3.85000000E-01  1.36044025E-01 -4.68289674E-06  2.34269985E-06 -6.55419733E-03  3.51421066E-05  1.28485881E-05 -8.37285330E-09  5.62163805E-08  1.20345338E-09
  3.90000000E-01  1.36013713E-01 -4.51241262E-06  2.40537241E-06 -5.69893383E-03  3.31438404E-05  1.22340731E-05 -8.31905334E-09  5.16210497E-08  1.54569204E-09
  3.95000000E-01  1.35987357E-01 -4.35168908E-06  2.46500649E-06 -4.95530860E-03  3.12373729E-05  1.16353845E-05 -8.17795753E-09  4.73263827E-08  1.76333715E-09
  4.00000000E-01  1.35964439E-01 -4.20026839E-06  2.52168669E-06 -4.30874644E-03  2.94215429E-05  1.10542101E-05 -7.96997129E-09  4.33276918E-08  1.88389196E-09
  4.05000000E-01  1.35944512E-01 -4.05770025E-06  2.57550481E-06 -3.74657532E-03  2.76946596E-05  1.04918108E-05 -7.71193824E-09  3.96168586E-08  1.92980859E-09
  4.10000000E-01  1.35927184E-01 -3.92354416E-06  2.62655786E-06 -3.25777786E-03  2.60546130E-05  9.94908565E-06 -7.41765148E-09  3.61832671E-08  1.91946814E-09
  4.15000000E-01  1.35912117E-01 -3.79737121E-06  2.67494648E-06 -2.83277522E-03  2.44989688E-05  9.42662769E-06 -7.09834878E-09  3.30145415E-08  1.86781878E-09
  4.20000000E-01  1.35899016E-01 -3.67876548E-06  2.72077347E-06 -2.46323929E-03  2.30250473E-05  8.92477280E-06 -6.76316165E-09  3.00971087E-08  1.78682326E-09
  4.25000000E-01  1.35887624E-01 -3.56732504E-06  2.76414270E-06 -2.14192931E-03  2.16299900E-05  8.44364135E-06 -6.41968344E-09  2.74168117E-08  1.68573627E-09
  4.30000000E-01  1.35877717E-01 -3.46266274E-06  2.80515808E-06 -1.86254992E-03  2.03108177E-05  7.98317477E-06 -6.07407070E-09  2.49591494E-08  1.57253331E-09
  4.35000000E-01  1.35869103E-01 -3.36440658E-06  2.84392278E-06 -1.61962770E-03  1.90644772E-05  7.54316979E-06 -5.73084570E-09  2.27093287E-08  1.45329310E-09
  4.40000000E-01  1.35861612E-01 -3.27220004E-06  2.88053862E-06 -1.40840385E-03  1.78878763E-05  7.12330350E-06 -5.39351896E-09  2.06527663E-08  1.33247211E-09
  4.45000000E-01  1.35855098E-01 -3.18570217E-06  2.91510547E-06 -1.22474084E-03  1.67779149E-05  6.72315599E-06 -5.06474408E-09  1.87752287E-08  1.21364611E-09
  4.50000000E-01  1.35849434E-01 -3.10458749E-06  2.94772088E-06 -1.06504134E-03  1.57315134E-05  6.34223144E-06 -4.74646988E-09  1.70630151E-08  1.09981536E-09
  4.55000000E-01  1.35844508E-01 -3.02854593E-06  2.97847973E-06 -9.26177645E-04  1.47456346E-05  5.97997584E-06 -4.44015921E-09  1.55030826E-08  9.93514815E-10
  4.60000000E-01  1.35840224E-01 -2.95728246E-06  3.00747397E-06 -8.05430375E-04  1.38173016E-05  5.63579188E-06 -4.14697144E-09  1.40830458E-08  8.96776393E-10
  4.65000000E-01  1.35836499E-01 -2.89051678E-06  3.03479247E-06 -7.00435146E-04  1.29436124E-05  5.30905190E-06 -3.86774570E-09  1.27911555E-08  8.10975199E-10
  4.70000000E-01  1.35833259E-01 -2.82798294E-06  3.06052088E-06 -6.09136226E-04  1.21217511E-05  4.99910950E-06 -3.60296758E-09  1.16163711E-08  7.36516107E-10
  4.75000000E-01  1.35830442E-01 -2.76942884E-06  3.08474157E-06 -5.29746239E-04  1.13489961E-05  4.70530925E-06 -3.35286073E-09  1.05484698E-08  6.72820678E-10
  4.80000000E-01  1.35827991E-01 -2.71461575E-06  3.10753361E-06 -4.60711125E-04  1.06227262E-05  4.42699429E-06 -3.11743874E-09  9.57802771E-09  6.18800512E-10
  4.85000000E-01  1.35825860E-01 -2.66331779E-06  3.12897280E-06 -4.00679676E-04  9.94042507E-06  4.16351291E-06 -2.89651681E-09  8.69633866E-09  5.73289117E-10
  4.90000000E-01  1.35824007E-01 -2.61532142E-06  3.14913166E-06 -3.48477058E-04  9.29968551E-06  3.91422444E-06 -2.68974635E-09  7.89536660E-09  5.35234513E-10
  4.95000000E-01  1.35822395E-01 -2.57042484E-06  3.16807956E-06 -3.03081781E-04  8.69821189E-06  3.67850419E-06 -2.49666304E-09  7.16770675E-09  5.03754703E-10
  5.00000000E-01  1.35820993E-01 -2.52843746E-06  3.18588278E-06 -2.63605678E-04  8.13382110E-06  3.45574692E-06 -2.31674295E-09  6.50655787E-09  4.78139682E-10
