  0.00000000E+00  0.00000000E+00  0.00000000E+00  0.00000000E+00  2.28617187E+00 -1.63714011E-05 -6.38298035E-05 -4.97775991E-06  4.86263947E-07  1.69253086E-07
  5.00000000E-03  1.14308593E-02 -8.18570057E-08 -3.19149018E-07  2.09753479E+00 -8.94444891E-06 -5.38425182E-05 -4.31106820E-06  3.08358969E-07  2.45111454E-07
  1.00000000E-02  2.14469406E-02 -1.08011870E-07 -5.63393395E-07  1.93324659E+00 -6.81065506E-06 -4.31941767E-05 -3.53928948E-06  7.01247242E-08  3.99669598E-07
  1.50000000E-02  3.07024530E-02 -1.36730660E-07 -7.52743425E-07  1.78848831E+00 -4.53061771E-06 -3.36284591E-05 -2.88992614E-06 -9.97228578E-08  5.30625922E-07
  2.00000000E-02  3.92829989E-02 -1.53683656E-07 -8.96971427E-07  1.66197814E+00 -2.04625698E-06 -2.50840825E-05 -2.35456081E-06 -2.15011070E-07  6.34813916E-07
  2.50000000E-02  4.72766141E-02 -1.57704039E-07 -1.00103090E-06  1.55176865E+00  5.84414012E-07 -1.74832312E-05 -1.91578870E-06 -2.91198908E-07  7.20412024E-07
  3.00000000E-02  5.47599336E-02 -1.48205291E-07 -1.06944493E-06  1.45588024E+00  3.27249544E-06 -1.07451622E-05 -1.55910099E-06 -3.37992856E-07  7.87987238E-07
  3.50000000E-02  6.17996138E-02 -1.25122610E-07 -1.10632556E-06  1.37249330E+00  5.93683236E-06 -4.79224704E-06 -1.27102647E-06 -3.62884132E-07  8.40028502E-07
  4.00000000E-02  6.84536130E-02 -8.87776062E-08 -1.11540451E-06  1.29999205E+00  8.51311422E-06  4.48828249E-07 -1.03988555E-06 -3.71749386E-07  8.78942915E-07
  4.50000000E-02  7.47723201E-02 -3.97713304E-08 -1.10005768E-06  1.23696017E+00  1.09543660E-05  5.04641786E-06 -8.55741655E-07 -3.69094390E-07  9.06940802E-07
  5.00000000E-02  8.07995412E-02  2.11036289E-08 -1.06333162E-06  1.18216241E+00  1.32284044E-05  9.06413770E-06 -7.10243686E-07 -3.58356047E-07  9.25978085E-07
  5.50000000E-02  8.65733589E-02  9.29307467E-08 -1.00796663E-06  1.13452360E+00  1.53151559E-05  1.25609143E-05 -5.96410436E-07 -3.42137902E-07  9.37754711E-07
  6.00000000E-02  9.21268799E-02  1.74723405E-07 -9.36420118E-07  1.09310858E+00  1.72041457E-05  1.55910721E-05 -5.08424206E-07 -3.22400286E-07  9.43723982E-07
  6.50000000E-02  9.74888852E-02  2.65466608E-07 -8.50889362E-07  1.05710423E+00  1.88923113E-05  1.82044774E-05 -4.41448657E-07 -3.00612752E-07  9.45112755E-07
  7.00000000E-02  1.02684395E-01  3.64148579E-07 -7.53333463E-07  1.02580365E+00  2.03820468E-05  2.04466875E-05 -3.91461636E-07 -2.77916614E-07  9.43013742E-07
  7.50000000E-02  1.07735162E-01  4.69783151E-07 -6.45494500E-07  9.98592285E-01  2.16797620E-05  2.23595550E-05 -3.55179590E-07 -2.55116469E-07  9.38262194E-07
  8.00000000E-02  1.12660095E-01  5.81426249E-07 -5.28914556E-07  9.74935871E-01  2.27948622E-05  2.39808407E-05 -3.29874498E-07 -2.32689005E-07  9.31823920E-07
  8.50000000E-02  1.17475634E-01  6.98188311E-07 -4.04957138E-07  9.54369957E-01  2.37389535E-05  2.53446966E-05 -3.13270726E-07 -2.11413831E-07  9.24322671E-07
  9.00000000E-02  1.22196069E-01  8.19243306E-07 -2.74824015E-07  9.36490776E-01  2.45247016E-05  2.64820678E-05 -3.03497111E-07 -1.91146734E-07  9.15654073E-07
  9.50000000E-02  1.26833825E-01  9.43831184E-07 -1.39570248E-07  9.20947319E-01  2.51653270E-05  2.74208333E-05 -2.99006968E-07 -1.71599453E-07  9.06192068E-07
  1.00000000E-01  1.31399703E-01  1.07125938E-06 -1.19167810E-10  9.07434438E-01  2.56743607E-05  2.81858688E-05 -2.98566952E-07 -1.53251599E-07  8.96439378E-07
  1.05000000E-01  1.35903092E-01  1.20090377E-06  1.42722765E-07  8.95686858E-01  2.60651318E-05  2.87995095E-05 -3.01184601E-07 -1.36109711E-07  8.86747566E-07
  1.10000000E-01  1.40352158E-01  1.33220636E-06  2.88254414E-07  8.85473959E-01  2.63504873E-05  2.92816854E-05 -3.06064690E-07 -1.20208514E-07  8.77203079E-07
  1.15000000E-01  1.44753995E-01  1.46467218E-06  4.35868281E-07  8.76595254E-01  2.65426584E-05  2.96501421E-05 -3.12565446E-07 -1.05567073E-07  8.67892180E-07
  1.20000000E-01  1.49114775E-01  1.59786590E-06  5.85040133E-07  8.68876444E-01  2.66531720E-05  2.99206695E-05 -3.20172363E-07 -9.21675851E-08  8.58896206E-07
  1.25000000E-01  1.53439860E-01  1.73140805E-06  7.35319799E-07  8.62166006E-01  2.66927789E-05  3.01072858E-05 -3.28477091E-07 -7.99686771E-08  8.50280333E-07
  1.30000000E-01  1.57733914E-01  1.86497096E-06  8.86322769E-07  8.56332208E-01  2.66714061E-05  3.02223989E-05 -3.37159477E-07 -6.89125652E-08  8.42089055E-07
  1.35000000E-01  1.62000991E-01  1.99827456E-06  1.03772255E-06  8.51260531E-01  2.65981410E-05  3.02769546E-05 -3.45971770E-07 -5.89302934E-08  8.34348290E-07
  1.40000000E-01  1.66244614E-01  2.13108210E-06  1.18924371E-06  8.46851414E-01  2.64812377E-05  3.02805810E-05 -3.54725003E-07 -4.99470863E-08  8.27069724E-07
  1.45000000E-01  1.70467848E-01  2.26319603E-06  1.34065568E-06  8.43018305E-01  2.63281400E-05  3.02417214E-05 -3.63277673E-07 -4.18865557E-08  8.20255111E-07
  1.50000000E-01  1.74673357E-01  2.39445398E-06  1.49176714E-06  8.39685958E-01  2.61455155E-05  3.01677587E-05 -3.71526480E-07 -3.46733703E-08  8.13898757E-07
  1.55000000E-01  1.78863456E-01  2.52472500E-06  1.64242102E-06  8.36788956E-01  2.59392969E-05  3.00651286E-05 -3.79398742E-07 -2.82348670E-08  8.07989387E-07
  1.60000000E-01  1.83040158E-01  2.65390594E-06  1.79249009E-06  8.34270428E-01  2.57147289E-05  2.99394221E-05 -3.86846218E-07 -2.25018458E-08  8.02511574E-07
  1.65000000E-01  1.87205214E-01  2.78191816E-06  1.94187294E-06  8.32080934E-01  2.54764182E-05  2.97954787E-05 -3.93839946E-07 -1.74087947E-08  7.97447175E-07
  1.70000000E-01  1.91360145E-01  2.90870448E-06  2.09049047E-06  8.30177490E-01  2.52283841E-05  2.96374713E-05 -4.00366051E-07 -1.28940912E-08  7.92776368E-07
  1.75000000E-01  1.95506274E-01  3.03422631E-06  2.23828281E-06  8.28522730E-01  2.49741083E-05  2.94689829E-05 -4.06422289E-07 -8.90036446E-09  7.88477966E-07
  1.80000000E-01  1.99644751E-01  3.15846116E-06  2.38520650E-06  8.27084167E-01  2.47165840E-05  2.92930752E-05 -4.12015225E-07 -5.37488715E-09  7.84530115E-07
  1.85000000E-01  2.03776575E-01  3.28140027E-06  2.53123211E-06  8.25833559E-01  2.44583629E-05  2.91123514E-05 -4.17157993E-07 -2.26928715E-09  7.80910574E-07
  1.90000000E-01  2.07902616E-01  3.40304654E-06  2.67634206E-06  8.24746352E-01  2.42015998E-05  2.89290117E-05 -4.21868445E-07  4.60452195E-10  7.77597333E-07
  1.95000000E-01  2.12023630E-01  3.52341263E-06  2.82052877E-06  8.23801201E-01  2.39480954E-05  2.87449029E-05 -4.26167698E-07  2.85470331E-09  7.74568829E-07
  2.00000000E-01  2.16140273E-01  3.64251934E-06  2.96379301E-06 -1.27458841E+00  3.44367430E-05  8.24945233E-05  4.92257726E-06 -1.83064004E-06  1.68264956E-06
  2.05000000E-01  2.04521357E-01  3.84092468E-06  3.51063968E-06 -1.16576018E+00  3.84339611E-05  7.81921086E-05  2.71407151E-06  8.64583602E-07 -1.68200506E-07
  2.10000000E-01  1.98964627E-01  4.04308753E-06  3.89084418E-06 -1.03334584E+00  4.73025252E-05  7.12228595E-05  3.03412495E-06 -1.16677684E-07  1.77749843E-07
  2.15000000E-01  1.94128933E-01  4.30177156E-06  4.22953536E-06 -9.05206818E-01  5.30855070E-05  6.49645888E-05  2.26026996E-06  4.10402414E-07 -1.46216506E-07
  2.20000000E-01  1.89923247E-01  4.58165655E-06  4.53871262E-06 -7.89318505E-01  5.75601348E-05  5.87320714E-05  1.76433933E-06  5.42874504E-07 -2.12469384E-07
  2.25000000E-01  1.86266375E-01  4.88064380E-06  4.81679169E-06 -6.87019941E-01  6.03995835E-05  5.28068062E-05  1.35593560E-06  6.10840892E-07 -2.57582176E-07
  2.30000000E-01  1.83087022E-01  5.18974034E-06  5.06601256E-06 -5.97551364E-01  6.18364948E-05  4.72413785E-05  1.02238507E-06  6.44343986E-07 -2.80882364E-07
  2.35000000E-01  1.80322936E-01  5.50251509E-06  5.28830588E-06 -5.19586951E-01  6.21368471E-05  4.20528883E-05  7.51874928E-07  6.54127785E-07 -2.92840096E-07
  2.40000000E-01  1.77919913E-01  5.81395020E-06  5.48559909E-06 -4.51744533E-01  6.15463475E-05  3.72434802E-05  5.34039479E-07  6.47676316E-07 -2.96735638E-07
  2.45000000E-01  1.75830796E-01  6.12020569E-06  5.65979298E-06 -3.92743332E-01  6.02756589E-05  3.28074895E-05  3.59974491E-07  6.29942187E-07 -2.94775884E-07
  2.50000000E-01  1.74014582E-01  6.41840727E-06  5.81274045E-06 -3.41442595E-01  5.84995195E-05  2.87343746E-05  2.22115603E-07  6.04483516E-07 -2.88526759E-07
  2.55000000E-01  1.72435621E-01  6.70646452E-06  5.94622953E-06 -2.96841204E-01  5.63603538E-05  2.50102591E-05  1.14077098E-07  5.73942570E-07 -2.79170986E-07
  2.60000000E-01  1.71062919E-01  6.98291837E-06  6.06197054E-06 -2.58065598E-01  5.39729212E-05  2.16189519E-05  3.04909627E-08  5.40306754E-07 -2.67627598E-07
  2.65000000E-01  1.69869530E-01  7.24681439E-06  6.16158703E-06 -2.24355238E-01  5.14288074E-05  1.85427142E-05 -3.31395864E-08  5.05071794E-07 -2.54617413E-07
  2.70000000E-01  1.68832030E-01  7.49759815E-06  6.24661001E-06 -1.95048571E-01  4.88004001E-05  1.57628659E-05 -8.05695091E-08  4.69355293E-07 -2.40705545E-07
  2.75000000E-01  1.67930053E-01  7.73502913E-06  6.31847472E-06 -1.69570348E-01  4.61442896E-05  1.32602704E-05 -1.14924539E-07  4.33981312E-07 -2.26332631E-07
  2.80000000E-01  1.67145897E-01  7.95911030E-06  6.37851958E-06 -1.47420432E-01  4.35041321E-05  1.10157202E-05 -1.38798360E-07  3.99545385E-07 -2.11839085E-07
  2.85000000E-01  1.66464170E-01  8.17003057E-06  6.42798680E-06 -1.28164016E-01  4.09130434E-05  9.01023866E-06 -1.54336003E-07  3.66465350E-07 -1.97484505E-07
  2.90000000E-01  1.65871491E-01  8.36811806E-06  6.46802429E-06 -1.11423094E-01  3.83955912E-05  7.22531372E-06 -1.63305152E-07  3.35021455E-07 -1.83463375E-07
  2.95000000E-01  1.65356228E-01  8.55380239E-06  6.49968855E-06 -9.68690460E-02  3.59694475E-05  5.64307265E-06 -1.67156911E-07  3.05387981E-07 -1.69917900E-07
  3.00000000E-01  1.64908268E-01  8.72758427E-06  6.52394831E-06 -8.42161829E-02  3.36467562E-05  4.24640962E-06 -1.67077443E-07  2.77658343E-07 -1.56948472E-07
  3.05000000E-01  1.64518819E-01  8.89001132E-06  6.54168870E-06 -7.32161399E-02  3.14352612E-05  3.01907386E-06 -1.64031742E-07  2.51864834E-07 -1.44622226E-07
  3.10000000E-01  1.64180238E-01  9.04165889E-06  6.55371573E-06 -6.36529997E-02  2.93392343E-05  1.94572547E-06 -1.58800589E-07  2.27994230E-07 -1.32980162E-07
  3.15000000E-01  1.63885881E-01  9.18311499E-06  6.56076099E-06 -5.53390527E-02  2.73602360E-05  1.01196564E-06 -1.52011711E-07  2.05999956E-07 -1.22043093E-07
  3.20000000E-01  1.63629971E-01  9.31496868E-06  6.56348642E-06 -4.81111122E-02  2.54977502E-05  2.04349127E-07 -1.44166796E-07  1.85811638E-07 -1.11815683E-07
  3.25000000E-01  1.63407485E-01  9.43780121E-06  6.56248912E-06 -4.18273102E-02  2.37496857E-05 -4.89622433E-07 -1.35663791E-07  1.67343431E-07 -1.02289058E-07
  3.30000000E-01  1.63214058E-01  9.55217948E-06  6.55830608E-06 -3.63643122E-02  2.21127711E-05 -1.08152263E-06 -1.26814499E-07  1.50499500E-07 -9.34452804E-08
  3.35000000E-01  1.63045894E-01  9.65865105E-06  6.55141872E-06 -3.16148960E-02  2.05828910E-05 -1.58202851E-06 -1.17860306E-07  1.35178113E-07 -8.52601184E-08
  3.40000000E-01  1.62899693E-01  9.75774080E-06  6.54225731E-06 -2.74858466E-02  1.91553574E-05 -2.00095935E-06 -1.08985196E-07  1.21274812E-07 -7.77050278E-08
  3.45000000E-01  1.62772586E-01  9.84994876E-06  6.53120518E-06 -2.38961263E-02  1.78251044E-05 -2.34730191E-06 -1.00325839E-07  1.08686078E-07 -7.07492995E-08
  3.50000000E-01  1.62662080E-01  9.93574865E-06  6.51860282E-06 -2.07752838E-02  1.65868668E-05 -2.62926296E-06 -9.19828648E-08  9.73106244E-08 -6.43585218E-08
  3.55000000E-01  1.62566006E-01  1.00155874E-05  6.50475160E-06 -1.80620712E-02  1.54353144E-05 -2.85432458E-06 -8.40267424E-08  8.70501134E-08 -5.84976486E-08
  3.60000000E-01  1.62482478E-01  1.00898851E-05  6.48991732E-06 -1.57032416E-02  1.43651443E-05 -3.02928413E-06 -7.65037473E-08  7.78105145E-08 -5.31318499E-08
  3.65000000E-01  1.62409859E-01  1.01590354E-05  6.47433350E-06 -1.36525040E-02  1.33711549E-05 -3.16029902E-06 -6.94411406E-08  6.95028252E-08 -4.82269065E-08
  3.70000000E-01  1.62346723E-01  1.02234062E-05  6.45820447E-06 -1.18696143E-02  1.24483010E-05 -3.25293209E-06 -6.28513967E-08  6.20434423E-08 -4.37495532E-08
  3.75000000E-01  1.62291833E-01  1.02833405E-05  6.44170823E-06 -1.03195859E-02  1.15917332E-05 -3.31219600E-06 -5.67356298E-08  5.53543385E-08 -3.96677416E-08
  3.80000000E-01  1.62244110E-01  1.03391578E-05  6.42499909E-06 -8.97200199E-03  1.07968247E-05 -3.34259606E-06 -5.10863667E-08  4.93630868E-08 -3.59508478E-08
  3.85000000E-01  1.62202619E-01  1.03911546E-05  6.40821011E-06 -7.80041952E-03  1.00591879E-05 -3.34817115E-06 -4.58897827E-08  4.40027708E-08 -3.25698089E-08
  3.90000000E-01  1.62166546E-01  1.04396065E-05  6.39145532E-06 -6.78184944E-03  9.37468333E-06 -3.33253267E-06 -4.11274989E-08  3.92118194E-08 -2.94972075E-08
  3.95000000E-01  1.62135183E-01  1.04847686E-05  6.37483175E-06 -5.89630575E-03  8.73942258E-06 -3.29890126E-06 -3.67780183E-08  3.49337902E-08 -2.67073048E-08
  4.00000000E-01  1.62107915E-01  1.05268776E-05  6.35842132E-06 -5.12641315E-03  8.14976598E-06 -3.25014142E-06 -3.28178599E-08  3.11170953E-08 -2.41760542E-08
  4.05000000E-01  1.62084208E-01  1.05661523E-05  6.34229251E-06 -4.45706600E-03  7.60231766E-06 -3.18879414E-06 -2.92224159E-08  2.77146560E-08 -2.18811157E-08
  4.10000000E-01  1.62063596E-01  1.06027953E-05  6.32650191E-06 -3.87513180E-03  7.09391732E-06 -3.11710665E-06 -2.59666350E-08  2.46835946E-08 -1.98018072E-08
  4.15000000E-01  1.62045675E-01  1.06369938E-05  6.31109560E-06 -3.36919348E-03  6.62162997E-06 -3.03705987E-06 -2.30256231E-08  2.19850346E-08 -1.79189428E-08
  4.20000000E-01  1.62030094E-01  1.06689213E-05  6.29611041E-06 -2.92932528E-03  6.18273524E-06 -2.95039431E-06 -2.03750765E-08  1.95838482E-08 -1.62147731E-08
  4.25000000E-01  1.62016547E-01  1.06987377E-05  6.28157511E-06 -2.54689795E-03  5.77471595E-06 -2.85863392E-06 -1.79915558E-08  1.74483772E-08 -1.46729474E-08
  4.30000000E-01  1.62004768E-01  1.07265913E-05  6.26751134E-06 -2.21440939E-03  5.39524597E-06 -2.76310828E-06 -1.58526557E-08  1.55501274E-08 -1.32784461E-08
  4.35000000E-01  1.61994528E-01  1.07526188E-05  6.25393461E-06 -1.92533742E-03  5.04217794E-06 -2.66497277E-06 -1.39371201E-08  1.38634823E-08 -1.20174955E-08
  4.40000000E-01  1.61985624E-01  1.07769470E-05  6.24085509E-06 -1.67401175E-03  4.71353136E-06 -2.56522696E-06 -1.22249291E-08  1.23654347E-08 -1.08774836E-08
  4.45000000E-01  1.61977882E-01  1.07996931E-05  6.22827831E-06 -1.45550272E-03  4.40748099E-06 -2.46473110E-06 -1.06973364E-08  1.10353524E-08 -9.84686879E-09
  4.50000000E-01  1.61971151E-01  1.08209653E-05  6.21620590E-06 -1.26552457E-03  4.12234579E-06 -2.36422155E-06 -9.33688682E-09  9.85476726E-09 -8.91511698E-09
  4.55000000E-01  1.61965298E-01  1.08408642E-05  6.20463607E-06 -1.10035131E-03  3.85657837E-06 -2.26432480E-06 -8.12743859E-09  8.80717771E-09 -8.07270424E-09
  4.60000000E-01  1.61960209E-01  1.08594827E-05  6.19356418E-06 -9.56743581E-04  3.60875500E-06 -2.16557053E-06 -7.05420737E-09  7.87780716E-09 -7.31118202E-09
  4.65000000E-01  1.61955784E-01  1.08769069E-05  6.18298322E-06 -8.31885144E-04  3.37756560E-06 -2.06840227E-06 -6.10367595E-09  7.05338582E-09 -6.62301835E-09
  4.70000000E-01  1.61951937E-01  1.08932168E-05  6.17288413E-06 -7.23327568E-04  3.16180446E-06 -1.97318689E-06 -5.26343514E-09  6.32203107E-09 -6.00134847E-09
  4.75000000E-01  1.61948592E-01  1.09084864E-05  6.16325623E-06 -6.28942205E-04  2.96036189E-06 -1.88022392E-06 -4.52210827E-09  5.67316388E-09 -5.43987001E-09
  4.80000000E-01  1.61945683E-01  1.09227846E-05  6.15408752E-06 -5.46878418E-04  2.77221655E-06 -1.78975419E-06 -3.86931945E-09  5.09736520E-09 -4.93281138E-09
  4.85000000E-01  1.61943154E-01  1.09361753E-05  6.14536492E-06 -4.75527267E-04  2.59642841E-06 -1.70196774E-06 -3.29563645E-09  4.58625316E-09 -4.47488306E-09
  4.90000000E-01  1.61940955E-01  1.09487180E-05  6.13707455E-06 -4.13489941E-04  2.43213222E-06 -1.61701045E-06 -2.79249982E-09  4.13239386E-09 -4.06126688E-09
  4.95000000E-01  1.61939042E-01  1.09604679E-05  6.12920189E-06 -3.59550308E-04  2.27853150E-06 -1.53499003E-06 -2.35216526E-09  3.72919959E-09 -3.68760330E-09
  5.00000000E-01  1.61937379E-01  1.09714766E-05  6.12173199E-06 -3.12651061E-04  2.13489291E-06 -1.45598122E-06 -1.96764435E-09  3.37083104E-09 -3.34995948E-09
