  0.00000000E+00  0.00000000E+00  0.00000000E+00  0.00000000E+00  2.41156132E+00  4.92157391E-05  4.49779204E-05 -2.27340377E-06 -9.60643363E-07 -6.26306055E-07
  5.00000000E-03  1.20578066E-02  2.46078696E-07  2.24889602E-07  2.21257208E+00  4.53952630E-05  3.88199030E-05 -1.99118321E-06 -8.03189224E-07 -6.24703319E-07
  1.00000000E-02  2.26231939E-02  4.63503820E-07  4.03594073E-07  2.03925201E+00  4.72477128E-05  3.88566631E-05 -1.69790559E-06 -6.07031213E-07 -6.63858264E-07
  1.50000000E-02  3.23861538E-02  7.04373509E-07  5.97969289E-07  1.88653645E+00  4.87650733E-05  3.86311908E-05 -1.44377974E-06 -4.36546576E-07 -7.03246300E-07
  2.00000000E-02  4.14370471E-02  9.51992276E-07  7.90561563E-07  1.75307308E+00  4.99381742E-05  3.80961084E-05 -1.22926043E-06 -2.96851248E-07 -7.33056602E-07
  2.50000000E-02  4.98687541E-02  1.20461590E-06  9.79704399E-07  1.63680726E+00  5.07983442E-05  3.72906818E-05 -1.05093243E-06 -1.76747994E-07 -7.54220863E-07
  3.00000000E-02  5.77621259E-02  1.46075805E-06  1.16414424E-06  1.53565040E+00  5.13855146E-05  3.62727491E-05 -9.03326724E-07 -7.59770733E-08 -7.66347428E-07
  3.50000000E-02  6.51874857E-02  1.71915355E-06  1.34296315E-06  1.44768270E+00  5.17393347E-05  3.50991149E-05 -7.81502338E-07  8.09053161E-09 -7.71024479E-07
  4.00000000E-02  7.22059800E-02  1.97873477E-06  1.51552464E-06  1.37119940E+00  5.18963909E-05  3.38193868E-05 -6.81190041E-07  7.78830931E-08 -7.69745674E-07
  4.50000000E-02  7.88707687E-02  2.23860936E-06  1.68142226E-06  1.30470621E+00  5.18895142E-05  3.24749135E-05 -5.98781391E-07  1.35552130E-07 -7.63823886E-07
  5.00000000E-02  8.52280668E-02  2.49803974E-06  1.84043564E-06  1.24689989E+00  5.17477658E-05  3.10993191E-05 -5.31252192E-07  1.82974221E-07 -7.54378099E-07
  5.50000000E-02  9.13180505E-02  2.75642420E-06  1.99249325E-06  1.19664608E+00  5.14966430E-05  2.97194678E-05 -4.76075568E-07  2.21772222E-07 -7.42346081E-07
  6.00000000E-02  9.71756463E-02  3.01327961E-06  2.13764096E-06  1.15295815E+00  5.11583569E-05  2.83564685E-05 -4.31142218E-07  2.53337592E-07 -7.28506103E-07
  6.50000000E-02  1.02831217E-01  3.26822568E-06  2.27601581E-06  1.11497824E+00  5.07521249E-05  2.70265867E-05 -3.94692456E-07  2.78856548E-07 -7.13513670E-07
  7.00000000E-02  1.08311159E-01  3.52097072E-06  2.40782403E-06  1.08196056E+00  5.02944612E-05  2.57420830E-05 -3.65275033E-07  2.99512932E-07 -6.97994648E-07
  7.50000000E-02  1.13638417E-01  3.77129887E-06  2.53332319E-06  1.05325674E+00  4.97994498E-05  2.45119488E-05 -3.41658564E-07  3.16339459E-07 -6.82675537E-07
  8.00000000E-02  1.18832941E-01  4.01905859E-06  2.65280760E-06  1.02830313E+00  4.92790738E-05  2.33423132E-05 -3.22817962E-07  3.29717266E-07 -6.68063612E-07
  8.50000000E-02  1.23912073E-01  4.26415302E-06  2.76659508E-06  1.00660974E+00  4.87435615E-05  2.22372519E-05 -3.07942066E-07  3.40127551E-07 -6.54217038E-07
  9.00000000E-02  1.28890888E-01  4.50653205E-06  2.87501868E-06  9.87750598E-01  4.82015375E-05  2.11989416E-05 -2.96333081E-07  3.47915443E-07 -6.40906230E-07
  9.50000000E-02  1.33782493E-01  4.74618467E-06  2.97841761E-06  9.71355397E-01  4.76598487E-05  2.02284554E-05 -2.87386210E-07  3.53945758E-07 -6.28045664E-07
  1.00000000E-01  1.38598282E-01  4.98312970E-06  3.07713368E-06  9.57102218E-01  4.71239483E-05  1.93253111E-05 -2.80601216E-07  3.58738070E-07 -6.15472885E-07
  1.05000000E-01  1.43348161E-01  5.21740969E-06  3.17150237E-06  9.44711204E-01  4.65985244E-05  1.84880330E-05 -2.75559725E-07  3.62430808E-07 -6.03280778E-07
  1.10000000E-01  1.48040739E-01  5.44908875E-06  3.26184934E-06  9.33939064E-01  4.60872310E-05  1.77146988E-05 -2.71918600E-07  3.65203079E-07 -5.91615580E-07
  1.15000000E-01  1.52683504E-01  5.67824667E-06  3.34848950E-06  9.24574295E-01  4.55929282E-05  1.70029176E-05 -2.69397057E-07  3.67235255E-07 -5.80544116E-07
  1.20000000E-01  1.57282964E-01  5.90497555E-06  3.43172463E-06  9.16433027E-01  4.51177681E-05  1.63499486E-05 -2.67764065E-07  3.68675127E-07 -5.70110160E-07
  1.25000000E-01  1.61844776E-01  6.12937649E-06  3.51184195E-06  9.09355414E-01  4.46632926E-05  1.57528092E-05 -2.66830994E-07  3.69641343E-07 -5.60340908E-07
  1.30000000E-01  1.66373859E-01  6.35155677E-06  3.58911315E-06  9.03202491E-01  4.42305316E-05  1.52083627E-05 -2.66444424E-07  3.70230668E-07 -5.51249651E-07
  1.35000000E-01  1.70874489E-01  6.57162752E-06  3.66379385E-06  8.97853452E-01  4.38200867E-05  1.47133929E-05 -2.66479566E-07  3.70523811E-07 -5.42835931E-07
  1.40000000E-01  1.75350383E-01  6.78970185E-06  3.73612339E-06  8.93203274E-01  4.34322055E-05  1.42646661E-05 -2.66834868E-07  3.70588542E-07 -5.35086905E-07
  1.45000000E-01  1.79804774E-01  7.00589317E-06  3.80632490E-06  8.89160652E-01  4.30668451E-05  1.38589826E-05 -2.67427931E-07  3.70480960E-07 -5.27979792E-07
  1.50000000E-01  1.84240471E-01  7.22031399E-06  3.87460561E-06  8.85646213E-01  4.27237275E-05  1.34932142E-05 -2.68192278E-07  3.70246942E-07 -5.21485083E-07
  1.55000000E-01  1.88659916E-01  7.43307484E-06  3.94115726E-06  8.82590953E-01  4.24023867E-05  1.31643332E-05 -2.69074689E-07  3.69923295E-07 -5.15568911E-07
  1.60000000E-01  1.93065233E-01  7.64428342E-06  4.00615672E-06  8.79934882E-01  4.21022094E-05  1.28694330E-05 -2.70032883E-07  3.69539524E-07 -5.10195386E-07
  1.65000000E-01  1.97458267E-01  7.85404402E-06  4.06976664E-06  8.77625848E-01  4.18224688E-05  1.26057427E-05 -2.71033541E-07  3.69119079E-07 -5.05327905E-07
  1.70000000E-01  2.01840624E-01  8.06245702E-06  4.13213612E-06  8.75618514E-01  4.15623544E-05  1.23706370E-05 -2.72050653E-07  3.68680183E-07 -5.00930245E-07
  1.75000000E-01  2.06213698E-01  8.26961850E-06  4.19340154E-06  8.73873462E-01  4.13209954E-05  1.21616415E-05 -2.73064171E-07  3.68237204E-07 -4.96967166E-07
  1.80000000E-01  2.10578702E-01  8.47562008E-06  4.25368726E-06  8.72356429E-01  4.10974821E-05  1.19764348E-05 -2.74058933E-07  3.67801025E-07 -4.93404641E-07
  1.85000000E-01  2.14936692E-01  8.68054871E-06  4.31310642E-06  8.71037623E-01  4.08908827E-05  1.18128484E-05 -2.75023710E-07  3.67379876E-07 -4.90210108E-07
  1.90000000E-01  2.19288583E-01  8.88448662E-06  4.37176170E-06  8.69891147E-01  4.07002578E-05  1.16688640E-05 -2.75950482E-07  3.66979806E-07 -4.87352592E-07
  1.95000000E-01  2.23635173E-01  9.08751135E-06  4.42974606E-06  8.68894487E-01  4.05246715E-05  1.15426094E-05 -2.76833755E-07  3.66604932E-07 -4.84802943E-07
  2.00000000E-01  2.27977153E-01  9.28969574E-06  4.48714347E-06 -1.34457993E+00 -5.45437109E-06 -2.77595170E-05  1.45231650E-06  3.07800369E-06  1.22526601E-06
  2.05000000E-01  2.15720568E-01  9.14747628E-06  4.25009056E-06 -1.22976773E+00 -5.51568296E-06 -2.63911064E-05  1.57592858E-06 -3.89893915E-07 -7.14048570E-07
  2.10000000E-01  2.09858760E-01  9.11974459E-06  4.12155606E-06 -1.09006584E+00 -6.23706403E-06 -2.43270590E-05  1.29314047E-06  1.55782913E-06  7.58487270E-07
  2.15000000E-01  2.04757685E-01  9.08675581E-06  4.00508088E-06 -9.54882838E-01 -6.72797702E-06 -2.23543987E-05  1.12010211E-06  9.34664765E-07  5.08234454E-07
  2.20000000E-01  2.00321228E-01  9.05188864E-06  3.89824054E-06 -8.32624990E-01 -7.36311525E-06 -2.06254099E-05  9.44022012E-07  7.72268493E-07  5.08233770E-07
  2.25000000E-01  1.96463748E-01  9.01348522E-06  3.79943596E-06 -7.24705035E-01 -8.04572639E-06 -1.91507448E-05  7.88100096E-07  6.42725994E-07  5.06792796E-07
  2.30000000E-01  1.93110023E-01  8.97155006E-06  3.70736890E-06 -6.30321109E-01 -8.73251728E-06 -1.79082114E-05  6.53893991E-07  5.35340770E-07  4.97265687E-07
  2.35000000E-01  1.90194377E-01  8.92617050E-06  3.62093418E-06 -5.48074273E-01 -9.39115555E-06 -1.68639929E-05  5.39842177E-07  4.45026077E-07  4.80688088E-07
  2.40000000E-01  1.87659623E-01  8.87756813E-06  3.53922476E-06 -4.76506199E-01 -9.99860538E-06 -1.59842556E-05  4.43563903E-07  3.68695522E-07  4.58723390E-07
  2.45000000E-01  1.85456012E-01  8.82605647E-06  3.46150283E-06 -4.14265562E-01 -1.05394449E-05 -1.52387153E-05  3.62636972E-07  3.04164495E-07  4.33129029E-07
  2.50000000E-01  1.83540286E-01  8.77200715E-06  3.38717310E-06 -3.60148794E-01 -1.10042957E-05 -1.46013991E-05  2.94843239E-07  2.49704626E-07  4.05398030E-07
  2.55000000E-01  1.81874834E-01  8.71582355E-06  3.31575939E-06 -3.13099656E-01 -1.13884609E-05 -1.40504718E-05  2.38227581E-07  2.03865644E-07  3.76700898E-07
  2.60000000E-01  1.80426958E-01  8.65792083E-06  3.24688435E-06 -2.72196504E-01 -1.16907872E-05 -1.35677881E-05  1.91093940E-07  1.65400771E-07  3.47915526E-07
  2.65000000E-01  1.79168234E-01  8.59871108E-06  3.18025212E-06 -2.36636943E-01 -1.19127418E-05 -1.31383995E-05  1.51982122E-07  1.33229841E-07  3.19678908E-07
  2.70000000E-01  1.78073948E-01  8.53859248E-06  3.11563360E-06 -2.05723015E-01 -1.20576739E-05 -1.27500895E-05  1.19640403E-07  1.06416417E-07  2.92437910E-07
  2.75000000E-01  1.77122618E-01  8.47794178E-06  3.05285392E-06 -1.78847825E-01 -1.21302326E-05 -1.23929596E-05  9.29989734E-08  8.41503857E-08  2.66492528E-07
  2.80000000E-01  1.76295566E-01  8.41710922E-06  2.99178195E-06 -1.55483726E-01 -1.21359122E-05 -1.20590661E-05  7.11456982E-08  6.57329843E-08  2.42030898E-07
  2.85000000E-01  1.75576558E-01  8.35641546E-06  2.93232135E-06 -1.35171999E-01 -1.20807002E-05 -1.17421067E-05  5.33045796E-08  5.05634476E-08  2.19156995E-07
  2.90000000E-01  1.74951477E-01  8.29614999E-06  2.87440322E-06 -1.17513853E-01 -1.19708087E-05 -1.14371503E-05  3.88167887E-08  3.81268807E-08  1.97912263E-07
  2.95000000E-01  1.74408053E-01  8.23657068E-06  2.81797986E-06 -1.02162602E-01 -1.18124711E-05 -1.11404050E-05  2.71241043E-08  2.79833194E-08  1.78292427E-07
  3.00000000E-01  1.73935619E-01  8.17790416E-06  2.76301970E-06 -8.88168546E-02 -1.16117930E-05 -1.08490198E-05  1.77545005E-08  1.97578868E-08  1.60260440E-07
  3.05000000E-01  1.73524899E-01  8.12034689E-06  2.70950306E-06 -7.72145980E-02 -1.13746435E-05 -1.05609152E-05  1.03096409E-08  1.31320484E-08  1.43756513E-07
  3.10000000E-01  1.73167831E-01  8.06406655E-06  2.65741875E-06 -6.71280518E-02 -1.11065801E-05 -1.02746396E-05  4.45406577E-09  7.83585710E-09  1.28705681E-07
  3.15000000E-01  1.72857407E-01  8.00920381E-06  2.60676124E-06 -5.83591954E-02 -1.08127998E-05 -9.98924749E-06 -9.41292169E-11  3.64113022E-09  1.15023598E-07
  3.20000000E-01  1.72587534E-01  7.95587426E-06  2.55752848E-06 -5.07358800E-02 -1.04981099E-05 -9.70419618E-06 -3.57132939E-09  3.55498423E-10  1.02620896E-07
  3.25000000E-01  1.72352912E-01  7.90417044E-06  2.50972013E-06 -4.41084478E-02 -1.01669142E-05 -9.41925971E-06 -6.17528664E-09 -2.18281074E-09  9.14064043E-08
  3.30000000E-01  1.72148939E-01  7.85416385E-06  2.46333617E-06 -3.83467938E-02 -9.82321131E-06 -9.13445628E-06 -8.07103273E-09 -4.10949041E-09  8.12895002E-08
  3.35000000E-01  1.71971609E-01  7.80590706E-06  2.41837590E-06 -3.33378109E-02 -9.47060190E-06 -8.84998808E-06 -9.39593117E-09 -5.53804479E-09  7.21818202E-08
  3.40000000E-01  1.71817442E-01  7.75943557E-06  2.37483713E-06 -2.89831691E-02 -9.11230185E-06 -8.56619155E-06 -1.02639904E-08 -6.56316483E-09  6.39984246E-08
  3.45000000E-01  1.71683413E-01  7.71476981E-06  2.33271566E-06 -2.51973849E-02 -8.75116048E-06 -8.28349648E-06 -1.07695443E-08 -7.26362353E-09  5.66585931E-08
  3.50000000E-01  1.71566891E-01  7.67191686E-06  2.29200492E-06 -2.19061430E-02 -8.38968156E-06 -8.00239285E-06 -1.09903812E-08 -7.70474303E-09  5.00862993E-08
  3.55000000E-01  1.71465588E-01  7.63087215E-06  2.25269571E-06 -1.90448369E-02 -8.03004619E-06 -7.72340395E-06 -1.09904075E-08 -7.94051387E-09  4.42104825E-08
  3.60000000E-01  1.71377517E-01  7.59162101E-06  2.21477616E-06 -1.65573005E-02 -7.67413678E-06 -7.44706523E-06 -1.08219090E-08 -8.01538549E-09  3.89651176E-08
  3.65000000E-01  1.71300949E-01  7.55414010E-06  2.17823168E-06 -1.43947056E-02 -7.32356109E-06 -7.17390743E-06 -1.05274637E-08 -7.96580245E-09  3.42891868E-08
  3.70000000E-01  1.71234382E-01  7.51839873E-06  2.14304504E-06 -1.25146031E-02 -6.97967639E-06 -6.90444364E-06 -1.01415641E-08 -7.82151260E-09  3.01265472E-08
  3.75000000E-01  1.71176510E-01  7.48436006E-06  2.10919648E-06 -1.08800894E-02 -6.64361275E-06 -6.63915952E-06 -9.69197671E-09 -7.60668343E-09  2.64257389E-08
  3.80000000E-01  1.71126196E-01  7.45198216E-06  2.07666390E-06 -9.45908213E-03 -6.31629551E-06 -6.37850617E-06 -9.20088875E-09 -7.34084946E-09  2.31397577E-08
  3.85000000E-01  1.71082453E-01  7.42121897E-06  2.04542300E-06 -8.22369018E-03 -5.99846647E-06 -6.12289521E-06 -8.68587922E-09 -7.03970918E-09  2.02257974E-08
  3.90000000E-01  1.71044423E-01  7.39202121E-06  2.01544755E-06 -7.14966614E-03 -5.69070383E-06 -5.87269574E-06 -8.16072307E-09 -6.71579307E-09  1.76449824E-08
  3.95000000E-01  1.71011359E-01  7.36433710E-06  1.98670957E-06 -6.21593027E-03 -5.39344078E-06 -5.62823270E-06 -7.63608162E-09 -6.37902325E-09  1.53620902E-08
  4.00000000E-01  1.70982614E-01  7.33811305E-06  1.95917956E-06 -5.40415667E-03 -5.10698259E-06 -5.38978642E-06 -7.12006470E-09 -6.03717447E-09  1.33452726E-08
  4.05000000E-01  1.70957623E-01  7.31329429E-06  1.93282675E-06 -4.69841349E-03 -4.83152248E-06 -5.15759321E-06 -6.61871408E-09 -5.69626461E-09  1.15657869E-08
  4.10000000E-01  1.70935895E-01  7.28982532E-06  1.90761926E-06 -4.08485016E-03 -4.56715595E-06 -4.93184654E-06 -6.13639484E-09 -5.36087517E-09  9.99773681E-09
  4.15000000E-01  1.70917005E-01  7.26765046E-06  1.88352440E-06 -3.55142553E-03 -4.31389408E-06 -4.71269884E-06 -5.67612348E-09 -5.03442171E-09  8.61782892E-09
  4.20000000E-01  1.70900581E-01  7.24671415E-06  1.86050877E-06 -3.08767142E-03 -4.07167532E-06 -4.50026364E-06 -5.23983679E-09 -4.71937517E-09  7.40514062E-09
  4.25000000E-01  1.70886302E-01  7.22696132E-06  1.83853854E-06 -2.68448716E-03 -3.84037636E-06 -4.29461801E-06 -4.82861607E-09 -4.41743915E-09  6.34091034E-09
  4.30000000E-01  1.70873888E-01  7.20833768E-06  1.81757957E-06 -2.33396096E-03 -3.61982181E-06 -4.09580517E-06 -4.44287767E-09 -4.12970803E-09  5.40834109E-09
  4.35000000E-01  1.70863094E-01  7.19078996E-06  1.79759757E-06 -2.02921453E-03 -3.40979290E-06 -3.90383713E-06 -4.08254252E-09 -3.85680168E-09  4.59241014E-09
  4.40000000E-01  1.70853710E-01  7.17426607E-06  1.77855831E-06 -1.76426814E-03 -3.21003532E-06 -3.71869743E-06 -3.74716007E-09 -3.59898139E-09  3.87968735E-09
  4.45000000E-01  1.70845551E-01  7.15871528E-06  1.76042767E-06 -1.53392317E-03 -3.02026597E-06 -3.54034399E-06 -3.43599320E-09 -3.35622612E-09  3.25818536E-09
  4.50000000E-01  1.70838457E-01  7.14408838E-06  1.74317183E-06 -1.33366009E-03 -2.84017892E-06 -3.36871166E-06 -3.14809791E-09 -3.12829577E-09  2.71721505E-09
  4.55000000E-01  1.70832290E-01  7.13033770E-06  1.72675736E-06 -1.15954978E-03 -2.66945073E-06 -3.20371495E-06 -2.88238285E-09 -2.91478639E-09  2.24726447E-09
  4.60000000E-01  1.70826927E-01  7.11741727E-06  1.71115127E-06 -1.00817633E-03 -2.50774504E-06 -3.04525034E-06 -2.63766729E-09 -2.71517982E-09  1.83987444E-09
  4.65000000E-01  1.70822265E-01  7.10528281E-06  1.69632118E-06 -8.76570076E-04 -2.35471656E-06 -2.89319884E-06 -2.41272134E-09 -2.52887466E-09  1.48753047E-09
  4.70000000E-01  1.70818211E-01  7.09389179E-06  1.68223532E-06 -7.62149234E-04 -2.21001451E-06 -2.74742802E-06 -2.20629720E-09 -2.35522119E-09  1.18356242E-09
  4.75000000E-01  1.70814686E-01  7.08320348E-06  1.66886260E-06 -6.62669276E-04 -2.07328560E-06 -2.60779417E-06 -2.01714944E-09 -2.19353657E-09  9.22055770E-10
  4.80000000E-01  1.70811621E-01  7.07317887E-06  1.65617272E-06 -5.76178857E-04 -1.94417654E-06 -2.47414421E-06 -1.84406142E-09 -2.04312651E-09  6.97772494E-10
  4.85000000E-01  1.70808957E-01  7.06378076E-06  1.64413612E-06 -5.00981514E-04 -1.82233618E-06 -2.34631750E-06 -1.68584842E-09 -1.90329587E-09  5.06074807E-10
  4.90000000E-01  1.70806640E-01  7.05497368E-06  1.63272410E-06 -4.35602379E-04 -1.70741748E-06 -2.22414748E-06 -1.54137704E-09 -1.77336098E-09  3.42863636E-10
  4.95000000E-01  1.70804625E-01  7.04672389E-06  1.62190879E-06 -3.78759222E-04 -1.59907904E-06 -2.10746319E-06 -1.40956475E-09 -1.65265729E-09  2.04518381E-10
  5.00000000E-01  1.70802874E-01  7.03899934E-06  1.61166318E-06 -3.29337296E-04 -1.49698667E-06 -1.99609079E-06 -1.28938876E-09 -1.54054665E-09  8.78423557E-11
