  0.00000000E+00  0.00000000E+00  0.00000000E+00  0.00000000E+00  2.47456837E+00  5.01073188E-05 -4.14442235E-05  1.49494090E-08  2.93327519E-06  1.68054756E-06
  5.00000000E-03  1.23728418E-02  2.50536594E-07 -2.07221117E-07  2.27037530E+00  4.66779276E-05 -3.58970797E-05  7.74995824E-09  2.58983197E-06  1.48710663E-06
  1.00000000E-02  2.32142356E-02  4.75352754E-07 -3.72838656E-07  2.09251342E+00  3.63088380E-05 -2.79764569E-05  8.00220740E-09  2.21664650E-06  1.19619717E-06
  1.50000000E-02  3.32321480E-02  6.30974220E-07 -4.92919384E-07  1.93579668E+00  2.75395293E-05 -2.09752653E-05  1.16065898E-08  1.91512868E-06  9.45890733E-07
  2.00000000E-02  4.25193396E-02  7.46748594E-07 -5.80292732E-07  1.79883723E+00  2.03236612E-05 -1.48367973E-05  1.68296703E-08  1.66807110E-06  7.20185183E-07
  2.50000000E-02  5.11711271E-02  8.30327230E-07 -6.39130548E-07  1.67952649E+00  1.44716030E-05 -9.47585659E-06  2.18950282E-08  1.46627311E-06  5.26696740E-07
  3.00000000E-02  5.92704827E-02  8.88055100E-07 -6.73107479E-07  1.57572099E+00  9.77228282E-06 -4.80639343E-06  2.66888213E-08  1.30099305E-06  3.60347565E-07
  3.50000000E-02  6.68895739E-02  9.25168213E-07 -6.85465788E-07  1.48545053E+00  6.02957644E-06 -7.48333136E-07  3.11323175E-08  1.16570920E-06  2.18555646E-07
  4.00000000E-02  7.40911504E-02  9.45959330E-07 -6.79062303E-07  1.40696559E+00  3.07293211E-06  2.77053723E-06  3.51936548E-08  1.05504064E-06  9.86409214E-08
  4.50000000E-02  8.09297660E-02  9.53932379E-07 -6.56412441E-07  1.33873264E+00  7.57971277E-07  5.81466831E-06  3.88647356E-08  9.64579561E-07 -2.00980096E-09
  5.00000000E-02  8.74528468E-02  9.51934834E-07 -6.19728772E-07  1.27941423E+00 -1.03597987E-06  8.44137520E-06  4.21509483E-08  8.90708153E-07 -8.58641530E-08
  5.50000000E-02  9.37016220E-02  9.42270056E-07 -5.70955129E-07  1.22784622E+00 -2.40929292E-06  1.07014204E-05  4.50678059E-08  8.30458040E-07 -1.55195418E-07
  6.00000000E-02  9.97119330E-02  9.26790309E-07 -5.11797914E-07  1.18301609E+00 -3.44500481E-06  1.26397607E-05  4.76364782E-08  7.81388761E-07 -2.12059179E-07
  6.50000000E-02  1.05514938E-01  9.06976005E-07 -4.43753259E-07  1.14404349E+00 -4.21149990E-06  1.42962015E-05  4.98819095E-08  7.41490678E-07 -2.58289100E-07
  7.00000000E-02  1.11137724E-01  8.84002268E-07 -3.68131150E-07  1.11016304E+00 -4.76484503E-06  1.57059574E-05  5.18325854E-08  7.09037180E-07 -2.95505266E-07
  7.50000000E-02  1.16603838E-01  8.58794680E-07 -2.86076973E-07  1.08070939E+00 -5.15092306E-06  1.69004122E-05  5.35084456E-08  6.82597475E-07 -3.25031321E-07
  8.00000000E-02  1.21933751E-01  8.32074870E-07 -1.98588775E-07  1.05510409E+00 -5.40714950E-06  1.79070490E-05  5.48845760E-08  6.61144942E-07 -3.48301734E-07
  8.50000000E-02  1.27145258E-01  8.04398556E-07 -1.06536938E-07  1.03284432E+00 -5.56384159E-06  1.87498400E-05  5.59788689E-08  6.44151010E-07 -3.66406154E-07
  9.00000000E-02  1.32253830E-01  7.76187618E-07 -1.06807606E-08  1.01349294E+00 -5.64555440E-06  1.94503541E-05  5.68009318E-08  6.30152472E-07 -3.79720127E-07
  9.50000000E-02  1.37272917E-01  7.47755564E-07  8.83222953E-08  9.96669934E-01 -5.67152321E-06  2.00274797E-05  5.73962934E-08  6.18670242E-07 -3.89126184E-07
  1.00000000E-01  1.42214209E-01  7.19333026E-07  1.89902508E-07  9.82044954E-01 -5.65717196E-06  2.04980135E-05  5.78220858E-08  6.09439881E-07 -3.95988315E-07
  1.05000000E-01  1.47087871E-01  6.91083044E-07  2.93568910E-07  9.69330812E-01 -5.61478781E-06  2.08766208E-05  5.81029161E-08  6.02301497E-07 -4.00673626E-07
  1.10000000E-01  1.51902740E-01  6.63115066E-07  3.98898532E-07  9.58277848E-01 -5.55399736E-06  2.11761172E-05  5.82605295E-08  5.96788627E-07 -4.03404429E-07
  1.15000000E-01  1.56666497E-01  6.35497055E-07  5.05527859E-07  9.48669020E-01 -5.48219903E-06  2.14077370E-05  5.83166774E-08  5.92471061E-07 -4.04519213E-07
  1.20000000E-01  1.61385820E-01  6.08265556E-07  6.13145593E-07  9.40315647E-01 -5.40500825E-06  2.15813361E-05  5.82910397E-08  5.89065355E-07 -4.04358371E-07
  1.25000000E-01  1.66066514E-01  5.81433491E-07  7.21486272E-07  9.33053698E-01 -5.32663315E-06  2.17055418E-05  5.81999597E-08  5.86385675E-07 -4.03209684E-07
  1.30000000E-01  1.70713628E-01  5.54996263E-07  8.30324495E-07  9.26740577E-01 -5.25016174E-06  2.17878900E-05  5.80566031E-08  5.84297365E-07 -4.01309504E-07
  1.35000000E-01  1.75331548E-01  5.28936633E-07  9.39469815E-07  9.21252316E-01 -5.17778761E-06  2.18349527E-05  5.78712959E-08  5.82692442E-07 -3.98853178E-07
  1.40000000E-01  1.79924089E-01  5.03228630E-07  1.04876224E-06  9.16481145E-01 -5.11099355E-06  2.18524505E-05  5.76522054E-08  5.81480648E-07 -3.96001523E-07
  1.45000000E-01  1.84494567E-01  4.77840648E-07  1.15806823E-06  9.12333376E-01 -5.05070691E-06  2.18453530E-05  5.74060132E-08  5.80585376E-07 -3.92885761E-07
  1.50000000E-01  1.89045864E-01  4.52737830E-07  1.26727725E-06  9.08727559E-01 -4.99742511E-06  2.18179690E-05  5.71383602E-08  5.79941717E-07 -3.89611907E-07
  1.55000000E-01  1.93580488E-01  4.27883909E-07  1.37629864E-06  9.05592889E-01 -4.95131911E-06  2.17740255E-05  5.68541726E-08  5.79494685E-07 -3.86264023E-07
  1.60000000E-01  1.98100615E-01  4.03242578E-07  1.48505891E-06  9.02867807E-01 -4.91231569E-06  2.17167383E-05  5.65578404E-08  5.79198148E-07 -3.82907841E-07
  1.65000000E-01  2.02608142E-01  3.78778508E-07  1.59349938E-06  9.00498802E-01 -4.88016428E-06  2.16488739E-05  5.62532588E-08  5.79014473E-07 -3.79593715E-07
  1.70000000E-01  2.07104713E-01  3.54458065E-07  1.70157409E-06  8.98439352E-01 -4.85449032E-06  2.15728042E-05  5.59438765E-08  5.78913466E-07 -3.76359352E-07
  1.75000000E-01  2.11591761E-01  3.30249799E-07  1.80924794E-06  8.96649011E-01 -4.83483745E-06  2.14905558E-05  5.56326798E-08  5.78871309E-07 -3.73232127E-07
  1.80000000E-01  2.16070531E-01  3.06124744E-07  1.91649509E-06  8.95092621E-01 -4.82070062E-06  2.14038527E-05  5.53222279E-08  5.78869562E-07 -3.70231317E-07
  1.85000000E-01  2.20542103E-01  2.82056583E-07  2.02329760E-06  8.93739615E-01 -4.81155140E-06  2.13141557E-05  5.50146889E-08  5.78894158E-07 -3.67369890E-07
  1.90000000E-01  2.25007418E-01  2.58021699E-07  2.12964414E-06  8.92563420E-01 -4.80685745E-06  2.12226954E-05  5.47118597E-08  5.78934248E-07 -3.64655916E-07
  1.95000000E-01  2.29467295E-01  2.33999146E-07  2.23552896E-06  8.91540935E-01 -4.80609603E-06  2.11305021E-05  5.44152194E-08  5.78981798E-07 -3.62093461E-07
  2.00000000E-01  2.33922443E-01  2.09970570E-07  2.34095099E-06 -1.37975726E+00 -5.24025490E-05  5.74730382E-05 -3.99639714E-07 -2.90197838E-06 -2.23391153E-06
  2.05000000E-01  2.21345411E-01 -1.71033308E-07  2.71917252E-06 -1.26194184E+00 -4.01444047E-05  5.51388521E-05  3.69427857E-07 -1.32422617E-06 -1.45726682E-06
  2.10000000E-01  2.15330241E-01 -3.41109971E-07  2.98903132E-06 -1.11857404E+00 -2.81251893E-05  5.32078704E-05 -1.19106294E-07 -1.49330044E-06 -1.48770589E-06
  2.15000000E-01  2.10095790E-01 -4.51687879E-07  3.25024321E-06 -9.79849889E-01 -1.62564524E-05  5.06087065E-05 -6.53703349E-09 -9.63501010E-07 -1.15974248E-06
  2.20000000E-01  2.05543351E-01 -5.03298298E-07  3.49678884E-06 -8.54389490E-01 -6.32276335E-06  4.79161521E-05 -9.95660737E-09 -7.56344834E-07 -9.71557747E-07
  2.25000000E-01  2.01585055E-01 -5.10077892E-07  3.72963821E-06 -7.43643233E-01  1.78575882E-06  4.51048542E-05 -1.45933526E-08 -5.93892720E-07 -8.03211371E-07
  2.30000000E-01  1.98143704E-01 -4.80877793E-07  3.94813424E-06 -6.46788110E-01  8.25619485E-06  4.22322557E-05 -1.80184647E-08 -4.64735296E-07 -6.60611756E-07
  2.35000000E-01  1.95151901E-01 -4.23420728E-07  4.15211402E-06 -5.62388404E-01  1.33216297E-05  3.93502078E-05 -1.98861050E-08 -3.60191997E-07 -5.39416486E-07
  2.40000000E-01  1.92550959E-01 -3.44148993E-07  4.34165994E-06 -4.88947473E-01  1.72061118E-05  3.65020997E-05 -2.04582103E-08 -2.75358283E-07 -4.36960433E-07
  2.45000000E-01  1.90289824E-01 -2.48407228E-07  4.51705017E-06 -4.25078500E-01  2.01085994E-05  3.37223929E-05 -2.01034790E-08 -2.06633615E-07 -3.50749505E-07
  2.50000000E-01  1.88324104E-01 -1.40608012E-07  4.67871286E-06 -3.69546314E-01  2.22004173E-05  3.10373474E-05 -1.91468837E-08 -1.51192556E-07 -2.78558235E-07
  2.55000000E-01  1.86615202E-01 -2.43763808E-08  4.82718699E-06 -3.21266948E-01  2.36271210E-05  2.84661528E-05 -1.78380421E-08 -1.06727094E-07 -2.18410737E-07
  2.60000000E-01  1.85129566E-01  9.73259831E-08  4.96308976E-06 -2.79294568E-01  2.45115477E-05  2.60221033E-05 -1.63563660E-08 -7.13207257E-08 -1.68562245E-07
  2.65000000E-01  1.83838024E-01  2.22094788E-07  5.08709016E-06 -2.42805723E-01  2.49569472E-05  2.37136731E-05 -1.48250804E-08 -4.33728635E-08 -1.27481109E-07
  2.70000000E-01  1.82715218E-01  3.47993023E-07  5.19988745E-06 -2.11084149E-01  2.50498436E-05  2.15454521E-05 -1.33251856E-08 -2.15453785E-08 -9.38307731E-08
  2.75000000E-01  1.81739101E-01  4.73474482E-07  5.30219416E-06 -1.83507030E-01  2.48625453E-05  1.95189407E-05 -1.19070177E-08 -4.72058247E-09 -6.64515013E-08
  2.80000000E-01  1.80890509E-01  5.97318963E-07  5.39472258E-06 -1.59532884E-01  2.44553098E-05  1.76332158E-05 -1.05991812E-08  8.03346119E-09 -4.43421626E-08
  2.85000000E-01  1.80152779E-01  7.18577424E-07  5.47817435E-06 -1.38690967E-01  2.38781969E-05  1.58854851E-05 -9.41523251E-09  1.74920260E-08 -2.66427027E-08
  2.90000000E-01  1.79511429E-01  8.36525626E-07  5.55323245E-06 -1.20572037E-01  2.31726506E-05  1.42715436E-05 -8.35858478E-09  2.42984535E-08 -1.26174130E-08
  2.95000000E-01  1.78953867E-01  9.50625013E-07  5.62055531E-06 -1.04820323E-01  2.23728467E-05  1.27861492E-05 -7.42603860E-09  2.89850260E-08 -1.63949985E-09
  3.00000000E-01  1.78469144E-01  1.06048974E-06  5.68077257E-06 -9.11265382E-02  2.15068386E-05  1.14233286E-05 -6.61031417E-09  3.19908179E-08  6.82300406E-09
  3.05000000E-01  1.78047746E-01  1.16585891E-06  5.73448216E-06 -7.92218087E-02  2.05975324E-05  1.01766255E-05 -5.90182593E-09  3.36767617E-08  1.32198697E-08
  3.10000000E-01  1.77681399E-01  1.26657331E-06  5.78224853E-06 -6.88723896E-02  1.96635153E-05  9.03930228E-06 -5.28992078E-09  3.43384778E-08  1.79299676E-08
  3.15000000E-01  1.77362910E-01  1.36255584E-06  5.82460173E-06 -5.98750772E-02  1.87197577E-05  8.00450216E-06 -4.76370005E-09  3.42170388E-08  2.12713400E-08
  3.20000000E-01  1.77086028E-01  1.45379523E-06  5.86203725E-06 -5.20532173E-02  1.77782078E-05  7.06537469E-06 -4.31254996E-09  3.35080731E-08  2.35100239E-08
  3.25000000E-01  1.76845317E-01  1.54033240E-06  5.89501630E-06 -4.52532370E-02  1.68482944E-05  6.21517347E-06 -3.92648073E-09  3.23694541E-08  2.48677661E-08
  3.30000000E-01  1.76636051E-01  1.62224909E-06  5.92396666E-06 -3.93416281E-02  1.59373520E-05  5.44733040E-06 -3.59630997E-09  3.09277848E-08  2.55286532E-08
  3.35000000E-01  1.76454122E-01  1.69965849E-06  5.94928371E-06 -3.42023259E-02  1.50509800E-05  4.75551134E-06 -3.31376641E-09  2.92838425E-08  2.56449064E-08
  3.40000000E-01  1.76295958E-01  1.77269746E-06  5.97133172E-06 -2.97344299E-02  1.41933460E-05  4.13365583E-06 -3.07150125E-09  2.75171487E-08  2.53418183E-08
  3.45000000E-01  1.76158456E-01  1.84152011E-06  5.99044536E-06 -2.58502227E-02  1.33674403E-05  3.57600437E-06 -2.86307559E-09  2.56897871E-08  2.47220250E-08
  3.50000000E-01  1.76038915E-01  1.90629254E-06  6.00693125E-06 -2.24734471E-02  1.25752908E-05  3.07711526E-06 -2.68290259E-09  2.38495927E-08  2.38691508E-08
  3.55000000E-01  1.75934990E-01  1.96718862E-06  6.02106960E-06 -1.95378092E-02  1.18181429E-05  2.63187317E-06 -2.52618672E-09  2.20328242E-08  2.28509102E-08
  3.60000000E-01  1.75844640E-01  2.02438647E-06  6.03311587E-06 -1.69856763E-02  1.10966100E-05  2.23549128E-06 -2.38884279E-09  2.02663619E-08  2.17217612E-08
  3.65000000E-01  1.75766092E-01  2.07806569E-06  6.04330237E-06 -1.47669457E-02  1.04107995E-05  1.88350817E-06 -2.26742211E-09  1.85695447E-08  2.05251355E-08
  3.70000000E-01  1.75697804E-01  2.12840516E-06  6.05183995E-06 -1.28380602E-02  9.76041807E-06  1.57178079E-06 -2.15903699E-09  1.69556934E-08  1.92953403E-08
  3.75000000E-01  1.75638436E-01  2.17558129E-06  6.05891954E-06 -1.11611535E-02  9.14485843E-06  1.29647452E-06 -2.06128363E-09  1.54333453E-08  1.80591536E-08
  3.80000000E-01  1.75586822E-01  2.21976669E-06  6.06471364E-06 -9.70330666E-03  8.56327214E-06  1.05405092E-06 -1.97218260E-09  1.40072955E-08  1.68371660E-08
  3.85000000E-01  1.75541950E-01  2.26112908E-06  6.06937784E-06 -8.43590122E-03  8.01462921E-06  8.41254001E-07 -1.89011332E-09  1.26794297E-08  1.56449163E-08
  3.90000000E-01  1.75502939E-01  2.29983062E-06  6.07305212E-06 -7.33405782E-03  7.49776726E-06  6.55095547E-07 -1.81376319E-09  1.14494132E-08  1.44938244E-08
  3.95000000E-01  1.75469024E-01  2.33602730E-06  6.07586220E-06 -6.37614743E-03  7.01143183E-06  4.92839762E-07 -1.74207607E-09  1.03152400E-08  1.33919855E-08
  4.00000000E-01  1.75439538E-01  2.36986862E-06  6.07792076E-06 -5.54336682E-03  6.55430912E-06  3.51987719E-07 -1.67421401E-09  9.27368480E-09  1.23448269E-08
  4.05000000E-01  1.75413903E-01  2.40149736E-06  6.07932857E-06 -4.81936926E-03  6.12505256E-06  2.30261885E-07 -1.60951523E-09  8.32065774E-09  1.13556440E-08
  4.10000000E-01  1.75391616E-01  2.43104948E-06  6.08017556E-06 -4.18994368E-03  5.72230398E-06  1.25590862E-07 -1.54746611E-09  7.45149264E-09  1.04260581E-08
  4.15000000E-01  1.75372240E-01  2.45865413E-06  6.08054184E-06 -3.64273557E-03  5.34471061E-06  3.60945307E-08 -1.48767472E-09  6.66117067E-09  9.55637868E-09
  4.20000000E-01  1.75355394E-01  2.48443370E-06  6.08049857E-06 -3.16700446E-03  4.99093839E-06 -3.99302784E-08 -1.42984295E-09  5.94449772E-09  8.74591329E-09
  4.25000000E-01  1.75340749E-01  2.50850396E-06  6.08010886E-06 -2.75341305E-03  4.65968221E-06 -1.04023476E-07 -1.37375208E-09  5.29623903E-09  7.99321124E-09
  4.30000000E-01  1.75328015E-01  2.53097423E-06  6.07942850E-06 -2.39384386E-03  4.34967375E-06 -1.57574760E-07 -1.31924580E-09  4.71122440E-09  7.29626679E-09
  4.35000000E-01  1.75316945E-01  2.55194758E-06  6.07850675E-06 -2.08123992E-03  4.05968730E-06 -2.01835937E-07 -1.26621300E-09  4.18442379E-09  6.65268036E-09
  4.40000000E-01  1.75307320E-01  2.57152105E-06  6.07738692E-06 -1.80946614E-03  3.78854382E-06 -2.37932541E-07 -1.21458152E-09  3.71100251E-09  6.05978973E-09
  4.45000000E-01  1.75298953E-01  2.58978591E-06  6.07610702E-06 -1.57318895E-03  3.53511365E-06 -2.66874710E-07 -1.16430767E-09  3.28635945E-09  5.51477045E-09
  4.50000000E-01  1.75291677E-01  2.60682790E-06  6.07470029E-06 -1.36777153E-03  3.29831815E-06 -2.89567375E-07 -1.11536552E-09  2.90615296E-09  5.01472458E-09
  4.55000000E-01  1.75285352E-01  2.62272751E-06  6.07319572E-06 -1.18918280E-03  3.07713037E-06 -3.06819749E-07 -1.06774529E-09  2.56631061E-09  4.55673750E-09
  4.60000000E-01  1.75279853E-01  2.63756019E-06  6.07161849E-06 -1.03391828E-03  2.87057504E-06 -3.19354113E-07 -1.02144684E-09  2.26303933E-09  4.13793158E-09
  4.65000000E-01  1.75275071E-01  2.65139668E-06  6.06999038E-06 -8.98931329E-04  2.67772806E-06 -3.27813958E-07 -9.76474316E-10  1.99282236E-09  3.75550153E-09
  4.70000000E-01  1.75270914E-01  2.66430320E-06  6.06833016E-06 -7.81573265E-04  2.49771552E-06 -3.32771482E-07 -9.32836182E-10  1.75241393E-09  3.40674136E-09
  4.75000000E-01  1.75267299E-01  2.67634174E-06  6.06665391E-06 -6.79541430E-04  2.32971241E-06 -3.34734530E-07 -8.90541883E-10  1.53883133E-09  3.08906244E-09
  4.80000000E-01  1.75264157E-01  2.68757030E-06  6.06497533E-06 -5.90833963E-04  2.17294103E-06 -3.34152893E-07 -8.49598310E-10  1.34934353E-09  2.80000748E-09
  4.85000000E-01  1.75261424E-01  2.69804308E-06  6.06330602E-06 -5.13710506E-04  2.02666928E-06 -3.31424190E-07 -8.10011023E-10  1.18145728E-09  2.53725541E-09
  4.90000000E-01  1.75259049E-01  2.70781074E-06  6.06165572E-06 -4.46658043E-04  1.89020875E-06 -3.26899152E-07 -7.71783241E-10  1.03290560E-09  2.29862611E-09
  4.95000000E-01  1.75256983E-01  2.71692063E-06  6.06003254E-06 -3.88361201E-04  1.76291284E-06 -3.20886440E-07 -7.34914865E-10  9.01629107E-10  2.08208109E-09
  5.00000000E-01  1.75255187E-01  2.72541696E-06  6.05844314E-06 -3.37676428E-04  1.64417473E-06 -3.13657019E-07 -6.99399914E-10  7.85768795E-10  1.88572187E-09
