  0.00000000E+00  0.00000000E+00  0.00000000E+00  0.00000000E+00  1.23386056E+00 -5.71032229E-04 -6.05861760E-04 -1.12104225E-05  1.00926211E-04 -5.16232419E-06
  5.00000000E-03  6.16930281E-03 -2.85516115E-06 -3.02930880E-06  1.13216243E+00 -5.13658161E-04 -5.33671422E-04 -9.90283916E-06  8.88952613E-05 -3.95922578E-06
  1.00000000E-02  1.15758696E-02 -5.28001678E-06 -5.51719006E-06  1.04370110E+00 -4.44487088E-04 -4.63954398E-04 -8.37400218E-06  7.59115219E-05 -2.70803749E-06
  1.50000000E-02  1.65732218E-02 -7.32952453E-06 -7.66266949E-06  9.65747440E-01 -3.83950262E-04 -4.03451274E-04 -7.03327579E-06  6.44733517E-05 -1.17588680E-06
  2.00000000E-02  2.12070748E-02 -9.09793378E-06 -9.52866805E-06  8.97610508E-01 -3.31439425E-04 -3.51747857E-04 -5.88156057E-06  5.46040395E-05  3.14629356E-07
  2.50000000E-02  2.55247851E-02 -1.06238538E-05 -1.11581488E-05  8.38243346E-01 -2.86044545E-04 -3.07923924E-04 -4.91264919E-06  4.61994512E-05  1.62615304E-06
  3.00000000E-02  2.95675839E-02 -1.19405893E-05 -1.25882086E-05  7.86581677E-01 -2.46874304E-04 -2.70965643E-04 -4.10319901E-06  3.90748513E-05  2.76328932E-06
  3.50000000E-02  3.33713381E-02 -1.30770353E-05 -1.38506411E-05  7.41647300E-01 -2.13112774E-04 -2.39926514E-04 -3.43193513E-06  3.30690644E-05  3.73840058E-06
  4.00000000E-02  3.69672387E-02 -1.40581953E-05 -1.49726758E-05  7.02571572E-01 -1.84040516E-04 -2.13966693E-04 -2.87908357E-06  2.80342966E-05  4.56447825E-06
  4.50000000E-02  4.03824072E-02 -1.49057172E-05 -1.59776098E-05  6.68593036E-01 -1.59030803E-04 -1.92351597E-04 -2.42656886E-06  2.38258054E-05  5.25955469E-06
  5.00000000E-02  4.36404260E-02 -1.56383470E-05 -1.68853300E-05  6.39047516E-01 -1.37539128E-04 -1.74443576E-04 -2.05862120E-06  2.03151143E-05  5.84135580E-06
  5.50000000E-02  4.67617998E-02 -1.62723134E-05 -1.77127778E-05  6.13356822E-01 -1.19092838E-04 -1.59691434E-04 -1.76166955E-06  1.73933560E-05  6.32613767E-06
  6.00000000E-02  4.97643572E-02 -1.68216619E-05 -1.84743546E-05  5.91017996E-01 -1.03282040E-04 -1.47619963E-04 -1.52406228E-06  1.49691538E-05  6.72825204E-06
  6.50000000E-02  5.26636001E-02 -1.72985451E-05 -1.91822758E-05  5.71593657E-01 -8.97514606E-05 -1.37820136E-04 -1.33583968E-06  1.29655526E-05  7.06013893E-06
  7.00000000E-02  5.54730075E-02 -1.77134759E-05 -1.98468769E-05  5.54703491E-01 -7.81931780E-05 -1.29940337E-04 -1.18854193E-06  1.13173591E-05  7.33258200E-06
  7.50000000E-02  5.82042996E-02 -1.80755461E-05 -2.04768791E-05  5.40016819E-01 -6.83402278E-05 -1.23678659E-04 -1.07501640E-06  9.96910529E-06  7.55493807E-06
  8.00000000E-02  6.08676670E-02 -1.83926149E-05 -2.10796182E-05  5.27246120E-01 -5.99610687E-05 -1.18776188E-04 -9.89233544E-07  8.87349613E-06  7.73530426E-06
  8.50000000E-02  6.34719709E-02 -1.86714723E-05 -2.16612429E-05  5.16141401E-01 -5.28548405E-05 -1.15011183E-04 -9.26121581E-07  7.99019216E-06  7.88064853E-06
  9.00000000E-02  6.60249161E-02 -1.89179810E-05 -2.22268863E-05  5.06485293E-01 -4.68472965E-05 -1.12194033E-04 -8.81425209E-07  7.28480936E-06  7.99692662E-06
  9.50000000E-02  6.85332023E-02 -1.91371986E-05 -2.27808136E-05  4.98088796E-01 -4.17872899E-05 -1.10162868E-04 -8.51587295E-07  6.72806623E-06  8.08920182E-06
  1.00000000E-01  7.10026550E-02 -1.93334850E-05 -2.33265501E-05  4.90787576E-01 -3.75437258E-05 -1.08779758E-04 -8.33646793E-07  6.29505905E-06  8.16176542E-06
  1.05000000E-01  7.34383398E-02 -1.95105947E-05 -2.38669911E-05  4.84438739E-01 -3.40029204E-05 -1.07927417E-04 -8.25148886E-07  5.96465152E-06  8.21824741E-06
  1.10000000E-01  7.58446614E-02 -1.96717573E-05 -2.44044973E-05  4.78918040E-01 -3.10663056E-05 -1.07506351E-04 -8.24066280E-07  5.71895148E-06  8.26171464E-06
  1.15000000E-01  7.82254499E-02 -1.98197473E-05 -2.49409764E-05  4.74117445E-01 -2.86484378E-05 -1.07432373E-04 -8.28731647E-07  5.54285952E-06  8.29475236E-06
  1.20000000E-01  8.05840356E-02 -1.99569448E-05 -2.54779533E-05  4.69943015E-01 -2.66752998E-05 -1.07634475E-04 -8.37779962E-07  5.42367110E-06  8.31953454E-06
  1.25000000E-01  8.29233146E-02 -2.00853885E-05 -2.60166310E-05  4.66313069E-01 -2.50827451E-05 -1.08052953E-04 -8.50095860E-07  5.35070275E-06  8.33789110E-06
  1.30000000E-01  8.52458051E-02 -2.02068208E-05 -2.65579419E-05  4.63156580E-01 -2.38152218E-05 -1.08637782E-04 -8.64774107E-07  5.31500770E-06  8.35135156E-06
  1.35000000E-01  8.75536968E-02 -2.03227281E-05 -2.71025929E-05  4.60411790E-01 -2.28246682E-05 -1.09347192E-04 -8.81082963E-07  5.30911381E-06  8.36119139E-06
  1.40000000E-01  8.98488938E-02 -2.04343751E-05 -2.76511024E-05  4.58024996E-01 -2.20695108E-05 -1.10146488E-04 -8.98435143E-07  5.32679958E-06  8.36846895E-06
  1.45000000E-01  9.21330518E-02 -2.05428348E-05 -2.82038331E-05  4.55949502E-01 -2.15137981E-05 -1.11007038E-04 -9.16364110E-07  5.36290182E-06  8.37405481E-06
  1.50000000E-01  9.44076105E-02 -2.06490145E-05 -2.87610196E-05  4.54144704E-01 -2.11264725E-05 -1.11905379E-04 -9.34503434E-07  5.41315049E-06  8.37865813E-06
  1.55000000E-01  9.66738221E-02 -2.07536785E-05 -2.93227924E-05  4.52575292E-01 -2.08807233E-05 -1.12822424E-04 -9.52570132E-07  5.47402936E-06  8.38285276E-06
  1.60000000E-01  9.89327750E-02 -2.08574678E-05 -2.98891971E-05  4.51210565E-01 -2.07534199E-05 -1.13742777E-04 -9.70349304E-07  5.54265835E-06  8.38709997E-06
  1.65000000E-01  1.01185416E-01 -2.09609166E-05 -3.04602119E-05  4.50023826E-01 -2.07246508E-05 -1.14654181E-04 -9.87680437E-07  5.61669189E-06  8.39176361E-06
  1.70000000E-01  1.03432568E-01 -2.10644679E-05 -3.10357613E-05  4.48991858E-01 -2.07772530E-05 -1.15546979E-04 -1.00444885E-06  5.69423282E-06  8.39712947E-06
  1.75000000E-01  1.05674948E-01 -2.11684857E-05 -3.16157282E-05  4.48094476E-01 -2.08965021E-05 -1.16413739E-04 -1.02057428E-06  5.77375444E-06  8.40341649E-06
  1.80000000E-01  1.07913177E-01 -2.12732663E-05 -3.21999638E-05  4.47314124E-01 -2.10697894E-05 -1.17248876E-04 -1.03600320E-06  5.85403994E-06  8.41078751E-06
  1.85000000E-01  1.10147796E-01 -2.13790485E-05 -3.27882960E-05  4.46635538E-01 -2.12862939E-05 -1.18048336E-04 -1.05071039E-06  5.93414387E-06  8.41936071E-06
  1.90000000E-01  1.12379278E-01 -2.14860212E-05 -3.33805363E-05  4.46045446E-01 -2.15368154E-05 -1.18809347E-04 -1.06468331E-06  6.01332610E-06  8.42921407E-06
  1.95000000E-01  1.14608030E-01 -2.15943316E-05 -3.39764856E-05  4.45532303E-01 -2.18135060E-05 -1.19530172E-04 -1.07792483E-06  6.09102832E-06  8.44039709E-06
  2.00000000E-01  1.16834408E-01 -2.17040909E-05 -3.45759385E-05 -6.87073599E-01  4.94911498E-04  4.00160542E-04  7.32196967E-06 -7.97876634E-05 -6.07648071E-06
  2.05000000E-01  1.10567525E-01 -1.79377209E-05 -3.12759090E-05 -6.28444420E-01  4.35319263E-04  3.62579733E-04  1.14193367E-05 -7.23725344E-05  7.73649093E-06
  2.10000000E-01  1.07571876E-01 -1.59101051E-05 -2.95569624E-05 -5.57150226E-01  3.75707939E-04  3.07800611E-04  8.76876433E-06 -6.18697577E-05 -5.28377510E-06
  2.15000000E-01  1.04964361E-01 -1.41805938E-05 -2.81549071E-05 -4.88139070E-01  3.14453602E-04  2.59937143E-04  8.45629116E-06 -5.25360897E-05 -3.71620345E-06
  2.20000000E-01  1.02696193E-01 -1.27614616E-05 -2.69748801E-05 -4.25731452E-01  2.61369617E-04  2.16839661E-04  7.22158365E-06 -4.39422515E-05 -3.80344477E-06
  2.25000000E-01  1.00723555E-01 -1.15873235E-05 -2.59984255E-05 -3.70635700E-01  2.15769161E-04  1.79633377E-04  6.02082936E-06 -3.65277187E-05 -3.73701527E-06
  2.30000000E-01  9.90081158E-02 -1.06224788E-05 -2.51932743E-05 -3.22441593E-01  1.77009149E-04  1.47861544E-04  4.95757528E-06 -3.01964871E-05 -3.57833202E-06
  2.35000000E-01  9.75163932E-02 -9.83433308E-06 -2.45333962E-05 -2.80436205E-01  1.44236822E-04  1.20863830E-04  4.04894555E-06 -2.48283318E-05 -3.37649221E-06
  2.40000000E-01  9.62192256E-02 -9.19507979E-06 -2.39965713E-05 -2.43876736E-01  1.16615998E-04  9.79843754E-05  3.28436332E-06 -2.02942771E-05 -3.15446054E-06
  2.45000000E-01  9.50912406E-02 -8.68105186E-06 -2.35638481E-05 -2.12074920E-01  9.33941588E-05  7.86328492E-05  2.64600062E-06 -1.64763991E-05 -2.92605118E-06
  2.50000000E-01  9.41103705E-02 -8.27213566E-06 -2.32190626E-05 -1.84417683E-01  7.39151885E-05  6.22956972E-05  2.11560897E-06 -1.32707359E-05 -2.69984337E-06
  2.55000000E-01  9.32574252E-02 -7.95125715E-06 -2.29484270E-05 -1.60366912E-01  5.76143611E-05  4.85316479E-05  1.67661039E-06 -1.05870185E-05 -2.48122358E-06
  2.60000000E-01  9.25157176E-02 -7.70393741E-06 -2.27401789E-05 -1.39452978E-01  4.40083593E-05  3.69631293E-05  1.31456479E-06 -8.34737979E-06 -2.27348116E-06
  2.65000000E-01  9.18707375E-02 -7.51791062E-06 -2.25842846E-05 -1.21266937E-01  3.26846769E-05  2.72674174E-05  1.01710472E-06 -6.48487212E-06 -2.07847641E-06
  2.70000000E-01  9.13098679E-02 -7.38279644E-06 -2.24721867E-05 -1.05453003E-01  2.32917897E-05  1.91686441E-05  7.73716336E-07 -4.94205340E-06 -1.89708536E-06
  2.75000000E-01  9.08221378E-02 -7.28981971E-06 -2.23965905E-05 -9.17017425E-02  1.55304539E-05  1.24308855E-05  5.75495022E-07 -3.66971427E-06 -1.72951047E-06
  2.80000000E-01  9.03980072E-02 -7.23157078E-06 -2.23512804E-05 -7.97440756E-02  9.14614339E-06  6.85227449E-06  4.14916300E-07 -2.62575651E-06 -1.57550258E-06
  2.85000000E-01  9.00291810E-02 -7.20180084E-06 -2.23309656E-05 -6.93460229E-02  3.92252927E-06  2.26000844E-06  2.85633028E-07 -1.77421360E-06 -1.43452030E-06
  2.90000000E-01  8.97084460E-02 -7.19524723E-06 -2.23311462E-05 -6.03041308E-02 -3.24119518E-07 -1.49388417E-06  1.82299611E-07 -1.08439918E-06 -1.30584416E-06
  2.95000000E-01  8.94295301E-02 -7.20748445E-06 -2.23480004E-05 -5.24414903E-02 -3.74973535E-06 -4.53613608E-06  1.00420998E-07 -5.30168284E-07 -1.18865753E-06
  3.00000000E-01  8.91869792E-02 -7.23479716E-06 -2.23782867E-05 -4.56042732E-02 -6.48655981E-06 -6.97529600E-06  3.62234916E-08 -8.92776367E-08 -1.08210322E-06
  3.05000000E-01  8.89760509E-02 -7.27407202E-06 -2.24192610E-05 -3.96587207E-02 -8.64665678E-06 -8.90432987E-06 -1.34555970E-08  2.57167801E-07 -9.85322217E-07
  3.10000000E-01  8.87926212E-02 -7.32270555E-06 -2.24686053E-05 -3.44885246E-02 -1.03249134E-05 -1.04028397E-05 -5.12618653E-08  5.25192314E-07 -8.97479206E-07
  3.15000000E-01  8.86331041E-02 -7.37852576E-06 -2.25243658E-05 -2.99925503E-02 -1.16016050E-05 -1.15389616E-05 -7.94037091E-08  7.28361660E-07 -8.17778743E-07
  3.20000000E-01  8.84943812E-02 -7.43972551E-06 -2.25849009E-05 -2.60828570E-02 -1.25445839E-05 -1.23709875E-05 -9.97206647E-08  8.78139345E-07 -7.45474876E-07
  3.25000000E-01  8.83737412E-02 -7.50480588E-06 -2.26488359E-05 -2.26829762E-02 -1.32111452E-05 -1.29487552E-05 -1.13741354E-07  9.84192896E-07 -6.79875888E-07
  3.30000000E-01  8.82688260E-02 -7.57252801E-06 -2.27150241E-05 -1.97264148E-02 -1.36496187E-05 -1.33148401E-05 -1.22732663E-07  1.05465731E-06 -6.20345746E-07
  3.35000000E-01  8.81775853E-02 -7.64187229E-06 -2.27825135E-05 -1.71553537E-02 -1.39007251E-05 -1.35055783E-05 -1.27741476E-07  1.09636158E-06 -5.66303343E-07
  3.40000000E-01  8.80982362E-02 -7.71200368E-06 -2.28505182E-05 -1.49195161E-02 -1.39987311E-05 -1.35519452E-05 -1.29630059E-07  1.11502318E-06 -5.17220331E-07
  3.45000000E-01  8.80292282E-02 -7.78224235E-06 -2.29183939E-05 -1.29751834E-02 -1.39724326E-05 -1.34803108E-05 -1.29106015E-07  1.11541505E-06 -4.72618091E-07
  3.50000000E-01  8.79692131E-02 -7.85203876E-06 -2.29856163E-05 -1.12843398E-02 -1.38459914E-05 -1.33130895E-05 -1.26747626E-07  1.10150863E-06 -4.32064230E-07
  3.55000000E-01  8.79170186E-02 -7.92095262E-06 -2.30517637E-05 -9.81392802E-03 -1.36396467E-05 -1.30692988E-05 -1.23025266E-07  1.07659642E-06 -3.95168891E-07
  3.60000000E-01  8.78716249E-02 -7.98863499E-06 -2.31165007E-05 -8.53520277E-03 -1.33703199E-05 -1.27650401E-05 -1.18319472E-07  1.04339673E-06 -3.61581044E-07
  3.65000000E-01  8.78321457E-02 -8.05481327E-06 -2.31795653E-05 -7.42316793E-03 -1.30521285E-05 -1.24139133E-05 -1.12936161E-07  1.00414325E-06 -3.30984902E-07
  3.70000000E-01  8.77978100E-02 -8.11927844E-06 -2.32407570E-05 -6.45608763E-03 -1.26968219E-05 -1.20273729E-05 -1.07119446E-07  9.60661385E-07 -3.03096508E-07
  3.75000000E-01  8.77679473E-02 -8.18187428E-06 -2.32999276E-05 -5.61506088E-03 -1.23141518E-05 -1.16150356E-05 -1.01062401E-07  9.14433442E-07 -2.77660561E-07
  3.80000000E-01  8.77419745E-02 -8.24248836E-06 -2.33569719E-05 -4.88365183E-03 -1.19121862E-05 -1.11849441E-05 -9.49160970E-08  8.66654038E-07 -2.54447486E-07
  3.85000000E-01  8.77193848E-02 -8.30104438E-06 -2.34118214E-05 -4.24756814E-03 -1.14975750E-05 -1.07437953E-05 -8.87971568E-08  8.18277250E-07 -2.33250771E-07
  3.90000000E-01  8.76997372E-02 -8.35749573E-06 -2.34644375E-05 -3.69438144E-03 -1.10757758E-05 -1.02971360E-05 -8.27940808E-08  7.70056631E-07 -2.13884546E-07
  3.95000000E-01  8.76826482E-02 -8.41182011E-06 -2.35148065E-05 -3.21328414E-03 -1.06512442E-05 -9.84953208E-06 -7.69725149E-08  7.22579131E-07 -1.96181411E-07
  4.00000000E-01  8.76677845E-02 -8.46401500E-06 -2.35629352E-05 -2.79487805E-03 -1.02275957E-05 -9.40471324E-06 -7.13796312E-08  6.76293786E-07 -1.79990464E-07
  4.05000000E-01  8.76548562E-02 -8.51409386E-06 -2.36088467E-05 -2.43099056E-03 -9.80774147E-06 -8.96569831E-06 -6.60477609E-08  6.31535974E-07 -1.65175555E-07
  4.10000000E-01  8.76436109E-02 -8.56208293E-06 -2.36525776E-05 -2.11451476E-03 -9.39400393E-06 -8.53490244E-06 -6.09974057E-08  5.88547861E-07 -1.51613736E-07
  4.15000000E-01  8.76338295E-02 -8.60801861E-06 -2.36941752E-05 -1.83927045E-03 -8.98821360E-06 -8.11422941E-06 -5.62397289E-08  5.47495617E-07 -1.39193877E-07
  4.20000000E-01  8.76253213E-02 -8.65194520E-06 -2.37336946E-05 -1.59988328E-03 -8.59179122E-06 -7.70515082E-06 -5.17786069E-08  5.08483877E-07 -1.27815440E-07
  4.25000000E-01  8.76179203E-02 -8.69391310E-06 -2.37711977E-05 -1.39167967E-03 -8.20581686E-06 -7.30877414E-06 -4.76123051E-08  4.71567849E-07 -1.17387368E-07
  4.30000000E-01  8.76114825E-02 -8.73397725E-06 -2.38067506E-05 -1.21059536E-03 -7.83108804E-06 -6.92590108E-06 -4.37348445E-08  4.36763405E-07 -1.07827109E-07
  4.35000000E-01  8.76058822E-02 -8.77219586E-06 -2.38404229E-05 -1.05309602E-03 -7.46816873E-06 -6.55707761E-06 -4.01371079E-08  4.04055492E-07 -9.90597437E-08
  4.40000000E-01  8.76010105E-02 -8.80862941E-06 -2.38722863E-05 -9.16108070E-04 -7.11743038E-06 -6.20263668E-06 -3.68077330E-08  3.73405102E-07 -9.10172242E-08
  4.45000000E-01  8.75967724E-02 -8.84333972E-06 -2.39024134E-05 -7.96958655E-04 -6.77908645E-06 -5.86273491E-06 -3.37338243E-08  3.44755031E-07 -8.36376981E-08
  4.50000000E-01  8.75930855E-02 -8.87638929E-06 -2.39308773E-05 -6.93323349E-04 -6.45322127E-06 -5.53738374E-06 -3.09015249E-08  3.18034618E-07 -7.68648949E-08
  4.55000000E-01  8.75898779E-02 -8.90784073E-06 -2.39577508E-05 -6.03180736E-04 -6.13981418E-06 -5.22647605E-06 -2.82964703E-08  2.93163625E-07 -7.06475788E-08
  4.60000000E-01  8.75870874E-02 -8.93775628E-06 -2.39831059E-05 -5.24772896E-04 -5.83875975E-06 -4.92980886E-06 -2.59041461E-08  2.70055385E-07 -6.49390565E-08
  4.65000000E-01  8.75846596E-02 -8.96619745E-06 -2.40070133E-05 -4.56571048E-04 -5.54988461E-06 -4.64710255E-06 -2.37101554E-08  2.48619344E-07 -5.96967361E-08
  4.70000000E-01  8.75825472E-02 -8.99322468E-06 -2.40295420E-05 -3.97245674E-04 -5.27296146E-06 -4.37801726E-06 -2.17004216E-08  2.28763107E-07 -5.48817389E-08
  4.75000000E-01  8.75807093E-02 -9.01889718E-06 -2.40507594E-05 -3.45640534E-04 -5.00772069E-06 -4.12216675E-06 -1.98613363E-08  2.10394041E-07 -5.04585555E-08
  4.80000000E-01  8.75791101E-02 -9.04327268E-06 -2.40707306E-05 -3.00750082E-04 -4.75386004E-06 -3.87913019E-06 -1.81798556E-08  1.93420545E-07 -4.63947326E-08
  4.85000000E-01  8.75777186E-02 -9.06640733E-06 -2.40895187E-05 -2.61699810E-04 -4.51105235E-06 -3.64846187E-06 -1.66435870E-08  1.77753068E-07 -4.26606005E-08
  4.90000000E-01  8.75765077E-02 -9.08835557E-06 -2.41071843E-05 -2.27729174E-04 -4.27895214E-06 -3.42969964E-06 -1.52408393E-08  1.63304784E-07 -3.92290094E-08
  4.95000000E-01  8.75754540E-02 -9.10917009E-06 -2.41237859E-05 -1.98176731E-04 -4.05720091E-06 -3.22237208E-06 -1.39606400E-08  1.49992140E-07 -3.60751080E-08
  5.00000000E-01  8.75745370E-02 -9.12890171E-06 -2.41393795E-05 -1.72467224E-04 -3.84543156E-06 -3.02600464E-06 -1.27927214E-08  1.37735170E-07 -3.31761318E-08
