  0.00000000E+00  0.00000000E+00  0.00000000E+00  0.00000000E+00  2.53757630E+00 -2.17597289E-05 -6.34728169E-06  2.05237223E-06  1.37482612E-06 -1.79241366E-08
  5.00000000E-03  1.26878815E-02 -1.08798645E-07 -3.17364084E-08  2.32818409E+00 -1.83084281E-05 -5.45191770E-06  1.76356356E-06  1.21609681E-06 -1.27471597E-08
  1.00000000E-02  2.38053214E-02 -1.91712533E-07 -5.67575869E-08  2.14578777E+00 -1.55859072E-05 -9.08521622E-06  1.43186038E-06  1.03420291E-06 -2.91856548E-08
  1.50000000E-02  3.40782695E-02 -2.62835767E-07 -1.11266914E-07  1.98507591E+00 -1.31582046E-05 -1.21571201E-05  1.15371062E-06  8.78466522E-07 -3.40891885E-08
  2.00000000E-02  4.36018694E-02 -3.22557534E-07 -1.79732275E-07  1.84462517E+00 -1.10107859E-05 -1.46972302E-05  9.25172705E-07  7.51074355E-07 -3.58452212E-08
  2.50000000E-02  5.24738684E-02 -3.72242916E-07 -2.59568701E-07  1.72227320E+00 -9.12589256E-06 -1.67722323E-05  7.37903161E-07  6.42709965E-07 -3.93028426E-08
  3.00000000E-02  6.07793544E-02 -4.13160146E-07 -3.48617367E-07  1.61582187E+00 -7.48106201E-06 -1.84544409E-05  5.85758345E-07  5.52371018E-07 -4.38105266E-08
  3.50000000E-02  6.85923355E-02 -4.46453379E-07 -4.45095093E-07  1.52325072E+00 -6.05386703E-06 -1.98094624E-05  4.62959792E-07  4.77363636E-07 -4.88992336E-08
  4.00000000E-02  7.59771612E-02 -4.73154727E-07 -5.47529959E-07  1.44276561E+00 -4.82261094E-06 -2.08938262E-05  3.64490142E-07  4.15296618E-07 -5.42024987E-08
  4.50000000E-02  8.29897765E-02 -4.94189642E-07 -6.54709999E-07  1.37279389E+00 -3.76670838E-06 -2.17552276E-05  2.86093400E-07  3.64085540E-07 -5.94707559E-08
  5.00000000E-02  8.96788166E-02 -5.10383427E-07 -7.65639641E-07  1.31196401E+00 -2.86689249E-06 -2.24335369E-05  2.24195739E-07  3.21943279E-07 -6.45419903E-08
  5.50000000E-02  9.60865619E-02 -5.22468350E-07 -8.79503098E-07  1.25908212E+00 -2.10531742E-06 -2.29619339E-05  1.75810542E-07  2.87348476E-07 -6.93188086E-08
  6.00000000E-02  1.02249768E-01 -5.31090999E-07 -9.95633761E-07  1.21310990E+00 -1.46559701E-06 -2.33679547E-05  1.38450557E-07  2.59009665E-07 -7.37504321E-08
  6.50000000E-02  1.08200387E-01 -5.36819683E-07 -1.11348859E-06  1.17314452E+00 -9.32806200E-07 -2.36743854E-05  1.10050328E-07  2.35831844E-07 -7.78114687E-08
  7.00000000E-02  1.13966196E-01 -5.40151737E-07 -1.23262659E-06  1.13840111E+00 -4.93442229E-07 -2.39000543E-05  8.88970370E-08  2.16916205E-07 -8.15505527E-08
  7.50000000E-02  1.19571343E-01 -5.41520538E-07 -1.35269103E-06  1.10819732E+00 -1.35243826E-07 -2.40604553E-05  7.35552444E-08  2.01704626E-07 -8.50098397E-08
  8.00000000E-02  1.25036820E-01 -5.41301262E-07 -1.47339431E-06  1.08193998E+00  1.52800325E-07 -2.41686108E-05  6.28483105E-08  1.89384010E-07 -8.83188730E-08
  8.50000000E-02  1.30380877E-01 -5.39817150E-07 -1.59450776E-06  1.05911342E+00  3.80542770E-07 -2.42353733E-05  5.57946471E-08  1.79316883E-07 -9.16633217E-08
  9.00000000E-02  1.35619377E-01 -5.37345080E-07 -1.71585153E-06  1.03926936E+00  5.56871173E-07 -2.42688822E-05  5.15765548E-08  1.71118937E-07 -9.49960476E-08
  9.50000000E-02  1.40766114E-01 -5.34119903E-07 -1.83727971E-06  1.02201811E+00  6.88991113E-07 -2.42762484E-05  4.95255165E-08  1.64174877E-07 -9.82435656E-08
  1.00000000E-01  1.45833076E-01 -5.30344647E-07 -1.95867937E-06  1.00702088E+00  7.83501242E-07 -2.42630984E-05  4.91635257E-08  1.57979059E-07 -1.00875769E-07
  1.05000000E-01  1.50830688E-01 -5.26190866E-07 -2.07996199E-06  9.93983174E-01  8.46364167E-07 -2.42342788E-05  5.01040828E-08  1.52828486E-07 -1.03045809E-07
  1.10000000E-01  1.55768009E-01 -5.21801888E-07 -2.20106133E-06  9.82648957E-01  8.82828369E-07 -2.41937233E-05  5.20151084E-08  1.48574596E-07 -1.04962715E-07
  1.15000000E-01  1.60652919E-01 -5.17296585E-07 -2.32192856E-06  9.72795660E-01  8.97473022E-07 -2.41445927E-05  5.46272137E-08  1.45028233E-07 -1.06705044E-07
  1.20000000E-01  1.65492264E-01 -5.12772609E-07 -2.44252870E-06  9.64229790E-01  8.94252137E-07 -2.40894313E-05  5.77229493E-08  1.42079482E-07 -1.08316495E-07
  1.25000000E-01  1.70291998E-01 -5.08309400E-07 -2.56283795E-06  9.56783139E-01  8.76567302E-07 -2.40302562E-05  6.11296604E-08  1.39640772E-07 -1.09824409E-07
  1.30000000E-01  1.75057297E-01 -5.03970776E-07 -2.68284129E-06  9.50309473E-01  8.47333347E-07 -2.39686551E-05  6.47117486E-08  1.37633450E-07 -1.11246914E-07
  1.35000000E-01  1.79792660E-01 -4.99807194E-07 -2.80253056E-06  9.44681666E-01  8.09041770E-07 -2.39058731E-05  6.83638944E-08  1.35989152E-07 -1.12593791E-07
  1.40000000E-01  1.84501999E-01 -4.95857714E-07 -2.92190298E-06  9.39789204E-01  7.63815686E-07 -2.38428798E-05  7.20055466E-08  1.34648687E-07 -1.13868019E-07
  1.45000000E-01  1.89188714E-01 -4.92151701E-07 -3.04095989E-06  9.35536010E-01  7.13456965E-07 -2.37804208E-05  7.55762494E-08  1.33559651E-07 -1.15069909E-07
  1.50000000E-01  1.93855761E-01 -4.88710313E-07 -3.15970585E-06  9.31838559E-01  6.59486476E-07 -2.37190596E-05  7.90317177E-08  1.32676025E-07 -1.16199749E-07
  1.55000000E-01  1.98505710E-01 -4.85547806E-07 -3.27814774E-06  9.28624243E-01  6.03179447E-07 -2.36592136E-05  8.23405925E-08  1.31958707E-07 -1.17259502E-07
  1.60000000E-01  2.03140795E-01 -4.82672677E-07 -3.39629420E-06  9.25829936E-01  5.45596752E-07 -2.36011836E-05  8.54817689E-08  1.31375097E-07 -1.18252409E-07
  1.65000000E-01  2.07762959E-01 -4.80088650E-07 -3.51415504E-06  9.23400763E-01  4.87612983E-07 -2.35451778E-05  8.84422275E-08  1.30898417E-07 -1.19182768E-07
  1.70000000E-01  2.12373890E-01 -4.77795544E-07 -3.63174091E-06  9.21289017E-01  4.29941661E-07 -2.34913312E-05  9.12152646E-08  1.30506682E-07 -1.20055404E-07
  1.75000000E-01  2.16975056E-01 -4.75790014E-07 -3.74906295E-06  9.19453223E-01  3.73157193E-07 -2.34397212E-05  9.37990263E-08  1.30182038E-07 -1.20875255E-07
  1.80000000E-01  2.21567733E-01 -4.74066190E-07 -3.86613253E-06  9.17857328E-01  3.17715324E-07 -2.33903811E-05  9.61953459E-08  1.29910215E-07 -1.21647045E-07
  1.85000000E-01  2.26153030E-01 -4.72616218E-07 -3.98296109E-06  9.16469987E-01  2.63970265E-07 -2.33433093E-05  9.84088206E-08  1.29679752E-07 -1.22375133E-07
  1.90000000E-01  2.30731911E-01 -4.71430729E-07 -4.09955996E-06  9.15263951E-01  2.12190375E-07 -2.32984789E-05  1.00446072E-07  1.29481739E-07 -1.23063413E-07
  1.95000000E-01  2.35305216E-01 -4.70499227E-07 -4.21594027E-06  9.14215530E-01  1.62571454E-07 -2.32558432E-05  1.02315127E-07  1.29309181E-07 -1.23715151E-07
  2.00000000E-01  2.39873672E-01 -4.69810417E-07 -4.33211290E-06 -1.41491552E+00  1.77398101E-05 -1.69442087E-05 -2.28548419E-06 -3.00194235E-06 -2.07118860E-06
  2.05000000E-01  2.26976267E-01 -3.37168269E-07 -4.40105486E-06 -1.29409577E+00  1.67829682E-05 -1.63985785E-05 -9.92977536E-07  8.93329488E-08  1.10813224E-06
  2.10000000E-01  2.20807838E-01 -2.55645533E-07 -4.48168368E-06 -1.14707022E+00  1.40326666E-05 -1.40093708E-05 -1.26333808E-06 -1.40044362E-06 -6.01581742E-07
  2.15000000E-01  2.15440050E-01 -1.92357954E-07 -4.54575751E-06 -1.00480932E+00  1.15716213E-05 -1.26037871E-05 -8.44052224E-07 -9.00627936E-07 -1.34929815E-07
  2.20000000E-01  2.10771656E-01 -1.40652461E-07 -4.60526249E-06 -8.76150585E-01  9.13058187E-06 -1.12756474E-05 -6.31599449E-07 -7.59446351E-07 -1.24716267E-07
  2.25000000E-01  2.06712550E-01 -1.01102150E-07 -4.65832037E-06 -7.62581360E-01  6.96283271E-06 -1.01569348E-05 -4.65517105E-07 -6.35738048E-07 -1.24613077E-07
  2.30000000E-01  2.03183566E-01 -7.17073595E-08 -4.70630827E-06 -6.63257589E-01  5.07752102E-06 -9.22326315E-06 -3.34266225E-07 -5.33016352E-07 -1.25946515E-07
  2.35000000E-01  2.00115588E-01 -5.10330336E-08 -4.75009040E-06 -5.76706903E-01  3.45728686E-06 -8.44605957E-06 -2.30448841E-07 -4.46711240E-07 -1.24475698E-07
  2.40000000E-01  1.97448430E-01 -3.77971847E-08 -4.79037769E-06 -5.01394468E-01  2.07721544E-06 -7.79840394E-06 -1.48692017E-07 -3.74189245E-07 -1.20297473E-07
  2.45000000E-01  1.95129739E-01 -3.08612860E-08 -4.82775057E-06 -4.35898082E-01  9.11308767E-07 -7.25676730E-06 -8.48101556E-08 -3.13205088E-07 -1.14143651E-07
  2.50000000E-01  1.93113989E-01 -2.92195089E-08 -4.86268032E-06 -3.78951057E-01 -6.52738677E-08 -6.80122322E-06 -3.54290563E-08 -2.61906662E-07 -1.06782609E-07
  2.55000000E-01  1.91361602E-01 -3.19873348E-08 -4.89554757E-06 -3.29441774E-01 -8.75481253E-07 -6.41515845E-06  2.21090569E-09 -2.18754718E-07 -9.88313111E-08
  2.60000000E-01  1.89838166E-01 -3.83902595E-08 -4.92665820E-06 -2.86400270E-01 -1.54018494E-06 -6.08484919E-06  3.03783870E-08 -1.82462994E-07 -9.07364877E-08
  2.65000000E-01  1.88513768E-01 -4.77529435E-08 -4.95625668E-06 -2.48982088E-01 -2.07820107E-06 -5.79903416E-06  5.09401191E-08 -1.51952877E-07 -8.28019523E-08
  2.70000000E-01  1.87362403E-01 -5.94889891E-08 -4.98453731E-06 -2.16452694E-01 -2.50639132E-06 -5.54852689E-06  6.54305716E-08 -1.26317662E-07 -7.52225576E-08
  2.75000000E-01  1.86361463E-01 -7.30914214E-08 -5.01165368E-06 -1.88173387E-01 -2.83979547E-06 -5.32587756E-06  7.51085647E-08 -1.04793816E-07 -6.81139962E-08
  2.80000000E-01  1.85491295E-01 -8.81239091E-08 -5.03772644E-06 -1.63588876E-01 -3.09177425E-06 -5.12508238E-06  8.10040802E-08 -8.67375562E-08 -6.15359935E-08
  2.85000000E-01  1.84734812E-01 -1.04212727E-07 -5.06284986E-06 -1.42216410E-01 -3.27415369E-06 -4.94133680E-06  8.39572297E-08 -7.16055399E-08 -5.55097553E-08
  2.90000000E-01  1.84077161E-01 -1.21039444E-07 -5.08709718E-06 -1.23636313E-01 -3.39736583E-06 -4.77082651E-06  8.46507934E-08 -5.89389008E-08 -5.00307327E-08
  2.95000000E-01  1.83505429E-01 -1.38334304E-07 -5.11052504E-06 -1.07483742E-01 -3.47058315E-06 -4.61055131E-06  8.36373805E-08 -4.83499180E-08 -4.50778057E-08
  3.00000000E-01  1.83008392E-01 -1.55870263E-07 -5.13317711E-06 -9.34415247E-02 -3.50184493E-06 -4.45817714E-06  8.13621007E-08 -3.95108923E-08 -4.06197938E-08
  3.05000000E-01  1.82576290E-01 -1.73457642E-07 -5.15508706E-06 -8.12339320E-02 -3.49817483E-06 -4.31191234E-06  7.81814836E-08 -3.21448264E-08 -3.66200994E-08
  3.10000000E-01  1.82200639E-01 -1.90939341E-07 -5.17628096E-06 -7.06212610E-02 -3.46568930E-06 -4.17040438E-06  7.43792339E-08 -2.60176028E-08 -3.30398314E-08
  3.15000000E-01  1.81874065E-01 -2.08186574E-07 -5.19677921E-06 -6.13951281E-02 -3.40969673E-06 -4.03265359E-06  7.01793527E-08 -2.09313556E-08 -2.98399565E-08
  3.20000000E-01  1.81590154E-01 -2.25095076E-07 -5.21659810E-06 -5.33743770E-02 -3.33478814E-06 -3.89794196E-06  6.57570375E-08 -1.67189453E-08 -2.69826729E-08
  3.25000000E-01  1.81343334E-01 -2.41581745E-07 -5.23575103E-06 -4.64015209E-02 -3.24491944E-06 -3.76577379E-06  6.12477310E-08 -1.32392263E-08 -2.44322775E-08
  3.30000000E-01  1.81128759E-01 -2.57581671E-07 -5.25424948E-06 -4.03396497E-02 -3.14348576E-06 -3.63582713E-06  5.67546199E-08 -1.03730753E-08 -2.21556436E-08
  3.35000000E-01  1.80942215E-01 -2.73045515E-07 -5.27210375E-06 -3.50697413E-02 -3.03338851E-06 -3.50791372E-06  5.23548388E-08 -8.02002402E-09 -2.01224394E-08
  3.40000000E-01  1.80780041E-01 -2.87937215E-07 -5.28932354E-06 -3.04883248E-02 -2.91709541E-06 -3.38194647E-06  4.81045846E-08 -6.09539343E-09 -1.83051828E-08
  3.45000000E-01  1.80639053E-01 -3.02231959E-07 -5.30591835E-06 -2.65054481E-02 -2.79669424E-06 -3.25791301E-06  4.40433375E-08 -4.52788453E-09 -1.66791697E-08
  3.50000000E-01  1.80516483E-01 -3.15914427E-07 -5.32189783E-06 -2.30429119E-02 -2.67394088E-06 -3.13585442E-06  4.01973212E-08 -3.25750602E-09 -1.52223357E-08
  3.55000000E-01  1.80409925E-01 -3.28977248E-07 -5.33727196E-06 -2.00327338E-02 -2.55030186E-06 -3.01584827E-06  3.65823370E-08 -2.23384209E-09 -1.39150721E-08
  3.60000000E-01  1.80317287E-01 -3.41419660E-07 -5.35205118E-06 -1.74158136E-02 -2.42699237E-06 -2.89799508E-06  3.32060845E-08 -1.41456652E-09 -1.27400237E-08
  3.65000000E-01  1.80236750E-01 -3.53246348E-07 -5.36624653E-06 -1.51407728E-02 -2.30500963E-06 -2.78240780E-06  3.00700375E-08 -7.64193493E-10 -1.16818804E-08
  3.70000000E-01  1.80166734E-01 -3.64466439E-07 -5.37986960E-06 -1.31629456E-02 -2.18516271E-06 -2.66920377E-06  2.71709747E-08 -2.53003723E-10 -1.07271648E-08
  3.75000000E-01  1.80105864E-01 -3.75092636E-07 -5.39293261E-06 -1.14435018E-02 -2.06809854E-06 -2.55849841E-06  2.45022066E-08  1.43852095E-10 -9.86404127E-09
  3.80000000E-01  1.80052945E-01 -3.85140468E-07 -5.40544833E-06 -9.94868439E-03 -1.95432494E-06 -2.45040080E-06  2.20545587E-08  4.47120318E-10 -9.08212637E-09
  3.85000000E-01  1.80006938E-01 -3.94627659E-07 -5.41743009E-06 -8.64914693E-03 -1.84423085E-06 -2.34501034E-06  1.98171573E-08  6.74093109E-10 -8.37231967E-09
  3.90000000E-01  1.79966941E-01 -4.03573578E-07 -5.42889167E-06 -7.51937699E-03 -1.73810393E-06 -2.24241458E-06  1.77780489E-08  8.39157209E-10 -7.72664919E-09
  3.95000000E-01  1.79932169E-01 -4.11998780E-07 -5.43984725E-06 -6.53719535E-03 -1.63614613E-06 -2.14268788E-06  1.59246821E-08  9.54260249E-10 -7.13813525E-09
  4.00000000E-01  1.79901938E-01 -4.19924616E-07 -5.45031138E-06 -5.68332051E-03 -1.53848703E-06 -2.04589055E-06  1.42442840E-08  1.02929814E-09 -6.60066322E-09
  4.05000000E-01  1.79875657E-01 -4.27372903E-07 -5.46029884E-06 -4.94099008E-03 -1.44519579E-06 -1.95206882E-06  1.27241419E-08  1.07245059E-09 -6.10887157E-09
  4.10000000E-01  1.79852807E-01 -4.34365654E-07 -5.46982463E-06 -4.29563165E-03 -1.35629113E-06 -1.86125483E-06  1.13518228E-08  1.09046018E-09 -5.65805892E-09
  4.15000000E-01  1.79832943E-01 -4.40924848E-07 -5.47890386E-06 -3.73457666E-03 -1.27175031E-06 -1.77346725E-06  1.01153205E-08  1.08886776E-09 -5.24409804E-09
  4.20000000E-01  1.79815672E-01 -4.47072248E-07 -5.48755173E-06 -3.24681167E-03 -1.19151669E-06 -1.68871184E-06  9.00317134E-09  1.07221086E-09 -4.86335594E-09
  4.25000000E-01  1.79800658E-01 -4.52829247E-07 -5.49578340E-06 -2.82276210E-03 -1.11550630E-06 -1.60698238E-06  8.00451967E-09  1.04419185E-09 -4.51263460E-09
  4.30000000E-01  1.79787604E-01 -4.58216753E-07 -5.50361399E-06 -2.45410427E-03 -1.04361348E-06 -1.52826154E-06  7.10916937E-09  1.00781935E-09 -4.18911018E-09
  4.35000000E-01  1.79776255E-01 -4.63255088E-07 -5.51105850E-06 -2.13360194E-03 -9.75715707E-07 -1.45252190E-06  6.30759527E-09  9.65521413E-10 -3.89028664E-09
  4.40000000E-01  1.79766388E-01 -4.67963922E-07 -5.51813176E-06 -1.85496425E-03 -9.11677654E-07 -1.37972699E-06  5.59095508E-09  9.19249431E-10 -3.61394773E-09
  4.45000000E-01  1.79757810E-01 -4.72362215E-07 -5.52484840E-06 -1.61272219E-03 -8.51354740E-07 -1.30983234E-06  4.95107162E-09  8.70556421E-10 -3.35812540E-09
  4.50000000E-01  1.79750352E-01 -4.76468182E-07 -5.53122283E-06 -1.40212126E-03 -7.94596039E-07 -1.24278645E-06  4.38041868E-09  8.20672683E-10 -3.12106400E-09
  4.55000000E-01  1.79743868E-01 -4.80299265E-07 -5.53726915E-06 -1.21902809E-03 -7.41246821E-07 -1.17853182E-06  3.87209225E-09  7.70557671E-10 -2.90119624E-09
  4.60000000E-01  1.79738231E-01 -4.83872126E-07 -5.54300117E-06 -1.05984930E-03 -6.91150512E-07 -1.11700570E-06  3.41978022E-09  7.20956469E-10 -2.69711620E-09
  4.65000000E-01  1.79733329E-01 -4.87202638E-07 -5.54843238E-06 -9.21460960E-04 -6.44150437E-07 -1.05814108E-06  3.01773229E-09  6.72434418E-10 -2.50756290E-09
  4.70000000E-01  1.79729068E-01 -4.90305890E-07 -5.55357593E-06 -8.01147241E-04 -6.00091207E-07 -1.00186754E-06  2.66071819E-09  6.25411937E-10 -2.33139703E-09
  4.75000000E-01  1.79725363E-01 -4.93196198E-07 -5.55844458E-06 -6.96547111E-04 -5.58819857E-07 -9.48111917E-07  2.34399868E-09  5.80191302E-10 -2.16759190E-09
  4.80000000E-01  1.79722142E-01 -4.95887119E-07 -5.56305075E-06 -6.05607978E-04 -5.20186804E-07 -8.96799199E-07  2.06328399E-09  5.36981968E-10 -2.01521332E-09
  4.85000000E-01  1.79719341E-01 -4.98391470E-07 -5.56740647E-06 -5.26545396E-04 -4.84046457E-07 -8.47853114E-07  1.81470180E-09  4.95915782E-10 -1.87341490E-09
  4.90000000E-01  1.79716906E-01 -5.00721352E-07 -5.57152337E-06 -4.57808030E-04 -4.50257847E-07 -8.01196783E-07  1.59476340E-09  4.57067840E-10 -1.74142349E-09
  4.95000000E-01  1.79714789E-01 -5.02888169E-07 -5.57541271E-06 -3.98047205E-04 -4.18684974E-07 -7.56753377E-07  1.40032929E-09  4.20463713E-10 -1.61853286E-09
  5.00000000E-01  1.79712948E-01 -5.04902662E-07 -5.57908537E-06 -3.46090425E-04 -3.89197265E-07 -7.14446635E-07  1.22857987E-09  3.86094913E-10 -1.50409562E-09
