  0.00000000E+00  0.00000000E+00  0.00000000E+00  0.00000000E+00  1.90257477E+00  2.49017077E-04  4.12928357E-04  2.37679203E-04  8.64724209E-05 -4.40339229E-04
  1.00000000E-02  1.90257477E-02  2.49017077E-06  4.12928357E-06  1.37000261E+00  4.38530721E-03  1.52603671E-03  9.26034310E-05  8.39316306E-03 -2.48735901E-02
  2.00000000E-02  3.00629130E-02  6.70246935E-05  2.49551924E-05  1.02814521E+00  6.11293673E-03  2.07281140E-03 -4.19834622E-05  1.14225534E-02 -3.36476360E-02
  3.00000000E-02  3.86350780E-02  1.36792208E-04  4.84171799E-05  7.89316125E-01  6.87564152E-03  2.34191211E-03 -1.28731256E-04  1.25836066E-02 -3.69960026E-02
  4.00000000E-02  4.53340939E-02  2.09362148E-04  7.31818045E-05  6.33914661E-01  6.87003924E-03  2.38464599E-03 -1.75433998E-04  1.23279356E-02 -3.62231217E-02
  5.00000000E-02  5.08962332E-02  2.78034529E-04  9.72419338E-05  5.37084515E-01  6.44722732E-03  2.29263874E-03 -1.94471631E-04  1.13522934E-02 -3.33502194E-02
  6.00000000E-02  5.57829276E-02  3.40392742E-04  1.19708285E-04  4.78414770E-01  5.86956970E-03  2.13504266E-03 -1.95366548E-04  1.01792930E-02 -2.99053503E-02
  7.00000000E-02  6.02737266E-02  3.96200151E-04  1.40270731E-04  4.43518845E-01  5.29474789E-03  1.95838644E-03 -1.86050634E-04  9.09773827E-03 -2.67329233E-02
  8.00000000E-02  6.45344354E-02  4.46273521E-04  1.58971314E-04  4.23008690E-01  4.79697410E-03  1.78941302E-03 -1.72271144E-04  8.22329775E-03 -2.41706814E-02
  9.00000000E-02  6.86619715E-02  4.91754393E-04  1.76020577E-04  4.11036347E-01  4.39853944E-03  1.64092900E-03 -1.57737622E-04  7.57158722E-03 -2.22638515E-02
  1.00000000E-01  7.27124733E-02  5.33747614E-04  1.91687447E-04  4.04067648E-01  4.09482371E-03  1.51704006E-03 -1.44571821E-04  7.11257337E-03 -2.09234933E-02
  1.10000000E-01  7.67183062E-02  5.73177272E-04  2.06238403E-04  4.00009436E-01  3.87017841E-03  1.41695546E-03 -1.33694920E-04  6.80235015E-03 -2.00203745E-02
  1.20000000E-01  8.06981095E-02  6.10755830E-04  2.19907535E-04  3.97638403E-01  3.70655160E-03  1.33752824E-03 -1.25267522E-04  6.59917881E-03 -1.94314883E-02
  1.30000000E-01  8.46626384E-02  6.47003212E-04  2.32885681E-04  3.96245213E-01  3.58763080E-03  1.27482972E-03 -1.19051227E-04  6.46925193E-03 -1.90572769E-02
  1.40000000E-01  8.86181246E-02  6.82284916E-04  2.45320486E-04  3.95420099E-01  3.50023694E-03  1.22502979E-03 -1.14645231E-04  6.38761049E-03 -1.88242274E-02
  1.50000000E-01  9.25682000E-02  7.16850316E-04  2.57321784E-04  3.94926434E-01  3.43444384E-03  1.18481256E-03 -1.11628779E-04  6.33689533E-03 -1.86812660E-02
  1.60000000E-01  9.65149960E-02  7.50865789E-04  2.68968823E-04  3.94627260E-01  3.38311564E-03  1.15150652E-03 -1.09628442E-04  6.30554375E-03 -1.85944434E-02
  1.70000000E-01  1.00459773E-01  7.84440304E-04  2.80317358E-04  3.94442965E-01  3.34129490E-03  1.12306509E-03 -1.08342818E-04  6.28610274E-03 -1.85419421E-02
  1.80000000E-01  1.04403281E-01  8.17644150E-04  2.91405802E-04  3.94327004E-01  3.30562748E-03  1.09797899E-03 -1.07543979E-04  6.27388838E-03 -1.85101069E-02
  1.90000000E-01  1.08345971E-01  8.50522087E-04  3.02260162E-04  3.94251983E-01  3.27389155E-03  1.07516804E-03 -1.07067798E-04  6.26601414E-03 -1.84905685E-02
  2.00000000E-01  1.12288116E-01  8.83102323E-04  3.12897787E-04 -9.75380028E-01 -3.21283979E-04  7.47118930E-05 -2.21791476E-04 -2.06602148E-03  6.35153716E-03
  2.10000000E-01  9.56861556E-02  8.61913606E-04  3.08642625E-04 -7.47866786E-01 -1.73255229E-03 -3.19363885E-04 -9.01667170E-05 -4.20440311E-03  1.23541830E-02
  2.20000000E-01  8.93450539E-02  8.37531741E-04  3.03478608E-04 -5.11959763E-01 -2.33906970E-03 -4.44133076E-04 -3.11918954E-05 -5.57160082E-03  1.64345625E-02
  2.30000000E-01  8.54049914E-02  8.11108457E-04  2.98413431E-04 -3.30009512E-01 -2.70704858E-03 -5.98049032E-04  3.50341700E-05 -5.89218785E-03  1.73007827E-02
  2.40000000E-01  8.30146475E-02  7.82198077E-04  2.91663361E-04 -2.04892758E-01 -2.60575621E-03 -6.32489073E-04  7.02995077E-05 -5.34089324E-03  1.56555600E-02
  2.50000000E-01  8.15913037E-02  7.56646977E-04  2.85166270E-04 -1.24168055E-01 -2.25862525E-03 -5.93198839E-04  8.36354884E-05 -4.37315920E-03  1.28031298E-02
  2.60000000E-01  8.07532467E-02  7.35796379E-04  2.79430733E-04 -7.40719663E-02 -1.82262056E-03 -5.12502474E-04  8.23772147E-05 -3.32993577E-03  9.73693858E-03
  2.70000000E-01  8.02630075E-02  7.19750197E-04  2.74709190E-04 -4.37574931E-02 -1.39647130E-03 -4.16126176E-04  7.29634810E-05 -2.40093089E-03  7.01029497E-03
  2.80000000E-01  7.99770049E-02  7.07916230E-04  2.71029810E-04 -2.57133862E-02 -1.02896135E-03 -3.21222489E-04  6.01501930E-05 -1.65921892E-03  4.83578931E-03
  2.90000000E-01  7.98100916E-02  6.99464167E-04  2.68292103E-04 -1.50836236E-02 -7.35689702E-04 -2.37358202E-04  4.70021124E-05 -1.10860166E-03  3.22350221E-03
  3.00000000E-01  7.97124041E-02  6.93573628E-04  2.66337842E-04 -8.85752906E-03 -5.13896735E-04 -1.68508911E-04  3.52066482E-05 -7.20825201E-04  2.08980760E-03
  3.10000000E-01  7.96549593E-02  6.89543625E-04  2.64997000E-04 -5.21858758E-03 -3.52681127E-04 -1.15065150E-04  2.54753148E-05 -4.58459816E-04  1.32434996E-03
  3.20000000E-01  7.96209682E-02  6.86822892E-04  2.64113567E-04 -3.09025826E-03 -2.39010909E-04 -7.54497106E-05  1.79117896E-05 -2.86433348E-04  8.23835596E-04
  3.30000000E-01  7.96007072E-02  6.85001134E-04  2.63557147E-04 -1.84179336E-03 -1.60753583E-04 -4.72509521E-05  1.22960168E-05 -1.76422455E-04  5.04900776E-04
  3.40000000E-01  7.95885316E-02  6.83784885E-04  2.63225632E-04 -1.10605187E-03 -1.07881484E-04 -2.79227396E-05  8.27655425E-06 -1.07459622E-04  3.05877980E-04
  3.50000000E-01  7.95811498E-02  6.82970430E-04  2.63043045E-04 -6.69914301E-04 -7.26857613E-05 -1.51595620E-05  5.48511765E-06 -6.49060185E-05  1.83761146E-04
  3.60000000E-01  7.95766313E-02  6.82419551E-04  2.62955265E-04 -4.09630877E-04 -4.95079394E-05 -7.05859479E-06  3.59457965E-06 -3.89675564E-05  1.09826353E-04
  3.70000000E-01  7.95738364E-02  6.82040361E-04  2.62925184E-04 -2.53152785E-04 -3.43316525E-05 -2.14827782E-06  2.34061176E-06 -2.33001322E-05  6.55146075E-05
  3.80000000E-01  7.95720873E-02  6.81772926E-04  2.62928253E-04 -1.58345301E-04 -2.44039686E-05  6.56343056E-07  1.52289403E-06 -1.38962921E-05  3.91442773E-05
  3.90000000E-01  7.95709779E-02  6.81578525E-04  2.62948840E-04 -1.00427688E-04 -1.78959870E-05  2.12691197E-06  9.96670364E-07 -8.27372771E-06  2.35145285E-05
  4.00000000E-01  7.95702632E-02  6.81432105E-04  2.62977462E-04 -6.47323502E-05 -1.35919567E-05  2.78950956E-06  6.61150955E-07 -4.91790722E-06  1.42598890E-05
  4.10000000E-01  7.95697944E-02  6.81317705E-04  2.63008670E-04 -4.25188800E-05 -1.07002406E-05  2.98869562E-06  4.48241245E-07 -2.91516208E-06  8.76809185E-06
  4.20000000E-01  7.95694802E-02  6.81225162E-04  2.63039553E-04 -2.85438636E-05 -8.71047065E-06  2.93852131E-06  3.13070747E-07 -1.71866183E-06  5.49124491E-06
  4.30000000E-01  7.95692647E-02  6.81148006E-04  2.63068687E-04 -1.96406514E-05 -7.29392905E-06  2.76375005E-06  2.26675802E-07 -1.00272302E-06  3.51840035E-06
  4.40000000E-01  7.95691128E-02  6.81082149E-04  2.63095451E-04 -1.38845100E-05 -6.23925532E-06  2.52909508E-06  1.70677249E-07 -5.73795335E-07  2.31559174E-06
  4.50000000E-01  7.95690027E-02  6.81025030E-04  2.63119568E-04 -1.00982315E-05 -5.41619999E-06  2.27197354E-06  1.33572333E-07 -3.16829672E-07  1.57021367E-06
  4.60000000E-01  7.95689207E-02  6.80974983E-04  2.63141002E-04 -7.55724083E-06 -4.74716251E-06  2.01485549E-06  1.08237649E-07 -1.63287654E-07  1.09899045E-06
  4.70000000E-01  7.95688578E-02  6.80930857E-04  2.63159865E-04 -5.81262148E-06 -4.18517584E-06  1.77079276E-06  9.02944629E-08 -7.21822505E-08  7.94033592E-07
  4.80000000E-01  7.95688084E-02  6.80891815E-04  2.63176353E-04 -4.58425287E-06 -3.70110265E-06  1.54691719E-06  7.70616752E-08 -1.88825527E-08  5.91412744E-07
  4.90000000E-01  7.95687687E-02  6.80857224E-04  2.63190703E-04 -3.69593968E-06 -3.27706575E-06  1.34626204E-06  6.68975642E-08  1.14929835E-08  4.52901461E-07
  5.00000000E-01  7.95687362E-02  6.80826574E-04  2.63203162E-04 -3.03583049E-06 -2.90204454E-06  1.16939521E-06  5.87921722E-08  2.79834457E-08  3.55381299E-07
