  0.00000000E+00  0.00000000E+00  0.00000000E+00  0.00000000E+00  1.90257477E+00  2.49017077E-04  4.12928357E-04  2.37679203E-04  8.64724209E-05 -4.40339229E-04
  1.00000000E-02  1.90257477E-02  2.49017077E-06  4.12928357E-06  1.41678777E+00 -9.56959628E-03 -1.39818461E-02  2.40988155E-04  1.05784331E-02  2.78347294E-03
  2.00000000E-02  3.07646904E-02 -1.42298859E-04 -2.07663050E-04  1.09356218E+00 -1.35636702E-02 -1.99735271E-02  2.55167761E-04  1.53189766E-02  4.23948406E-03
  3.00000000E-02  4.00841842E-02 -2.97905930E-04 -4.37356726E-04  8.63045767E-01 -1.52972804E-02 -2.26877963E-02  2.77304890E-04  1.76734124E-02  4.95381880E-03
  4.00000000E-02  4.75620598E-02 -4.59546785E-04 -6.77806034E-04  7.07984914E-01 -1.52836341E-02 -2.28669989E-02  2.99680682E-04  1.81155790E-02  5.09695092E-03
  5.00000000E-02  5.38666047E-02 -6.12314894E-04 -9.07372037E-04  6.07076432E-01 -1.43296927E-02 -2.16418375E-02  3.15026207E-04  1.74585640E-02  4.89427071E-03
  6.00000000E-02  5.94328266E-02 -7.50842114E-04 -1.11766461E-03  5.42699312E-01 -1.30483642E-02 -1.98890544E-02  3.20441336E-04  1.63138911E-02  4.54670560E-03
  7.00000000E-02  6.45379341E-02 -8.74919114E-04 -1.30779123E-03  5.02114042E-01 -1.17960018E-02 -1.81282052E-02  3.16852151E-04  1.50681327E-02  4.17473403E-03
  8.00000000E-02  6.93561482E-02 -9.86617320E-04 -1.48026904E-03  4.76703687E-01 -1.07331629E-02 -1.66036786E-02  3.06866605E-04  1.39234098E-02  3.83994793E-03
  9.00000000E-02  7.39961333E-02 -1.08863475E-03 -1.63868319E-03  4.60852783E-01 -9.90201557E-03 -1.53906888E-02  2.93443110E-04  1.29611446E-02  3.56534453E-03
  1.00000000E-01  7.85254066E-02 -1.18349917E-03 -1.78652513E-03  4.50981302E-01 -9.28568729E-03 -1.44771414E-02  2.79027554E-04  1.21956156E-02  3.35293826E-03
  1.10000000E-01  8.29858622E-02 -1.27327441E-03 -1.92672881E-03  4.44836619E-01 -8.84484457E-03 -1.38151166E-02  2.65311969E-04  1.16088184E-02  3.19520802E-03
  1.20000000E-01  8.74035050E-02 -1.35951864E-03 -2.06156985E-03  4.41011970E-01 -8.53708732E-03 -1.33488569E-02  2.53232901E-04  1.11706639E-02  3.08155743E-03
  1.30000000E-01  9.17945014E-02 -1.44335072E-03 -2.19272712E-03  4.38632246E-01 -8.32541656E-03 -1.30277056E-02  2.43168709E-04  1.08496004E-02  3.00158507E-03
  1.40000000E-01  9.61689253E-02 -1.52554654E-03 -2.32139842E-03  4.37153827E-01 -8.18075467E-03 -1.28105807E-02  2.35122365E-04  1.06174630E-02  2.94645101E-03
  1.50000000E-01  1.00533071E-01 -1.60663077E-03 -2.44841860E-03  4.36238889E-01 -8.08165600E-03 -1.26662876E-02  2.28887913E-04  1.04511212E-02  2.90917236E-03
  1.60000000E-01  1.04890886E-01 -1.68695184E-03 -2.57436001E-03  4.35677189E-01 -8.01296137E-03 -1.25721326E-02  2.24170495E-04  1.03325371E-02  2.88448416E-03
  1.70000000E-01  1.09244849E-01 -1.76673798E-03 -2.69961056E-03  4.35337579E-01 -7.96427246E-03 -1.25120780E-02  2.20663662E-04  1.02481039E-02  2.86855822E-03
  1.80000000E-01  1.13596527E-01 -1.84613726E-03 -2.82443107E-03  4.35138029E-01 -7.92861226E-03 -1.24750179E-02  2.18089859E-04  1.01878034E-02  2.85867494E-03
  1.90000000E-01  1.17946909E-01 -1.92524508E-03 -2.94899595E-03  4.35027082E-01 -7.90137471E-03 -1.24533714E-02  2.16216169E-04  1.01443947E-02  2.85293209E-03
  2.00000000E-01  1.22296625E-01 -2.00412264E-03 -3.07342143E-03 -9.83227957E-01  1.37377527E-03  1.67863711E-03 -4.89643820E-05 -2.59029988E-04  4.57829333E-05
  2.10000000E-01  1.05373071E-01 -1.94400914E-03 -2.98597502E-03 -7.66833688E-01  4.07841652E-03  5.63961531E-03 -1.59184556E-05 -3.51071162E-03 -9.68056029E-04
  2.20000000E-01  9.87867051E-02 -1.88970177E-03 -2.90977397E-03 -5.41886734E-01  5.98385103E-03  8.94427210E-03 -6.24933534E-05 -6.01596127E-03 -1.78801061E-03
  2.30000000E-01  9.44925726E-02 -1.82033608E-03 -2.80380797E-03 -3.63275953E-01  6.66326665E-03  1.01680651E-02 -7.71342295E-05 -7.23215791E-03 -2.14651068E-03
  2.40000000E-01  9.17528669E-02 -1.75030634E-03 -2.69600835E-03 -2.36526032E-01  6.28456041E-03  9.76701693E-03 -9.26100361E-05 -7.22475009E-03 -2.12816168E-03
  2.50000000E-01  9.00213562E-02 -1.68935427E-03 -2.60034342E-03 -1.51330399E-01  5.34183307E-03  8.45412277E-03 -1.00935124E-04 -6.48401584E-03 -1.88664311E-03
  2.60000000E-01  8.89340304E-02 -1.64064957E-03 -2.52236667E-03 -9.58262190E-02  4.22739729E-03  6.82375987E-03 -1.01241096E-04 -5.42580455E-03 -1.55534854E-03
  2.70000000E-01  8.82532891E-02 -1.60394778E-03 -2.46228088E-03 -6.03311461E-02  3.17661215E-03  5.24237038E-03 -9.48242989E-05 -4.32337243E-03 -1.21913359E-03
  2.80000000E-01  8.78274530E-02 -1.57743558E-03 -2.41776413E-03 -3.78811219E-02  2.29599304E-03  3.88522368E-03 -8.39761004E-05 -3.32377020E-03 -9.21420026E-04
  2.90000000E-01  8.75608919E-02 -1.55887875E-03 -2.38569762E-03 -2.37701469E-02  1.61067470E-03  2.80405004E-03 -7.10277659E-05 -2.48714341E-03 -6.77905365E-04
  3.00000000E-01  8.73937453E-02 -1.54619859E-03 -2.36306299E-03 -1.49277172E-02  1.10392617E-03  1.98459455E-03 -5.78357398E-05 -1.82263972E-03 -4.88775052E-04
  3.10000000E-01  8.72886803E-02 -1.53769307E-03 -2.34731432E-03 -9.39170782E-03  7.42900976E-04  1.38490733E-03 -4.56257442E-05 -1.31391669E-03 -3.47073579E-04
  3.20000000E-01  8.72224433E-02 -1.53206919E-03 -2.33646369E-03 -5.92377688E-03  4.92768541E-04  9.56996327E-04 -3.50490412E-05 -9.34860881E-04 -2.43621585E-04
  3.30000000E-01  8.71805451E-02 -1.52839217E-03 -2.32903328E-03 -3.74794168E-03  3.23107608E-04  6.57179679E-04 -2.63259067E-05 -6.58173660E-04 -1.69518568E-04
  3.40000000E-01  8.71539449E-02 -1.52600940E-03 -2.32396056E-03 -2.37971737E-03  2.09881313E-04  4.49819303E-04 -1.93996759E-05 -4.59413765E-04 -1.17183827E-04
  3.50000000E-01  8.71369889E-02 -1.52447671E-03 -2.32049917E-03 -1.51700565E-03  1.35242055E-04  3.07666577E-04 -1.40642339E-05 -3.18428170E-04 -8.06108188E-05
  3.60000000E-01  8.71261324E-02 -1.52349749E-03 -2.31813327E-03 -9.71378163E-04  8.64860113E-05  2.10757066E-04 -1.00542340E-05 -2.19432202E-04 -5.52529487E-05
  3.70000000E-01  8.71191467E-02 -1.52287641E-03 -2.31651025E-03 -6.25146760E-04  5.48396102E-05  1.44886366E-04 -7.10108157E-06 -1.50488612E-04 -3.77735897E-05
  3.80000000E-01  8.71146264E-02 -1.52248625E-03 -2.31539074E-03 -4.04656300E-04  3.43799713E-05  1.00151250E-04 -4.96284112E-06 -1.02795279E-04 -2.57767964E-05
  3.90000000E-01  8.71116823E-02 -1.52224474E-03 -2.31461290E-03 -2.63696529E-04  2.11961974E-05  6.97409426E-05 -3.43659969E-06 -6.99836952E-05 -1.75687990E-05
  4.00000000E-01  8.71097501E-02 -1.52209870E-03 -2.31406754E-03 -1.73197306E-04  1.27261049E-05  4.90141394E-05 -2.36030193E-06 -4.75128928E-05 -1.19657450E-05
  4.10000000E-01  8.71084706E-02 -1.52201379E-03 -2.31368104E-03 -1.14819115E-04  7.30131563E-06  3.48297737E-05 -1.60909570E-06 -3.21819186E-05 -8.14701398E-06
  4.20000000E-01  8.71076143E-02 -1.52196790E-03 -2.31340366E-03 -7.69582882E-05  3.83837293E-06  2.50688796E-05 -1.08940507E-06 -2.17549639E-05 -5.54720313E-06
  4.30000000E-01  8.71070341E-02 -1.52194683E-03 -2.31320177E-03 -5.22513337E-05  1.64184968E-06  1.83020794E-05 -7.32608264E-07 -1.46818607E-05 -3.77846427E-06
  4.40000000E-01  8.71066351E-02 -1.52194140E-03 -2.31305259E-03 -3.60112752E-05  2.61377411E-07  1.35691596E-05 -4.89262069E-07 -9.89427683E-06 -2.57559184E-06
  4.50000000E-01  8.71063562E-02 -1.52194569E-03 -2.31294056E-03 -2.52454613E-05 -5.90938246E-07  1.02256449E-05 -3.24251045E-07 -6.65957729E-06 -1.75765438E-06
  4.60000000E-01  8.71061576E-02 -1.52195586E-03 -2.31285502E-03 -1.80368335E-05 -1.09970266E-06  7.83855569E-06 -2.12932069E-07 -4.47738443E-06 -1.20141354E-06
  4.70000000E-01  8.71060132E-02 -1.52196940E-03 -2.31278857E-03 -1.31530495E-05 -1.38398281E-06  6.11275175E-06 -1.38183743E-07 -3.00710105E-06 -8.23023064E-07
  4.80000000E-01  8.71059061E-02 -1.52198466E-03 -2.31273607E-03 -9.79892863E-06 -1.52150069E-06  4.84707466E-06 -8.82110263E-08 -2.01753717E-06 -5.65480914E-07
  4.90000000E-01  8.71058249E-02 -1.52200056E-03 -2.31269393E-03 -7.45920482E-06 -1.56365009E-06  3.90392219E-06 -5.49465072E-08 -1.35212943E-06 -3.90053615E-07
  5.00000000E-01  8.71057620E-02 -1.52201641E-03 -2.31265961E-03 -5.79840160E-06 -1.54460493E-06  3.18909538E-06 -3.29060445E-08 -9.05054370E-07 -2.70429687E-07
