  0.00000000E+00  0.00000000E+00  0.00000000E+00  0.00000000E+00  1.90257480E+00  2.49030151E-04  4.12927561E-04  2.37702552E-04  8.64615588E-05 -4.40366946E-04
  1.00000000E-02  1.90257480E-02  2.49030151E-06  4.12927561E-06  1.44627671E+00 -6.91594226E-03  1.74468993E-02  1.85135872E-04 -1.72423892E-02 -1.22792914E-02
  2.00000000E-02  3.12070247E-02 -1.02493983E-04  2.63768127E-04  1.13637118E+00 -1.01639059E-02  2.52367499E-02  1.51091560E-04 -2.53547084E-02 -1.76970982E-02
  3.00000000E-02  4.10212089E-02 -2.20372861E-04  5.55084879E-04  9.12471959E-01 -1.17958932E-02  2.91265114E-02  1.36894360E-04 -2.95568324E-02 -2.04500606E-02
  4.00000000E-02  4.90264323E-02 -3.46491729E-04  8.65798801E-04  7.58712493E-01 -1.21565494E-02  2.99463505E-02  1.35986241E-04 -3.06064289E-02 -2.10635488E-02
  5.00000000E-02  5.58447599E-02 -4.69860504E-04  1.16936150E-03  6.55989077E-01 -1.17638962E-02  2.89497033E-02  1.39936117E-04 -2.97777561E-02 -2.04093365E-02
  6.00000000E-02  6.18910336E-02 -5.85536201E-04  1.45387530E-03  5.88428052E-01 -1.10355041E-02  2.71379434E-02  1.43917007E-04 -2.80645583E-02 -1.91732323E-02
  7.00000000E-02  6.74375090E-02 -6.92249280E-04  1.71619593E-03  5.44380960E-01 -1.02334185E-02  2.51400833E-02  1.45715482E-04 -2.61067618E-02 -1.77924556E-02
  8.00000000E-02  7.26610832E-02 -7.90573037E-04  1.95760746E-03  5.15796195E-01 -9.49532680E-03  2.32883022E-02  1.44880734E-04 -2.42515985E-02 -1.65010845E-02
  9.00000000E-02  7.76761213E-02 -8.81835847E-04  2.18123158E-03  4.97284112E-01 -8.87785196E-03  2.17213069E-02  1.41892659E-04 -2.26529535E-02 -1.53995855E-02
  1.00000000E-01  8.25564020E-02 -9.67526992E-04  2.39060967E-03  4.85301649E-01 -8.39178199E-03  2.04678810E-02  1.37521172E-04 -2.13522946E-02 -1.45116688E-02
  1.10000000E-01  8.73495062E-02 -1.04901446E-03  2.58902135E-03  4.77543410E-01 -8.02555034E-03  1.95027200E-02  1.32491649E-04 -2.03339444E-02 -1.38227157E-02
  1.20000000E-01  9.20861491E-02 -1.12743881E-03  2.77922275E-03  4.72517256E-01 -7.75916502E-03  1.87795108E-02  1.27362196E-04 -1.95578878E-02 -1.33024711E-02
  1.30000000E-01  9.67861909E-02 -1.20369853E-03  2.96340181E-03  4.69259663E-01 -7.57150935E-03  1.82485042E-02  1.22500735E-04 -1.89779276E-02 -1.29173630E-02
  1.40000000E-01  1.01462500E-01 -1.27847535E-03  3.14323182E-03  4.67148722E-01 -7.44368776E-03  1.78646812E-02  1.18103411E-04 -1.85506252E-02 -1.26364603E-02
  1.50000000E-01  1.06123432E-01 -1.35227312E-03  3.31995952E-03  4.65782719E-01 -7.36017305E-03  1.75906903E-02  1.14246194E-04 -1.82389481E-02 -1.24337729E-02
  1.60000000E-01  1.10774429E-01 -1.42545727E-03  3.49449646E-03  4.64901770E-01 -7.30885350E-03  1.73971227E-02  1.10927987E-04 -1.80130874E-02 -1.22886269E-02
  1.70000000E-01  1.15419042E-01 -1.49828921E-03  3.66749985E-03  4.64337409E-01 -7.28060121E-03  1.72616087E-02  1.08103427E-04 -1.78499404E-02 -1.21851676E-02
  1.80000000E-01  1.20059594E-01 -1.57095396E-03  3.83943837E-03  4.63980184E-01 -7.26870047E-03  1.71675396E-02  1.05706623E-04 -1.77320722E-02 -1.21115473E-02
  1.90000000E-01  1.24697610E-01 -1.64358146E-03  4.01064342E-03  4.63758814E-01 -7.26829605E-03  1.71027995E-02  1.03666298E-04 -1.76465817E-02 -1.20590817E-02
  2.00000000E-01  1.29334091E-01 -1.71626240E-03  4.18134771E-03 -9.83884107E-01  1.78227884E-04 -3.62075239E-04 -9.58240069E-05 -6.00431051E-04  1.00930863E-04
  2.10000000E-01  1.12257036E-01 -1.67724750E-03  4.09040259E-03 -7.76474023E-01  2.26889041E-03 -5.34729966E-03 -3.85973682E-05  4.82823407E-03  3.78290705E-03
  2.20000000E-01  1.05529346E-01 -1.64410528E-03  4.01200347E-03 -5.58908280E-01  4.31005787E-03 -9.85531458E-03 -4.16038168E-05  9.36391675E-03  6.75475463E-03
  2.30000000E-01  1.01028092E-01 -1.59079887E-03  3.89091025E-03 -3.83669808E-01  5.16942307E-03 -1.19100162E-02 -2.89157419E-05  1.16437763E-02  8.20892421E-03
  2.40000000E-01  9.80675862E-02 -1.53480781E-03  3.76153658E-03 -2.56860735E-01  5.16550629E-03 -1.19682605E-02 -2.63493024E-05  1.18966240E-02  8.28260144E-03
  2.50000000E-01  9.61330242E-02 -1.48317233E-03  3.64156275E-03 -1.69546518E-01  4.63034983E-03 -1.07975859E-02 -2.73872968E-05  1.08781106E-02  7.50566034E-03
  2.60000000E-01  9.48741301E-02 -1.43954462E-03  3.53944027E-03 -1.11045505E-01  3.86683574E-03 -9.08222884E-03 -2.89871538E-05  9.26463446E-03  6.34387264E-03
  2.70000000E-01  9.40561801E-02 -1.40469383E-03  3.45719476E-03 -7.24464933E-02  3.07353106E-03 -7.27657608E-03 -2.95635962E-05  7.51322241E-03  5.10832217E-03
  2.80000000E-01  9.35247102E-02 -1.37792504E-03  3.39345727E-03 -4.71947264E-02  2.35642796E-03 -5.62776863E-03 -2.86719331E-05  5.88069512E-03  3.97090579E-03
  2.90000000E-01  9.31790218E-02 -1.35794628E-03  3.34542362E-03 -3.07469378E-02  1.75812554E-03 -4.23924385E-03 -2.65065550E-05  4.48235553E-03  3.00601196E-03
  3.00000000E-01  9.29537914E-02 -1.34335654E-03  3.30997380E-03 -2.00527629E-02  1.28434812E-03 -3.12955929E-03 -2.35092447E-05  3.34763307E-03  2.22961251E-03
  3.10000000E-01  9.28067346E-02 -1.33288194E-03  3.28422663E-03 -1.31005251E-02  9.22645664E-04 -2.27441318E-03 -2.01365199E-05  2.46064579E-03  1.62748857E-03
  3.20000000E-01  9.27104905E-02 -1.32546400E-03  3.26575823E-03 -8.57682614E-03  6.53802756E-04 -1.63263757E-03 -1.67529266E-05  1.78594124E-03  1.17294606E-03
  3.30000000E-01  9.26473408E-02 -1.32027018E-03  3.25264073E-03 -5.62873004E-03  4.57987518E-04 -1.16046957E-03 -1.36026527E-05  1.28314835E-03  8.36743441E-04
  3.40000000E-01  9.26057940E-02 -1.31666939E-03  3.24339688E-03 -3.70365470E-03  3.17588358E-04 -8.18345890E-04 -1.08208687E-05  9.14369492E-04  5.91974269E-04
  3.50000000E-01  9.25783828E-02 -1.31419550E-03  3.23692404E-03 -2.44379315E-03  2.18172429E-04 -5.73389567E-04 -8.45991470E-06  6.47249677E-04  4.15984835E-04
  3.60000000E-01  9.25602442E-02 -1.31251085E-03  3.23241492E-03 -1.61730557E-03  1.48489568E-04 -3.99656882E-04 -6.51686644E-06  4.55691814E-04  2.90707718E-04
  3.70000000E-01  9.25482035E-02 -1.31137437E-03  3.22928702E-03 -1.07376079E-03  1.00063531E-04 -2.77374303E-04 -4.95654705E-06  3.19427209E-04  2.02248882E-04
  3.80000000E-01  9.25401837E-02 -1.31061587E-03  3.22712469E-03 -7.15368730E-04  6.66614248E-05 -1.91838397E-04 -3.72838110E-06  2.23130703E-04  1.40198437E-04
  3.90000000E-01  9.25348219E-02 -1.31011626E-03  3.22563398E-03 -4.78424510E-04  4.37816743E-05 -1.32312881E-04 -2.77753569E-06  1.55443300E-04  9.69069188E-05
  4.00000000E-01  9.25312224E-02 -1.30979284E-03  3.22460848E-03 -3.21334046E-04  2.82154268E-05 -9.10650600E-05 -2.05154671E-06  1.08073009E-04  6.68364732E-05
  4.10000000E-01  9.25287945E-02 -1.30958852E-03  3.22390407E-03 -2.16876770E-04  1.77002435E-05 -6.25857852E-05 -1.50373760E-06  7.50385380E-05  4.60246243E-05
  4.20000000E-01  9.25271480E-02 -1.30946409E-03  3.22342061E-03 -1.47196963E-04  1.06601457E-05 -4.29831196E-05 -1.09453467E-06  5.20662527E-05  3.16625033E-05
  4.30000000E-01  9.25260245E-02 -1.30939269E-03  3.22308879E-03 -1.00554455E-04  5.99152286E-06 -2.95233559E-05 -7.91528568E-07  3.61260298E-05  2.17740064E-05
  4.40000000E-01  9.25252521E-02 -1.30935612E-03  3.22286086E-03 -6.92122204E-05  2.93244292E-06 -2.02967570E-05 -5.68863391E-07  2.50828799E-05  1.49774718E-05
  4.50000000E-01  9.25247167E-02 -1.30934209E-03  3.22270402E-03 -4.80595968E-05  9.62471274E-07 -1.39771443E-05 -4.06333249E-07  1.74402559E-05  1.03117674E-05
  4.60000000E-01  9.25243419E-02 -1.30934232E-03  3.22259585E-03 -3.37128085E-05 -2.76409287E-07 -9.64764906E-06 -2.88403974E-07  1.21535815E-05  7.11111092E-06
  4.70000000E-01  9.25240765E-02 -1.30935128E-03  3.22252102E-03 -2.39262112E-05 -1.02757622E-06 -6.67723008E-06 -2.03292450E-07  8.49630052E-06  4.91589854E-06
  4.80000000E-01  9.25238862E-02 -1.30936531E-03  3.22246910E-03 -1.72057935E-05 -1.45788530E-06 -4.63354590E-06 -1.42165361E-07  5.96450384E-06  3.40976431E-06
  4.90000000E-01  9.25237477E-02 -1.30938204E-03  3.22243298E-03 -1.25550592E-05 -1.67707362E-06 -3.22517466E-06 -9.84653644E-08  4.20951110E-06  2.37544928E-06
  5.00000000E-01  9.25236454E-02 -1.30939991E-03  3.22240777E-03 -9.30761051E-06 -1.75869866E-06 -2.25340942E-06 -6.73626027E-08  2.99049840E-06  1.66403643E-06
