  0.00000000E+00  0.00000000E+00  0.00000000E+00  0.00000000E+00  1.90257480E+00  2.49030151E-04  4.12927561E-04  2.37702552E-04  8.64615588E-05 -4.40366946E-04
  1.00000000E-02  1.90257480E-02  2.49030151E-06  4.12927561E-06  1.44274340E+00  2.12598908E-03 -1.60053302E-03  2.24496084E-04 -1.48813336E-02  2.73103774E-02
  2.00000000E-02  3.11540249E-02  3.31349870E-05 -2.19433574E-05  1.13150836E+00  2.98343202E-03 -2.61088035E-03  2.24192855E-04 -2.13977927E-02  3.98994342E-02
  3.00000000E-02  4.09129333E-02  6.72565219E-05 -5.31038977E-05  9.07015204E-01  3.41898619E-03 -3.16334941E-03  2.38645196E-04 -2.45426660E-02  4.62013140E-02
  4.00000000E-02  4.88606196E-02  1.03624155E-04 -8.74997371E-05  7.53215212E-01  3.54707914E-03 -3.32893641E-03  2.58736469E-04 -2.50332705E-02  4.75074001E-02
  5.00000000E-02  5.56237717E-02  1.39735411E-04 -1.21617036E-04  6.50771215E-01  3.48180327E-03 -3.25822341E-03  2.75741372E-04 -2.39820490E-02  4.58627112E-02
  6.00000000E-02  6.16192639E-02  1.74227064E-04 -1.53845705E-04  5.83607726E-01  3.32431952E-03 -3.07289720E-03  2.85708607E-04 -2.22822305E-02  4.29028840E-02
  7.00000000E-02  6.71195237E-02  2.06682840E-04 -1.83648046E-04  5.39957235E-01  3.13855291E-03 -2.85280164E-03  2.88008813E-04 -2.04837829E-02  3.96562298E-02
  8.00000000E-02  7.23008436E-02  2.37139537E-04 -2.11075585E-04  5.11711249E-01  2.96076530E-03 -2.64158127E-03  2.84026847E-04 -1.88659033E-02  3.66628807E-02
  9.00000000E-02  7.72767262E-02  2.65858252E-04 -2.36435296E-04  4.93462345E-01  2.80849863E-03 -2.45862532E-03  2.75896156E-04 -1.75340117E-02  3.41447066E-02
  1.00000000E-01  8.21201051E-02  2.93181905E-04 -2.60106769E-04  4.81670218E-01  2.68781004E-03 -2.30926863E-03  2.65650141E-04 -1.64979031E-02  3.21435462E-02
  1.10000000E-01  8.68778467E-02  3.19456562E-04 -2.82452672E-04  4.74040726E-01  2.59839997E-03 -2.19172119E-03  2.54865129E-04 -1.57230087E-02  3.06135091E-02
  1.20000000E-01  9.15801065E-02  3.44993511E-04 -3.03782147E-04  4.69095164E-01  2.53687152E-03 -2.10125580E-03  2.44604760E-04 -1.51600060E-02  2.94756110E-02
  1.30000000E-01  9.62463303E-02  3.70054584E-04 -3.24342378E-04  4.65882421E-01  2.49868119E-03 -2.03247956E-03  2.35461759E-04 -1.47600174E-02  2.86465186E-02
  1.40000000E-01  1.00889091E-01  3.94850444E-04 -3.44323292E-04  4.63790804E-01  2.47921237E-03 -1.98040530E-03  2.27692956E-04 -1.44809583E-02  2.80517766E-02
  1.50000000E-01  1.05516541E-01  4.19545224E-04 -3.63866974E-04  4.62426408E-01  2.47431351E-03 -1.94084655E-03  2.21315715E-04 -1.42892982E-02  2.76302537E-02
  1.60000000E-01  1.10133983E-01  4.44263865E-04 -3.83077645E-04  4.61535014E-01  2.48048373E-03 -1.91049167E-03  2.16218373E-04 -1.41595623E-02  2.73342475E-02
  1.70000000E-01  1.14744876E-01  4.69099553E-04 -4.02030788E-04  4.60952132E-01  2.49490067E-03 -1.88681520E-03  2.12228049E-04 -1.40730382E-02  2.71278307E-02
  1.80000000E-01  1.19351483E-01  4.94120645E-04 -4.20780557E-04  4.60571039E-01  2.51536149E-03 -1.86793820E-03  2.09155359E-04 -1.40163131E-02  2.69846194E-02
  1.90000000E-01  1.23955288E-01  5.19376564E-04 -4.39365554E-04  4.60322294E-01  2.54018862E-03 -1.85248685E-03  2.06820087E-04 -1.39799460E-02  2.68855950E-02
  2.00000000E-01  1.28557267E-01  5.44902585E-04 -4.57813166E-04 -9.82807463E-01 -2.75446305E-04 -4.04481515E-04 -3.79914601E-05  1.17400848E-03 -4.82467474E-04
  2.10000000E-01  1.11513544E-01  5.28069948E-04 -4.54617955E-04 -7.75176859E-01 -6.36222402E-04  4.32918278E-04 -9.96989280E-06  5.26861313E-03 -8.83995119E-03
  2.20000000E-01  1.04799928E-01  5.19903843E-04 -4.46101773E-04 -5.56242039E-01 -1.59119468E-03  8.86396884E-04 -4.26848337E-05  9.03755941E-03 -1.59012987E-02
  2.30000000E-01  1.00332182E-01  4.99217035E-04 -4.34970411E-04 -3.80814261E-01 -1.89570517E-03  1.19273820E-03 -5.52085378E-05  1.05116513E-02 -1.91163429E-02
  2.40000000E-01  9.74011781E-02  4.78737431E-04 -4.21511322E-04 -2.54145242E-01 -1.92736472E-03  1.25487183E-03 -6.89020769E-05  1.03079377E-02 -1.91124674E-02
  2.50000000E-01  9.54930707E-02  4.59305486E-04 -4.08651936E-04 -1.67209703E-01 -1.76517761E-03  1.17043041E-03 -7.88165398E-05  9.09641596E-03 -1.71492742E-02
  2.60000000E-01  9.42556514E-02  4.42464645E-04 -3.97369839E-04 -1.09169250E-01 -1.51101203E-03  1.01427785E-03 -8.32211044E-05  7.48317754E-03 -1.43396434E-02
  2.70000000E-01  9.34541612E-02  4.28625353E-04 -3.88007823E-04 -7.10140019E-02 -1.23474249E-03  8.37189893E-04 -8.21047882E-05  5.85758158E-03 -1.14143126E-02
  2.80000000E-01  9.29347974E-02  4.17659276E-04 -3.80521364E-04 -4.61415217E-02 -9.76081408E-04  6.68126480E-04 -7.66007036E-05  4.42011045E-03 -8.76543068E-03
  2.90000000E-01  9.25977446E-02  4.09191767E-04 -3.74685416E-04 -2.99946063E-02 -7.53179243E-04  5.20644421E-04 -6.82694151E-05  3.24391135E-03 -6.55209242E-03
  3.00000000E-01  9.23785331E-02  4.02774486E-04 -3.70216383E-04 -1.95271988E-02 -5.70975143E-04  3.98897080E-04 -5.85982713E-05  2.32997822E-03 -4.79715867E-03
  3.10000000E-01  9.22355981E-02  3.97975755E-04 -3.66836148E-04 -1.27396476E-02 -4.27344315E-04  3.01996336E-04 -4.87539392E-05  1.64547021E-03 -3.45587952E-03
  3.20000000E-01  9.21421394E-02  3.94420466E-04 -3.64300689E-04 -8.33226462E-03 -3.17032365E-04  2.26784979E-04 -3.95201081E-05  1.14658938E-03 -2.45798547E-03
  3.30000000E-01  9.20808537E-02  3.91801702E-04 -3.62408896E-04 -5.46459031E-03 -2.33919647E-04  1.69424064E-04 -3.13381820E-05  7.90483464E-04 -1.73051623E-03
  3.40000000E-01  9.20405462E-02  3.89878069E-04 -3.61001460E-04 -3.59421745E-03 -1.72183802E-04  1.26207160E-04 -2.43886965E-05  5.40370055E-04 -1.20845098E-03
  3.50000000E-01  9.20139559E-02  3.88464910E-04 -3.59955473E-04 -2.37110454E-03 -1.26800958E-04  9.39133485E-05 -1.86766438E-05  3.66923929E-04 -8.38376734E-04
  3.60000000E-01  9.19963604E-02  3.87423815E-04 -3.59177808E-04 -1.56907923E-03 -9.36812539E-05  6.99076716E-05 -1.41033424E-05  2.47852865E-04 -5.78590471E-04
  3.70000000E-01  9.19846797E-02  3.86652601E-04 -3.58598760E-04 -1.04171588E-03 -6.96212652E-05  5.21160139E-05 -1.05195748E-05  1.66764128E-04 -3.97639479E-04
  3.80000000E-01  9.19768994E-02  3.86076688E-04 -3.58166558E-04 -6.93988295E-04 -5.21795918E-05  3.89470449E-05 -7.76102182E-06  1.11892188E-04 -2.72384814E-04
  3.90000000E-01  9.19716981E-02  3.85642100E-04 -3.57842932E-04 -4.64064163E-04 -3.95337509E-05  2.92006807E-05 -5.66953637E-06  7.49458760E-05 -1.86116583E-04
  4.00000000E-01  9.19682071E-02  3.85309992E-04 -3.57599657E-04 -3.11600519E-04 -3.03429743E-05  2.19813223E-05 -4.10422392E-06  5.01644236E-05 -1.26937594E-04
  4.10000000E-01  9.19658534E-02  3.85052516E-04 -3.57415941E-04 -2.10203829E-04 -2.36265577E-05  1.66230149E-05 -2.94580684E-06  3.35892861E-05 -8.64702776E-05
  4.20000000E-01  9.19642584E-02  3.84849833E-04 -3.57276502E-04 -1.42560722E-04 -1.86780400E-05  1.26350699E-05 -2.09694050E-06  2.25240580E-05 -5.88666530E-05
  4.30000000E-01  9.19631710E-02  3.84687795E-04 -3.57170091E-04 -9.72848334E-05 -1.49994963E-05  9.66050462E-06 -1.48035554E-06  1.51448061E-05 -4.00727755E-05
  4.40000000E-01  9.19624245E-02  3.84556193E-04 -3.57088359E-04 -6.68692307E-05 -1.22333130E-05  7.43728592E-06 -1.03604219E-06  1.02245886E-05 -2.72939703E-05
  4.50000000E-01  9.19619079E-02  3.84447690E-04 -3.57025102E-04 -4.63526679E-05 -1.01256166E-05  5.77159962E-06 -7.18209800E-07  6.94167442E-06 -1.86122821E-05
  4.60000000E-01  9.19615469E-02  3.84356973E-04 -3.56975715E-04 -3.24486101E-05 -8.49397397E-06  4.51919562E-06 -4.92425482E-07  4.74760954E-06 -1.27161726E-05
  4.70000000E-01  9.19612920E-02  3.84280191E-04 -3.56936785E-04 -2.29748286E-05 -7.20754144E-06  3.57375700E-06 -3.33112982E-07  3.27729668E-06 -8.71136980E-06
  4.80000000E-01  9.19611096E-02  3.84214548E-04 -3.56905775E-04 -1.64789417E-05 -6.17448987E-06  2.85598024E-06 -2.21470879E-07  2.28816186E-06 -5.98950675E-06
  4.90000000E-01  9.19609773E-02  3.84157968E-04 -3.56880804E-04 -1.19920026E-05 -5.33007914E-06  2.30659786E-06 -1.43799634E-07  1.61924155E-06 -4.13745426E-06
  5.00000000E-01  9.19608798E-02  3.84108890E-04 -3.56860485E-04 -8.86594967E-06 -4.62884906E-06  1.88205694E-06 -9.01945432E-08  1.16379560E-06 -2.87504415E-06
