  0.00000000E+00  0.00000000E+00  0.00000000E+00  0.00000000E+00  1.90257477E+00  2.49017077E-04  4.12928357E-04  2.37679203E-04  8.64724209E-05 -4.40339229E-04
  1.00000000E-02  1.90257477E-02  2.49017077E-06  4.12928357E-06  1.30569200E+00 -1.44305407E-02  1.88649358E-02  3.09177320E-04  8.82756078E-03 -4.59050239E-03
  2.00000000E-02  2.90982538E-02 -2.15213025E-04  2.85038679E-04  9.40513992E-01 -1.96828460E-02  2.53008003E-02  3.84216028E-04  1.13564714E-02 -5.83664163E-03
  3.00000000E-02  3.66775037E-02 -4.38303012E-04  5.70226005E-04  6.92772748E-01 -2.16336520E-02  2.76092254E-02  4.47735162E-04  1.19806002E-02 -6.19472610E-03
  4.00000000E-02  4.23665250E-02 -6.64393563E-04  8.57860384E-04  5.39412640E-01 -2.11103216E-02  2.68063574E-02  4.91665253E-04  1.12718627E-02 -5.86164475E-03
  5.00000000E-02  4.69938508E-02 -8.72880126E-04  1.12190962E-03  4.50146429E-01 -1.93598998E-02  2.44800524E-02  5.08193759E-04  9.95381091E-03 -5.24999788E-03
  6.00000000E-02  5.10489841E-02 -1.05772701E-03  1.35507862E-03  4.00531736E-01 -1.73008905E-02  2.17999266E-02  5.00222941E-04  8.59976750E-03 -4.60635757E-03
  7.00000000E-02  5.48062280E-02 -1.22044087E-03  1.55967726E-03  3.73955682E-01 -1.54303562E-02  1.93943930E-02  4.75461720E-04  7.48166838E-03 -4.05933484E-03
  8.00000000E-02  5.84129045E-02 -1.36539176E-03  1.74159352E-03  3.60148461E-01 -1.39376497E-02  1.74962907E-02  4.42697601E-04  6.67056286E-03 -3.64608669E-03
  9.00000000E-02  6.19453530E-02 -1.49730473E-03  1.90706591E-03  3.53153349E-01 -1.28385520E-02  1.61164561E-02  4.08981528E-04  6.13595081E-03 -3.35736017E-03
  1.00000000E-01  6.54419109E-02 -1.62019476E-03  2.06133130E-03  3.49678669E-01 -1.20725233E-02  1.51698290E-02  3.78819389E-04  5.81085093E-03 -3.16661526E-03
  1.10000000E-01  6.89213242E-02 -1.73708985E-03  2.20829645E-03  3.47975091E-01 -1.15590655E-02  1.45478879E-02  3.54270779E-04  5.62792748E-03 -3.04548286E-03
  1.20000000E-01  7.23925573E-02 -1.85011321E-03  2.35066563E-03  3.47143470E-01 -1.12242451E-02  1.41526424E-02  3.35658436E-04  5.53372438E-03 -2.97044791E-03
  1.30000000E-01  7.58598339E-02 -1.96068156E-03  2.49021582E-03  3.46734762E-01 -1.10098223E-02  1.39078951E-02  3.22316192E-04  5.49101202E-03 -2.92437493E-03
  1.40000000E-01  7.93251379E-02 -2.06970767E-03  2.62807104E-03  3.46530062E-01 -1.08737876E-02  1.37593771E-02  3.13181667E-04  5.47612292E-03 -2.89579967E-03
  1.50000000E-01  8.27894150E-02 -2.17776538E-03  2.76492222E-03  3.46424585E-01 -1.07875511E-02  1.36706629E-02  3.07180171E-04  5.47514229E-03 -2.87745603E-03
  1.60000000E-01  8.62531335E-02 -2.28520970E-03  2.90118528E-03  3.46368651E-01 -1.07324171E-02  1.36183308E-02  3.03372919E-04  5.48047540E-03 -2.86493216E-03
  1.70000000E-01  8.97165403E-02 -2.39225821E-03  3.03710692E-03  3.46338600E-01 -1.06965100E-02  1.35877937E-02  3.01032475E-04  5.48826429E-03 -2.85565514E-03
  1.80000000E-01  9.31797761E-02 -2.49904377E-03  3.17283218E-03  3.46322903E-01 -1.06724342E-02  1.35701801E-02  2.99634933E-04  5.49672356E-03 -2.84816689E-03
  1.90000000E-01  9.66429266E-02 -2.60564773E-03  3.30844591E-03  3.46315680E-01 -1.06556414E-02  1.35601855E-02  2.98823415E-04  5.50513358E-03 -2.84165940E-03
  2.00000000E-01  1.00106047E-01 -2.71212018E-03  3.44399779E-03 -9.59707774E-01  3.56412801E-03 -5.32588996E-03 -3.19747952E-05 -3.54195924E-03  1.56944055E-03
  2.10000000E-01  8.39788523E-02 -2.60538005E-03  3.29630851E-03 -7.15864415E-01  7.06175220E-03 -9.63773603E-03 -4.80940060E-05 -5.15259170E-03  2.49777844E-03
  2.20000000E-01  7.80394249E-02 -2.51727441E-03  3.17837192E-03 -4.69457557E-01  9.48938435E-03 -1.25705369E-02 -1.32815233E-04 -6.25457951E-03  2.88545174E-03
  2.30000000E-01  7.45768837E-02 -2.41024241E-03  3.03800255E-03 -2.85110393E-01  9.98864547E-03 -1.30079915E-02 -1.76405055E-04 -6.05704960E-03  2.88030429E-03
  2.40000000E-01  7.26475156E-02 -2.30785965E-03  2.90573536E-03 -1.64241017E-01  9.00205499E-03 -1.16008952E-02 -2.00595608E-04 -5.09147789E-03  2.48842143E-03
  2.50000000E-01  7.16094523E-02 -2.22277205E-03  2.79676189E-03 -9.09250256E-02  7.31475157E-03 -9.34884450E-03 -2.02168856E-04 -3.84684053E-03  1.94546949E-03
  2.60000000E-01  7.10667820E-02 -2.15806105E-03  2.71453370E-03 -4.87956991E-02  5.51806848E-03 -7.00012723E-03 -1.85672329E-04 -2.67158074E-03  1.41079632E-03
  2.70000000E-01  7.07894716E-02 -2.11186378E-03  2.65627601E-03 -2.55598188E-02  3.93591702E-03 -4.95737267E-03 -1.58183230E-04 -1.72848490E-03  9.64382828E-04
  2.80000000E-01  7.06500528E-02 -2.08041537E-03  2.61691606E-03 -1.31548495E-02  2.68706074E-03 -3.36111779E-03 -1.26596651E-04 -1.04961441E-03  6.28363433E-04
  2.90000000E-01  7.05805292E-02 -2.05978904E-03  2.59128616E-03 -6.70237672E-03  1.77081960E-03 -2.20125191E-03 -9.60719563E-05 -5.99842010E-04  3.93472785E-04
  3.00000000E-01  7.05457678E-02 -2.04666205E-03  2.57507297E-03 -3.41220575E-03  1.13326279E-03 -1.40220571E-03 -6.96314863E-05 -3.21922507E-04  2.38345291E-04
  3.10000000E-01  7.05280966E-02 -2.03851721E-03  2.56504614E-03 -1.75610603E-03  7.07071179E-04 -8.73722429E-04 -4.84737411E-05 -1.60794896E-04  1.40469789E-04
  3.20000000E-01  7.05188160E-02 -2.03357745E-03  2.55895133E-03 -9.26009650E-04  4.30951156E-04 -5.35156678E-04 -3.25590558E-05 -7.31193405E-05  8.09996710E-05
  3.30000000E-01  7.05137064E-02 -2.03064854E-03  2.55529260E-03 -5.06993281E-04  2.56470227E-04 -3.23629403E-04 -2.11791577E-05 -2.86196093E-05  4.59781889E-05
  3.40000000E-01  7.05107315E-02 -2.02895625E-03  2.55311394E-03 -2.91068118E-04  1.48451684E-04 -1.94024097E-04 -1.33823855E-05 -7.90672733E-06  2.58749830E-05
  3.50000000E-01  7.05089005E-02 -2.02801182E-03  2.55182172E-03 -1.75851402E-04  8.27596063E-05 -1.15771904E-04 -8.23386365E-06  5.70913496E-07  1.45611342E-05
  3.60000000E-01  7.05077181E-02 -2.02751269E-03  2.55105527E-03 -1.11466785E-04  4.34821214E-05 -6.90108529E-05 -4.94192730E-06  3.25112316E-06  8.27756483E-06
  3.70000000E-01  7.05069253E-02 -2.02727425E-03  2.55059896E-03 -7.36074493E-05  2.04255159E-05 -4.12458648E-05 -2.89603689E-06  3.48416093E-06  4.80657524E-06
  3.80000000E-01  7.05063785E-02 -2.02718528E-03  2.55032533E-03 -5.02495516E-05  7.16441952E-06 -2.47815771E-05 -1.65607082E-06  2.88075865E-06  2.88142620E-06
  3.90000000E-01  7.05059928E-02 -2.02717994E-03  2.55015983E-03 -3.52520381E-05 -2.47258163E-07 -1.49795978E-05 -9.21029688E-07  2.13684874E-06  1.79754770E-06
  4.00000000E-01  7.05057153E-02 -2.02721947E-03  2.55005905E-03 -2.53243031E-05 -4.19957895E-06 -9.08854075E-06 -4.93744797E-07  1.50305923E-06  1.17106473E-06
  4.10000000E-01  7.05055117E-02 -2.02728123E-03  2.54999762E-03 -1.85998721E-05 -6.12340171E-06 -5.50020306E-06 -2.49655895E-07  1.03402919E-06  7.95699414E-07
  4.20000000E-01  7.05053593E-02 -2.02735208E-03  2.54996056E-03 -1.39600322E-05 -6.87858673E-06 -3.28234287E-06 -1.12469294E-07  7.11070072E-07  5.61199137E-07
  4.30000000E-01  7.05052429E-02 -2.02742464E-03  2.54993882E-03 -1.07038812E-05 -6.97366977E-06 -1.89488999E-06 -3.66697786E-08  4.96984316E-07  4.08328508E-07
  4.40000000E-01  7.05051522E-02 -2.02749486E-03  2.54992681E-03 -8.37876365E-06 -6.70374090E-06 -1.02066603E-06  4.30496041E-09  3.57190608E-07  3.04701629E-07
  4.50000000E-01  7.05050800E-02 -2.02756054E-03  2.54992098E-03 -6.68700598E-06 -6.24863230E-06 -4.68517538E-07  2.56868775E-08  2.65588107E-07  2.32078467E-07
  4.60000000E-01  7.05050216E-02 -2.02762076E-03  2.54991905E-03 -5.43089303E-06 -5.71424502E-06 -1.21157590E-07  3.61006470E-08  2.04400646E-07  1.79774444E-07
  4.70000000E-01  7.05049736E-02 -2.02767523E-03  2.54991958E-03 -4.47830950E-06 -5.16076335E-06  9.48636661E-08  4.03943514E-08  1.62235045E-07  1.41252035E-07
  4.80000000E-01  7.05049335E-02 -2.02772407E-03  2.54992161E-03 -3.74050132E-06 -4.62126825E-06  2.26649201E-07  4.12893861E-08  1.32053789E-07  1.12341112E-07
  4.90000000E-01  7.05048998E-02 -2.02776758E-03  2.54992453E-03 -3.15744611E-06 -4.11435016E-06  3.04604493E-07  4.03201296E-08  1.09592617E-07  9.02860550E-08
  5.00000000E-01  7.05048712E-02 -2.02780619E-03  2.54992797E-03 -2.68818945E-06 -3.64894808E-06  3.48053843E-07  3.83596439E-08  9.22761602E-08  7.32146422E-08
