  0.00000000E+00  0.00000000E+00  0.00000000E+00  0.00000000E+00  1.90257477E+00  2.49017077E-04  4.12928357E-04  2.37679203E-04  8.64724209E-05 -4.40339229E-04
  1.00000000E-02  1.90257477E-02  2.49017077E-06  4.12928357E-06  1.37485839E+00 -1.87647747E-03 -5.33607830E-03  5.62216581E-05 -3.03500684E-02 -1.62614602E-02
  2.00000000E-02  3.01357496E-02 -2.69020766E-05 -7.79765328E-05  1.03484919E+00 -2.88053125E-03 -7.40461306E-03 -1.08537394E-04 -4.18227138E-02 -2.21558662E-02
  3.00000000E-02  3.87841955E-02 -6.07276581E-05 -1.62365337E-04  7.96800405E-01 -3.41917654E-03 -8.18183249E-03 -2.20329318E-04 -4.64669389E-02 -2.45184209E-02
  4.00000000E-02  4.55619557E-02 -9.76126499E-05 -2.48069759E-04  6.41388418E-01 -3.60287476E-03 -7.95743177E-03 -2.86413952E-04 -4.58928288E-02 -2.41703121E-02
  5.00000000E-02  5.11987799E-02 -1.34559889E-04 -3.26522073E-04  5.44113853E-01 -3.55493868E-03 -7.24405493E-03 -3.18237698E-04 -4.25794093E-02 -2.24129168E-02
  6.00000000E-02  5.61535456E-02 -1.69869595E-04 -3.95395738E-04  4.84850434E-01 -3.38317095E-03 -6.40654505E-03 -3.25380415E-04 -3.84291845E-02 -2.02293105E-02
  7.00000000E-02  6.07057329E-02 -2.02842466E-04 -4.55273639E-04  4.49374484E-01 -3.16169419E-03 -5.64522041E-03 -3.16818178E-04 -3.45158325E-02 -1.81751755E-02
  8.00000000E-02  6.50220980E-02 -2.33352024E-04 -5.07919220E-04  4.28371495E-01 -2.93656823E-03 -5.03639175E-03 -2.99824316E-04 -3.12936952E-02 -1.64846815E-02
  9.00000000E-02  6.92007980E-02 -2.61592076E-04 -5.55238995E-04  4.16013678E-01 -2.73292050E-03 -4.58605851E-03 -2.79696023E-04 -2.88511997E-02 -1.52025294E-02
  1.00000000E-01  7.32991457E-02 -2.87903043E-04 -5.98847913E-04  4.08759901E-01 -2.56171497E-03 -4.26920891E-03 -2.59847087E-04 -2.71018918E-02 -1.42830484E-02
  1.10000000E-01  7.73504758E-02 -3.12664165E-04 -6.39955755E-04  4.04499490E-01 -2.42515261E-03 -4.05272236E-03 -2.42125109E-04 -2.59002534E-02 -1.36501704E-02
  1.20000000E-01  8.13741686E-02 -3.36232879E-04 -6.79400545E-04  4.01989844E-01 -2.32060096E-03 -3.90625036E-03 -2.27288395E-04 -2.51009230E-02 -1.32279382E-02
  1.30000000E-01  8.53815188E-02 -3.58916130E-04 -7.17730689E-04  4.00504615E-01 -2.24326910E-03 -3.80600046E-03 -2.15412508E-04 -2.45826496E-02 -1.29529839E-02
  1.40000000E-01  8.93791388E-02 -3.80962162E-04 -7.55289444E-04  3.99620506E-01 -2.18781204E-03 -3.73495905E-03 -2.06208596E-04 -2.42535881E-02 -1.27773142E-02
  1.50000000E-01  9.33709234E-02 -4.02562997E-04 -7.92283828E-04  3.99090761E-01 -2.14922132E-03 -3.68170703E-03 -1.99231496E-04 -2.40483434E-02 -1.26667294E-02
  1.60000000E-01  9.73591822E-02 -4.23862257E-04 -8.28834638E-04  3.98771147E-01 -2.12322673E-03 -3.63894247E-03 -1.94010221E-04 -2.39223576E-02 -1.25978927E-02
  1.70000000E-01  1.01345296E-01 -4.44964551E-04 -8.65010240E-04  3.98576970E-01 -2.10640287E-03 -3.60217814E-03 -1.90119759E-04 -2.38462513E-02 -1.25553878E-02
  1.80000000E-01  1.05330094E-01 -4.65944461E-04 -9.00848199E-04  3.98458197E-01 -2.09611811E-03 -3.56874929E-03 -1.87208012E-04 -2.38011195E-02 -1.25292757E-02
  1.90000000E-01  1.09314083E-01 -4.86854218E-04 -9.36368548E-04  3.98385069E-01 -2.09041487E-03 -3.53712163E-03 -1.84998432E-04 -2.37750264E-02 -1.25132683E-02
  2.00000000E-01  1.13297568E-01 -5.07729850E-04 -9.71581626E-04 -9.76510459E-01 -1.68461103E-04  1.02394770E-03 -2.69757809E-04  6.75315483E-03  3.76943892E-03
  2.10000000E-01  9.66579854E-02 -4.99804693E-04 -9.38536803E-04 -7.49677263E-01  3.61826631E-04  2.72372447E-03 -1.15460070E-04  1.42905760E-02  7.70513852E-03
  2.20000000E-01  9.02953787E-02 -4.93534988E-04 -9.02800674E-04 -5.15127007E-01  1.03061804E-03  3.31807229E-03 -3.88843278E-05  2.00439597E-02  1.05749931E-02
  2.30000000E-01  8.63168600E-02 -4.79884850E-04 -8.66648212E-04 -3.33472014E-01  1.36747155E-03  3.51908377E-03  4.67615167E-05  2.15045746E-02  1.13030792E-02
  2.40000000E-01  8.38904148E-02 -4.64525867E-04 -8.30452317E-04 -2.08179952E-01  1.45124913E-03  3.15799375E-03  9.59306766E-05  1.97820281E-02  1.03773439E-02
  2.50000000E-01  8.24350756E-02 -4.49594488E-04 -8.00677829E-04 -1.26986211E-01  1.35999365E-03  2.54858017E-03  1.17918874E-04  1.64321378E-02  8.61449995E-03
  2.60000000E-01  8.15711822E-02 -4.36450829E-04 -7.78239096E-04 -7.63241415E-02  1.17559798E-03  1.90334257E-03  1.20454429E-04  1.27002377E-02  6.65847850E-03
  2.70000000E-01  8.10612511E-02 -4.25616827E-04 -7.62431858E-04 -4.54689482E-02  9.58788140E-04  1.33836520E-03  1.10941938E-04  9.30358016E-03  4.88021895E-03
  2.80000000E-01  8.07608376E-02 -4.17112995E-04 -7.51873093E-04 -2.69665558E-02  7.47431941E-04  8.95781329E-04  9.53341231E-05  6.53972176E-03  3.43332787E-03
  2.90000000E-01  8.05836840E-02 -4.10695457E-04 -7.45128199E-04 -1.59760830E-02  5.61331787E-04  5.74577536E-04  7.78390344E-05  4.44964230E-03  2.33859023E-03
  3.00000000E-01  8.04788755E-02 -4.06012640E-04 -7.40988442E-04 -9.47994105E-03  4.08047501E-04  3.54500400E-04  6.10716021E-05  2.94962872E-03  1.55221452E-03
  3.10000000E-01  8.04165568E-02 -4.02698586E-04 -7.38543824E-04 -5.64589031E-03  2.87806683E-04  2.10535748E-04  4.64010324E-05  1.91463032E-03  1.00899115E-03
  3.20000000E-01  8.03792682E-02 -4.00421723E-04 -7.37158290E-04 -3.38020383E-03  1.97049873E-04  1.20000363E-04  3.43349208E-05  1.22198868E-03  6.44957157E-04
  3.30000000E-01  8.03567946E-02 -3.98905009E-04 -7.36410963E-04 -2.03687372E-03  1.30727810E-04  6.50488444E-05  2.48539529E-05  7.69538457E-04  4.06795504E-04
  3.40000000E-01  8.03431425E-02 -3.97929341E-04 -7.36035232E-04 -1.23653591E-03  8.36412242E-05  3.28110838E-05  1.76638111E-05  4.79634141E-04  2.53939756E-04
  3.50000000E-01  8.03347788E-02 -3.97328362E-04 -7.35868310E-04 -7.56868818E-04  5.11165352E-05  1.45604122E-05  1.23636406E-05  2.96707083E-04  1.57318059E-04
  3.60000000E-01  8.03296085E-02 -3.96979820E-04 -7.35813960E-04 -4.67472154E-04  2.92622199E-05  4.65915039E-06  8.54613156E-06  1.82659065E-04  9.69675840E-05
  3.70000000E-01  8.03263807E-02 -3.96796469E-04 -7.35816874E-04 -2.91624125E-04  1.49616941E-05 -3.91577715E-07  5.84853150E-06  1.12197768E-04  5.96128357E-05
  3.80000000E-01  8.03243437E-02 -3.96718355E-04 -7.35846044E-04 -1.83972607E-04  5.86392244E-06 -2.68382878E-06  3.97214826E-06  6.89450568E-05  3.66412825E-05
  3.90000000E-01  8.03230423E-02 -3.96705204E-04 -7.35884343E-04 -1.17553906E-04  2.64249162E-07 -3.45859280E-06  2.68381994E-06  4.24999377E-05  2.25727218E-05
  4.00000000E-01  8.03221988E-02 -3.96730560E-04 -7.35922803E-04 -7.62344963E-05 -3.02807079E-06 -3.44635798E-06  1.80853081E-06  2.63574019E-05  1.39726164E-05
  4.10000000E-01  8.03216431E-02 -3.96777303E-04 -7.35957206E-04 -5.02973135E-05 -4.82445301E-06 -3.07383111E-06  1.21879702E-06  1.64969285E-05  8.71365129E-06
  4.20000000E-01  8.03212698E-02 -3.96834529E-04 -7.35986081E-04 -3.38514847E-05 -5.66321765E-06 -2.57901667E-06  8.23940937E-07  1.04555817E-05  5.48980978E-06
  4.30000000E-01  8.03210135E-02 -3.96895355E-04 -7.36009397E-04 -2.33029528E-05 -5.90099352E-06 -2.08231444E-06  5.60685400E-07  6.73410292E-06  3.50435390E-06
  4.40000000E-01  8.03208332E-02 -3.96955554E-04 -7.36027737E-04 -1.64455644E-05 -5.78113752E-06 -1.63666550E-06  3.85552165E-07  4.42349905E-06  2.27319500E-06
  4.50000000E-01  8.03207030E-02 -3.97012766E-04 -7.36041875E-04 -1.19171009E-05 -5.46135378E-06 -1.25767823E-06  2.69039562E-07  2.97369602E-06  1.50279203E-06
  4.60000000E-01  8.03206065E-02 -3.97065780E-04 -7.36052557E-04 -8.87146810E-06 -5.04090633E-06 -9.44276780E-07  1.91333465E-07  2.05180053E-06  1.01516084E-06
  4.70000000E-01  8.03205330E-02 -3.97114087E-04 -7.36060433E-04 -6.77993730E-06 -4.58143294E-06 -6.89257024E-07  1.39234508E-07  1.45597717E-06  7.02201660E-07
  4.80000000E-01  8.03204757E-02 -3.97157604E-04 -7.36066050E-04 -5.30993916E-06 -4.12025412E-06 -4.83934213E-07  1.04006017E-07  1.06341585E-06  4.98041346E-07
  4.90000000E-01  8.03204299E-02 -3.97196501E-04 -7.36069863E-04 -4.25076077E-06 -3.67878839E-06 -3.20008473E-07  7.98932698E-08  7.99003463E-07  3.62342956E-07
  5.00000000E-01  8.03203927E-02 -3.97231081E-04 -7.36072244E-04 -3.46777648E-06 -3.26828155E-06 -1.90192902E-07  6.31189521E-08  6.16489594E-07  2.70249845E-07
