  0.00000000E+00  0.00000000E+00  0.00000000E+00  0.00000000E+00  1.90257480E+00  2.49030151E-04  4.12927561E-04  2.37702552E-04  8.64615588E-05 -4.40366946E-04
  1.00000000E-02  1.90257480E-02  2.49030151E-06  4.12927561E-06  1.50608973E+00 -1.24750156E-02 -1.81562210E-02  2.34252627E-04  2.37744698E-03  3.81667697E-03
  2.00000000E-02  3.21042200E-02 -1.85880084E-04 -2.70278677E-04  1.22630981E+00 -1.87946665E-02 -2.74429240E-02  2.41619609E-04  3.58263850E-03  6.15468690E-03
  3.00000000E-02  4.29684184E-02 -4.05425003E-04 -5.91141432E-04  1.01919149E+00 -2.22466184E-02 -3.25614177E-02  2.59346845E-04  4.27104262E-03  7.54421472E-03
  4.00000000E-02  5.21247417E-02 -6.45150947E-04 -9.42348078E-04  8.71357432E-01 -2.33850763E-02 -3.42999382E-02  2.81633106E-04  4.52359807E-03  8.16819929E-03
  5.00000000E-02  6.00991458E-02 -8.84694000E-04 -1.29404006E-03  7.67711785E-01 -2.30818761E-02 -3.39220015E-02  3.01993045E-04  4.51870426E-03  8.27294262E-03
  6.00000000E-02  6.72580354E-02 -1.11399676E-03 -1.63137039E-03  6.95657584E-01 -2.20450877E-02 -3.24666070E-02  3.16822089E-04  4.37130222E-03  8.08520217E-03
  7.00000000E-02  7.38543402E-02 -1.32926369E-03 -1.94875949E-03  6.45733539E-01 -2.07412672E-02 -3.06200692E-02  3.25007305E-04  4.16223609E-03  7.76004376E-03
  8.00000000E-02  8.00620554E-02 -1.53015726E-03 -2.24572749E-03  6.11161143E-01 -1.94371184E-02 -2.87750350E-02  3.27145927E-04  3.93954393E-03  7.39424345E-03
  9.00000000E-02  8.60008048E-02 -1.71800770E-03 -2.52425267E-03  5.87195383E-01 -1.82633712E-02 -2.71239248E-02  3.24556640E-04  3.72840583E-03  7.04165476E-03
  1.00000000E-01  9.17529298E-02 -1.89477268E-03 -2.78723637E-03  5.70552342E-01 -1.72687523E-02 -2.57378547E-02  3.18857319E-04  3.53994679E-03  6.72741570E-03
  1.10000000E-01  9.73752381E-02 -2.06248711E-03 -3.03768457E-03  5.58969427E-01 -1.64572135E-02 -2.46219248E-02  3.11476331E-04  3.37754743E-03  6.46052165E-03
  1.20000000E-01  1.02907018E-01 -2.22300155E-03 -3.27832416E-03  5.50889535E-01 -1.58112265E-02 -2.37497062E-02  3.03505439E-04  3.24046937E-03  6.24120063E-03
  1.30000000E-01  1.08375514E-01 -2.37788388E-03 -3.51146013E-03  5.45240290E-01 -1.53052227E-02 -2.30831372E-02  2.95656121E-04  3.12613227E-03  6.06535862E-03
  1.40000000E-01  1.13799670E-01 -2.52840609E-03 -3.73895866E-03  5.41281703E-01 -1.49127071E-02 -2.25829518E-02  2.88367151E-04  3.03134860E-03  5.92712519E-03
  1.50000000E-01  1.19192694E-01 -2.67557058E-03 -3.96228725E-03  5.38501920E-01 -1.46096091E-02 -2.22136281E-02  2.81877581E-04  2.95287279E-03  5.82028378E-03
  1.60000000E-01  1.24563815E-01 -2.82015118E-03 -4.18257691E-03  5.36545996E-01 -1.43755543E-02 -2.19451927E-02  2.76288456E-04  2.88774331E-03  5.73902750E-03
  1.70000000E-01  1.29919495E-01 -2.96273645E-03 -4.40068666E-03  5.35167136E-01 -1.41940323E-02 -2.17534058E-02  2.71608374E-04  2.83334708E-03  5.67825266E-03
  1.80000000E-01  1.35264272E-01 -3.10376916E-03 -4.61726179E-03  5.34193316E-01 -1.40520266E-02 -2.16192120E-02  2.67771500E-04  2.78748384E-03  5.63366209E-03
  1.90000000E-01  1.40601336E-01 -3.24357940E-03 -4.83278294E-03  5.33504342E-01 -1.39394862E-02 -2.15279242E-02  2.64681274E-04  2.74833948E-03  5.60173099E-03
  2.00000000E-01  1.45932935E-01 -3.38241156E-03 -5.04760574E-03 -9.73014919E-01 -1.95592302E-03 -2.67191007E-03  3.14054835E-06  6.89357460E-04  1.56248786E-03
  2.10000000E-01  1.28670189E-01 -3.34205298E-03 -4.98004477E-03 -7.86759536E-01  2.29645748E-03  3.65688945E-03  3.46267529E-05 -2.74106546E-04  3.15472203E-06
  2.20000000E-01  1.21733871E-01 -3.29782650E-03 -4.91183188E-03 -5.86401066E-01  5.80488264E-03  9.38996394E-03 -1.03043214E-05 -7.86459361E-04 -1.56156853E-03
  2.30000000E-01  1.16871652E-01 -3.22223555E-03 -4.78926687E-03 -4.21259243E-01  7.80014361E-03  1.24003750E-02 -2.68677453E-05 -1.23890154E-03 -2.45354362E-03
  2.40000000E-01  1.13484769E-01 -3.13425781E-03 -4.65021106E-03 -2.97256010E-01  8.29847273E-03  1.31144811E-02 -4.72732039E-05 -1.39679210E-03 -2.81665703E-03
  2.50000000E-01  1.11132225E-01 -3.04878143E-03 -4.51549572E-03 -2.07993143E-01  7.82653607E-03  1.23239909E-02 -6.35913972E-05 -1.37651474E-03 -2.79911665E-03
  2.60000000E-01  1.09498608E-01 -2.97287575E-03 -4.39620826E-03 -1.45036730E-01  6.85538868E-03  1.07698436E-02 -7.40019396E-05 -1.25673513E-03 -2.56318196E-03
  2.70000000E-01  1.08363023E-01 -2.90917760E-03 -4.29628056E-03 -1.01063512E-01  5.71496859E-03  8.96668507E-03 -7.83644094E-05 -1.09234112E-03 -2.22787187E-03
  2.80000000E-01  1.07572254E-01 -2.85773002E-03 -4.21562950E-03 -7.04744088E-02  4.60066098E-03  7.21616413E-03 -7.76150365E-05 -9.17858114E-04 -1.86887887E-03
  2.90000000E-01  1.07020455E-01 -2.81729495E-03 -4.15222047E-03 -4.92172951E-02  3.60980550E-03  5.66619857E-03 -7.31365691E-05 -7.52648668E-04 -1.52859218E-03
  3.00000000E-01  1.06634568E-01 -2.78615117E-03 -4.10330831E-03 -3.44357819E-02  2.77787848E-03  4.36865526E-03 -6.63240224E-05 -6.06038786E-04 -1.22721304E-03
  3.10000000E-01  1.06364118E-01 -2.76253202E-03 -4.06610947E-03 -2.41417631E-02  2.10565008E-03  3.32216738E-03 -5.83558341E-05 -4.81226484E-04 -9.71497182E-04
  3.20000000E-01  1.06174170E-01 -2.74483666E-03 -4.03812024E-03 -1.69591644E-02  1.57698392E-03  2.49991372E-03 -5.01143933E-05 -3.77964792E-04 -7.60759396E-04
  3.30000000E-01  1.06040491E-01 -2.73171015E-03 -4.01723237E-03 -1.19371503E-02  1.16942997E-03  1.86596631E-03 -4.21940245E-05 -2.94279046E-04 -5.90666805E-04
  3.40000000E-01  1.05946230E-01 -2.72205362E-03 -4.00174244E-03 -8.41844536E-03  8.59966257E-04  1.38402702E-03 -3.49494345E-05 -2.27499148E-04 -4.55480521E-04
  3.50000000E-01  1.05879639E-01 -2.71500128E-03 -3.99031187E-03 -5.94800349E-03  6.27747709E-04  1.02152014E-03 -2.85553911E-05 -1.74841203E-04 -3.49291599E-04
  3.60000000E-01  1.05832511E-01 -2.70988489E-03 -3.98190920E-03 -4.21013050E-03  4.55139431E-04  7.51056314E-04 -2.30623743E-05 -1.33707420E-04 -2.66640424E-04
  3.70000000E-01  1.05799099E-01 -2.70619654E-03 -3.97575096E-03 -2.98530484E-03  3.27841983E-04  5.50528000E-04 -1.84419629E-05 -1.01818145E-04 -2.02776280E-04
  3.80000000E-01  1.05775370E-01 -2.70355461E-03 -3.97124832E-03 -2.12052266E-03  2.34588061E-04  4.02575708E-04 -1.46207440E-05 -7.72488910E-05 -1.53718391E-04
  3.90000000E-01  1.05758489E-01 -2.70167500E-03 -3.96796233E-03 -1.50889948E-03  1.66678516E-04  2.93831567E-04 -1.15039478E-05 -5.84173241E-05 -1.16215594E-04
  4.00000000E-01  1.05746458E-01 -2.70034776E-03 -3.96556773E-03 -1.07560686E-03  1.17497299E-04  2.14147186E-04 -8.99088136E-06 -4.40468978E-05 -8.76609507E-05
  4.10000000E-01  1.05737869E-01 -2.69941869E-03 -3.96382468E-03 -7.68151668E-04  8.20691997E-05  1.55899210E-04 -6.98429199E-06 -3.31222838E-05 -6.59925129E-05
  4.20000000E-01  1.05731724E-01 -2.69877514E-03 -3.96255693E-03 -5.49638920E-04  5.66836718E-05  1.13405893E-04 -5.39548521E-06 -2.48447251E-05 -4.95964373E-05
  4.30000000E-01  1.05727321E-01 -2.69833523E-03 -3.96163534E-03 -3.94090290E-04  3.85870985E-05  8.24572732E-05 -4.14662852E-06 -1.85912717E-05 -3.72200131E-05
  4.40000000E-01  1.05724157E-01 -2.69803985E-03 -3.96096551E-03 -2.83183310E-04  2.57609554E-05  5.99481345E-05 -3.17128779E-06 -1.38794904E-05 -2.78972822E-05
  4.50000000E-01  1.05721880E-01 -2.69784637E-03 -3.96047857E-03 -2.03974543E-04  1.67300947E-05  4.35965284E-05 -2.41393495E-06 -1.03379261E-05 -2.08874288E-05
  4.60000000E-01  1.05720236E-01 -2.69772422E-03 -3.96012436E-03 -1.47306521E-04  1.04198510E-05  3.17292888E-05 -1.82891339E-06 -7.68195830E-06 -1.56248505E-05
  4.70000000E-01  1.05719047E-01 -2.69765157E-03 -3.95986641E-03 -1.06690906E-04  6.05299914E-06  2.31225389E-05 -1.37917553E-06 -5.69440063E-06 -1.16793406E-05
  4.80000000E-01  1.05718183E-01 -2.69761288E-03 -3.95967822E-03 -7.75240091E-05  3.06899613E-06  1.68826650E-05 -1.03498468E-06 -4.21011212E-06 -8.72471884E-06
  4.90000000E-01  1.05717553E-01 -2.69759711E-03 -3.95954059E-03 -5.65348355E-05  1.06462592E-06  1.23582131E-05 -7.72689232E-07 -3.10391484E-06 -6.51434937E-06
  5.00000000E-01  1.05717093E-01 -2.69759648E-03 -3.95943963E-03 -4.13961096E-05 -2.48895922E-07  9.07558231E-06 -5.73623595E-07 -2.28118295E-06 -4.86217971E-06
