  0.00000000E+00  0.00000000E+00  0.00000000E+00  0.00000000E+00  1.90257480E+00  2.49030151E-04  4.12927561E-04  2.37702552E-04  8.64615588E-05 -4.40366946E-04
  1.00000000E-02  1.90257480E-02  2.49030151E-06  4.12927561E-06  1.50937691E+00  1.05899352E-02  7.30169460E-03  2.11778405E-04 -2.93724153E-03 -3.44170347E-03
  2.00000000E-02  3.21535277E-02  1.60094179E-04  1.11590057E-04  1.23088587E+00  1.57949027E-02  1.07405897E-02  1.86837226E-04 -4.57385796E-03 -5.07617075E-03
  3.00000000E-02  4.30699312E-02  3.44068044E-04  2.36190429E-04  1.02427288E+00  1.86651824E-02  1.26235874E-02  1.75368888E-04 -5.55222129E-03 -6.06395230E-03
  4.00000000E-02  5.22795950E-02  5.45071266E-04  3.71841291E-04  8.76341695E-01  1.96324508E-02  1.32449320E-02  1.72979596E-04 -5.98087118E-03 -6.52691161E-03
  5.00000000E-02  6.03033560E-02  7.46232117E-04  5.07397334E-04  7.72276385E-01  1.94069514E-02  1.30762989E-02  1.74545651E-04 -6.05300740E-03 -6.62313692E-03
  6.00000000E-02  6.75057933E-02  9.39174134E-04  6.37317157E-04  6.99695146E-01  1.85740931E-02  1.25070570E-02  1.77050285E-04 -5.91966162E-03 -6.50499748E-03
  7.00000000E-02  7.41398386E-02  1.12075077E-03  7.59541517E-04  6.49263799E-01  1.75211394E-02  1.17944783E-02  1.78778201E-04 -5.68741384E-03 -6.27932039E-03
  8.00000000E-02  8.03803199E-02  1.29069740E-03  8.73923406E-04  6.14262471E-01  1.64698800E-02  1.10859006E-02  1.79075278E-04 -5.42312984E-03 -6.01554827E-03
  9.00000000E-02  8.63479379E-02  1.45013990E-03  9.81239524E-04  5.89962470E-01  1.55290280E-02  1.04535448E-02  1.77898984E-04 -5.16411735E-03 -5.75425480E-03
  1.00000000E-01  9.21260626E-02  1.60072592E-03  1.08261319E-03  5.73073396E-01  1.47388279E-02  9.92400105E-03  1.75605680E-04 -4.92886220E-03 -5.51615478E-03
  1.10000000E-01  9.77723512E-02  1.74416320E-03  1.17920548E-03  5.61317617E-01  1.41022063E-02  9.49899787E-03  1.72597899E-04 -4.72462628E-03 -5.31006853E-03
  1.20000000E-01  1.03326748E-01  1.88200215E-03  1.27207045E-03  5.53120995E-01  1.36041686E-02  9.16826395E-03  1.69209768E-04 -4.55243088E-03 -5.13795695E-03
  1.30000000E-01  1.08816975E-01  2.01555365E-03  1.36209942E-03  5.47395551E-01  1.32230569E-02  8.91706617E-03  1.65760216E-04 -4.41001049E-03 -4.99803267E-03
  1.40000000E-01  1.14262304E-01  2.14587866E-03  1.45001409E-03  5.43388838E-01  1.29365786E-02  8.73021033E-03  1.62489213E-04 -4.29386982E-03 -4.88679090E-03
  1.50000000E-01  1.19676158E-01  2.27381206E-03  1.53638191E-03  5.40579529E-01  1.27245467E-02  8.59395515E-03  1.59521766E-04 -4.20006995E-03 -4.80007823E-03
  1.60000000E-01  1.25067907E-01  2.39999736E-03  1.62164019E-03  5.38605782E-01  1.25699096E-02  8.49668907E-03  1.56915222E-04 -4.12468879E-03 -4.73376055E-03
  1.70000000E-01  1.30444096E-01  2.52492327E-03  1.70612075E-03  5.37216068E-01  1.24588668E-02  8.42901041E-03  1.54687588E-04 -4.06425598E-03 -4.68407275E-03
  1.80000000E-01  1.35809308E-01  2.64895673E-03  1.79007246E-03  5.36235199E-01  1.23805658E-02  8.38351861E-03  1.52830138E-04 -4.01576198E-03 -4.64773065E-03
  1.90000000E-01  1.41166756E-01  2.77237088E-03  1.87368019E-03  5.35540961E-01  1.23266433E-02  8.35450799E-03  1.51316585E-04 -3.97669872E-03 -4.62197289E-03
  2.00000000E-01  1.46518694E-01  2.89536770E-03  1.95708021E-03 -9.74038401E-01  1.37665980E-03  6.76526867E-04 -8.37362010E-05 -1.13805969E-03 -9.56443273E-04
  2.10000000E-01  1.29230414E-01  2.85438438E-03  1.92545558E-03 -7.88599025E-01 -2.20865421E-03 -1.56595995E-03 -2.87022504E-05 -2.80041063E-05  1.01249137E-04
  2.20000000E-01  1.22271620E-01  2.81437127E-03  1.89858354E-03 -5.88767690E-01 -5.42447761E-03 -3.74291355E-03 -4.53625251E-05  9.52843535E-04  1.24871129E-03
  2.30000000E-01  1.17383100E-01  2.74404738E-03  1.85026964E-03 -4.23772160E-01 -7.10125327E-03 -4.82322892E-03 -3.59139441E-05  1.59122576E-03  1.89513396E-03
  2.40000000E-01  1.13970356E-01  2.66465097E-03  1.79663577E-03 -2.99558256E-01 -7.48359844E-03 -5.05249640E-03 -3.51529072E-05  1.86528593E-03  2.17369700E-03
  2.50000000E-01  1.11595843E-01  2.58790326E-03  1.74496447E-03 -2.09899290E-01 -7.02015263E-03 -4.71990643E-03 -3.64443708E-05  1.88160190E-03  2.17742130E-03
  2.60000000E-01  1.09945145E-01  2.52001896E-03  1.69942836E-03 -1.46496913E-01 -6.12909492E-03 -4.10481407E-03 -3.78342412E-05  1.74572927E-03  2.01588323E-03
  2.70000000E-01  1.08797188E-01  2.46318330E-03  1.66145568E-03 -1.02110672E-01 -5.10038732E-03 -3.40121167E-03 -3.82645043E-05  1.53575762E-03  1.77359684E-03
  2.80000000E-01  1.07998012E-01  2.41732296E-03  1.63096158E-03 -7.11795530E-02 -4.10376301E-03 -2.72264082E-03 -3.73983083E-05  1.30270905E-03  1.50632652E-03
  2.90000000E-01  1.07440872E-01  2.38126845E-03  1.60712802E-03 -4.96603172E-02 -3.22227429E-03 -2.12448600E-03 -3.53387504E-05  1.07640792E-03  1.24696423E-03
  3.00000000E-01  1.07051865E-01  2.35345316E-03  1.58887394E-03 -3.46898342E-02 -2.48483722E-03 -1.62574176E-03 -3.23932031E-05  8.72152641E-04  1.01252932E-03
  3.10000000E-01  1.06779819E-01  2.33229197E-03  1.57511024E-03 -2.42668373E-02 -1.89037569E-03 -1.22522033E-03 -2.89181465E-05  6.96092733E-04  8.09962114E-04
  3.20000000E-01  1.06589266E-01  2.31636052E-03  1.56486064E-03 -1.70009933E-02 -1.42348634E-03 -9.12100317E-04 -2.52350144E-05  5.49040087E-04  6.40274379E-04
  3.30000000E-01  1.06455585E-01  2.30446010E-03  1.55730524E-03 -1.19287058E-02 -1.06366054E-03 -6.72154637E-04 -2.15944671E-05  4.28976223E-04  5.01297114E-04
  3.40000000E-01  1.06361660E-01  2.29562263E-03  1.55178342E-03 -8.38238260E-03 -7.90214877E-04 -4.91089030E-04 -1.81700845E-05  3.32606424E-04  3.89396799E-04
  3.50000000E-01  1.06295567E-01  2.28908771E-03  1.54777786E-03 -5.89917621E-03 -5.84600995E-04 -3.56108568E-04 -1.50666950E-05  2.56268302E-04  3.00488842E-04
  3.60000000E-01  1.06248992E-01  2.28426977E-03  1.54489168E-03 -4.15778219E-03 -4.31230362E-04 -2.56476128E-04 -1.23346923E-05  1.96425387E-04  2.30596190E-04
  3.70000000E-01  1.06216121E-01  2.28072432E-03  1.54282508E-03 -2.93481226E-03 -3.17525405E-04 -1.83543094E-04 -9.98504503E-06  1.49905636E-04  1.76126045E-04
  3.80000000E-01  1.06192888E-01  2.27811759E-03  1.54135431E-03 -2.07470243E-03 -2.33614349E-04 -1.30535818E-04 -8.00254987E-06  1.13990007E-04  1.33978821E-04
  3.90000000E-01  1.06176441E-01  2.27620100E-03  1.54031399E-03 -1.46894416E-03 -1.71899914E-04 -9.22552556E-05 -6.35639620E-06  8.64179578E-05  1.01562402E-04
  4.00000000E-01  1.06164780E-01  2.27479057E-03  1.53958284E-03 -1.04173086E-03 -1.26619552E-04 -6.47708181E-05 -5.00797744E-06  6.53508767E-05  7.67571052E-05
  4.10000000E-01  1.06156499E-01  2.27375078E-03  1.53907255E-03 -7.40021623E-04 -9.34517172E-05 -4.51455686E-05 -3.91629464E-06  4.93176443E-05  5.78585853E-05
  4.20000000E-01  1.06150608E-01  2.27298210E-03  1.53871922E-03 -5.26650360E-04 -6.91772860E-05 -3.12065552E-05 -3.04143706E-06  3.71559972E-05  4.35143228E-05
  4.30000000E-01  1.06146408E-01  2.27241170E-03  1.53847685E-03 -3.75538314E-04 -5.14128285E-05 -2.13582958E-05 -2.34661940E-06  2.79568518E-05  3.26621996E-05
  4.40000000E-01  1.06143408E-01  2.27198639E-03  1.53831251E-03 -2.68362005E-04 -3.84093315E-05 -1.44372845E-05 -1.79920305E-06  2.10148892E-05  2.44752481E-05
  4.50000000E-01  1.06141260E-01  2.27166732E-03  1.53820274E-03 -1.92230413E-04 -2.88833676E-05 -9.60042311E-06 -1.37103212E-06  1.57865016E-05  1.83141353E-05
  4.60000000E-01  1.06139719E-01  2.27142611E-03  1.53813092E-03 -1.38063111E-04 -2.18943019E-05 -6.24016262E-06 -1.03834178E-06  1.18550200E-05  1.36875192E-05
  4.70000000E-01  1.06138609E-01  2.27124211E-03  1.53808532E-03 -9.94559546E-05 -1.67552468E-05 -3.91997805E-06 -7.81421866E-07  8.90254418E-06  1.02196990E-05
  4.80000000E-01  1.06137807E-01  2.27110026E-03  1.53805773E-03 -7.18869360E-05 -1.29612413E-05 -2.32929006E-06 -5.84156925E-07  6.68747445E-06  7.62463870E-06
  4.90000000E-01  1.06137226E-01  2.27098962E-03  1.53804239E-03 -5.21592048E-05 -1.01446781E-05 -1.24864723E-06 -4.33528609E-07  5.02680771E-06  5.68538114E-06
  5.00000000E-01  1.06136803E-01  2.27090225E-03  1.53803530E-03 -3.80099894E-05 -8.03899833E-06 -5.24441270E-07 -3.19127650E-07  3.78231757E-06  4.23790023E-06
