  0.00000000E+00  0.00000000E+00  0.00000000E+00  0.00000000E+00  1.90257480E+00  2.49030151E-04  4.12927561E-04  2.37702552E-04  8.64615588E-05 -4.40366946E-04
  1.00000000E-02  1.90257480E-02  2.49030151E-06  4.12927561E-06  1.45434402E+00 -1.39059512E-03  1.27081782E-02  1.02633467E-04  1.23998587E-02  1.04222875E-02
  2.00000000E-02  3.13280343E-02 -1.96137761E-05  1.92687311E-04  1.14816307E+00 -2.00104712E-03  1.85251704E-02 -4.32981780E-05  1.81990189E-02  1.55703321E-02
  3.00000000E-02  4.12787603E-02 -4.26765073E-05  4.07023975E-04  9.26054056E-01 -2.25766953E-03  2.15101292E-02 -1.49899928E-04  2.12077119E-02  1.82533420E-02
  4.00000000E-02  4.94287558E-02 -6.65363147E-05  6.37050061E-04  7.72550393E-01 -2.23159688E-03  2.22189077E-02 -2.23759136E-04  2.19977893E-02  1.89657334E-02
  5.00000000E-02  5.63867414E-02 -8.87219202E-05  8.62783030E-04  6.69213609E-01 -2.05606632E-03  2.15654820E-02 -2.70993596E-04  2.14255515E-02  1.84802405E-02
  6.00000000E-02  6.25621935E-02 -1.08404931E-04  1.07517072E-03  6.00669219E-01 -1.82900121E-03  2.02805169E-02 -2.96836346E-04  2.02107959E-02  1.74276971E-02
  7.00000000E-02  6.82261638E-02 -1.25559617E-04  1.27155107E-03  5.55577024E-01 -1.60818129E-03  1.88302145E-02 -3.06779554E-04  1.88140521E-02  1.62133773E-02
  8.00000000E-02  7.35564731E-02 -1.40537331E-04  1.45260170E-03  5.26041404E-01 -1.41953918E-03  1.74652776E-02 -3.05806163E-04  1.74870730E-02  1.50582690E-02
  9.00000000E-02  7.86692090E-02 -1.53789512E-04  1.62042979E-03  5.06732156E-01 -1.26981491E-03  1.62943902E-02 -2.98079926E-04  1.63431569E-02  1.40614050E-02
  1.00000000E-01  8.36399843E-02 -1.65739040E-04  1.77751926E-03  4.94112762E-01 -1.15601837E-03  1.53443896E-02 -2.86820901E-04  1.54141336E-02  1.32507094E-02
  1.10000000E-01  8.85180150E-02 -1.76730241E-04  1.92621315E-03  4.85859650E-01 -1.07142653E-03  1.46009582E-02 -2.74306153E-04  1.46895307E-02  1.26171760E-02
  1.20000000E-01  9.33353459E-02 -1.87021547E-04  2.06850557E-03  4.80454380E-01 -1.00878390E-03  1.40329804E-02 -2.62004508E-04  1.41407748E-02  1.21359525E-02
  1.30000000E-01  9.81128634E-02 -1.96796173E-04  2.20599549E-03  4.76907229E-01 -9.61726003E-04  1.36057168E-02 -2.50756020E-04  1.37345065E-02  1.17780203E-02
  1.40000000E-01  1.02864200E-01 -2.06178143E-04  2.33991634E-03  4.74573627E-01 -9.25244597E-04  1.32871198E-02 -2.40957429E-04  1.34391791E-02  1.15159983E-02
  1.50000000E-01  1.07598268E-01 -2.15248182E-04  2.47119455E-03  4.73033700E-01 -8.95663140E-04  1.30502488E-02 -2.32716752E-04  1.32278210E-02  1.13265198E-02
  1.60000000E-01  1.12320906E-01 -2.24056906E-04  2.60051269E-03  4.72013696E-01 -8.70414962E-04  1.28736680E-02 -2.25969652E-04  1.30786986E-02  1.11907881E-02
  1.70000000E-01  1.17035942E-01 -2.32634815E-04  2.72836646E-03  4.71334893E-01 -8.47779261E-04  1.27409244E-02 -2.20559891E-04  1.29749693E-02  1.10942539E-02
  1.80000000E-01  1.21745897E-01 -2.40999429E-04  2.85511199E-03  4.70880421E-01 -8.26643658E-04  1.26397027E-02 -2.16293698E-04  1.29039352E-02  1.10259551E-02
  1.90000000E-01  1.26452429E-01 -2.49160188E-04  2.98100291E-03  4.70573718E-01 -8.06314426E-04  1.25609518E-02 -2.12973457E-04  1.28562154E-02  1.09777947E-02
  2.00000000E-01  1.31156633E-01 -2.57121686E-04  3.10621867E-03 -9.83549079E-01  1.60882470E-04  2.53029145E-04 -3.37535277E-04  2.98527670E-04  5.36213538E-04
  2.10000000E-01  1.14050528E-01 -2.50676877E-04  3.04720935E-03 -7.79299285E-01  6.22605005E-04 -3.64754394E-03 -1.98032858E-04 -3.60613828E-03 -2.89061485E-03
  2.20000000E-01  1.07278784E-01 -2.42142214E-04  2.99123104E-03 -5.62905881E-01  6.90500294E-04 -6.70698365E-03 -1.22514016E-04 -6.96917071E-03 -5.85167652E-03
  2.30000000E-01  1.02731692E-01 -2.34897734E-04  2.90886401E-03 -3.88626293E-01  7.34269324E-04 -8.22734451E-03 -3.20090725E-05 -8.59021479E-03 -7.30746868E-03
  2.40000000E-01  9.97168274E-02 -2.27336196E-04  2.81898876E-03 -2.61797857E-01  6.44486578E-04 -8.31911927E-03  3.03542334E-05 -8.74437469E-03 -7.47652989E-03
  2.50000000E-01  9.77329911E-02 -2.21340244E-04  2.73533869E-03 -1.73952998E-01  4.97767751E-04 -7.53799319E-03  6.97767415E-05 -7.97617314E-03 -6.83583544E-03
  2.60000000E-01  9.64326854E-02 -2.17096161E-04  2.66386439E-03 -1.14708148E-01  3.42793180E-04 -6.36358995E-03  9.04762014E-05 -6.77933954E-03 -5.81700612E-03
  2.70000000E-01  9.55818282E-02 -2.14443102E-04  2.60610051E-03 -7.53438557E-02  2.07220237E-04 -5.11549890E-03  9.73246699E-05 -5.48732514E-03 -4.71108507E-03
  2.80000000E-01  9.50252111E-02 -2.13048764E-04  2.56118597E-03 -4.94057635E-02  1.01922812E-04 -3.96899308E-03  9.48475380E-05 -4.28692289E-03 -3.68128208E-03
  2.90000000E-01  9.46608439E-02 -2.12556023E-04  2.52722857E-03 -3.23894959E-02  2.74432971E-05 -2.99892828E-03  8.67747101E-05 -3.26126868E-03 -2.80051604E-03
  3.00000000E-01  9.44220303E-02 -2.12653988E-04  2.50208961E-03 -2.12483054E-02 -2.07098216E-05 -2.22046997E-03  7.59140238E-05 -2.43076334E-03 -2.08705712E-03
  3.10000000E-01  9.42652532E-02 -2.13101851E-04  2.48377721E-03 -1.39571159E-02 -4.86397894E-05 -1.61829617E-03  6.42099478E-05 -1.78287671E-03 -1.53045935E-03
  3.20000000E-01  9.41621379E-02 -2.13727899E-04  2.47060511E-03 -9.18312494E-03 -6.22216965E-05 -1.16476502E-03  5.28920381E-05 -1.29101073E-03 -1.10797288E-03
  3.30000000E-01  9.40941767E-02 -2.14418026E-04  2.46122512E-03 -6.05382858E-03 -6.63192788E-05 -8.29976669E-04  4.26490776E-05 -9.25189693E-04 -7.93848681E-04
  3.40000000E-01  9.40492848E-02 -2.15101706E-04  2.45459929E-03 -3.99952838E-03 -6.46038357E-05 -5.86637269E-04  3.37913583E-05 -6.57417937E-04 -5.64005404E-04
  3.50000000E-01  9.40195611E-02 -2.15739168E-04  2.44994962E-03 -2.64856241E-03 -5.96637655E-05 -4.11905201E-04  2.63840790E-05 -4.63875219E-04 -3.97945535E-04
  3.60000000E-01  9.39998303E-02 -2.16311105E-04  2.44670423E-03 -1.75841027E-03 -5.32199988E-05 -2.87650330E-04  2.03478559E-05 -3.25398888E-04 -2.79180995E-04
  3.70000000E-01  9.39866969E-02 -2.16811086E-04  2.44444900E-03 -1.17067645E-03 -4.63516507E-05 -1.99982934E-04  1.55291682E-05 -2.27139267E-04 -1.94939294E-04
  3.80000000E-01  9.39779288E-02 -2.17240261E-04  2.44288751E-03 -7.81771213E-04 -3.96903911E-05 -1.38525923E-04  1.17464447E-05 -1.57891329E-04 -1.35587770E-04
  3.90000000E-01  9.39720556E-02 -2.17603858E-04  2.44180953E-03 -5.23839268E-04 -3.35717433E-05 -9.56691109E-05  8.81798169E-06 -1.09365996E-04 -9.40049112E-05
  4.00000000E-01  9.39681069E-02 -2.17908983E-04  2.44106712E-03 -3.52354783E-04 -2.81457276E-05 -6.59096950E-05  6.57717789E-06 -7.55238427E-05 -6.50054599E-05
  4.10000000E-01  9.39654408E-02 -2.18163310E-04  2.44055682E-03 -2.38046438E-04 -2.34527547E-05 -4.53127459E-05  4.87943594E-06 -5.20168513E-05 -4.48589414E-05
  4.20000000E-01  9.39636319E-02 -2.18374372E-04  2.44020668E-03 -1.61634557E-04 -1.94724526E-05 -3.10919731E-05  3.60394395E-06 -3.57445643E-05 -3.09070967E-05
  4.30000000E-01  9.39623976E-02 -2.18549195E-04  2.43996687E-03 -1.10395883E-04 -1.61471096E-05 -2.12908392E-05  2.65256572E-06 -2.45132882E-05 -2.12703677E-05
  4.40000000E-01  9.39615498E-02 -2.18694040E-04  2.43980296E-03 -7.59175377E-05 -1.34025749E-05 -1.45394702E-05  1.94729582E-06 -1.67808287E-05 -1.46282319E-05
  4.50000000E-01  9.39609630E-02 -2.18814343E-04  2.43969132E-03 -5.26256036E-05 -1.11557108E-05 -9.88781323E-06  1.42719497E-06 -1.14687729E-05 -1.00578023E-05
  4.60000000E-01  9.39605532E-02 -2.18914666E-04  2.43961570E-03 -3.68196042E-05 -9.32254906E-06 -6.68401393E-06  1.04532564E-06 -7.82637999E-06 -6.91691043E-06
  4.70000000E-01  9.39602641E-02 -2.18998725E-04  2.43956488E-03 -2.60376320E-05 -7.82700414E-06 -4.48154256E-06  7.65956246E-07 -5.33298733E-06 -4.76034832E-06
