  0.00000000E+00  0.00000000E+00  0.00000000E+00  0.00000000E+00  1.90257477E+00  2.49017077E-04  4.12928357E-04  2.37679203E-04  8.64724209E-05 -4.40339229E-04
  1.00000000E-02  1.90257477E-02  2.49017077E-06  4.12928357E-06  1.42694668E+00 -5.99468977E-03 -1.86476878E-02  2.32882235E-04 -1.45207654E-02  1.16222249E-02
  2.00000000E-02  3.09170741E-02 -8.86752612E-05 -2.77650675E-04  1.10851241E+00 -8.61623460E-03 -2.69543679E-02  2.44093878E-04 -2.12715278E-02  1.71385068E-02
  3.00000000E-02  4.04100268E-02 -1.87945331E-04 -5.88727755E-04  8.80427019E-01 -9.80730697E-03 -3.09174364E-02  2.66198785E-04 -2.47310633E-02  1.99157269E-02
  4.00000000E-02  4.80738700E-02 -2.91973763E-04 -9.17717461E-04  7.25873627E-01 -9.88587945E-03 -3.14420736E-02  2.91316199E-04 -2.55846989E-02  2.05269205E-02
  5.00000000E-02  5.45598393E-02 -3.91225420E-04 -1.23476138E-03  6.24353882E-01 -9.35304424E-03 -3.00094803E-02  3.11109118E-04 -2.48419776E-02  1.98443746E-02
  6.00000000E-02  6.02957794E-02 -4.82091686E-04 -1.52769322E-03  5.58856525E-01 -8.58396211E-03 -2.77783441E-02  3.22005082E-04 -2.33649822E-02  1.85834976E-02
  7.00000000E-02  6.55568579E-02 -5.64085897E-04 -1.79432098E-03  5.17030843E-01 -7.80192451E-03 -2.54554689E-02  3.23895315E-04 -2.16981892E-02  1.71920135E-02
  8.00000000E-02  7.05180379E-02 -6.38194954E-04 -2.03726129E-03  4.90464158E-01 -7.11286399E-03 -2.33900038E-02  3.18767019E-04 -2.01346632E-02  1.59051619E-02
  9.00000000E-02  7.52898461E-02 -7.05878291E-04 -2.26083400E-03  4.73625433E-01 -6.55079158E-03 -2.17054335E-02  3.09237544E-04 -1.88017327E-02  1.48203351E-02
  1.00000000E-01  7.99419068E-02 -7.68575845E-04 -2.46946549E-03  4.62951888E-01 -6.11250098E-03 -2.04042103E-02  2.97679561E-04 -1.77305843E-02  1.39567280E-02
  1.10000000E-01  8.45180579E-02 -8.27509401E-04 -2.66700147E-03  4.56175751E-01 -5.77929045E-03 -1.94352181E-02  2.85857938E-04 -1.69038214E-02  1.32954149E-02
  1.20000000E-01  8.90459348E-02 -8.83636253E-04 -2.85650869E-03  4.51862783E-01 -5.52872964E-03 -1.87316755E-02  2.74895877E-04 -1.62842715E-02  1.28029371E-02
  1.30000000E-01  9.35429978E-02 -9.37670746E-04 -3.04030774E-03  4.49108413E-01 -5.34011555E-03 -1.82296550E-02  2.65397368E-04 -1.58304532E-02  1.24437031E-02
  1.40000000E-01  9.80203100E-02 -9.90128831E-04 -3.22009418E-03  4.47342375E-01 -5.19646188E-03 -1.78754132E-02  2.57579836E-04 -1.55041143E-02  1.21857521E-02
  1.50000000E-01  1.02484904E-01 -1.04137518E-03 -3.39707711E-03  4.46204757E-01 -5.08472909E-03 -1.76269119E-02  2.51413423E-04 -1.52731608E-02  1.20027784E-02
  1.60000000E-01  1.06941263E-01 -1.09166381E-03 -3.57210372E-03  4.45467922E-01 -4.99531801E-03 -1.74527321E-02  2.46732868E-04 -1.51121407E-02  1.18742437E-02
  1.70000000E-01  1.11392258E-01 -1.14116993E-03 -3.74576014E-03  4.44987499E-01 -4.92135655E-03 -1.73301040E-02  2.43315055E-04 -1.50016086E-02  1.17846643E-02
  1.80000000E-01  1.15839731E-01 -1.19001369E-03 -3.91844804E-03  4.44671645E-01 -4.85801760E-03 -1.72428800E-02  2.40927412E-04 -1.49270929E-02  1.17226502E-02
  1.90000000E-01  1.20284868E-01 -1.23827717E-03 -4.09044072E-03  4.44461741E-01 -4.80195424E-03 -1.71797869E-02  2.39354728E-04 -1.48780296E-02  1.16799723E-02
  2.00000000E-01  1.24728436E-01 -1.28601640E-03 -4.26192312E-03 -9.82234314E-01  2.07433787E-04  1.31478671E-03 -2.52035938E-05 -6.98167109E-05 -2.19078598E-05
  2.10000000E-01  1.07772613E-01 -1.25889512E-03 -4.15630239E-03 -7.70263869E-01  2.02434689E-03  7.05562634E-03  4.71121816E-06  4.39311981E-03 -3.71069086E-03
  2.20000000E-01  1.01129826E-01 -1.22956709E-03 -4.05704193E-03 -5.46837947E-01  3.03757740E-03  1.13787945E-02 -4.63816006E-05  8.35389712E-03 -6.82790531E-03
  2.30000000E-01  9.67785763E-02 -1.19412516E-03 -3.92163814E-03 -3.69578682E-01  3.57992602E-03  1.32105404E-02 -6.60953866E-05  1.01549176E-02 -8.25244620E-03
  2.40000000E-01  9.39690858E-02 -1.15561416E-03 -3.78037401E-03 -2.42899252E-01  3.49050391E-03  1.28720321E-02 -8.66215274E-05  1.02455341E-02 -8.26774094E-03
  2.50000000E-01  9.21734904E-02 -1.12115623E-03 -3.65334623E-03 -1.57100528E-01  3.05333871E-03  1.12920789E-02 -9.98099197E-05  9.26820913E-03 -7.42487118E-03
  2.60000000E-01  9.10314788E-02 -1.09280867E-03 -3.54832521E-03 -1.00695821E-01  2.48475737E-03  9.23991091E-03 -1.04392291E-04  7.81193791E-03 -6.21154985E-03
  2.70000000E-01  9.03065441E-02 -1.07080400E-03 -3.46618694E-03 -6.42471618E-02  1.92114275E-03  7.20032368E-03 -1.01352130E-04  6.26936098E-03 -4.94672345E-03
  2.80000000E-01  8.98463158E-02 -1.05441064E-03 -3.40438164E-03 -4.09225940E-02  1.43021012E-03  5.41552939E-03 -9.28201094E-05  4.85557250E-03 -3.80121320E-03
  2.90000000E-01  8.95537127E-02 -1.04256321E-03 -3.35915031E-03 -2.60719142E-02  1.03436754E-03  3.96770321E-03 -8.11348826E-05  3.66184077E-03 -2.84407530E-03
  3.00000000E-01  8.93672469E-02 -1.03419874E-03 -3.32671241E-03 -1.66355483E-02  7.31171258E-04  2.85066664E-03 -6.82901326E-05  2.70590163E-03 -2.08509374E-03
  3.10000000E-01  8.92480733E-02 -1.02840301E-03 -3.30379093E-03 -1.06395253E-02  5.07207652E-04  2.01857490E-03 -5.57208584E-05  1.96806273E-03 -1.50477863E-03
  3.20000000E-01  8.91716582E-02 -1.02445075E-03 -3.28776564E-03 -6.82450583E-03  3.46117240E-04  1.41425548E-03 -4.43057733E-05  1.41364355E-03 -1.07268256E-03
  3.30000000E-01  8.91224882E-02 -1.02179503E-03 -3.27664468E-03 -4.39187225E-03  2.32561082E-04  9.83428778E-04 -3.44727986E-05  1.00537550E-03 -7.57278661E-04
  3.40000000E-01  8.90907326E-02 -1.02003720E-03 -3.26896453E-03 -2.83649090E-03  1.53763806E-04  6.80433252E-04 -2.63324747E-05  7.09368643E-04 -5.30524903E-04
  3.50000000E-01  8.90701446E-02 -1.01889355E-03 -3.26367517E-03 -1.83897346E-03  9.97833690E-05  4.69423009E-04 -1.97991425E-05  4.97349711E-04 -3.69415002E-04
  3.60000000E-01  8.90567425E-02 -1.01816562E-03 -3.26003599E-03 -1.19715068E-03  6.32141405E-05  3.23480978E-04 -1.46843050E-05  3.46944494E-04 -2.55998129E-04
  3.70000000E-01  8.90479801E-02 -1.01771633E-03 -3.25753089E-03 -7.82789152E-04  3.87036928E-05  2.22999889E-04 -1.07606083E-05  2.41065334E-04 -1.76735715E-04
  3.80000000E-01  8.90422240E-02 -1.01745184E-03 -3.25580330E-03 -5.14339036E-04  2.24597473E-05  1.54002144E-04 -7.80114440E-06  1.66988843E-04 -1.21661293E-04
  3.90000000E-01  8.90384229E-02 -1.01730846E-03 -3.25460827E-03 -3.39786671E-04  1.18317881E-05  1.06677862E-04 -5.60056788E-06  1.15417902E-04 -8.35681073E-05
  4.00000000E-01  8.90358978E-02 -1.01724328E-03 -3.25377811E-03 -2.25854791E-04  4.98609189E-06  7.42174232E-05 -3.98410023E-06  7.96558910E-05 -5.73150651E-05
  4.10000000E-01  8.90342089E-02 -1.01722765E-03 -3.25319824E-03 -1.51186723E-04  6.62144052E-07  5.19296756E-05 -2.80916955E-06  5.49329681E-05 -3.92727623E-05
  4.20000000E-01  8.90330704E-02 -1.01724265E-03 -3.25279038E-03 -1.02033664E-04 -1.98994628E-06  3.65992492E-05 -1.96306533E-06  3.78816191E-05 -2.68997963E-05
  4.30000000E-01  8.90322958E-02 -1.01727581E-03 -3.25250104E-03 -6.95173336E-05 -3.54142435E-06  2.60269983E-05 -1.35881058E-06  2.61411386E-05 -1.84280156E-05
  4.40000000E-01  8.90317632E-02 -1.01731898E-03 -3.25229363E-03 -4.78871962E-05 -4.36810377E-06  1.87095794E-05 -9.30560618E-07  1.80660280E-05 -1.26335069E-05
  4.50000000E-01  8.90313925E-02 -1.01736680E-03 -3.25214312E-03 -3.34072248E-05 -4.72059696E-06  1.36203695E-05 -6.29235726E-07  1.25145934E-05 -8.67251255E-06
  4.60000000E-01  8.90311308E-02 -1.01741577E-03 -3.25203236E-03 -2.36427089E-05 -4.76872289E-06  1.00568126E-05 -4.18716931E-07  8.69764522E-06 -5.96523117E-06
  4.70000000E-01  8.90309432E-02 -1.01746369E-03 -3.25194961E-03 -1.70020101E-05 -4.62748275E-06  7.53952114E-06 -2.72706485E-07  6.07129250E-06 -4.11426058E-06
  4.80000000E-01  8.90308064E-02 -1.01750926E-03 -3.25188681E-03 -1.24412221E-05 -4.37430718E-06  5.74203617E-06 -1.72230347E-07  4.26158892E-06 -2.84776181E-06
  4.90000000E-01  8.90307048E-02 -1.01755174E-03 -3.25183837E-03 -9.27328525E-06 -4.06091738E-06  4.44249275E-06 -1.03704847E-07  3.01190436E-06 -1.98006997E-06
  5.00000000E-01  8.90306279E-02 -1.01759078E-03 -3.25180045E-03 -7.04428612E-06 -3.72142009E-06  3.49003003E-06 -5.74712364E-08  2.14635813E-06 -1.38451778E-06
