  0.00000000E+00  0.00000000E+00  0.00000000E+00  0.00000000E+00  1.90257477E+00  2.49017077E-04  4.12928357E-04  2.37679203E-04  8.64724209E-05 -4.40339229E-04
  1.00000000E-02  1.90257477E-02  2.49017077E-06  4.12928357E-06  1.33335315E+00 -1.31615837E-02  8.18108060E-03  3.80011289E-04  2.27962468E-02 -1.55772602E-02
  2.00000000E-02  2.95131711E-02 -1.96178670E-04  1.24780851E-04  9.77413528E-01 -1.82733313E-02  1.11525726E-02  5.18319017E-04  3.05430828E-02 -2.06782784E-02
  3.00000000E-02  3.75076083E-02 -4.04470722E-04  2.51164037E-04  7.32842040E-01 -2.03660088E-02  1.23389110E-02  6.27362191E-04  3.32250859E-02 -2.24328061E-02
  4.00000000E-02  4.36131712E-02 -6.18594197E-04  3.80484839E-04  5.78128594E-01 -2.01611070E-02  1.21406605E-02  7.00032780E-04  3.21298546E-02 -2.16559950E-02
  5.00000000E-02  4.86208899E-02 -8.19180758E-04  5.00900192E-04  4.85327128E-01 -1.87494833E-02  1.12358536E-02  7.31435389E-04  2.91936683E-02 -1.96809974E-02
  6.00000000E-02  5.30101539E-02 -9.99617474E-04  6.08734693E-04  4.31712413E-01 -1.69643772E-02  1.01201628E-02  7.27092085E-04  2.58640291E-02 -1.74529105E-02
  7.00000000E-02  5.70592044E-02 -1.16033571E-03  7.04357867E-04  4.01584227E-01 -1.52766611E-02  9.07325837E-03  6.97875032E-04  2.29069911E-02 -1.54762238E-02
  8.00000000E-02  6.09244058E-02 -1.30466375E-03  7.89855929E-04  3.85000761E-01 -1.38858856E-02  8.21115606E-03  6.55720479E-04  2.05980609E-02 -1.39310937E-02
  9.00000000E-02  6.46914961E-02 -1.43656872E-03  8.67656978E-04  3.76007913E-01 -1.28316400E-02  7.55430778E-03  6.10398268E-04  1.89400853E-02 -1.28181685E-02
  1.00000000E-01  6.84066109E-02 -1.55961390E-03  9.39915814E-04  3.71178045E-01 -1.20772053E-02  7.07828137E-03  5.68304123E-04  1.78201357E-02 -1.20623727E-02
  1.10000000E-01  7.20942421E-02 -1.67661378E-03  1.00831850E-03  3.68595290E-01 -1.15601068E-02  6.74419720E-03  5.32757820E-04  1.70989094E-02 -1.15715742E-02
  1.20000000E-01  7.57672812E-02 -1.78962935E-03  1.07409005E-03  3.67212762E-01 -1.12178262E-02  6.51392796E-03  5.04742768E-04  1.66525209E-02 -1.12639231E-02
  1.30000000E-01  7.94324962E-02 -1.90009621E-03  1.13807798E-03  3.66467895E-01 -1.09981721E-02  6.35603928E-03  4.83826519E-04  1.63856174E-02 -1.10763767E-02
  1.40000000E-01  8.30934508E-02 -2.00897966E-03  1.20084893E-03  3.66061842E-01 -1.08615783E-02  6.24691275E-03  4.68889309E-04  1.62309971E-02 -1.09644082E-02
  1.50000000E-01  8.67520389E-02 -2.11691247E-03  1.26277242E-03  3.65836862E-01 -1.07798202E-02  6.16982591E-03  4.58618590E-04  1.61441799E-02 -1.08984344E-02
  1.60000000E-01  9.04092827E-02 -2.22430189E-03  1.32408525E-03  3.65709772E-01 -1.07335943E-02  6.11340735E-03  4.51792543E-04  1.60971053E-02 -1.08596944E-02
  1.70000000E-01  9.40657449E-02 -2.33140670E-03  1.38493723E-03  3.65636488E-01 -1.07100902E-02  6.07014383E-03  4.47400506E-04  1.60727357E-02 -1.08367171E-02
  1.80000000E-01  9.77217434E-02 -2.43839008E-03  1.44542235E-03  3.65593392E-01 -1.07009897E-02  6.03517330E-03  4.44667851E-04  1.60610531E-02 -1.08226954E-02
  1.90000000E-01  1.01377462E-01 -2.54535448E-03  1.50559923E-03  3.65567627E-01 -1.07009745E-02  6.00539558E-03  4.43032969E-04  1.60563268E-02 -1.08136888E-02
  2.00000000E-01  1.05033009E-01 -2.65236414E-03  1.56550430E-03 -9.67846499E-01  2.88718993E-03 -1.65399494E-03  3.69637467E-05 -6.82008112E-03  4.74479446E-03
  2.10000000E-01  8.86874736E-02 -2.55555142E-03  1.51066740E-03 -7.30160009E-01  6.22095624E-03 -3.71123432E-03 -1.79989053E-05 -1.19691522E-02  8.07353450E-03
  2.20000000E-01  8.25743060E-02 -2.47667303E-03  1.46326886E-03 -4.87911134E-01  8.91230725E-03 -4.89509063E-03 -1.51470091E-04 -1.55064089E-02  1.03659803E-02
  2.30000000E-01  7.89064391E-02 -2.37409320E-03  1.40839867E-03 -3.04083447E-01  9.60349961E-03 -5.24011556E-03 -2.28909840E-04 -1.59307416E-02  1.06285131E-02
  2.40000000E-01  7.67847430E-02 -2.27460224E-03  1.35427239E-03 -1.81053968E-01  8.85199042E-03 -4.80720385E-03 -2.75044049E-04 -1.41165718E-02  9.41764524E-03
  2.50000000E-01  7.55893507E-02 -2.18983989E-03  1.30836491E-03 -1.04374379E-01  7.36503476E-03 -3.98681794E-03 -2.86303442E-04 -1.12888433E-02  7.53910645E-03
  2.60000000E-01  7.49290049E-02 -2.12362432E-03  1.27259866E-03 -5.87754930E-02  5.70374739E-03 -3.07751277E-03 -2.69818168E-04 -8.37083400E-03  5.60105486E-03
  2.70000000E-01  7.45692444E-02 -2.07489328E-03  1.24637006E-03 -3.25484823E-02  4.19031555E-03 -2.25143621E-03 -2.35730596E-04 -5.85470750E-03  3.92808035E-03
  2.80000000E-01  7.43748946E-02 -2.04055728E-03  1.22798608E-03 -1.78276634E-02  2.95776639E-03 -1.57969711E-03 -1.93806352E-04 -3.90692662E-03  2.63051743E-03
  2.90000000E-01  7.42702221E-02 -2.01714236E-03  1.21554780E-03 -9.71048862E-03  2.02424624E-03 -1.07168580E-03 -1.51515785E-04 -2.50769364E-03  1.69596150E-03
  3.00000000E-01  7.42137031E-02 -2.00156750E-03  1.20737100E-03 -5.28839480E-03  1.35243985E-03 -7.06886709E-04 -1.13509500E-04 -1.55750561E-03  1.05924494E-03
  3.10000000E-01  7.41829296E-02 -1.99140214E-03  1.20212613E-03 -2.89561490E-03  8.86855521E-04 -4.54960808E-04 -8.19719267E-05 -9.40443852E-04  6.44086554E-04
  3.20000000E-01  7.41659373E-02 -1.98486150E-03  1.19883615E-03 -1.60285385E-03  5.73232357E-04 -2.86240132E-04 -5.73316992E-05 -5.54194371E-04  3.82936405E-04
  3.30000000E-01  7.41563726E-02 -1.98069729E-03  1.19681735E-03 -9.01727401E-04  3.66479294E-04 -1.76036931E-04 -3.89824769E-05 -3.19816787E-04  2.23511191E-04
  3.40000000E-01  7.41508610E-02 -1.97806627E-03  1.19560800E-03 -5.17979364E-04  2.32369289E-04 -1.05572815E-04 -2.58488346E-05 -1.81330590E-04  1.28608277E-04
  3.50000000E-01  7.41475999E-02 -1.97641312E-03  1.19490459E-03 -3.04950426E-04  1.46396228E-04 -6.13677617E-05 -1.67580382E-05 -1.01355626E-04  7.32913811E-05
  3.60000000E-01  7.41456155E-02 -1.97537903E-03  1.19451194E-03 -1.84492746E-04  9.17165239E-05 -3.41323934E-05 -1.06443891E-05 -5.60632377E-05  4.15946006E-05
  3.70000000E-01  7.41443729E-02 -1.97473526E-03  1.19430679E-03 -1.14889834E-04  5.70908995E-05 -1.76608290E-05 -6.63481988E-06 -3.08238966E-05  2.36652749E-05
  3.80000000E-01  7.41435720E-02 -1.97433748E-03  1.19421254E-03 -7.37116080E-05  3.52108050E-05 -7.91155604E-06 -4.06252697E-06 -1.69342639E-05  1.36060856E-05
  3.90000000E-01  7.41430408E-02 -1.97409477E-03  1.19418217E-03 -4.87475578E-05  2.14028828E-05 -2.30479242E-06 -2.44414509E-06 -9.35399120E-06  7.97663991E-06
  4.00000000E-01  7.41426781E-02 -1.97394978E-03  1.19418716E-03 -3.32378327E-05  1.26824864E-05  7.84363611E-07 -1.44340617E-06 -5.23080601E-06  4.81269171E-06
  4.10000000E-01  7.41424233E-02 -1.97386656E-03  1.19421045E-03 -2.33646505E-05  7.17052604E-06  2.36978245E-06 -8.34121593E-07 -2.98214695E-06  3.01246741E-06
  4.20000000E-01  7.41422390E-02 -1.97382241E-03  1.19424207E-03 -1.69250324E-05  3.68998077E-06  3.07594227E-06 -4.68366916E-07 -1.74412720E-06  1.96635792E-06
  4.30000000E-01  7.41421020E-02 -1.97380292E-03  1.19427636E-03 -1.26201334E-05  1.50067334E-06  3.27964481E-06 -2.51700301E-07 -1.05101999E-06  1.34014535E-06
  4.40000000E-01  7.41419973E-02 -1.97379886E-03  1.19431018E-03 -9.66853249E-06  1.35685375E-07  3.20814972E-06 -1.25047579E-07 -6.53733275E-07  9.51282446E-07
  4.50000000E-01  7.41419154E-02 -1.97380433E-03  1.19434190E-03 -7.59135840E-06 -6.98388853E-07  2.99879165E-06 -5.20994851E-08 -4.19361487E-07  6.99788969E-07
  4.60000000E-01  7.41418499E-02 -1.97381548E-03  1.19437084E-03 -6.09027098E-06 -1.18950390E-06  2.73099262E-06 -1.08722531E-08 -2.76678774E-07  5.30333573E-07
  4.70000000E-01  7.41417965E-02 -1.97382983E-03  1.19439681E-03 -4.97652652E-06 -1.45738556E-06  2.44736671E-06  1.17789457E-08 -1.87053889E-07  4.11712518E-07
  4.80000000E-01  7.41417523E-02 -1.97384574E-03  1.19441987E-03 -4.12892415E-06 -1.57953440E-06  2.17034948E-06  2.36353840E-08 -1.29111644E-07  3.25850167E-07
  4.90000000E-01  7.41417152E-02 -1.97386215E-03  1.19444019E-03 -3.46846636E-06 -1.60740050E-06  1.91142556E-06  2.92676989E-08 -9.07014785E-08  2.61920665E-07
  5.00000000E-01  7.41416838E-02 -1.97387836E-03  1.19445801E-03 -2.94282175E-06 -1.57574060E-06  1.67578475E-06  3.13458856E-08 -6.46935021E-08  2.13195290E-07
