  0.00000000E+00  0.00000000E+00  0.00000000E+00  0.00000000E+00  1.90257480E+00  2.49030151E-04  4.12927561E-04  2.37702552E-04  8.64615588E-05 -4.40366946E-04
  1.00000000E-02  1.90257480E-02  2.49030151E-06  4.12927561E-06  1.49060457E+00 -1.04316770E-02 -9.31936204E-03  1.89355361E-04  1.24969795E-03 -1.97039153E-03
  2.00000000E-02  3.18719426E-02 -1.55230004E-04 -1.37725793E-04  1.20229107E+00 -1.55853632E-02 -1.38897725E-02  1.46158159E-04  1.81446863E-03 -2.62758173E-03
  3.00000000E-02  4.24532857E-02 -3.36852067E-04 -2.99475569E-04  9.89991359E-01 -1.83505706E-02 -1.62498692E-02  1.22144237E-04  2.10698204E-03 -2.93947707E-03
  4.00000000E-02  5.12917008E-02 -5.34183810E-04 -4.73774746E-04  8.39748090E-01 -1.91791207E-02 -1.68501587E-02  1.11413126E-04  2.17352021E-03 -2.96384973E-03
  5.00000000E-02  5.89379653E-02 -7.30117767E-04 -6.45277779E-04  7.35565476E-01 -1.88159117E-02 -1.63935420E-02  1.07801742E-04  2.11721615E-03 -2.83558080E-03
  6.00000000E-02  6.57727070E-02 -9.16460839E-04 -8.06930116E-04  6.64074733E-01 -1.78732690E-02 -1.54429711E-02  1.07291463E-04  2.00097699E-03 -2.64027818E-03
  7.00000000E-02  7.20560006E-02 -1.09048032E-03 -9.56606973E-04  6.15267884E-01 -1.67497257E-02 -1.43572493E-02  1.07537570E-04  1.86709607E-03 -2.43399331E-03
  8.00000000E-02  7.79646452E-02 -1.25235986E-03 -1.09475086E-03  5.82016737E-01 -1.56665757E-02 -1.33299533E-02  1.07454991E-04  1.73842235E-03 -2.24549442E-03
  9.00000000E-02  8.36185569E-02 -1.40360986E-03 -1.22291391E-03  5.59370589E-01 -1.47257490E-02 -1.24458107E-02  1.06749283E-04  1.62540663E-03 -2.08632462E-03
  1.00000000E-01  8.90990320E-02 -1.54616322E-03 -1.34295130E-03  5.43935315E-01 -1.39586776E-02 -1.17268094E-02  1.05439858E-04  1.53165137E-03 -1.95878600E-03
  1.10000000E-01  9.44612088E-02 -1.68191464E-03 -1.45662439E-03  5.33400265E-01 -1.33598582E-02 -1.11632636E-02  1.03715118E-04  1.45547665E-03 -1.85875900E-03
  1.20000000E-01  9.97425362E-02 -1.81251912E-03 -1.56543930E-03  5.26197213E-01 -1.29075363E-02 -1.07323858E-02  1.01790624E-04  1.39425499E-03 -1.78055725E-03
  1.30000000E-01  1.04968493E-01 -1.93933288E-03 -1.67060877E-03  5.21262340E-01 -1.25752001E-02 -1.04084098E-02  9.98337676E-05  1.34513626E-03 -1.71941689E-03
  1.40000000E-01  1.10156442E-01 -2.06342320E-03 -1.77307299E-03  5.17873754E-01 -1.23373651E-02 -1.01674019E-02  9.79703565E-05  1.30587417E-03 -1.67162535E-03
  1.50000000E-01  1.15318237E-01 -2.18560767E-03 -1.87354196E-03  5.15540798E-01 -1.21719734E-02 -9.98914802E-03  9.62925091E-05  1.27446868E-03 -1.63400480E-03
  1.60000000E-01  1.20461980E-01 -2.30650045E-03 -1.97254218E-03  5.13929525E-01 -1.20610395E-02 -9.85748552E-03  9.48438471E-05  1.24919610E-03 -1.60395325E-03
  1.70000000E-01  1.25593219E-01 -2.42655618E-03 -2.07045872E-03  5.12812323E-01 -1.19904504E-02 -9.75993777E-03  9.36343509E-05  1.22863086E-03 -1.57942897E-03
  1.80000000E-01  1.30715756E-01 -2.54610773E-03 -2.16757036E-03  5.12033827E-01 -1.19494204E-02 -9.68710786E-03  9.26531486E-05  1.21163302E-03 -1.55888229E-03
  1.90000000E-01  1.35832202E-01 -2.66539679E-03 -2.26407729E-03  5.11487835E-01 -1.19298599E-02 -9.63204257E-03  9.18781242E-05  1.19731342E-03 -1.54116507E-03
  2.00000000E-01  1.40944350E-01 -2.78459758E-03 -2.36012239E-03 -9.78817793E-01 -6.44966919E-04 -4.81525762E-04 -1.25270324E-04  1.09426190E-04  1.82300167E-04
  2.10000000E-01  1.23704644E-01 -2.73462279E-03 -2.31918506E-03 -7.86920639E-01  2.86760905E-03  2.61106868E-03 -5.37351318E-05 -3.76025266E-04  7.61938502E-04
  2.20000000E-01  1.16794924E-01 -2.68838382E-03 -2.27761140E-03 -5.80816135E-01  6.07110142E-03  5.15706035E-03 -5.94928060E-05 -5.66850083E-04  9.39331001E-04
  2.30000000E-01  1.12017285E-01 -2.61165534E-03 -2.21331084E-03 -4.12241384E-01  7.58697920E-03  6.44920707E-03 -3.86684612E-05 -7.45865247E-04  1.09998215E-03
  2.40000000E-01  1.08737745E-01 -2.52820616E-03 -2.14235803E-03 -2.86736164E-01  7.78267957E-03  6.59291832E-03 -2.99542662E-05 -7.71434384E-04  1.07476858E-03
  2.50000000E-01  1.06497909E-01 -2.44940086E-03 -2.07571029E-03 -1.97381714E-01  7.14002265E-03  6.02674868E-03 -2.58728285E-05 -7.14733502E-04  9.53502008E-04
  2.60000000E-01  1.04970864E-01 -2.38121392E-03 -2.01827366E-03 -1.35180515E-01  6.10334727E-03  5.13166766E-03 -2.39424213E-05 -6.18383339E-04  7.93801740E-04
  2.70000000E-01  1.03930065E-01 -2.32536383E-03 -1.97143238E-03 -9.23808733E-02  4.97194427E-03  4.16336837E-03 -2.26388693E-05 -5.10987763E-04  6.31567761E-04
  2.80000000E-01  1.03220254E-01 -2.28130140E-03 -1.93464020E-03 -6.31006167E-02  3.91348215E-03  3.26375291E-03 -2.12290497E-05 -4.08750833E-04  4.85848918E-04
  2.90000000E-01  1.02735650E-01 -2.24745889E-03 -1.90650075E-03 -4.31197620E-02  3.00332464E-03  2.49517941E-03 -1.94859937E-05 -3.19310133E-04  3.64203568E-04
  3.00000000E-01  1.02404356E-01 -2.22197643E-03 -1.88539182E-03 -2.94941983E-02  2.26116997E-03  1.87241678E-03 -1.74446249E-05 -2.45066796E-04  2.67498212E-04
  3.10000000E-01  1.02177542E-01 -2.20307550E-03 -1.86978146E-03 -2.01993098E-02  1.67748226E-03  1.38562194E-03 -1.52410729E-05 -1.85578304E-04  1.93259688E-04
  3.20000000E-01  1.02022023E-01 -2.18921912E-03 -1.85835922E-03 -1.38528760E-02  1.23011393E-03  1.01468459E-03 -1.30236196E-05 -1.39086721E-04  1.37740137E-04
  3.30000000E-01  1.01915227E-01 -2.17915482E-03 -1.85006706E-03 -9.51436050E-03  8.93689923E-04  7.37223663E-04 -1.09123963E-05 -1.03406478E-04  9.70528263E-05
  3.40000000E-01  1.01841776E-01 -2.17190004E-03 -1.84408213E-03 -6.54446117E-03  6.44309985E-04  5.32506006E-04 -8.98758527E-06 -7.63909626E-05  6.77130689E-05
  3.50000000E-01  1.01791181E-01 -2.16670384E-03 -1.83978066E-03 -4.50855312E-03  4.61493758E-04  3.82990766E-04 -7.29189103E-06 -5.61439743E-05  4.68335486E-05
  3.60000000E-01  1.01756275E-01 -2.16300298E-03 -1.83669832E-03 -3.11090292E-03  3.28639728E-04  2.74616836E-04 -5.83862534E-06 -4.10882002E-05  3.21380748E-05
  3.70000000E-01  1.01732154E-01 -2.16038086E-03 -1.83449403E-03 -2.15003636E-03  2.32768113E-04  1.96502900E-04 -4.62078842E-06 -2.99607107E-05  2.18927088E-05
  3.80000000E-01  1.01715458E-01 -2.15853253E-03 -1.83291957E-03 -1.48850372E-03  1.63981094E-04  1.40430797E-04 -3.61902287E-06 -2.17761242E-05  1.48092631E-05
  3.90000000E-01  1.01703881E-01 -2.15723666E-03 -1.83179562E-03 -1.03239780E-03  1.14865417E-04  1.00300413E-04 -2.80772434E-06 -1.57795161E-05  9.94878464E-06
  4.00000000E-01  1.01695837E-01 -2.15633358E-03 -1.83099327E-03 -7.17467064E-04  7.99423429E-05  7.16394438E-05 -2.15931064E-06 -1.14001306E-05  6.63704614E-06
  4.10000000E-01  1.01690237E-01 -2.15570877E-03 -1.83042018E-03 -4.99687998E-04  5.52082258E-05  5.11966627E-05 -1.64693985E-06 -8.21065916E-06  4.39573805E-06
  4.20000000E-01  1.01686329E-01 -2.15528036E-03 -1.83001042E-03 -3.48855176E-04  3.77593327E-05  3.66267488E-05 -1.24606042E-06 -5.89353442E-06  2.88894457E-06
  4.30000000E-01  1.01683595E-01 -2.15499001E-03 -1.82971701E-03 -2.44216290E-04  2.54990827E-05  2.62476079E-05 -9.35144616E-07 -4.21406528E-06  1.88278080E-06
  4.40000000E-01  1.01681676E-01 -2.15479632E-03 -1.82950643E-03 -1.71495110E-04  1.69204868E-05  1.88572885E-05 -6.95889394E-07 -2.99956099E-06  1.21563625E-06
  4.50000000E-01  1.01680324E-01 -2.15467001E-03 -1.82935480E-03 -1.20858018E-04  1.09482116E-05  1.35990084E-05 -5.13095562E-07 -2.12338194E-06  7.76600583E-07
  4.60000000E-01  1.01679369E-01 -2.15459039E-03 -1.82924511E-03 -8.55230691E-05  6.81723392E-06  9.86067087E-06 -3.74372827E-07 -1.49291810E-06  4.90048053E-07
  4.70000000E-01  1.01678690E-01 -2.15454287E-03 -1.82916519E-03 -6.08070968E-05  3.98295641E-06  7.20282031E-06 -2.69771060E-07 -1.04059120E-06  3.04729686E-07
  4.80000000E-01  1.01678206E-01 -2.15451722E-03 -1.82910645E-03 -4.34720673E-05  2.06033344E-06  5.30836754E-06 -1.91398823E-07 -7.17177825E-07  1.86129241E-07
  4.90000000E-01  1.01677858E-01 -2.15450623E-03 -1.82906284E-03 -3.12762770E-05  7.77681297E-07  3.95201416E-06 -1.33061714E-07 -4.86882768E-07  1.11146791E-07
  5.00000000E-01  1.01677606E-01 -2.15450486E-03 -1.82903010E-03 -2.26657409E-05 -5.80614584E-08  2.97525561E-06 -8.99405525E-08 -3.23714579E-07  6.44235075E-08
