  0.00000000E+00  0.00000000E+00  0.00000000E+00  0.00000000E+00  1.90257480E+00  2.49030151E-04  4.12927561E-04  2.37702552E-04  8.64615588E-05 -4.40366946E-04
  1.00000000E-02  1.90257480E-02  2.49030151E-06  4.12927561E-06  1.47764931E+00  1.51094224E-02  1.35093736E-02  3.31672306E-04 -1.48089753E-02 -5.66258351E-03
  2.00000000E-02  3.16776136E-02  2.27886486E-04  2.04705242E-04  1.18291242E+00  2.21939311E-02  1.96815819E-02  4.58850864E-04 -2.22517440E-02 -8.29914853E-03
  3.00000000E-02  4.20330534E-02  4.85248341E-04  4.32382103E-04  9.67112826E-01  2.58828579E-02  2.28741335E-02  5.77017758E-04 -2.63613912E-02 -9.77950221E-03
  4.00000000E-02  5.06251837E-02  7.62521554E-04  6.77086196E-04  8.15739737E-01  2.68500574E-02  2.36900167E-02  6.79306405E-04 -2.77567849E-02 -1.03336764E-02
  5.00000000E-02  5.80257156E-02  1.03585813E-03  9.18065779E-04  7.11902828E-01  2.61701001E-02  2.30689381E-02  7.55701449E-04 -2.74616446E-02 -1.02744306E-02
  6.00000000E-02  6.46255594E-02  1.29415934E-03  1.14564977E-03  6.41505638E-01  2.47062652E-02  2.17758637E-02  8.02918219E-04 -2.62935109E-02 -9.89188426E-03
  7.00000000E-02  7.06886298E-02  1.53390282E-03  1.35694303E-03  5.94059581E-01  2.30138838E-02  2.03004281E-02  8.23252795E-04 -2.47971816E-02 -9.37857965E-03
  8.00000000E-02  7.63919953E-02  1.75557975E-03  1.55257014E-03  5.62162169E-01  2.13970387E-02  1.89084892E-02  8.22446104E-04 -2.32871925E-02 -8.84935392E-03
  9.00000000E-02  8.18541300E-02  1.96146591E-03  1.73469533E-03  5.40729290E-01  1.99927263E-02  1.77174612E-02  8.07139794E-04 -2.19211657E-02 -8.36444628E-03
  1.00000000E-01  8.71542585E-02  2.15437161E-03  1.90591480E-03  5.26318607E-01  1.88402845E-02  1.67583402E-02  7.83406153E-04 -2.07606884E-02 -7.94941146E-03
  1.10000000E-01  9.23453911E-02  2.33701225E-03  2.06870260E-03  5.16616585E-01  1.79286697E-02  1.60179765E-02  7.56003650E-04 -1.98139040E-02 -7.60981928E-03
  1.20000000E-01  9.74630469E-02  2.51174087E-03  2.22518055E-03  5.10073487E-01  1.72251028E-02  1.54647234E-02  7.28251579E-04 -1.90625702E-02 -7.34082961E-03
  1.30000000E-01  1.02531066E-01  2.68047406E-03  2.37706152E-03  5.05652290E-01  1.66909229E-02  1.50625097E-02  7.02240864E-04 -1.84779708E-02 -7.13304547E-03
  1.40000000E-01  1.07565483E-01  2.84471239E-03  2.52567555E-03  5.02658769E-01  1.62894249E-02  1.47776496E-02  6.79075229E-04 -1.80295184E-02 -6.97589979E-03
  1.50000000E-01  1.12577103E-01  3.00559915E-03  2.67202774E-03  5.00627597E-01  1.59890957E-02  1.45815599E-02  6.59183106E-04 -1.76889694E-02 -6.85932905E-03
  1.60000000E-01  1.17573223E-01  3.16398846E-03  2.81686289E-03  4.99246362E-01  1.57644089E-02  1.44513144E-02  6.42562065E-04 -1.74321230E-02 -6.77452988E-03
  1.70000000E-01  1.22558781E-01  3.32050912E-03  2.96072481E-03  4.98304917E-01  1.55954499E-02  1.43691880E-02  6.28961429E-04 -1.72391707E-02 -6.71418368E-03
  1.80000000E-01  1.27537123E-01  3.47561882E-03  3.10400606E-03  4.97661631E-01  1.54670810E-02  1.43218232E-02  6.18009888E-04 -1.70943907E-02 -6.67240859E-03
  1.90000000E-01  1.32510523E-01  3.62964779E-03  3.24698747E-03  4.97220858E-01  1.53680099E-02  1.42993393E-02  6.09298494E-04 -1.69855755E-02 -6.64458932E-03
  2.00000000E-01  1.37480527E-01  3.78283253E-03  3.38986844E-03 -9.80599595E-01  7.57024002E-04 -5.81332817E-05  2.50352666E-04 -2.29805867E-03 -6.96772531E-04
  2.10000000E-01  1.20285429E-01  3.71734784E-03  3.31749974E-03 -7.84185601E-01 -4.04091868E-03 -4.02373897E-03  2.04727559E-04  2.74063037E-03  1.03572155E-03
  2.20000000E-01  1.13425643E-01  3.65294894E-03  3.25743433E-03 -5.74576475E-01 -7.91131179E-03 -7.89968292E-03  6.60249148E-05  7.07046182E-03  2.74901163E-03
  2.30000000E-01  1.08727924E-01  3.55448386E-03  3.15905778E-03 -4.03966689E-01 -9.93581134E-03 -9.62012351E-03 -3.39411805E-05  9.50388182E-03  3.62128086E-03
  2.40000000E-01  1.05541306E-01  3.44500325E-03  3.05425434E-03 -2.77996571E-01 -1.02027387E-02 -9.74218865E-03 -1.19135556E-04  1.01439044E-02  3.86178241E-03
  2.50000000E-01  1.03391191E-01  3.34164123E-03  2.95622213E-03 -1.89174797E-01 -9.37356696E-03 -8.85452620E-03 -1.78980243E-04  9.60196879E-03  3.66588629E-03
  2.60000000E-01  1.01943552E-01  3.25205141E-03  2.87211518E-03 -1.28013839E-01 -8.02387337E-03 -7.50597045E-03 -2.12821181E-04  8.44515964E-03  3.23863306E-03
  2.70000000E-01  1.00969218E-01  3.17856115E-03  2.80379825E-03 -8.64210070E-02 -6.54465463E-03 -6.06419111E-03 -2.24132817E-04  7.07128067E-03  2.72623161E-03
  2.80000000E-01  1.00312972E-01  3.12051070E-03  2.75036524E-03 -5.83131354E-02 -5.15694089E-03 -4.73252122E-03 -2.18398693E-04  5.71856691E-03  2.21766442E-03
  2.90000000E-01  9.98703803E-02  3.07587986E-03  2.70969837E-03 -3.93708325E-02 -3.96135684E-03 -3.59943598E-03 -2.01396294E-04  4.50797210E-03  1.75906754E-03
  3.00000000E-01  9.95713835E-02  3.04224421E-03  2.67936944E-03 -2.66145371E-02 -2.98524262E-03 -2.68468310E-03 -1.78168174E-04  3.48568818E-03  1.36889439E-03
  3.10000000E-01  9.93690196E-02  3.01727235E-03  2.65709637E-03 -1.80199853E-02 -2.21705054E-03 -1.97249252E-03 -1.52588089E-04  2.65530970E-03  1.04957860E-03
  3.20000000E-01  9.92317925E-02  2.99894281E-03  2.64093240E-03 -1.22226677E-02 -1.62819385E-03 -1.43235564E-03 -1.27323118E-04  1.99914831E-03  7.95354759E-04
  3.30000000E-01  9.91385524E-02  2.98560515E-03  2.62930953E-03 -8.30613819E-03 -1.18550637E-03 -1.03063967E-03 -1.04003381E-04  1.49110622E-03  5.97041774E-04
  3.40000000E-01  9.90750736E-02  2.97596353E-03  2.62101171E-03 -5.65561173E-03 -8.57561736E-04 -7.36293603E-04 -8.34660413E-05  1.10379972E-03  4.44737059E-04
  3.50000000E-01  9.90317702E-02  2.96902763E-03  2.61512051E-03 -3.85856540E-03 -6.17338478E-04 -5.23097021E-04 -6.59961613E-05  8.12080453E-04  3.29187308E-04
  3.60000000E-01  9.90021697E-02  2.96405536E-03  2.61095552E-03 -2.63789717E-03 -4.42893191E-04 -3.70068529E-04 -5.15284564E-05  5.94451759E-04  2.42374650E-04
  3.70000000E-01  9.89818941E-02  2.96049866E-03  2.60801998E-03 -1.80718568E-03 -3.17060044E-04 -2.61008472E-04 -3.97997013E-05  4.33342432E-04  1.77667698E-04
  3.80000000E-01  9.89679758E-02  2.95795722E-03  2.60595519E-03 -1.24079435E-03 -2.26755941E-04 -1.83720388E-04 -3.04548667E-05  3.14819721E-04  1.29751597E-04
  3.90000000E-01  9.89583998E-02  2.95614118E-03  2.60450443E-03 -8.53894407E-04 -1.62196664E-04 -1.29189721E-04 -2.31155711E-05  2.28074392E-04  9.44616906E-05
  4.00000000E-01  9.89517954E-02  2.95484201E-03  2.60348518E-03 -5.89102636E-04 -1.16167961E-04 -9.08459217E-05 -1.74204879E-05  1.64856070E-04  6.85892362E-05
  4.10000000E-01  9.89472283E-02  2.95391048E-03  2.60276844E-03 -4.07529604E-04 -8.34089163E-05 -6.39510070E-05 -1.30463040E-05  1.18945967E-04  4.96940469E-05
  4.20000000E-01  9.89440609E-02  2.95324018E-03  2.60226341E-03 -2.82771663E-04 -6.01143604E-05 -4.51180134E-05 -9.71604846E-06  8.57026683E-05  3.59394861E-05
  4.30000000E-01  9.89418569E-02  2.95275551E-03  2.60190639E-03 -1.96870664E-04 -4.35468444E-05 -3.19411923E-05 -7.19978713E-06  6.16893377E-05  2.59546799E-05
  4.40000000E-01  9.89403177E-02  2.95240288E-03  2.60165287E-03 -1.37591474E-04 -3.17555408E-05 -2.27204659E-05 -5.31112336E-06  4.43774185E-05  1.87233871E-05
  4.50000000E-01  9.89392382E-02  2.95214428E-03  2.60147176E-03 -9.65842226E-05 -2.33489745E-05 -1.62599522E-05 -3.90175513E-06  3.19164129E-05  1.34965443E-05
  4.60000000E-01  9.89384774E-02  2.95195283E-03  2.60134147E-03 -6.81411381E-05 -1.73382009E-05 -1.17213746E-05 -2.85545134E-06  2.29579969E-05  9.72466371E-06
