  0.00000000E+00  0.00000000E+00  0.00000000E+00  0.00000000E+00  1.90257477E+00  2.49017077E-04  4.12928357E-04  2.37679203E-04  8.64724209E-05 -4.40339229E-04
  1.00000000E-02  1.90257477E-02  2.49017077E-06  4.12928357E-06  1.34240246E+00 -1.24267214E-02  2.02373347E-03  2.49668884E-04  8.84995922E-03 -9.48281448E-03
  2.00000000E-02  2.96489108E-02 -1.85155736E-04  3.24206438E-05  9.89105788E-01 -1.72267230E-02  2.68091918E-03  2.64247190E-04  1.20077292E-02 -1.27399309E-02
  3.00000000E-02  3.77734853E-02 -3.81422974E-04  6.25157641E-05  7.45235416E-01 -1.92002295E-02  2.91714484E-03  2.85359026E-04  1.31907570E-02 -1.39897342E-02
  4.00000000E-02  4.40064876E-02 -5.83292802E-04  9.28683408E-05  5.89828340E-01 -1.90274834E-02  2.83202018E-03  3.05664914E-04  1.28813546E-02 -1.36837176E-02
  5.00000000E-02  4.91277356E-02 -7.72703905E-04  1.20762919E-04  4.95707041E-01 -1.77222279E-02  2.59286604E-03  3.16715996E-04  1.18186819E-02 -1.26082882E-02
  6.00000000E-02  5.36141995E-02 -9.43399907E-04  1.45495809E-04  4.40719484E-01 -1.60509107E-02  2.31528030E-03  3.16565212E-04  1.05602334E-02 -1.13197123E-02
  7.00000000E-02  5.77464566E-02 -1.09555243E-03  1.67260683E-04  4.09447124E-01 -1.44512398E-02  2.06182508E-03  3.07055437E-04  9.41041433E-03 -1.01300642E-02
  8.00000000E-02  6.16845660E-02 -1.23206647E-03  1.86611658E-04  3.92028087E-01 -1.31138606E-02  1.85616691E-03  2.91757502E-04  8.48904382E-03 -9.16466096E-03
  9.00000000E-02  6.55177517E-02 -1.35651818E-03  2.04145036E-04  3.82482654E-01 -1.20821405E-02  1.70001480E-03  2.74173932E-04  7.80904320E-03 -8.44117804E-03
  1.00000000E-01  6.92948511E-02 -1.47218099E-03  2.20364424E-04  3.77318828E-01 -1.13275647E-02  1.58571950E-03  2.56983632E-04  7.33556886E-03 -7.92796148E-03
  1.10000000E-01  7.30422202E-02 -1.58168375E-03  2.35650142E-04  3.74553528E-01 -1.07958693E-02  1.50312850E-03  2.41768361E-04  7.02032086E-03 -7.57823084E-03
  1.20000000E-01  7.67739290E-02 -1.68698397E-03  2.50268472E-04  3.73084743E-01 -1.04308860E-02  1.44295810E-03  2.29193884E-04  6.81782338E-03 -7.34692703E-03
  1.30000000E-01  8.04974325E-02 -1.78946791E-03  2.64397201E-04  3.72310482E-01 -1.01846508E-02  1.39792032E-03  2.19313900E-04  6.69161316E-03 -7.19722262E-03
  1.40000000E-01  8.42166660E-02 -1.89008325E-03  2.78151215E-04  3.71906271E-01 -1.00200781E-02  1.36277184E-03  2.11833143E-04  6.61502476E-03 -7.10166915E-03
  1.50000000E-01  8.79337077E-02 -1.98946116E-03  2.91603191E-04  3.71698916E-01 -9.91021848E-03  1.33394765E-03  2.06317174E-04  6.56970266E-03 -7.04102042E-03
  1.60000000E-01  9.16496601E-02 -2.08801405E-03  3.04798547E-04  3.71596563E-01 -9.83630244E-03  1.30911773E-03  2.02317972E-04  6.54357079E-03 -7.00235450E-03
  1.70000000E-01  9.53651139E-02 -2.18600749E-03  3.17765575E-04  3.71550620E-01 -9.78565283E-03  1.28680018E-03  1.99438374E-04  6.52896036E-03 -6.97727620E-03
  1.80000000E-01  9.90803904E-02 -2.28361077E-03  3.30521989E-04  3.71535349E-01 -9.74990013E-03  1.26606866E-03  1.97356283E-04  6.52113866E-03 -6.96047008E-03
  1.90000000E-01  1.02795668E-01 -2.38093101E-03  3.43079018E-04  3.71537037E-01 -9.72361204E-03  1.24634895E-03  1.95825891E-04  6.51725321E-03 -6.94863934E-03
  2.00000000E-01  1.06511046E-01 -2.47803569E-03  3.55443909E-04 -9.71881780E-01  2.31468882E-03 -3.51739909E-04 -6.82702202E-05 -2.32547822E-03  2.40212165E-03
  2.10000000E-01  9.00751345E-02 -2.39469730E-03  3.43936065E-04 -7.35329426E-01  5.47145452E-03 -7.72917410E-04 -4.42529530E-05 -4.44687673E-03  4.58305315E-03
  2.20000000E-01  8.39046020E-02 -2.32419893E-03  3.34101004E-04 -4.94719492E-01  7.82712340E-03 -8.98886511E-04 -8.35143604E-05 -5.93258318E-03  6.07107778E-03
  2.30000000E-01  8.01604568E-02 -2.23414935E-03  3.24482293E-04 -3.10674501E-01  8.55361765E-03 -9.40275697E-04 -9.68110374E-05 -6.23120496E-03  6.41719322E-03
  2.40000000E-01  7.79739367E-02 -2.14498070E-03  3.14872590E-04 -1.86644779E-01  7.95396690E-03 -8.36053819E-04 -1.07712304E-04 -5.62982916E-03  5.83981222E-03
  2.50000000E-01  7.67276375E-02 -2.06843928E-03  3.07033161E-04 -1.08637375E-01  6.66482650E-03 -6.68135408E-04 -1.10640601E-04 -4.59381397E-03  4.80839047E-03
  2.60000000E-01  7.60313008E-02 -2.00823672E-03  3.01191399E-04 -6.17628892E-02  5.18973176E-03 -4.92852875E-04 -1.05446544E-04 -3.48268511E-03  3.68478849E-03
  2.70000000E-01  7.56480443E-02 -1.96371488E-03  2.97139283E-04 -3.44973018E-02  3.82558531E-03 -3.41010458E-04 -9.41046325E-05 -2.49676451E-03  2.67497952E-03
  2.80000000E-01  7.54393993E-02 -1.93227976E-03  2.94488391E-04 -1.90185597E-02  2.70136363E-03 -2.23435291E-04 -7.93855479E-05 -1.71265532E-03  1.86147011E-03
  2.90000000E-01  7.53266074E-02 -1.91088723E-03  2.92841914E-04 -1.03925522E-02  1.84144685E-03 -1.39294124E-04 -6.38286688E-05 -1.13338197E-03  1.25212835E-03
  3.00000000E-01  7.52658119E-02 -1.89677234E-03  2.91869678E-04 -5.65217472E-03  1.21775136E-03 -8.26511504E-05 -4.92521754E-05 -7.27989078E-04  8.19211165E-04
  3.10000000E-01  7.52329920E-02 -1.88771331E-03  2.91326382E-04 -3.07303389E-03  7.83290988E-04 -4.64343598E-05 -3.66787767E-05 -4.55947234E-04  5.23838841E-04
  3.20000000E-01  7.52151574E-02 -1.88205270E-03  2.91043122E-04 -1.67839076E-03  4.90250853E-04 -2.43478695E-05 -2.64830593E-05 -2.79456107E-04  3.28677650E-04
  3.30000000E-01  7.52053467E-02 -1.87861539E-03  2.90910076E-04 -9.25894547E-04  2.97861037E-04 -1.15131778E-05 -1.86074449E-05 -1.68105613E-04  2.03043034E-04
  3.40000000E-01  7.51998502E-02 -1.87659873E-03  2.90859117E-04 -5.19012674E-04  1.74533883E-04 -4.46324100E-06 -1.27598435E-05 -9.94824964E-05  1.23877153E-04
  3.50000000E-01  7.51966945E-02 -1.87547003E-03  2.90849735E-04 -2.97495891E-04  9.72574098E-05 -8.80237407E-07 -8.55899988E-06 -5.80277816E-05  7.48634895E-05
  3.60000000E-01  7.51948272E-02 -1.87488384E-03  2.90858847E-04 -1.75445530E-04  4.99786289E-05  7.18894595E-07 -5.62479334E-06 -3.34105577E-05  4.49512536E-05
  3.70000000E-01  7.51936829E-02 -1.87462044E-03  2.90874032E-04 -1.07026468E-04  2.18252299E-05  1.25411139E-06 -3.62456623E-06 -1.90059116E-05  2.69042922E-05
  3.80000000E-01  7.51929548E-02 -1.87454296E-03  2.90889249E-04 -6.77997794E-05  5.60774968E-06  1.27100486E-06 -2.28990244E-06 -1.06835997E-05  1.61097798E-05
  3.90000000E-01  7.51924729E-02 -1.87456797E-03  2.90902044E-04 -4.46911415E-05 -3.31265019E-06  1.08012037E-06 -1.41624903E-06 -5.92806806E-06  9.69054295E-06
  4.00000000E-01  7.51921415E-02 -1.87464570E-03  2.90911890E-04 -3.06514530E-05 -7.86117887E-06  8.43426967E-07 -8.54332332E-07 -3.23690075E-06  5.88374563E-06
  4.10000000E-01  7.51919052E-02 -1.87474705E-03  2.90919141E-04 -2.18331557E-05 -9.84789948E-06  6.31366192E-07 -4.98897262E-07 -1.72746224E-06  3.62493126E-06
  4.20000000E-01  7.51917310E-02 -1.87485546E-03  2.90924395E-04 -1.61007956E-05 -1.03747121E-05  4.62918534E-07 -2.77771258E-07 -8.88353099E-07  2.27884362E-06
  4.30000000E-01  7.51915986E-02 -1.87496185E-03  2.90928182E-04 -1.22445777E-05 -1.01011521E-05  3.36430653E-07 -1.42610603E-07 -4.26645716E-07  1.46980032E-06
  4.40000000E-01  7.51914955E-02 -1.87506149E-03  2.90930913E-04 -9.56280617E-06 -9.41994482E-06  2.44108503E-07 -6.16696980E-08 -1.76100412E-07  9.77074075E-07
  4.50000000E-01  7.51914133E-02 -1.87515228E-03  2.90932893E-04 -7.63808388E-06 -8.56077432E-06  1.78701437E-07 -1.44554594E-08 -4.30534162E-08  6.71488739E-07
  4.60000000E-01  7.51913465E-02 -1.87523359E-03  2.90934353E-04 -6.21565805E-06 -7.65342183E-06  1.33223572E-07  1.20654722E-08  2.49872735E-08  4.77537527E-07
  4.70000000E-01  7.51912915E-02 -1.87530559E-03  2.90935458E-04 -5.13604008E-06 -6.76883894E-06  1.02825488E-07  2.60732952E-08  5.73309127E-08  3.51009009E-07
  4.80000000E-01  7.51912455E-02 -1.87536886E-03  2.90936334E-04 -4.29687356E-06 -5.94349013E-06  8.38811286E-08  3.26410638E-08  7.03021422E-08  2.65888949E-07
  4.90000000E-01  7.51912067E-02 -1.87542417E-03  2.90937078E-04 -3.63087300E-06 -5.19386081E-06  7.33385895E-08  3.48797854E-08  7.29756266E-08  2.06742233E-07
  5.00000000E-01  7.51911737E-02 -1.87547236E-03  2.90937759E-04 -3.09275871E-06 -4.52433397E-06  6.87033225E-08  3.46761112E-08  7.03828873E-08  1.64300118E-07
