  0.00000000E+00  0.00000000E+00  0.00000000E+00  0.00000000E+00  1.90257477E+00  2.49017077E-04  4.12928357E-04  2.37679203E-04  8.64724209E-05 -4.40339229E-04
  1.00000000E-02  1.90257477E-02  2.49017077E-06  4.12928357E-06  1.40360746E+00  6.86052960E-03 -1.01239441E-02  1.38020608E-04 -5.84445558E-03 -8.29684789E-03
  2.00000000E-02  3.05669858E-02  1.04153029E-04 -1.49794520E-04  1.07457889E+00  9.75999796E-03 -1.46557559E-02  4.41731836E-05 -8.49211016E-03 -1.17225072E-02
  3.00000000E-02  3.96676319E-02  2.16250351E-04 -3.19011138E-04  8.41189513E-01  1.11457979E-02 -1.67762241E-02 -1.82313459E-05 -9.80716488E-03 -1.33818466E-02
  4.00000000E-02  4.69125801E-02  3.34637330E-04 -4.97375719E-04  6.85535409E-01  1.13152641E-02 -1.70067176E-02 -5.56202671E-05 -1.00733450E-02 -1.36486541E-02
  5.00000000E-02  5.29896637E-02  4.48637302E-04 -6.68595363E-04  5.85402982E-01  1.07895501E-02 -1.61748850E-02 -7.59154554E-05 -9.70497967E-03 -1.30940943E-02
  6.00000000E-02  5.83430314E-02  5.53904233E-04 -8.26185051E-04  5.22404425E-01  9.98200872E-03 -1.49199619E-02 -8.44713457E-05 -9.05936610E-03 -1.21899500E-02
  7.00000000E-02  6.32520828E-02  6.49686613E-04 -9.69110054E-04  4.83321639E-01  9.14622152E-03 -1.36279741E-02 -8.57346858E-05 -8.35758865E-03 -1.12272872E-02
  8.00000000E-02  6.78898853E-02  7.36969892E-04 -1.09892986E-03  4.59284700E-01  8.40764393E-03 -1.24867768E-02 -8.28987776E-05 -7.71590516E-03 -1.03562506E-02
  9.00000000E-02  7.23625476E-02  8.17353444E-04 -1.21809164E-03  4.44574363E-01  7.81022137E-03 -1.15603198E-02 -7.80806379E-05 -7.18077186E-03 -9.63536727E-03
  1.00000000E-01  7.67347395E-02  8.92468545E-04 -1.32906255E-03  4.35591807E-01  7.35398189E-03 -1.08468588E-02 -7.26449992E-05 -6.75974776E-03 -9.07170226E-03
  1.10000000E-01  8.10457448E-02  9.63727166E-04 -1.43396383E-03  4.30107357E-01  7.01953062E-03 -1.03161579E-02 -6.73796210E-05 -6.44170046E-03 -8.64797677E-03
  1.20000000E-01  8.53193961E-02  1.03225022E-03 -1.53447191E-03  4.26753195E-01  6.78189622E-03 -9.93024986E-03 -6.26910737E-05 -6.20843479E-03 -8.33871229E-03
  1.30000000E-01  8.95701573E-02  1.09888101E-03 -1.63184487E-03  4.24695147E-01  6.61731890E-03 -9.65339196E-03 -5.87283450E-05 -6.04121343E-03 -8.11814521E-03
  1.40000000E-01  9.38068185E-02  1.16423131E-03 -1.72699450E-03  4.23426098E-01  6.50591821E-03 -9.45587020E-03 -5.54862303E-05 -5.92355054E-03 -7.96379457E-03
  1.50000000E-01  9.80347342E-02  1.22873349E-03 -1.82056559E-03  4.22638102E-01  6.43221948E-03 -9.31465801E-03 -5.28889206E-05 -5.84207734E-03 -7.85755883E-03
  1.60000000E-01  1.02257175E-01  1.29268719E-03 -1.91300611E-03  4.22144096E-01  6.38472527E-03 -9.21269725E-03 -5.08362229E-05 -5.78649508E-03 -7.78557993E-03
  1.70000000E-01  1.06476146E-01  1.35629697E-03 -2.00462328E-03  4.21830283E-01  6.35516588E-03 -9.13773533E-03 -4.92246125E-05 -5.74914869E-03 -7.73760923E-03
  1.80000000E-01  1.10692880E-01  1.41970083E-03 -2.09562582E-03  4.21627281E-01  6.33773200E-03 -9.08116260E-03 -4.79581699E-05 -5.72448992E-03 -7.70625611E-03
  1.90000000E-01  1.14908138E-01  1.48299098E-03 -2.18615458E-03  4.21492668E-01  6.32841380E-03 -9.03702483E-03 -4.69547829E-05 -5.70857204E-03 -7.68629115E-03
  2.00000000E-01  1.19122391E-01  1.54622853E-03 -2.27630414E-03 -9.81521657E-01 -8.58976451E-04  6.53109461E-04 -2.08267350E-04  2.16798462E-04  7.14090835E-04
  2.10000000E-01  1.02292103E-01  1.50170181E-03 -2.22132238E-03 -7.62616282E-01 -2.85121273E-03  3.78465240E-03 -1.08143107E-04  1.98622684E-03  3.03822190E-03
  2.20000000E-01  9.57604673E-02  1.46322850E-03 -2.16781814E-03 -5.33137898E-01 -4.43376188E-03  6.05550802E-03 -7.32042409E-05  3.50033848E-03  4.92397935E-03
  2.30000000E-01  9.15764802E-02  1.41097814E-03 -2.09590878E-03 -3.53188302E-01 -5.01086550E-03  7.05060861E-03 -2.28696322E-05  4.14590844E-03  5.71545128E-03
  2.40000000E-01  8.89443452E-02  1.35798397E-03 -2.02042719E-03 -2.26544766E-01 -4.81508942E-03  6.86620451E-03  7.52411518E-06  4.10847154E-03  5.59989539E-03
  2.50000000E-01  8.73121152E-02  1.31081195E-03 -1.95268717E-03 -1.42442129E-01 -4.18055367E-03  6.01247210E-03  2.43642628E-05  3.65703337E-03  4.94852231E-03
  2.60000000E-01  8.63082071E-02  1.27217910E-03 -1.89683111E-03 -8.84491588E-02 -3.38972243E-03  4.90607511E-03  3.15927700E-05  3.03305914E-03  4.08099756E-03
  2.70000000E-01  8.56936803E-02  1.24223603E-03 -1.85330234E-03 -5.45061732E-02 -2.61807836E-03  3.80943896E-03  3.26908621E-05  2.39346451E-03  3.20444543E-03
  2.80000000E-01  8.53183335E-02  1.21991346E-03 -1.82069113E-03 -3.34479249E-02 -1.95114630E-03  2.85306781E-03  3.03072392E-05  1.82099020E-03  2.42648221E-03
  2.90000000E-01  8.50891455E-02  1.20373666E-03 -1.79694231E-03 -2.04893678E-02 -1.41576604E-03  2.08046363E-03  2.62734675E-05  1.34766404E-03  1.78727467E-03
  3.00000000E-01  8.49490446E-02  1.19225590E-03 -1.78000069E-03 -1.25521122E-02 -1.00685827E-03  1.48725773E-03  2.17526334E-05  9.76270445E-04  1.28841120E-03
  3.10000000E-01  8.48632098E-02  1.18423186E-03 -1.76809415E-03 -7.70093059E-03 -7.05436145E-04  1.04778833E-03  1.74138340E-05  6.95448301E-04  9.13102932E-04
  3.20000000E-01  8.48104564E-02  1.17868461E-03 -1.75981361E-03 -4.73689787E-03 -4.88978918E-04  7.30532550E-04  1.35890677E-05  4.88843140E-04  6.38357806E-04
  3.30000000E-01  8.47779076E-02  1.17487710E-03 -1.75409456E-03 -2.92401009E-03 -3.36549060E-04  5.05802013E-04  1.03974192E-05  3.39978070E-04  4.41400801E-04
  3.40000000E-01  8.47577319E-02  1.17227376E-03 -1.75016020E-03 -1.81288095E-03 -2.30771835E-04  3.48790753E-04  7.83517252E-06  2.34443390E-04  3.02506420E-04
  3.50000000E-01  8.47451588E-02  1.17049493E-03 -1.74745735E-03 -1.12988239E-03 -1.58162334E-04  2.40157341E-04  5.83648265E-06  1.60579641E-04  2.05827794E-04
  3.60000000E-01  8.47372749E-02  1.16927636E-03 -1.74559894E-03 -7.08544845E-04 -1.08706078E-04  1.65483101E-04  4.31130942E-06  1.09407760E-04  1.39235523E-04
  3.70000000E-01  8.47322962E-02  1.16843658E-03 -1.74431748E-03 -4.47535433E-04 -7.51843541E-05  1.14345374E-04  3.16714309E-06  7.42451667E-05  9.37537152E-05
  3.80000000E-01  8.47291259E-02  1.16785234E-03 -1.74342971E-03 -2.85073344E-04 -5.25112615E-05  7.93741332E-05  2.32006100E-06  5.02406681E-05  6.29025875E-05
  3.90000000E-01  8.47270874E-02  1.16744059E-03 -1.74281083E-03 -1.83403882E-04 -3.71691645E-05  5.54415480E-05  1.69919605E-06  3.39380881E-05  4.20914583E-05
  4.00000000E-01  8.47257617E-02  1.16714561E-03 -1.74237608E-03 -1.19388119E-04 -2.67567071E-05  3.90224805E-05  1.24746318E-06  2.29106267E-05  2.81152201E-05
  4.10000000E-01  8.47248879E-02  1.16693011E-03 -1.74206795E-03 -7.87978026E-05 -1.96523868E-05  2.77148162E-05  9.20389761E-07  1.54736683E-05  1.87619094E-05
  4.20000000E-01  8.47243029E-02  1.16676911E-03 -1.74184734E-03 -5.28520981E-05 -1.47719256E-05  1.98888059E-05  6.84184806E-07  1.04684288E-05  1.25190627E-05
  4.30000000E-01  8.47239041E-02  1.16664579E-03 -1.74168758E-03 -3.61108777E-05 -1.13872751E-05  1.44358704E-05  5.13660985E-07  7.10364599E-06  8.36022010E-06
  4.40000000E-01  8.47236267E-02  1.16654884E-03 -1.74157049E-03 -2.51895899E-05 -9.01019114E-06  1.06107282E-05  3.90321537E-07  4.84219730E-06  5.59297294E-06
  4.50000000E-01  8.47234294E-02  1.16647062E-03 -1.74148350E-03 -1.79731009E-05 -7.31169388E-06  7.90978665E-06  3.00740640E-07  3.32120115E-06  3.75254475E-06
  4.60000000E-01  8.47232858E-02  1.16640600E-03 -1.74141791E-03 -1.31332571E-05 -6.06967862E-06  5.98762386E-06  2.35260304E-07  2.29642090E-06  2.52819641E-06
  4.70000000E-01  8.47231786E-02  1.16635151E-03 -1.74136765E-03 -9.83165866E-06 -5.13675942E-06  4.60591053E-06  1.86980212E-07  1.60396089E-06  1.71283679E-06
  4.80000000E-01  8.47230968E-02  1.16630481E-03 -1.74132849E-03 -7.53597825E-06 -4.41444885E-06  3.60032390E-06  1.50994942E-07  1.13408291E-06  1.16879729E-06
  4.90000000E-01  8.47230330E-02  1.16626428E-03 -1.74129752E-03 -5.90601122E-06 -3.83873294E-06  2.85779645E-06  1.23828646E-07  8.13423802E-07  8.04734285E-07
  5.00000000E-01  8.47229820E-02  1.16622877E-03 -1.74127265E-03 -4.72272698E-06 -3.36721101E-06  2.30090863E-06  1.03022394E-07  5.92983398E-07  5.60122291E-07
