  0.00000000E+00  0.00000000E+00  0.00000000E+00  0.00000000E+00  1.90257477E+00  2.49017077E-04  4.12928357E-04  2.37679203E-04  8.64724209E-05 -4.40339229E-04
  1.00000000E-02  1.90257477E-02  2.49017077E-06  4.12928357E-06  1.40864723E+00 -1.68557582E-02 -1.42253184E-02  2.40370798E-04  2.95587751E-03  5.72445516E-03
  2.00000000E-02  3.06425823E-02 -2.51591288E-04 -2.11315134E-04  1.08187132E+00 -2.38520879E-02 -2.01077932E-02  2.48152412E-04  4.27125108E-03  8.46326302E-03
  3.00000000E-02  3.98274159E-02 -5.25093815E-04 -4.41805440E-04  8.49635167E-01 -2.69556907E-02 -2.26663233E-02  2.64606167E-04  4.92481068E-03  9.79590228E-03
  4.00000000E-02  4.71625868E-02 -8.10168736E-04 -6.81261324E-04  6.94293694E-01 -2.70360576E-02 -2.26611949E-02  2.82308121E-04  5.03238790E-03  1.00450852E-02
  5.00000000E-02  5.33288164E-02 -1.08093115E-03 -9.07847631E-04  5.93941955E-01 -2.54655408E-02 -2.12714448E-02  2.94351168E-04  4.84620636E-03  9.63747271E-03
  6.00000000E-02  5.87664773E-02 -1.32773397E-03 -1.11361333E-03  5.30473926E-01 -2.32961734E-02 -1.94006856E-02  2.98042450E-04  4.52694842E-03  8.95482761E-03
  7.00000000E-02  6.37538764E-02 -1.54984887E-03 -1.29826639E-03  4.90852641E-01 -2.11469468E-02 -1.75739338E-02  2.94049392E-04  4.17931151E-03  8.22702824E-03
  8.00000000E-02  6.84642964E-02 -1.75057220E-03 -1.46487197E-03  4.66310326E-01 -1.93034555E-02 -1.60273269E-02  2.84637787E-04  3.85807359E-03  7.57209597E-03
  9.00000000E-02  7.30046881E-02 -1.93438930E-03 -1.61741220E-03  4.51173404E-01 -1.78476559E-02 -1.48226107E-02  2.72308268E-04  3.58617903E-03  7.03578632E-03
  1.00000000E-01  7.74407375E-02 -2.10558686E-03 -1.75961473E-03  4.41856223E-01 -1.67578357E-02 -1.39345094E-02  2.59253344E-04  3.36774444E-03  6.62175882E-03
  1.10000000E-01  8.18127138E-02 -2.26771612E-03 -1.89451931E-03  4.36124681E-01 -1.59712405E-02 -1.33048769E-02  2.46943229E-04  3.19814735E-03  6.31496729E-03
  1.20000000E-01  8.61453029E-02 -2.42349555E-03 -2.02441992E-03  4.32598478E-01 -1.54176535E-02 -1.28711866E-02  2.36189396E-04  3.06947911E-03  6.09455620E-03
  1.30000000E-01  9.04536567E-02 -2.57490415E-03 -2.15096333E-03  4.30428869E-01 -1.50345342E-02 -1.25789557E-02  2.27285034E-04  2.97326417E-03  5.94025006E-03
  1.40000000E-01  9.47470973E-02 -2.72333389E-03 -2.27529174E-03  4.29094889E-01 -1.47719244E-02 -1.23854200E-02  2.20200649E-04  2.90192992E-03  5.83474064E-03
  1.50000000E-01  9.90313763E-02 -2.86974009E-03 -2.39817826E-03  4.28276760E-01 -1.45924300E-02 -1.22590644E-02  2.14742177E-04  2.84918036E-03  5.76433349E-03
  1.60000000E-01  1.03310053E-01 -3.01476691E-03 -2.52013712E-03  4.27777946E-01 -1.44692308E-02 -1.21776312E-02  2.10651360E-04  2.81002861E-03  5.71870367E-03
  1.70000000E-01  1.07585339E-01 -3.15884323E-03 -2.64150627E-03  4.27477395E-01 -1.43836572E-02 -1.21258590E-02  2.07659217E-04  2.78066956E-03  5.69031641E-03
  1.80000000E-01  1.11858610E-01 -3.30225193E-03 -2.76250600E-03  4.27300345E-01 -1.43229893E-02 -1.20935016E-02  2.05518528E-04  2.75827115E-03  5.67379931E-03
  1.90000000E-01  1.16130728E-01 -3.44517848E-03 -2.88327923E-03  4.27200482E-01 -1.42786946E-02 -1.20737816E-02  2.04019642E-04  2.74076500E-03  5.66538597E-03
  2.00000000E-01  1.20402234E-01 -3.58774396E-03 -3.00391844E-03 -9.82504442E-01  2.26584456E-03  2.22497825E-03 -6.30598255E-05 -3.18933153E-05 -2.42326282E-04
  2.10000000E-01  1.03528665E-01 -3.48236281E-03 -2.91017486E-03 -7.63951625E-01  6.98840322E-03  6.18224584E-03 -2.49732208E-05 -1.00776022E-03 -2.02548486E-03
  2.20000000E-01  9.69819124E-02 -3.38886599E-03 -2.82856607E-03 -5.36838952E-01  1.04818249E-02  9.27297351E-03 -6.93230526E-05 -1.59852803E-03 -3.65036682E-03
  2.30000000E-01  9.27490862E-02 -3.26658063E-03 -2.72038269E-03 -3.57418645E-01  1.17473465E-02  1.03043336E-02 -7.98081778E-05 -1.95504411E-03 -4.28915050E-03
  2.40000000E-01  9.00720013E-02 -3.14277956E-03 -2.61218256E-03 -2.30779154E-01  1.11463846E-02  9.71967691E-03 -9.17677880E-05 -1.96423770E-03 -4.22165908E-03
  2.50000000E-01  8.83974072E-02 -3.03432052E-03 -2.51790907E-03 -1.46253485E-01  9.53136444E-03  8.26652311E-03 -9.75800267E-05 -1.77239039E-03 -3.72908911E-03
  2.60000000E-01  8.73575007E-02 -2.94708198E-03 -2.44250961E-03 -9.16429044E-02  7.59054754E-03  6.54985846E-03 -9.64608132E-05 -1.49111696E-03 -3.06692274E-03
  2.70000000E-01  8.67141245E-02 -2.88088059E-03 -2.38559435E-03 -5.70490521E-02  5.74159438E-03  4.93179575E-03 -8.95468745E-05 -1.19424400E-03 -2.39875977E-03
  2.80000000E-01  8.63166033E-02 -2.83270941E-03 -2.34436670E-03 -3.53967693E-02  4.17807181E-03  3.57568844E-03 -7.88600496E-05 -9.22306638E-04 -1.80844996E-03
  2.90000000E-01  8.60708970E-02 -2.79874631E-03 -2.31539035E-03 -2.19395407E-02  2.95053556E-03  2.51971483E-03 -6.64603518E-05 -6.92696061E-04 -1.32624392E-03
  3.00000000E-01  8.59187877E-02 -2.77537863E-03 -2.29547307E-03 -1.36062378E-02  2.03468627E-03  1.73788139E-03 -5.39867420E-05 -5.08932208E-04 -9.52240606E-04
  3.10000000E-01  8.58243919E-02 -2.75961101E-03 -2.28200343E-03 -8.45275704E-03  1.37622718E-03  1.17963983E-03 -4.25169686E-05 -3.67351953E-04 -6.72572232E-04
  3.20000000E-01  8.57656317E-02 -2.74914104E-03 -2.27299824E-03 -5.26479109E-03  9.15844460E-04  7.91546781E-04 -3.26166781E-05 -2.61331183E-04 -4.68980912E-04
  3.30000000E-01  8.57289236E-02 -2.74228451E-03 -2.26702323E-03 -3.28986320E-03  6.00817547E-04  5.27009149E-04 -2.44672930E-05 -1.83669159E-04 -3.23736987E-04
  3.40000000E-01  8.57058996E-02 -2.73785147E-03 -2.26307583E-03 -2.06366759E-03  3.88894488E-04  3.49255605E-04 -1.80035032E-05 -1.27768847E-04 -2.21710862E-04
  3.50000000E-01  8.56913939E-02 -2.73502214E-03 -2.26047204E-03 -1.30020981E-03  2.48286765E-04  2.31001065E-04 -1.30273435E-05 -8.81008879E-05 -1.50897592E-04
  3.60000000E-01  8.56822091E-02 -2.73324231E-03 -2.25875330E-03 -8.23328175E-04  1.56071830E-04  1.52829982E-04 -9.28909301E-06 -6.02804780E-05 -1.02205919E-04
  3.70000000E-01  8.56763603E-02 -2.73214266E-03 -2.25761586E-03 -5.24384239E-04  9.62088317E-05  1.01335442E-04 -6.53756007E-06 -4.09602175E-05 -6.89693471E-05
  3.80000000E-01  8.56726111E-02 -2.73147989E-03 -2.25685998E-03 -3.36247791E-04  5.77166007E-05  6.74577259E-05 -4.54695330E-06 -2.76547206E-05 -4.64117745E-05
  3.90000000E-01  8.56701893E-02 -2.73109519E-03 -2.25635479E-03 -2.17334033E-04  3.32113121E-05  4.51606287E-05 -3.12795684E-06 -1.85573130E-05 -3.11700665E-05
  4.00000000E-01  8.56686106E-02 -2.73088560E-03 -2.25601467E-03 -1.41810252E-04  1.77852996E-05  3.04614802E-05 -2.12929712E-06 -1.23763598E-05 -2.09068570E-05
  4.10000000E-01  8.56675701E-02 -2.73078488E-03 -2.25578355E-03 -9.35810164E-05  8.20369080E-06  2.07480361E-05 -1.43432538E-06 -8.20068241E-06 -1.40139224E-05
  4.20000000E-01  8.56668754E-02 -2.73075075E-03 -2.25562464E-03 -6.25868799E-05  2.36828590E-06  1.43066579E-05 -9.55532526E-07 -5.39447510E-06 -9.39330967E-06
  4.30000000E-01  8.56664045E-02 -2.73075624E-03 -2.25551378E-03 -4.25207842E-05 -1.08649993E-06  1.00157441E-05 -6.28693990E-07 -3.51807211E-06 -6.29995533E-06
  4.40000000E-01  8.56660796E-02 -2.73078438E-03 -2.25543507E-03 -2.94154431E-05 -3.03354506E-06  7.13923436E-06 -4.07506899E-07 -2.26972335E-06 -4.23064601E-06
  4.50000000E-01  8.56658510E-02 -2.73082445E-03 -2.25537806E-03 -2.07667604E-05 -4.03345219E-06  5.19164690E-06 -2.59078651E-07 -1.44364757E-06 -2.84675751E-06
  4.60000000E-01  8.56656866E-02 -2.73086979E-03 -2.25533589E-03 -1.49884711E-05 -4.44812930E-06  3.85604279E-06 -1.60331558E-07 -9.00274665E-07 -1.92106815E-06
  4.70000000E-01  8.56655656E-02 -2.73091634E-03 -2.25530400E-03 -1.10717911E-05 -4.50802407E-06  2.92704232E-06 -9.52455844E-08 -5.45386560E-07 -1.30144123E-06
  4.80000000E-01  8.56654745E-02 -2.73096172E-03 -2.25527938E-03 -8.37238211E-06 -4.36089997E-06  2.27056521E-06 -5.28027454E-08 -3.15644540E-07 -8.86178054E-07
  4.90000000E-01  8.56654042E-02 -2.73100459E-03 -2.25525996E-03 -6.47667580E-06 -4.09960346E-06  1.79893244E-06 -2.54862075E-08 -1.68627036E-07 -6.07374272E-07
  5.00000000E-01  8.56653490E-02 -2.73104428E-03 -2.25524432E-03 -5.11770575E-06 -3.78320372E-06  1.45407938E-06 -8.20484136E-09 -7.60211264E-08 -4.19723851E-07
