  0.00000000E+00  0.00000000E+00  0.00000000E+00  0.00000000E+00  1.90257477E+00  2.49017077E-04  4.12928357E-04  2.37679203E-04  8.64724209E-05 -4.40339229E-04
  1.00000000E-02  1.90257477E-02  2.49017077E-06  4.12928357E-06  1.37210193E+00  3.36395744E-03  1.92953382E-02  4.08128774E-04  9.80385037E-03 -2.37505270E-02
  2.00000000E-02  3.00944028E-02  5.17044469E-05  2.91494714E-04  1.03054496E+00  4.28920575E-03  2.67548843E-02  5.92446207E-04  1.34789226E-02 -3.26074364E-02
  3.00000000E-02  3.86920676E-02  9.92227460E-05  5.96341288E-04  7.91664478E-01  4.47575044E-03  2.98926751E-02  7.42227362E-04  1.49546120E-02 -3.62304103E-02
  4.00000000E-02  4.54143100E-02  1.44912974E-04  9.10956993E-04  6.36012474E-01  4.10948991E-03  2.96964504E-02  8.50044899E-04  1.47816501E-02 -3.58372638E-02
  5.00000000E-02  5.09961747E-02  1.84176570E-04  1.20694037E-03  5.38861727E-01  3.52319671E-03  2.77277659E-02  9.08863321E-04  1.37115597E-02 -3.33219245E-02
  6.00000000E-02  5.58990382E-02  2.16477071E-04  1.47437461E-03  4.79905142E-01  2.93818459E-03  2.51719242E-02  9.22993343E-04  1.23687883E-02 -3.01394085E-02
  7.00000000E-02  6.04033067E-02  2.42933857E-04  1.71331464E-03  4.44796645E-01  2.46130217E-03  2.27119593E-02  9.03383415E-04  1.11019499E-02 -2.71178757E-02
  8.00000000E-02  6.46757307E-02  2.65162466E-04  1.92813441E-03  4.24151372E-01  2.11805618E-03  2.06483304E-02  8.63248652E-04  1.00598048E-02 -2.46132885E-02
  9.00000000E-02  6.88140180E-02  2.84626798E-04  2.12429957E-03  4.12107120E-01  1.89230265E-03  1.90523085E-02  8.14276342E-04  9.27206095E-03 -2.27011134E-02
  1.00000000E-01  7.28748680E-02  3.02421057E-04  2.30684255E-03  4.05111101E-01  1.75381878E-03  1.78826334E-02  7.64919473E-04  8.71117106E-03 -2.13211285E-02
  1.10000000E-01  7.68909989E-02  3.19266825E-04  2.47982050E-03  4.01053515E-01  1.67294026E-03  1.70570648E-02  7.20273565E-04  8.32971536E-03 -2.03653821E-02
  1.20000000E-01  8.08812461E-02  3.35591835E-04  2.64626331E-03  3.98698667E-01  1.62627868E-03  1.64896712E-02  6.82697675E-04  8.08010542E-03 -1.97240623E-02
  1.30000000E-01  8.48564585E-02  3.51621314E-04  2.80832305E-03  3.97329115E-01  1.59770223E-03  1.61067449E-02  6.52714585E-04  7.92244905E-03 -1.93043942E-02
  1.40000000E-01  8.88229019E-02  3.67455454E-04  2.96747587E-03  3.96530355E-01  1.57713673E-03  1.58511066E-02  6.29757061E-04  7.82645795E-03 -1.90353538E-02
  1.50000000E-01  9.27842117E-02  3.83123994E-04  3.12470875E-03  3.96063294E-01  1.55889745E-03  1.56810722E-02  6.12747494E-04  7.77057288E-03 -1.88658178E-02
  1.60000000E-01  9.67425093E-02  3.98621772E-04  3.28066930E-03  3.95789901E-01  1.54014538E-03  1.55675083E-02  6.00476705E-04  7.74013249E-03 -1.87605644E-02
  1.70000000E-01  1.00699041E-01  4.13929466E-04  3.43577656E-03  3.95630255E-01  1.51972310E-03  1.54906563E-02  5.91815199E-04  7.72550575E-03 -1.86961118E-02
  1.80000000E-01  1.04654546E-01  4.29024585E-04  3.59029886E-03  3.95537866E-01  1.49737394E-03  1.54374081E-02  5.85808396E-04  7.72053751E-03 -1.86571946E-02
  1.90000000E-01  1.08609462E-01  4.43886579E-04  3.74440670E-03  3.95485535E-01  1.47326379E-03  1.53992082E-02  5.81700302E-04  7.72138131E-03 -1.86340826E-02
  2.00000000E-01  1.12564056E-01  4.58498666E-04  3.89820778E-03 -9.76983231E-01 -1.15368561E-03 -3.55746874E-03  1.52665709E-04 -2.32043510E-03  5.15685430E-03
  2.10000000E-01  9.59318800E-02  4.33827063E-04  3.76784971E-03 -7.48865160E-01 -1.95825808E-03 -8.56763263E-03  5.99335562E-05 -4.72337249E-03  1.10847886E-02
  2.20000000E-01  8.95838187E-02  4.10221620E-04  3.65712257E-03 -5.13639861E-01 -1.97959547E-03 -1.21833920E-02 -1.05676333E-04 -6.64725577E-03  1.54706533E-02
  2.30000000E-01  8.56235466E-02  3.90318978E-04  3.51720985E-03 -3.31488396E-01 -1.86763985E-03 -1.33197320E-02 -2.20536515E-04 -7.08923983E-03  1.66624771E-02
  2.40000000E-01  8.32194200E-02  3.72202358E-04  3.37833083E-03 -2.06100325E-01 -1.49758645E-03 -1.24210389E-02 -2.97097764E-04 -6.50290963E-03  1.53880402E-02
  2.50000000E-01  8.17853571E-02  3.59076760E-04  3.25861391E-03 -1.25052891E-01 -1.05857807E-03 -1.04603187E-02 -3.30947485E-04 -5.38914101E-03  1.28418348E-02
  2.60000000E-01  8.09400653E-02  3.50686021E-04  3.16381432E-03 -7.46606402E-02 -6.62886991E-04 -8.20595854E-03 -3.28661570E-04 -4.15472590E-03  9.97815019E-03
  2.70000000E-01  8.04454202E-02  3.46035607E-04  3.09302653E-03 -4.41141114E-02 -3.59981552E-04 -6.11173187E-03 -3.01016073E-04 -3.03409062E-03  7.35257385E-03
  2.80000000E-01  8.01570117E-02  3.43950319E-04  3.04238035E-03 -2.59080822E-02 -1.55560380E-04 -4.37635940E-03 -2.59213944E-04 -2.12416694E-03  5.20116123E-03
  2.90000000E-01  7.99889610E-02  3.43416821E-04  3.00729362E-03 -1.51759589E-02 -3.32827603E-05 -3.03958030E-03 -2.12522267E-04 -1.43768810E-03  3.56258791E-03
  3.00000000E-01  7.98908621E-02  3.43695381E-04  2.98358171E-03 -8.89119354E-03  2.97964503E-05 -2.06106879E-03 -1.67370370E-04 -9.46483350E-04  2.37789990E-03
  3.10000000E-01  7.98333740E-02  3.44308742E-04  2.96786358E-03 -5.22233214E-03  5.49011547E-05 -1.37123235E-03 -1.27454046E-04 -6.08891557E-04  1.55421940E-03
  3.20000000E-01  7.97994950E-02  3.44983277E-04  2.95760044E-03 -3.08126424E-03  5.83321342E-05 -8.98617662E-04 -9.43311011E-05 -3.84153902E-04  9.98689354E-04
  3.30000000E-01  7.97793876E-02  3.45583753E-04  2.95097734E-03 -1.82932750E-03  5.11476957E-05 -5.81924593E-04 -6.81323568E-05 -2.38368510E-04  6.32955610E-04
  3.40000000E-01  7.97673541E-02  3.46059308E-04  2.94674155E-03 -1.09447674E-03  4.00941998E-05 -3.73364745E-04 -4.81821804E-05 -1.45804690E-04  3.96804197E-04
  3.50000000E-01  7.97600835E-02  3.46404982E-04  2.94405071E-03 -6.60829463E-04  2.88419000E-05 -2.37872490E-04 -3.34530507E-05 -8.80812247E-05  2.46690552E-04
  3.60000000E-01  7.97556435E-02  3.46637140E-04  2.94234944E-03 -4.03243310E-04  1.90764040E-05 -1.50777808E-04 -2.28548413E-05 -5.26295420E-05  1.52456247E-04
  3.70000000E-01  7.97528990E-02  3.46779076E-04  2.94127714E-03 -2.49077330E-04  1.13772747E-05 -9.52576227E-05 -1.53928069E-05 -3.11382617E-05  9.38796779E-05
  3.80000000E-01  7.97511790E-02  3.46854353E-04  2.94060216E-03 -1.56027636E-04  5.68045541E-06 -6.00804488E-05 -1.02353346E-05 -1.82550022E-05  5.77380756E-05
  3.90000000E-01  7.97500840E-02  3.46882674E-04  2.94017724E-03 -9.93416691E-05  1.69229764E-06 -3.78780619E-05 -6.72704463E-06 -1.06063740E-05  3.55548366E-05
  4.00000000E-01  7.97493740E-02  3.46879656E-04  2.93990948E-03 -6.44520761E-05 -9.64846566E-07 -2.38800373E-05 -4.37331944E-06 -6.10378370E-06  2.19809943E-05
  4.10000000E-01  7.97489040E-02  3.46856722E-04  2.93974067E-03 -4.27300946E-05 -2.64234264E-06 -1.50495978E-05 -2.81312912E-06 -3.47318841E-06  1.36832547E-05
  4.20000000E-01  7.97485853E-02  3.46821911E-04  2.93963432E-03 -2.90290727E-05 -3.61976408E-06 -9.47487590E-06 -1.78988375E-06 -1.94706527E-06  8.60471870E-06
  4.30000000E-01  7.97483635E-02  3.46780826E-04  2.93956745E-03 -2.02572393E-05 -4.10998829E-06 -5.95290816E-06 -1.12514391E-06 -1.06786690E-06  5.48560112E-06
  4.40000000E-01  7.97482048E-02  3.46737275E-04  2.93952553E-03 -1.45435750E-05 -4.26751534E-06 -3.72610628E-06 -6.97045011E-07 -5.65232577E-07  3.55847980E-06
  4.50000000E-01  7.97480879E-02  3.46693812E-04  2.93949940E-03 -1.07474414E-05 -4.21121785E-06 -2.31810715E-06 -4.23614151E-07 -2.80581852E-07  2.35750038E-06
  4.60000000E-01  7.97479994E-02  3.46651982E-04  2.93948326E-03 -8.16809625E-06 -4.02592241E-06 -1.42745870E-06 -2.50410442E-07 -1.21467378E-07  1.60035060E-06
  4.70000000E-01  7.97479306E-02  3.46612649E-04  2.93947344E-03 -6.37155424E-06 -3.76733411E-06 -8.62840019E-07 -1.41668044E-07 -3.42698386E-08  1.11594513E-06
  4.80000000E-01  7.97478759E-02  3.46576269E-04  2.93946763E-03 -5.08667689E-06 -3.47087244E-06 -5.03875629E-07 -7.41055009E-08  1.19762856E-08  8.00428613E-07
  4.90000000E-01  7.97478314E-02  3.46543042E-04  2.93946439E-03 -4.14240114E-06 -3.16228705E-06 -2.73551877E-07 -3.26867116E-08  3.50870543E-08  5.90543979E-07
  5.00000000E-01  7.97477947E-02  3.46512962E-04  2.93946280E-03 -3.42960124E-06 -2.85786847E-06 -1.24144888E-07 -7.76525045E-09  4.52768475E-08  4.47564382E-07
