  0.00000000E+00  0.00000000E+00  0.00000000E+00  0.00000000E+00  1.90257480E+00  2.49030151E-04  4.12927561E-04  2.37702552E-04  8.64615588E-05 -4.40366946E-04
  1.00000000E-02  1.90257480E-02  2.49030151E-06  4.12927561E-06  1.39358420E+00  1.25393597E-02 -3.20099678E-03  1.48354680E-04  4.66992279E-04  3.48458448E-03
  2.00000000E-02  3.04166370E-02  1.89335546E-04 -4.59503139E-05  1.06053375E+00  1.78725966E-02 -4.71164554E-03  6.98131982E-05  6.23389256E-04  5.15973864E-03
  3.00000000E-02  3.93567222E-02  3.94727696E-04 -1.00620013E-04  8.25292556E-01  2.03963051E-02 -5.42213539E-03  2.40509397E-05  6.84269684E-04  5.92751775E-03
  4.00000000E-02  4.64334418E-02  6.11309290E-04 -1.58393816E-04  6.69534696E-01  2.07102399E-02 -5.50769731E-03  2.78590966E-06  6.68276020E-04  5.97212174E-03
  5.00000000E-02  5.23499994E-02  8.19981362E-04 -2.13898599E-04  5.70265173E-01  1.97624059E-02 -5.24081401E-03 -4.74369811E-06  6.19352453E-04  5.63779147E-03
  6.00000000E-02  5.75563036E-02  1.01286625E-03 -2.64972323E-04  5.08507453E-01  1.83024420E-02 -4.83462875E-03 -5.23517378E-06  5.59878138E-04  5.15999085E-03
  7.00000000E-02  6.23325895E-02  1.18859085E-03 -3.11287684E-04  4.70682088E-01  1.67873277E-02 -4.41754767E-03 -2.92941029E-06  5.03751401E-04  4.68080424E-03
  8.00000000E-02  6.68502835E-02  1.34888856E-03 -3.53377755E-04  4.47745650E-01  1.54433531E-02 -4.05152702E-03  3.36193780E-08  4.56543054E-04  4.26564750E-03
  9.00000000E-02  7.12130578E-02  1.49660222E-03 -3.92062922E-04  4.33921404E-01  1.43506621E-02 -3.75726989E-03  2.71308658E-06  4.19447655E-04  3.93506495E-03
  1.00000000E-01  7.54831507E-02  1.63464538E-03 -4.28164335E-04  4.25614412E-01  1.35106689E-02 -3.53368826E-03  4.80101448E-06  3.91643469E-04  3.68637439E-03
  1.10000000E-01  7.96977598E-02  1.76555210E-03 -4.62383310E-04  4.20626699E-01  1.28898006E-02 -3.37036801E-03  6.28235581E-06  3.71399855E-04  3.50550409E-03
  1.20000000E-01  8.38790883E-02  1.89134577E-03 -4.95270389E-04  4.17629253E-01  1.24440904E-02 -3.25447966E-03  7.29193658E-06  3.56799196E-04  3.37651851E-03
  1.30000000E-01  8.80403936E-02  2.01355812E-03 -5.27235743E-04  4.15823970E-01  1.21313489E-02 -3.17406705E-03  7.95359882E-06  3.46353453E-04  3.28537873E-03
  1.40000000E-01  9.21896068E-02  2.13330790E-03 -5.58574351E-04  4.14733544E-01  1.19160096E-02 -3.11926929E-03  8.35462209E-06  3.38885086E-04  3.22113422E-03
  1.50000000E-01  9.63314902E-02  2.25139130E-03 -5.89493055E-04  4.14072853E-01  1.17702523E-02 -3.08251559E-03  8.58812557E-06  3.33452842E-04  3.17562781E-03
  1.60000000E-01  1.00468915E-01  2.36836504E-03 -6.20134442E-04  4.13671472E-01  1.16732857E-02 -3.05825232E-03  8.72575478E-06  3.29416588E-04  3.14296725E-03
  1.70000000E-01  1.04603623E-01  2.48461306E-03 -6.50595649E-04  4.13427357E-01  1.16100686E-02 -3.04252544E-03  8.80432663E-06  3.26338509E-04  3.11907665E-03
  1.80000000E-01  1.08736676E-01  2.60039766E-03 -6.80942269E-04  4.13279137E-01  1.15699490E-02 -3.03257901E-03  8.84439041E-06  3.23906631E-04  3.10107204E-03
  1.90000000E-01  1.12868726E-01  2.71589655E-03 -7.11218327E-04  4.13189774E-01  1.15454964E-02 -3.02653344E-03  8.87217063E-06  3.21902248E-04  3.08701609E-03
  2.00000000E-01  1.17000177E-01  2.83122926E-03 -7.41453434E-04 -9.80736386E-01 -1.22052058E-03  2.11838252E-04 -1.61764734E-04 -1.02398710E-04 -2.46128955E-04
  2.10000000E-01  1.00223183E-01  2.75519397E-03 -7.23143193E-04 -7.58198399E-01 -4.75609973E-03  1.26946565E-03 -7.26878748E-05 -2.48963678E-04 -1.38150755E-03
  2.20000000E-01  9.37538885E-02  2.68995507E-03 -7.05160399E-04 -5.27411429E-01 -7.77952214E-03  2.14088031E-03 -5.12378571E-05 -2.77329864E-04 -2.19251585E-03
  2.30000000E-01  8.96337091E-02  2.59704274E-03 -6.79394523E-04 -3.46638467E-01 -8.95140883E-03  2.47735473E-03 -1.56954006E-05 -3.06161950E-04 -2.54576590E-03
  2.40000000E-01  8.70711892E-02  2.50166922E-03 -6.52938603E-04 -2.20307950E-01 -8.69648343E-03  2.39786468E-03  1.92581338E-06 -2.84946131E-04 -2.45907160E-03
  2.50000000E-01  8.54997623E-02  2.41597901E-03 -6.29357407E-04 -1.37082437E-01 -7.61571238E-03  2.08193449E-03  9.25892571E-06 -2.41296919E-04 -2.12900548E-03
  2.60000000E-01  8.45450655E-02  2.34522574E-03 -6.10117713E-04 -8.41550148E-02 -6.22315657E-03  1.68091473E-03  1.07672473E-05 -1.91368898E-04 -1.71334173E-03
  2.70000000E-01  8.39681525E-02  2.28995695E-03 -5.95313664E-04 -5.12375516E-02 -4.84306756E-03  1.28869334E-03  9.56288000E-06 -1.44594980E-04 -1.30877861E-03
  2.80000000E-01  8.36203643E-02  2.24842672E-03 -5.84387838E-04 -3.10557579E-02 -3.63742111E-03  9.50756904E-04  7.46102122E-06 -1.05247091E-04 -9.61744477E-04
  2.90000000E-01  8.34107156E-02  2.21808075E-03 -5.76569951E-04 -1.87924854E-02 -2.66090392E-03  6.81125010E-04  5.36524602E-06 -7.43494678E-05 -6.86140696E-04
  3.00000000E-01  8.32841071E-02  2.19635429E-03 -5.71106861E-04 -1.13788020E-02 -1.90884410E-03  4.76846293E-04  3.63523098E-06 -5.12343159E-05 -4.78426787E-04
  3.10000000E-01  8.32073875E-02  2.18102615E-03 -5.67359791E-04 -6.90681126E-03 -1.34987516E-03  3.27708105E-04  2.34750739E-06 -3.45554410E-05 -3.27680805E-04
  3.20000000E-01  8.31606794E-02  2.17032224E-03 -5.64828401E-04 -4.20912388E-03 -9.45019267E-04  2.21778086E-04  1.45377990E-06 -2.28549697E-05 -2.21324448E-04
  3.30000000E-01  8.31320766E-02  2.16289633E-03 -5.63140270E-04 -2.57871623E-03 -6.57303577E-04  1.48092973E-04  8.66225895E-07 -1.48316429E-05 -1.47885693E-04
  3.40000000E-01  8.31144415E-02  2.15776187E-03 -5.62027766E-04 -1.59003082E-03 -4.55650339E-04  9.76601029E-05  4.97634904E-07 -9.43393904E-06 -9.80105065E-05
  3.50000000E-01  8.31034846E-02  2.15421364E-03 -5.61303329E-04 -9.87740324E-04 -3.15696954E-04  6.35834869E-05  2.76551003E-07 -5.86299317E-06 -6.45676279E-05
  3.60000000E-01  8.30966186E-02  2.15175643E-03 -5.60837878E-04 -6.18782278E-04 -2.19192779E-04  4.08061309E-05  1.50113956E-07 -3.53707387E-06 -4.23597372E-05
  3.70000000E-01  8.30922756E-02  2.15004703E-03 -5.60543703E-04 -3.91305778E-04 -1.52890587E-04  2.57336064E-05  8.17820617E-08 -2.04544688E-06 -2.77185557E-05
  3.80000000E-01  8.30894999E-02  2.14884963E-03 -5.60361730E-04 -2.50052682E-04 -1.07390979E-04  1.58648433E-05  4.75548241E-08 -1.10485844E-06 -1.81155650E-05
  3.90000000E-01  8.30877057E-02  2.14800322E-03 -5.60252425E-04 -1.61654673E-04 -7.61346475E-05  9.48419247E-06  3.23508876E-08 -5.23529638E-07 -1.18385921E-05
  4.00000000E-01  8.30865311E-02  2.14739815E-03 -5.60189486E-04 -1.05866604E-04 -5.46003934E-05  5.42650721E-06  2.70790782E-08 -1.73537414E-07 -7.74372130E-06
  4.10000000E-01  8.30857514E-02  2.14695982E-03 -5.60155510E-04 -7.03378568E-05 -3.97009402E-05  2.90561309E-06  2.64872884E-08  2.93867717E-08 -5.07434112E-06
  4.20000000E-01  8.30852256E-02  2.14663731E-03 -5.60139058E-04 -4.74882924E-05 -2.93300093E-05  1.38984107E-06  2.76932333E-08  1.40152473E-07 -3.33370330E-06
  4.30000000E-01  8.30848650E-02  2.14639586E-03 -5.60132739E-04 -3.26353423E-05 -2.20525532E-05  5.17059967E-07  2.92238845E-08  1.94184527E-07 -2.19737023E-06
