  0.00000000E+00  0.00000000E+00  0.00000000E+00  0.00000000E+00  1.90257477E+00  2.49017077E-04  4.12928357E-04  2.37679203E-04  8.64724209E-05 -4.40339229E-04
  1.00000000E-02  1.90257477E-02  2.49017077E-06  4.12928357E-06  1.32129746E+00  2.67212453E-03  1.21277585E-02  1.35638764E-04  8.61148071E-03 -4.91612338E-03
  2.00000000E-02  2.93323358E-02  4.13269533E-05  1.83981020E-04  9.61057198E-01  3.48888867E-03  1.67165100E-02  3.71106993E-05  1.16476600E-02 -6.42093000E-03
  3.00000000E-02  3.71417064E-02  8.02996608E-05  3.74089878E-04  7.14780391E-01  3.74295831E-03  1.86271797E-02 -2.30223698E-05  1.27708895E-02 -6.93906639E-03
  4.00000000E-02  4.30581263E-02  1.18999592E-04  5.69915023E-04  5.60280732E-01  3.57606216E-03  1.84505517E-02 -5.27797831E-05  1.24653309E-02 -6.71915294E-03
  5.00000000E-02  4.78884353E-02  1.53925733E-04  7.53537399E-04  4.68741757E-01  3.21390415E-03  1.71704346E-02 -6.46678923E-05  1.14258318E-02 -6.13206600E-03
  6.00000000E-02  5.21181580E-02  1.84253984E-04  9.18841160E-04  4.16709693E-01  2.81896742E-03  1.55411163E-02 -6.61771605E-05  1.02005490E-02 -5.46259370E-03
  7.00000000E-02  5.60250946E-02  2.10468975E-04  1.06610573E-03  3.88075647E-01  2.47597971E-03  1.39949831E-02 -6.25352179E-05  9.08612659E-03 -4.86317938E-03
  8.00000000E-02  5.97626809E-02  2.33513833E-04  1.19832490E-03  3.72721037E-01  2.21319829E-03  1.27182611E-02 -5.69239062E-05  8.19694882E-03 -4.39011907E-03
  9.00000000E-02  6.34131182E-02  2.54331909E-04  1.31912390E-03  3.64654594E-01  2.02795010E-03  1.17500287E-02 -5.11177142E-05  7.54469628E-03 -4.04636330E-03
  1.00000000E-01  6.70193319E-02  2.73685169E-04  1.43178302E-03  3.60480274E-01  1.90506650E-03  1.10581608E-02 -4.59404906E-05  7.09402998E-03 -3.81115639E-03
  1.10000000E-01  7.06032631E-02  2.92121416E-04  1.53890529E-03  3.58337640E-01  1.82711361E-03  1.05857072E-02 -4.16962906E-05  6.79672478E-03 -3.65758589E-03
  1.20000000E-01  7.41759263E-02  3.10002788E-04  1.64240009E-03  3.57235977E-01  1.77909038E-03  1.02749842E-02 -3.83915551E-05  6.60788790E-03 -3.56116256E-03
  1.30000000E-01  7.77427777E-02  3.27553576E-04  1.74359632E-03  3.56660172E-01  1.74976891E-03  1.00775268E-02 -3.59037832E-05  6.49185535E-03 -3.50266901E-03
  1.40000000E-01  8.13065004E-02  3.44904657E-04  1.84338430E-03  3.56347714E-01  1.73147343E-03  9.95646068E-03 -3.40664154E-05  6.42275361E-03 -3.46834621E-03
  1.50000000E-01  8.48684153E-02  3.62127914E-04  1.94234358E-03  3.56166924E-01  1.71930981E-03  9.88544795E-03 -3.27181447E-05  6.38294029E-03 -3.44892065E-03
  1.60000000E-01  8.84291806E-02  3.79260194E-04  2.04084300E-03  3.56052464E-01  1.71033712E-03  9.84649584E-03 -3.17216974E-05  6.36092627E-03 -3.43841876E-03
  1.70000000E-01  9.19891329E-02  3.96318702E-04  2.13911319E-03  3.55972052E-01  1.70288601E-03  9.82771220E-03 -3.09699603E-05  6.34949390E-03 -3.43313243E-03
  1.80000000E-01  9.55484514E-02  4.13310307E-04  2.23729640E-03  3.55909664E-01  1.69606571E-03  9.82143403E-03 -3.03841747E-05  6.34423876E-03 -3.43083008E-03
  1.90000000E-01  9.91072361E-02  4.30236862E-04  2.33547935E-03  3.55857221E-01  1.68943616E-03  9.82282023E-03 -2.99088903E-05  6.34253661E-03 -3.43020381E-03
  2.00000000E-01  1.02665546E-01  4.47098076E-04  2.43371448E-03 -9.63860347E-01 -7.87815585E-04 -2.87735948E-03 -1.91999829E-04 -2.23936470E-03  1.58349780E-03
  2.10000000E-01  8.64283548E-02  4.26833661E-04  2.34143999E-03 -7.24843232E-01 -1.39779026E-03 -5.88890450E-03 -8.61612859E-05 -4.49745974E-03  2.55179826E-03
  2.20000000E-01  8.03750080E-02  4.09805885E-04  2.26749322E-03 -4.79187117E-01 -1.72535837E-03 -8.20413620E-03 -5.49930886E-05 -5.81677777E-03  3.25826402E-03
  2.30000000E-01  7.68114174E-02  3.90914461E-04  2.17387570E-03 -2.94973423E-01 -1.74732150E-03 -8.73780781E-03 -8.67509563E-06 -6.09369334E-03  3.31713328E-03
  2.40000000E-01  7.47827517E-02  3.73331431E-04  2.08382926E-03 -1.72709067E-01 -1.51712729E-03 -8.00510055E-03  1.57951538E-05 -5.47059913E-03  2.93583260E-03
  2.50000000E-01  7.36669828E-02  3.59311129E-04  2.00744179E-03 -9.74640754E-02 -1.18404458E-03 -6.63163344E-03  2.63279443E-05 -4.43485198E-03  2.35355007E-03
  2.60000000E-01  7.30685670E-02  3.49136096E-04  1.94799279E-03 -5.34540214E-02 -8.52300829E-04 -5.11508400E-03  2.82391702E-05 -3.33893133E-03  1.75370850E-03
  2.70000000E-01  7.27540770E-02  3.42271807E-04  1.90442470E-03 -2.86683824E-02 -5.74944553E-04 -3.74057056E-03  2.56408885E-05 -2.37624233E-03  1.23482432E-03
  2.80000000E-01  7.25913214E-02  3.37909143E-04  1.87389156E-03 -1.51164029E-02 -3.67362613E-04 -2.62504285E-03  2.12301775E-05 -1.61759455E-03  8.30848255E-04
  2.90000000E-01  7.25079173E-02  3.35273426E-04  1.85321877E-03 -7.87939813E-03 -2.24151964E-04 -1.78316229E-03  1.65589249E-05 -1.06216864E-03  5.38463808E-04
  3.00000000E-01  7.24653083E-02  3.33747960E-04  1.83959655E-03 -4.08564700E-03 -1.31692349E-04 -1.18010702E-03  1.23908852E-05 -6.76996411E-04  3.38124880E-04
  3.10000000E-01  7.24434206E-02  3.32893334E-04  1.83081076E-03 -2.12357486E-03 -7.54000173E-05 -7.64856766E-04  9.00603711E-06 -4.20902299E-04  2.06676875E-04
  3.20000000E-01  7.24319952E-02  3.32420796E-04  1.82523844E-03 -1.11673395E-03 -4.29874797E-05 -4.87619729E-04  6.42065147E-06 -2.56287323E-04  1.23443780E-04
  3.30000000E-01  7.24258621E-02  3.32152984E-04  1.82174843E-03 -6.00554886E-04 -2.53498918E-05 -3.07018824E-04  4.52950803E-06 -1.53363723E-04  7.22947931E-05
  3.40000000E-01  7.24224374E-02  3.31987673E-04  1.81958124E-03 -3.33920073E-04 -1.63078988E-05 -1.91655650E-04  3.18882816E-06 -9.04699235E-05  4.16568371E-05
  3.50000000E-01  7.24204314E-02  3.31869804E-04  1.81824150E-03 -1.93754288E-04 -1.19499945E-05 -1.19092256E-04  2.25910928E-06 -5.27592673E-05  2.37047768E-05
  3.60000000E-01  7.24191947E-02  3.31772093E-04  1.81741340E-03 -1.17971091E-04 -9.95012921E-06 -7.39754845E-05  1.62321828E-06 -3.04962078E-05  1.33821905E-05
  3.70000000E-01  7.24183939E-02  3.31682591E-04  1.81689923E-03 -7.54303254E-05 -9.03154160E-06 -4.61378867E-05  1.19078015E-06 -1.75140665E-05  7.53888031E-06
  3.80000000E-01  7.24178523E-02  3.31596869E-04  1.81657704E-03 -5.04839219E-05 -8.52548029E-06 -2.90242099E-05  8.95966761E-07 -1.00141407E-05  4.27112288E-06
  3.90000000E-01  7.24174722E-02  3.31514145E-04  1.81637236E-03 -3.51776871E-05 -8.12546802E-06 -1.84854127E-05  6.92784923E-07 -5.70909042E-06  2.45800611E-06
  4.00000000E-01  7.24171969E-02  3.31434890E-04  1.81624020E-03 -2.53769415E-05 -7.70848072E-06 -1.19462496E-05  5.50098841E-07 -3.24690559E-06  1.45426539E-06
  4.10000000E-01  7.24169922E-02  3.31359890E-04  1.81615344E-03 -1.88605267E-05 -7.24825070E-06 -7.84199027E-06  4.47331803E-07 -1.84018346E-06  8.95659268E-07
  4.20000000E-01  7.24168362E-02  3.31289709E-04  1.81609554E-03 -1.43853934E-05 -6.73662924E-06 -5.22744026E-06  3.71112309E-07 -1.03555283E-06  5.80032620E-07
  4.30000000E-01  7.24167147E-02  3.31224900E-04  1.81605634E-03 -1.12247043E-05 -6.18591442E-06 -3.54191574E-06  3.12837630E-07 -5.74081767E-07  3.96774306E-07
  4.40000000E-01  7.24166182E-02  3.31165795E-04  1.81602934E-03 -8.93563904E-06 -5.62655200E-06 -2.43852484E-06  2.66985027E-07 -3.08588890E-07  2.86013430E-07
  4.50000000E-01  7.24165403E-02  3.31112326E-04  1.81601048E-03 -7.23881433E-06 -5.08237812E-06 -1.70218338E-06  2.29987699E-07 -1.55527079E-07  2.15563760E-07
  4.60000000E-01  7.24164764E-02  3.31064223E-04  1.81599714E-03 -5.95303479E-06 -4.56685483E-06 -1.19946376E-06  1.99509384E-07 -6.73836220E-08  1.68147416E-07
  4.70000000E-01  7.24164233E-02  3.31021132E-04  1.81598765E-03 -4.95826120E-06 -4.08590432E-06 -8.47271407E-07  1.73985703E-07 -1.70057327E-08  1.34435594E-07
  4.80000000E-01  7.24163787E-02  3.30982678E-04  1.81598094E-03 -4.17359670E-06 -3.64202535E-06 -5.93974508E-07  1.52338439E-07  1.12416648E-08  1.09311495E-07
  4.90000000E-01  7.24163409E-02  3.30948477E-04  1.81597627E-03 -3.54369471E-06 -3.23614027E-06 -4.07473334E-07  1.33799911E-07  2.64464909E-08  8.98891345E-08
  5.00000000E-01  7.24163086E-02  3.30918145E-04  1.81597313E-03 -3.03012345E-06 -2.86811591E-06 -2.67489887E-07  1.17805351E-07  3.39460226E-08  7.44723112E-08
