  0.00000000E+00  0.00000000E+00  0.00000000E+00  0.00000000E+00  1.90257477E+00  2.49017077E-04  4.12928357E-04  2.37679203E-04  8.64724209E-05 -4.40339229E-04
  1.00000000E-02  1.90257477E-02  2.49017077E-06  4.12928357E-06  1.39792731E+00  2.19045517E-02 -3.14173057E-03  2.27903435E-04 -1.79841129E-03  6.21532392E-03
  2.00000000E-02  3.04817836E-02  3.29813361E-04 -4.50613167E-05  1.06727363E+00  3.08137852E-02 -4.57612061E-03  2.21900580E-04 -2.78044832E-03  9.18941039E-03
  3.00000000E-02  3.95012514E-02  6.82497381E-04 -9.79944730E-05  8.33582750E-01  3.47752873E-02 -5.23570014E-03  2.28003242E-04 -3.35072672E-03  1.06531819E-02
  4.00000000E-02  4.66686245E-02  1.05005776E-03 -1.53649372E-04  6.78610730E-01  3.48966260E-02 -5.27122542E-03  2.39656389E-04 -3.58414661E-03  1.08984448E-02
  5.00000000E-02  5.26798717E-02  1.39963072E-03 -2.06539253E-04  5.79564420E-01  3.29064713E-02 -4.96401729E-03  2.49548732E-04 -3.58633517E-03  1.04719412E-02
  6.00000000E-02  5.79802844E-02  1.71874466E-03 -2.54643385E-04  5.17648991E-01  3.01432220E-02 -4.54001044E-03  2.54394991E-04 -3.46047972E-03  9.75603345E-03
  7.00000000E-02  6.28471971E-02  2.00636063E-03 -2.97923455E-04  4.79445768E-01  2.73974260E-02 -4.13109467E-03  2.53737668E-04 -3.27809271E-03  8.98941386E-03
  8.00000000E-02  6.74506387E-02  2.26660591E-03 -3.37189823E-04  4.56032745E-01  2.50368549E-02 -3.79559400E-03  2.48680504E-04 -3.08453119E-03  8.29329568E-03
  9.00000000E-02  7.18939010E-02  2.50517160E-03 -3.73468260E-04  4.41715984E-01  2.31699542E-02 -3.54715960E-03  2.40859920E-04 -2.90495366E-03  7.71417519E-03
  1.00000000E-01  7.62394771E-02  2.72753664E-03 -4.07697684E-04  4.32951563E-01  2.17720899E-02 -3.37753311E-03  2.31843483E-04 -2.75064874E-03  7.25646240E-03
  1.10000000E-01  8.05251706E-02  2.93826822E-03 -4.40624882E-04  4.27566393E-01  2.07649651E-02 -3.27068833E-03  2.22818527E-04 -2.62464339E-03  6.90621514E-03
  1.20000000E-01  8.47739087E-02  3.14088225E-03 -4.72797542E-04  4.24238900E-01  2.00596274E-02 -3.21014666E-03  2.14539013E-04 -2.52547215E-03  6.64368009E-03
  1.30000000E-01  8.89996602E-02  3.33795183E-03 -5.04596300E-04  4.22168162E-01  1.95761656E-02 -3.18203956E-03  2.07410334E-04 -2.44968518E-03  6.44933460E-03
  1.40000000E-01  9.32109881E-02  3.53129618E-03 -5.36276160E-04  4.20868671E-01  1.92503130E-02 -3.17581919E-03  2.01557245E-04 -2.39318318E-03  6.30633128E-03
  1.50000000E-01  9.74131774E-02  3.72217005E-03 -5.68003250E-04  4.20045292E-01  1.90336500E-02 -3.18398625E-03  1.96941704E-04 -2.35201582E-03  6.20112906E-03
  1.60000000E-01  1.01609513E-01  3.91142323E-03 -5.99883948E-04  4.19517752E-01  1.88912315E-02 -3.20142951E-03  1.93435458E-04 -2.32268524E-03  6.12331415E-03
  1.70000000E-01  1.05802053E-01  4.09962346E-03 -6.31985459E-04  4.19175285E-01  1.87985848E-02 -3.22477141E-03  1.90870567E-04 -2.30228851E-03  6.06511517E-03
  1.80000000E-01  1.09992094E-01  4.28714607E-03 -6.64349883E-04  4.18949376E-01  1.87389398E-02 -3.25182873E-03  1.89072503E-04 -2.28852054E-03  6.02084684E-03
  1.90000000E-01  1.14180458E-01  4.47423724E-03 -6.97003457E-04  4.18797349E-01  1.87009870E-02 -3.28121182E-03  1.87879916E-04 -2.27960697E-03  5.98640748E-03
  2.00000000E-01  1.18367671E-01  4.66105735E-03 -7.29962491E-04 -9.78650951E-01 -3.30910862E-03  8.11579650E-04 -6.94335112E-05 -3.63945735E-04  1.02532021E-05
  2.10000000E-01  1.01593920E-01  4.51791578E-03 -7.01382737E-04 -7.58338949E-01 -9.23305524E-03  1.83422569E-03 -2.65813794E-05  1.98918269E-04 -2.01543475E-03
  2.20000000E-01  9.51120908E-02  4.39596550E-03 -6.77927250E-04 -5.28534894E-01 -1.39646279E-02  2.80440051E-03 -6.41220862E-05  8.93013610E-04 -3.53401499E-03
  2.30000000E-01  9.09757621E-02  4.23266136E-03 -6.45032370E-04 -3.48864488E-01 -1.56234504E-02  3.00988717E-03 -6.91821132E-05  1.23148396E-03 -4.28782232E-03
  2.40000000E-01  8.83854693E-02  4.06813274E-03 -6.13906065E-04 -2.23067788E-01 -1.48504687E-02  2.78643550E-03 -7.77832183E-05  1.34501442E-03 -4.27726929E-03
  2.50000000E-01  8.67837749E-02  3.92349296E-03 -5.87158969E-04 -1.39977344E-01 -1.27428525E-02  2.33539629E-03 -8.27645251E-05  1.29392637E-03 -3.82110826E-03
  2.60000000E-01  8.57994537E-02  3.80660252E-03 -5.66060202E-04 -8.69086164E-02 -1.01987790E-02  1.82945869E-03 -8.28665209E-05  1.15015990E-03 -3.17940178E-03
  2.70000000E-01  8.51957112E-02  3.71733510E-03 -5.50295303E-04 -5.36864641E-02 -7.76545754E-03  1.36683871E-03 -7.84443649E-05  9.68757950E-04 -2.51894323E-03
  2.80000000E-01  8.48249573E-02  3.65184713E-03 -5.38940016E-04 -3.31267618E-02 -5.69871470E-03  9.87881754E-04 -7.07409973E-05  7.84629646E-04 -1.92669097E-03
  2.90000000E-01  8.45964882E-02  3.60519370E-03 -5.30955983E-04 -2.04759237E-02 -4.06777426E-03  6.98208259E-04 -6.12265978E-05  6.16889441E-04 -1.43602507E-03
  3.00000000E-01  8.44549831E-02  3.57267065E-03 -5.25422268E-04 -1.27041039E-02 -2.84356625E-03  4.86831147E-04 -5.11887914E-05  4.73876971E-04 -1.04982879E-03
  3.10000000E-01  8.43668012E-02  3.55035603E-03 -5.21610842E-04 -7.92311325E-03 -1.95703656E-03  3.37374068E-04 -4.15625675E-05  3.57351368E-04 -7.56424143E-04
  3.20000000E-01  8.43114750E-02  3.53521832E-03 -5.18984387E-04 -4.97173084E-03 -1.33178929E-03  2.33843005E-04 -3.29167224E-05  2.65501779E-04 -5.39092813E-04
  3.30000000E-01  8.42765146E-02  3.52502666E-03 -5.17163612E-04 -3.14077888E-03 -8.99411831E-04  1.62954520E-04 -2.55179713E-05  1.94908295E-04 -3.81067527E-04
  3.40000000E-01  8.42542616E-02  3.51819443E-03 -5.15888509E-04 -1.99822665E-03 -6.04736354E-04  1.14616260E-04 -1.94184582E-05  1.41713461E-04 -2.67730304E-04
  3.50000000E-01  8.42399921E-02  3.51362044E-03 -5.14984038E-04 -1.28067498E-03 -4.06014311E-04  8.15827867E-05 -1.45375106E-05  1.02253781E-04 -1.87268514E-04
  3.60000000E-01  8.42307731E-02  3.51055391E-03 -5.14333377E-04 -8.27030303E-04 -2.72969394E-04  5.88478849E-05 -1.07255391E-05  7.33484005E-05 -1.30576956E-04
  3.70000000E-01  8.42247710E-02  3.50848944E-03 -5.13858573E-04 -5.38297799E-04 -1.84296953E-04  4.30383830E-05 -7.80818986E-06  5.23862504E-05 -9.08558156E-05
  3.80000000E-01  8.42208317E-02  3.50708983E-03 -5.13507237E-04 -3.53289795E-04 -1.25312446E-04  3.19098428E-05 -5.61361286E-06  3.73054279E-05 -6.31379012E-05
  3.90000000E-01  8.42182238E-02  3.50613163E-03 -5.13243781E-04 -2.33945671E-04 -8.60752729E-05  2.39763970E-05 -3.98712292E-06  2.65232219E-05 -4.38516769E-05
  4.00000000E-01  8.42164811E-02  3.50546706E-03 -5.13043684E-04 -1.56435351E-04 -5.99246984E-05  1.82543819E-05 -2.79736320E-06  1.88506239E-05 -3.04584588E-05
  4.10000000E-01  8.42153043E-02  3.50499857E-03 -5.12889751E-04 -1.05741959E-04 -4.24203788E-05  1.40841254E-05 -1.93727801E-06  1.34092012E-05 -2.11688477E-05
  4.20000000E-01  8.42145003E-02  3.50466189E-03 -5.12769761E-04 -7.23430627E-05 -3.06257483E-05  1.10131687E-05 -1.32226096E-06  9.55844450E-06 -1.47293472E-05
  4.30000000E-01  8.42139439E-02  3.50441460E-03 -5.12674984E-04 -5.01641672E-05 -2.25990540E-05  8.72727877E-06 -8.87032916E-07  6.83615954E-06 -1.02658267E-05
  4.40000000E-01  8.42135532E-02  3.50422875E-03 -5.12599140E-04 -3.53081659E-05 -1.70598762E-05  7.00453248E-06 -5.82189702E-07  4.91155605E-06 -7.17070734E-06
  4.50000000E-01  8.42132743E-02  3.50408584E-03 -5.12537709E-04 -2.52612094E-05 -1.31696789E-05  5.68661117E-06 -3.70930932E-07  3.54940906E-06 -5.02266938E-06
  4.60000000E-01  8.42130720E-02  3.50397360E-03 -5.12487432E-04 -1.83931367E-05 -1.03827307E-05  4.66228884E-06 -2.26210096E-07  2.58328025E-06 -3.53002338E-06
  4.70000000E-01  8.42129224E-02  3.50388370E-03 -5.12445931E-04 -1.36412838E-05 -8.34263305E-06  3.85405246E-06 -1.28376346E-07  1.89584180E-06 -2.49103617E-06
  4.80000000E-01  8.42128097E-02  3.50381048E-03 -5.12411432E-04 -1.03092148E-05 -6.81511876E-06  3.20771405E-06 -6.32948898E-08  1.40460539E-06 -1.76626883E-06
  4.90000000E-01  8.42127233E-02  3.50374996E-03 -5.12382586E-04 -7.93795886E-06 -5.64517555E-06  2.68507840E-06 -2.08895192E-08  1.05167657E-06 -1.25935752E-06
  5.00000000E-01  8.42126558E-02  3.50369936E-03 -5.12358349E-04 -6.22324181E-06 -4.72932761E-06  2.25876241E-06  5.96393958E-09  7.96456992E-07 -9.03695330E-07
