  0.00000000E+00  0.00000000E+00  0.00000000E+00  0.00000000E+00  1.90257477E+00  2.49017077E-04  4.12928357E-04  2.37679203E-04  8.64724209E-05 -4.40339229E-04
  1.00000000E-02  1.90257477E-02  2.49017077E-06  4.12928357E-06  1.43458543E+00  1.01549057E-02 -2.03350450E-02  1.09818742E-04  1.64477820E-02  1.40865331E-03
  2.00000000E-02  3.10316553E-02  1.53568670E-04 -3.02961033E-04  1.11953436E+00  1.44506556E-02 -2.93610703E-02 -2.31267903E-05  2.41547148E-02  2.38910071E-03
  3.00000000E-02  4.06517435E-02  3.19553976E-04 -6.41701863E-04  8.93162095E-01  1.64564505E-02 -3.36740080E-02 -1.17508337E-04  2.81595818E-02  2.94062196E-03
  4.00000000E-02  4.84515032E-02  4.94147455E-04 -1.00000663E-03  7.39036257E-01  1.66727992E-02 -3.43101040E-02 -1.79731491E-04  2.91741719E-02  3.13534556E-03
  5.00000000E-02  5.50712366E-02  6.61957191E-04 -1.34628815E-03  6.37152686E-01  1.58780972E-02 -3.28393818E-02 -2.16360560E-04  2.84127278E-02  3.11763542E-03
  6.00000000E-02  6.09333456E-02  8.16764652E-04 -1.66732836E-03  5.70931862E-01  1.46805362E-02 -3.04953215E-02 -2.33503969E-04  2.68082962E-02  2.98631995E-03
  7.00000000E-02  6.63115601E-02  9.57582210E-04 -1.96056127E-03  5.28293292E-01  1.34472198E-02 -2.80305896E-02 -2.36926803E-04  2.49648631E-02  2.80963033E-03
  8.00000000E-02  7.13813001E-02  1.08588783E-03 -2.22854351E-03  5.00970864E-01  1.23572061E-02 -2.58215477E-02 -2.31646236E-04  2.32107400E-02  2.62750604E-03
  9.00000000E-02  7.62543966E-02  1.20400982E-03 -2.47571378E-03  4.83496982E-01  1.14719901E-02 -2.40064257E-02 -2.21661491E-04  2.16928247E-02  2.46074061E-03
  1.00000000E-01  8.10019970E-02  1.31430364E-03 -2.70670242E-03  4.72324048E-01  1.07905744E-02 -2.25943131E-02 -2.09789587E-04  2.04523686E-02  2.31785399E-03
  1.10000000E-01  8.56693728E-02  1.41880231E-03 -2.92558499E-03  4.65174915E-01  1.02847139E-02 -2.15359131E-02 -1.97881927E-04  1.94764450E-02  2.20054515E-03
  1.20000000E-01  9.02853763E-02  1.51912014E-03 -3.13565212E-03  4.60595924E-01  9.91857231E-03 -2.07635247E-02 -1.86972894E-04  1.87287744E-02  2.10700870E-03
  1.30000000E-01  9.48684406E-02  1.61647516E-03 -3.33942543E-03  4.57661018E-01  9.65821310E-03 -2.02109279E-02 -1.77531320E-04  1.81667569E-02  2.03394565E-03
  1.40000000E-01  9.94303763E-02  1.71175549E-03 -3.53877172E-03  4.55780213E-01  9.47527763E-03 -1.98215766E-02 -1.69680240E-04  1.77499921E-02  1.97767211E-03
  1.50000000E-01  1.03978774E-01  1.80559359E-03 -3.73504073E-03  4.54577082E-01  9.34767007E-03 -1.95506157E-02 -1.63339846E-04  1.74438114E-02  1.93470782E-03
  1.60000000E-01  1.08518530E-01  1.89843225E-03 -3.92919209E-03  4.53810904E-01  9.25891978E-03 -1.93640546E-02 -1.58328040E-04  1.72201440E-02  1.90203142E-03
  1.70000000E-01  1.13052808E-01  1.99057770E-03 -4.12189983E-03  4.53327310E-01  9.19711162E-03 -1.92369111E-02 -1.54426585E-04  1.70571084E-02  1.87715297E-03
  1.80000000E-01  1.17583663E-01  2.08223978E-03 -4.31363322E-03  4.53027012E-01  9.15380588E-03 -1.91512108E-02 -1.51419957E-04  1.69380952E-02  1.85809313E-03
  1.90000000E-01  1.22112431E-01  2.17356131E-03 -4.50471683E-03  4.52845952E-01  9.12311462E-03 -1.90942165E-02 -1.49115109E-04  1.68507405E-02  1.84331973E-03
  2.00000000E-01  1.26639986E-01  2.26463900E-03 -4.69537402E-03 -9.83227128E-01 -8.99717651E-04  1.22496109E-03 -2.81858063E-04  7.07322690E-04  4.82169148E-04
  2.10000000E-01  1.09627349E-01  2.20552766E-03 -4.58152852E-03 -7.72297249E-01 -3.74119491E-03  7.16370924E-03 -1.54400509E-04 -4.59172421E-03 -1.15980996E-04
  2.20000000E-01  1.02959026E-01  2.15390832E-03 -4.48019769E-03 -5.51967106E-01 -6.10214842E-03  1.22481817E-02 -9.05715592E-05 -8.79047503E-03 -7.03255590E-04
  2.30000000E-01  9.85410056E-02  2.08108207E-03 -4.33229351E-03 -3.75529872E-01 -7.04998842E-03  1.44094813E-02 -1.25402443E-05 -1.10021915E-02 -1.04020343E-03
  2.40000000E-01  9.56678930E-02  2.00584299E-03 -4.17739220E-03 -2.48871710E-01 -6.85927328E-03  1.41897295E-02  3.80671166E-05 -1.12726650E-02 -1.15412289E-03
  2.50000000E-01  9.38124667E-02  1.93820383E-03 -4.03659366E-03 -1.62489149E-01 -6.01253196E-03  1.25667323E-02  6.76101901E-05 -1.03362355E-02 -1.11475141E-03
  2.60000000E-01  9.26194880E-02  1.88231222E-03 -3.91904132E-03 -1.05228126E-01 -4.91738486E-03  1.03791344E-02  8.07212158E-05 -8.82967594E-03 -9.91821133E-04
  2.70000000E-01  9.18535119E-02  1.83861410E-03 -3.82618797E-03 -6.78769460E-02 -3.83086214E-03  8.16501409E-03  8.23604637E-05 -7.18429684E-03 -8.35492412E-04
  2.80000000E-01  9.13614983E-02  1.80573810E-03 -3.75560843E-03 -4.37280659E-02 -2.88118563E-03  6.20097954E-03  7.68692835E-05 -5.64369167E-03 -6.76844205E-04
  2.90000000E-01  9.10449621E-02  1.78167462E-03 -3.70341881E-03 -2.81835734E-02 -2.11156369E-03  4.58835843E-03  6.76220190E-05 -4.31859934E-03 -5.32507538E-04
  3.00000000E-01  9.08408488E-02  1.76440710E-03 -3.66559833E-03 -1.81932869E-02 -1.51831641E-03  3.32962502E-03  5.69929225E-05 -3.23882139E-03 -4.09556526E-04
  3.10000000E-01  9.07088674E-02  1.75219017E-03 -3.63859574E-03 -1.17709449E-02 -1.07677615E-03  2.38111139E-03  4.64916941E-05 -2.39112696E-03 -3.09371205E-04
  3.20000000E-01  9.06232696E-02  1.74363011E-03 -3.61952720E-03 -7.63641598E-03 -7.56350216E-04  1.68425259E-03  3.69628786E-05 -1.74339145E-03 -2.30314547E-04
  3.30000000E-01  9.05675781E-02  1.73766873E-03 -3.60616897E-03 -4.96902259E-03 -5.28062934E-04  1.18170933E-03  2.87857737E-05 -1.25841315E-03 -1.69427097E-04
  3.40000000E-01  9.05312248E-02  1.73352954E-03 -3.59686459E-03 -3.24373348E-03 -3.67577231E-04  8.24239245E-04  2.20429518E-05 -9.00952832E-04 -1.23413826E-04
  3.50000000E-01  9.05074139E-02  1.73065620E-03 -3.59040955E-03 -2.12466688E-03 -2.55813367E-04  5.72525459E-04  1.66472289E-05 -6.40719822E-04 -8.91636960E-05
  3.60000000E-01  9.04917626E-02  1.72865688E-03 -3.58594286E-03 -1.39667260E-03 -1.78467030E-04  3.96593658E-04  1.24291754E-05 -4.53134784E-04 -6.39809176E-05
  3.70000000E-01  9.04814359E-02  1.72725894E-03 -3.58285658E-03 -9.21650226E-04 -1.25140449E-04  2.74297260E-04  9.19251640E-06 -3.18997801E-04 -4.56508974E-05
  3.80000000E-01  9.04745945E-02  1.72627417E-03 -3.58072509E-03 -6.10732601E-04 -8.84366179E-05  1.89624045E-04  6.74598447E-06 -2.23708790E-04 -3.24197726E-05
  3.90000000E-01  9.04700417E-02  1.72557333E-03 -3.57925222E-03 -4.06576953E-04 -6.31740644E-05  1.31168427E-04  4.91927224E-06 -1.56383689E-04 -2.29352206E-05
  4.00000000E-01  9.04669967E-02  1.72506790E-03 -3.57823281E-03 -2.72077553E-04 -4.57484397E-05  9.08865266E-05  3.56905573E-06 -1.09030590E-04 -1.61755251E-05
  4.10000000E-01  9.04649485E-02  1.72469754E-03 -3.57752536E-03 -1.83155628E-04 -3.36878312E-05  6.31573146E-05  2.57931488E-06 -7.58502850E-05 -1.13809502E-05
  4.20000000E-01  9.04635615E-02  1.72442097E-03 -3.57703243E-03 -1.24142543E-04 -2.52857995E-05  4.40730727E-05  1.85877096E-06 -5.26741866E-05 -7.99370774E-06
  4.30000000E-01  9.04626152E-02  1.72421012E-03 -3.57668712E-03 -8.48142649E-05 -1.93819831E-05  3.09302401E-05  1.33714293E-06 -3.65286311E-05 -5.60848535E-06
  4.40000000E-01  9.04619637E-02  1.72404582E-03 -3.57644353E-03 -5.84815142E-05 -1.51777416E-05  2.18642211E-05  9.61225977E-07 -2.53055841E-05 -3.93324978E-06
  4.50000000E-01  9.04615105E-02  1.72391506E-03 -3.57627022E-03 -4.07559995E-05 -1.21346107E-05  1.55923565E-05  6.91283496E-07 -1.75183769E-05 -2.75905361E-06
  4.60000000E-01  9.04611916E-02  1.72380893E-03 -3.57614566E-03 -2.87511676E-05 -9.88837297E-06  1.12357445E-05  4.97961185E-07 -1.21230754E-05 -1.93726446E-06
  4.70000000E-01  9.04609641E-02  1.72372128E-03 -3.57605508E-03 -2.05630927E-05 -8.19393503E-06  8.19373888E-06  3.59767431E-07 -8.38928578E-06 -1.36266547E-06
  4.80000000E-01  9.04607994E-02  1.72364781E-03 -3.57598836E-03 -1.49324078E-05 -6.88622042E-06  6.05579844E-06  2.61082274E-07 -5.80754318E-06 -9.61074285E-07
  4.90000000E-01  9.04606782E-02  1.72358549E-03 -3.57593849E-03 -1.10235716E-05 -5.85432289E-06  4.54153785E-06  1.90622082E-07 -4.02339935E-06 -6.80364186E-07
  5.00000000E-01  9.04605875E-02  1.72353210E-03 -3.57590064E-03 -8.28043463E-06 -5.02285562E-06  3.45941459E-06  1.40276578E-07 -2.79079014E-06 -4.84007953E-07
