  0.00000000E+00  0.00000000E+00  0.00000000E+00  0.00000000E+00  1.90257480E+00  2.49030151E-04  4.12927561E-04  2.37702552E-04  8.64615588E-05 -4.40366946E-04
  1.00000000E-02  1.90257480E-02  2.49030151E-06  4.12927561E-06  1.50388422E+00 -1.35735113E-02 -1.37421401E-02  2.20677302E-04  7.83807220E-03 -1.47708203E-03
  2.00000000E-02  3.20711372E-02 -2.02357519E-04 -2.04067463E-04  1.22273313E+00 -2.03954968E-02 -2.07392355E-02  2.09511413E-04  1.20421258E-02 -2.01844227E-03
  3.00000000E-02  4.28927130E-02 -4.40422414E-04 -4.46445295E-04  1.01473405E+00 -2.40973260E-02 -2.45513522E-02  2.11371979E-04  1.45275767E-02 -2.33950563E-03
  4.00000000E-02  5.20000582E-02 -6.99904821E-04 -7.11019401E-04  8.66446175E-01 -2.52903137E-02 -2.58002768E-02  2.20769860E-04  1.55930239E-02 -2.46602540E-03
  5.00000000E-02  5.99230805E-02 -9.58772896E-04 -9.75266792E-04  7.62644343E-01 -2.49255765E-02 -2.54552520E-02  2.31691095E-04  1.57397041E-02 -2.47864963E-03
  6.00000000E-02  6.70305148E-02 -1.20620498E-03 -1.22809419E-03  6.90624410E-01 -2.37765017E-02 -2.43099951E-02  2.40491449E-04  1.53624750E-02 -2.42224777E-03
  7.00000000E-02  7.35766592E-02 -1.43822462E-03 -1.46546785E-03  6.40843036E-01 -2.23505352E-02 -2.28848874E-02  2.45596441E-04  1.47382998E-02 -2.33139862E-03
  8.00000000E-02  7.97361827E-02 -1.65460014E-03 -1.68719119E-03  6.06466423E-01 -2.09359180E-02 -2.14749608E-02  2.46842543E-04  1.40379826E-02 -2.22784641E-03
  9.00000000E-02  8.56289639E-02 -1.85688623E-03 -1.89489116E-03  5.82714487E-01 -1.96723076E-02 -2.02224719E-02  2.44905650E-04  1.33567560E-02 -2.12412716E-03
  1.00000000E-01  9.13373491E-02 -2.04729126E-03 -2.09085344E-03  5.66281477E-01 -1.86099771E-02 -1.91779061E-02  2.40741963E-04  1.27417935E-02 -2.02708289E-03
  1.10000000E-01  9.69179988E-02 -2.22807937E-03 -2.27740967E-03  5.54892983E-01 -1.77508455E-02 -1.83422805E-02  2.35276718E-04  1.22113335E-02 -1.93994993E-03
  1.20000000E-01  1.02409986E-01 -2.40129217E-03 -2.45665435E-03  5.46986621E-01 -1.70740246E-02 -1.76934327E-02  2.29249366E-04  1.17673595E-02 -1.86376539E-03
  1.30000000E-01  1.07840321E-01 -2.56864831E-03 -2.63034444E-03  5.41488619E-01 -1.65503955E-02 -1.72010539E-02  2.23186215E-04  1.14034933E-02 -1.79834032E-03
  1.40000000E-01  1.13227717E-01 -2.73153412E-03 -2.79989308E-03  5.37659931E-01 -1.61502844E-02 -1.68344978E-02  2.17441316E-04  1.11097245E-02 -1.74277747E-03
  1.50000000E-01  1.18585173E-01 -2.89103641E-03 -2.96640528E-03  5.34990845E-01 -1.58470176E-02 -1.65663570E-02  2.12221237E-04  1.08750800E-02 -1.69584997E-03
  1.60000000E-01  1.23921736E-01 -3.04799025E-03 -3.13072815E-03  5.33129021E-01 -1.56181831E-02 -1.63737019E-02  2.07621054E-04  1.06890409E-02 -1.65626763E-03
  1.70000000E-01  1.29243717E-01 -3.20302791E-03 -3.29350189E-03  5.31830332E-01 -1.54457220E-02 -1.62381262E-02  2.03657724E-04  1.05422139E-02 -1.62279539E-03
  1.80000000E-01  1.34555527E-01 -3.35662283E-03 -3.45520527E-03  5.30925246E-01 -1.53154838E-02 -1.61452553E-02  2.00300782E-04  1.04265701E-02 -1.59431513E-03
  1.90000000E-01  1.39860254E-01 -3.50912647E-03 -3.61619347E-03  5.30295773E-01 -1.52165973E-02 -1.60840777E-02  1.97493522E-04  1.03354480E-02 -1.56985362E-03
  2.00000000E-01  1.45160064E-01 -3.66079801E-03 -3.77672836E-03 -9.74600710E-01 -1.85668104E-03 -1.82211569E-03 -4.66666284E-05  2.65747346E-03 -2.78749435E-04
  2.10000000E-01  1.27889575E-01 -3.61256524E-03 -3.72363971E-03 -7.86982308E-01  2.70436565E-03  2.86820446E-03 -8.89938497E-07 -2.87729881E-04  1.20289833E-04
  2.20000000E-01  1.20957843E-01 -3.56271635E-03 -3.67150606E-03 -5.86161278E-01  6.62113196E-03  7.22920218E-03 -2.84761445E-05 -2.75967733E-03  3.45926529E-04
  2.30000000E-01  1.16100336E-01 -3.47692120E-03 -3.57740905E-03 -4.20392874E-01  8.77263933E-03  9.48187543E-03 -2.95708074E-05 -4.38596138E-03  5.65099259E-04
  2.40000000E-01  1.12725249E-01 -3.37843727E-03 -3.47132693E-03 -2.96087099E-01  9.27742257E-03  9.99410076E-03 -3.77460322E-05 -5.04725271E-03  6.60235518E-04
  2.50000000E-01  1.10385907E-01 -3.28313913E-03 -3.36882480E-03 -2.06715053E-01  8.71527830E-03  9.36727500E-03 -4.56988476E-05 -5.04332373E-03  6.75057154E-04
  2.60000000E-01  1.08765617E-01 -3.19879707E-03 -3.27828618E-03 -1.43777188E-01  7.61031903E-03  8.16654914E-03 -5.13672856E-05 -4.65049084E-03  6.38718164E-04
  2.70000000E-01  1.07642534E-01 -3.12821867E-03 -3.20262431E-03 -9.98984133E-02  6.32785897E-03  6.78359880E-03 -5.39430115E-05 -4.07301344E-03  5.74387178E-04
  2.80000000E-01  1.06862944E-01 -3.07135239E-03 -3.14170308E-03 -6.94422492E-02  5.08269346E-03  5.44696668E-03 -5.35503367E-05 -3.44306990E-03  4.98208585E-04
  2.90000000E-01  1.06320802E-01 -3.02675128E-03 -3.09391657E-03 -4.83313573E-02  3.98049135E-03  4.26768902E-03 -5.08025156E-05 -2.83703739E-03  4.20599786E-04
  3.00000000E-01  1.05943043E-01 -2.99245738E-03 -3.05713607E-03 -3.36935365E-02  3.05847791E-03  3.28364477E-03 -4.64642735E-05 -2.29334459E-03  3.47699943E-04
  3.10000000E-01  1.05679297E-01 -2.96648266E-03 -3.02921984E-03 -2.35316849E-02  2.31580568E-03  2.49241229E-03 -4.12517103E-05 -1.82672730E-03  2.82663131E-04
  3.20000000E-01  1.05494789E-01 -2.94703797E-03 -3.00825188E-03 -1.64654087E-02  1.73334859E-03  1.87252230E-03 -3.57404834E-05 -1.43826117E-03  2.26685238E-04
  3.30000000E-01  1.05365467E-01 -2.93261677E-03 -2.99262611E-03 -1.15425781E-02  1.28539878E-03  1.39590586E-03 -3.03436637E-05 -1.12190125E-03  1.79762652E-04
  3.40000000E-01  1.05274655E-01 -2.92200253E-03 -2.98105013E-03 -8.10644271E-03  9.45944243E-04  1.03449554E-03 -2.53261101E-05 -8.68495651E-04  1.41221824E-04
  3.50000000E-01  1.05210771E-01 -2.91424036E-03 -2.97251223E-03 -5.70346693E-03  6.91624055E-04  7.63272999E-04 -2.08337890E-05 -6.68104876E-04  1.10069991E-04
  3.60000000E-01  1.05165751E-01 -2.90859572E-03 -2.96623561E-03 -4.01990130E-03  5.02794288E-04  5.61317441E-04 -1.69256625E-05 -5.11242945E-04  8.52151555E-05
  3.70000000E-01  1.05133970E-01 -2.90451193E-03 -2.96163222E-03 -2.83826175E-03  3.63605600E-04  4.11823135E-04 -1.36019766E-05 -3.89461774E-04  6.55946932E-05
  3.80000000E-01  1.05111496E-01 -2.90157181E-03 -2.95826146E-03 -2.00747835E-03  2.61623338E-04  3.01651309E-04 -1.08267745E-05 -2.95554138E-04  5.02430646E-05
  3.90000000E-01  1.05095575E-01 -2.89946549E-03 -2.95579580E-03 -1.42239738E-03  1.87283895E-04  2.20725281E-04 -8.54450313E-06 -2.23548187E-04  3.83208243E-05
  4.00000000E-01  1.05084276E-01 -2.89796435E-03 -2.95399318E-03 -1.00967984E-03  1.33338075E-04  1.61424454E-04 -6.69150560E-06 -1.68598486E-04  2.91203560E-05
  4.10000000E-01  1.05076243E-01 -2.89690070E-03 -2.95267544E-03 -7.18078761E-04  9.43508214E-05  1.18045442E-04 -5.20346192E-06 -1.26835017E-04  2.20586346E-05
  4.20000000E-01  1.05070520E-01 -2.89615213E-03 -2.95171188E-03 -5.11720108E-04  6.62860073E-05  8.63518383E-05 -4.01983991E-06 -9.52043572E-05  1.66636453E-05
  4.30000000E-01  1.05066435E-01 -2.89562959E-03 -2.95100683E-03 -3.65448467E-04  4.61654725E-05  6.32144057E-05 -3.08624451E-06 -7.13206468E-05  1.25585149E-05
  4.40000000E-01  1.05063512E-01 -2.89526854E-03 -2.95049037E-03 -2.61595910E-04  3.17987368E-05  4.63306083E-05 -2.35537033E-06 -5.33342680E-05  9.44568987E-06
  4.50000000E-01  1.05061415E-01 -2.89502238E-03 -2.95011148E-03 -1.87734147E-04  2.15824279E-05  3.40128072E-05 -1.78707554E-06 -3.98206038E-05  7.09239729E-06
  4.60000000E-01  1.05059907E-01 -2.89485764E-03 -2.94983295E-03 -1.35107720E-04  1.43523925E-05  2.50260813E-05 -1.34794403E-06 -2.96883282E-05  5.31793652E-06
  4.70000000E-01  1.05058819E-01 -2.89475027E-03 -2.94962762E-03 -9.75396956E-05  9.26522657E-06  1.84679495E-05 -1.01058573E-06 -2.21052669E-05  3.98293488E-06
  4.80000000E-01  1.05058032E-01 -2.89468305E-03 -2.94947573E-03 -7.06661352E-05  5.70985099E-06  1.36794158E-05 -7.52835194E-07 -1.64393492E-05  2.98048772E-06
  4.90000000E-01  1.05057459E-01 -2.89464373E-03 -2.94936288E-03 -5.13997157E-05  3.24593350E-06  1.01797553E-05 -5.56947018E-07 -1.22121159E-05  2.22898202E-06
  5.00000000E-01  1.05057042E-01 -2.89462359E-03 -2.94927858E-03 -3.75532033E-05  1.56125341E-06  7.61779666E-06 -4.08844933E-07 -9.06245189E-06  1.66636717E-06
