  0.00000000E+00  0.00000000E+00  0.00000000E+00  0.00000000E+00  1.90257477E+00  2.49017077E-04  4.12928357E-04  2.37679203E-04  8.64724209E-05 -4.40339229E-04
  1.00000000E-02  1.90257477E-02  2.49017077E-06  4.12928357E-06  1.37793032E+00  1.71168789E-02 -1.33891810E-02  2.47144677E-04 -6.40038746E-03 -3.10855936E-04
  2.00000000E-02  3.01818287E-02  2.57998269E-04 -1.98773073E-04  1.03874126E+00  2.37804844E-02 -1.90653906E-02  2.59578922E-04 -9.30073406E-03 -3.17764438E-04
  3.00000000E-02  3.88732960E-02  5.29121140E-04 -4.17808027E-04  8.00964490E-01  2.65860609E-02 -2.16213157E-02  2.78775485E-04 -1.07484284E-02 -3.57159479E-04
  4.00000000E-02  4.56940571E-02  8.09009632E-04 -6.46800809E-04  6.45386248E-01  2.64238491E-02 -2.17270314E-02  2.98361184E-04 -1.10556869E-02 -4.32841928E-04
  5.00000000E-02  5.13700283E-02  1.07243706E-03 -8.64599702E-04  5.47750752E-01  2.46798821E-02 -2.04878064E-02  3.10782841E-04 -1.06624441E-02 -4.84560948E-04
  6.00000000E-02  5.63593584E-02  1.31051605E-03 -1.06328164E-03  4.88084204E-01  2.24077518E-02 -1.87621646E-02  3.13938436E-04 -9.96121606E-03 -5.11906749E-04
  7.00000000E-02  6.09418677E-02  1.52323292E-03 -1.24227508E-03  4.52245576E-01  2.02153957E-02 -1.70558900E-02  3.08779542E-04 -9.19410627E-03 -5.16426713E-04
  8.00000000E-02  6.52851303E-02  1.71442509E-03 -1.40430261E-03  4.30950026E-01  1.83716809E-02 -1.56013829E-02  2.97843019E-04 -8.48995788E-03 -5.05334513E-04
  9.00000000E-02  6.94881528E-02  1.88892333E-03 -1.55304390E-03  4.18369177E-01  1.69418838E-02 -1.44639015E-02  2.83902092E-04 -7.90280292E-03 -4.86326748E-04
  1.00000000E-01  7.36089403E-02  2.05119318E-03 -1.69199551E-03  4.10949573E-01  1.58907613E-02 -1.36240002E-02  2.69288073E-04 -7.44149699E-03 -4.65361569E-04
  1.10000000E-01  7.76813380E-02  2.20484518E-03 -1.82403600E-03  4.06565672E-01  1.51461718E-02 -1.30292691E-02  2.55554884E-04 -7.09370828E-03 -4.46114159E-04
  1.20000000E-01  8.17250752E-02  2.35258395E-03 -1.95135504E-03  4.03961643E-01  1.46321688E-02 -1.26218312E-02  2.43541458E-04 -6.83949548E-03 -4.30489464E-04
  1.30000000E-01  8.57516715E-02  2.49633562E-03 -2.07553616E-03  4.02401083E-01  1.42833024E-02 -1.23506098E-02  2.33573163E-04 -6.65822519E-03 -4.19058713E-04
  1.40000000E-01  8.97678795E-02  2.63742432E-03 -2.19768615E-03  4.01453721E-01  1.40486021E-02 -1.21751408E-02  2.25614524E-04 -6.53168525E-03 -4.11598781E-04
  1.50000000E-01  9.37776799E-02  2.77673684E-03 -2.31856021E-03  4.00868233E-01  1.38907901E-02 -1.20653702E-02  2.19447635E-04 -6.44506205E-03 -4.07529502E-04
  1.60000000E-01  9.77834348E-02  2.91485568E-03 -2.43866506E-03  4.00497536E-01  1.37837421E-02 -1.19999005E-02  2.14782123E-04 -6.38695616E-03 -4.06164209E-04
  1.70000000E-01  1.01786557E-01  3.05215786E-03 -2.55833672E-03  4.00255195E-01  1.37096954E-02 -1.19639349E-02  2.11315225E-04 -6.34889834E-03 -4.06854831E-04
  1.80000000E-01  1.05787897E-01  3.18888458E-03 -2.67779624E-03  4.00090125E-01  1.36568441E-02 -1.19474498E-02  2.08771621E-04 -6.32475364E-03 -4.09052375E-04
  1.90000000E-01  1.09787973E-01  3.32518876E-03 -2.79718831E-03  3.99971933E-01  1.36174749E-02 -1.19437519E-02  2.06919586E-04 -6.31016565E-03 -4.12322360E-04
  2.00000000E-01  1.13787101E-01  3.46116667E-03 -2.91660734E-03 -9.76572250E-01 -3.11579298E-03  2.14399224E-03 -6.73048673E-05  2.27474350E-04  1.42413395E-06
  2.10000000E-01  9.71386578E-02  3.34634240E-03 -2.82472870E-03 -7.51280335E-01 -7.59074118E-03  6.01924042E-03 -2.88594266E-05  2.17224070E-03  6.57543787E-05
  2.20000000E-01  9.07523141E-02  3.24806024E-03 -2.74516005E-03 -5.16164498E-01 -1.08657819E-02  9.08983641E-03 -7.75901072E-05  3.85562204E-03  1.22280660E-04
  2.30000000E-01  8.67662483E-02  3.12302722E-03 -2.63890871E-03 -3.34621311E-01 -1.19218939E-02  1.00760774E-02 -8.98271002E-05  4.57293276E-03  1.58000326E-04
  2.40000000E-01  8.43277511E-02  2.99852772E-03 -2.53321673E-03 -2.09157826E-01 -1.11449096E-02  9.50827445E-03 -1.01803192E-04  4.53406585E-03  1.88164415E-04
  2.50000000E-01  8.28634903E-02  2.89096355E-03 -2.44097300E-03 -1.27739491E-01 -9.40743190E-03  8.10076328E-03 -1.06751947E-04  4.03813737E-03  2.02177588E-04
  2.60000000E-01  8.19931870E-02  2.80557662E-03 -2.36700292E-03 -7.68660359E-02 -7.39850234E-03  6.43815358E-03 -1.04279979E-04  3.34966164E-03  1.99313103E-04
  2.70000000E-01  8.14788939E-02  2.74163624E-03 -2.31093444E-03 -4.58402255E-02 -5.52650642E-03  4.86937146E-03 -9.58376763E-05  2.64260382E-03  1.83118237E-04
  2.80000000E-01  8.11756207E-02  2.69573116E-03 -2.27008463E-03 -2.72127596E-02 -3.97159201E-03  3.55173134E-03 -8.36582302E-05  2.00905532E-03  1.58863706E-04
  2.90000000E-01  8.09966305E-02  2.66378981E-03 -2.24115552E-03 -1.61366137E-02 -2.77118026E-03  2.52229774E-03 -6.99284129E-05  1.48500475E-03  1.31463072E-04
  3.00000000E-01  8.08906451E-02  2.64208006E-03 -2.22107971E-03 -9.58462727E-03 -1.89047071E-03  1.75658079E-03 -5.63473505E-05  1.07389708E-03  1.04577141E-04
  3.10000000E-01  8.08275587E-02  2.62757890E-03 -2.20734249E-03 -5.71540096E-03 -1.26796461E-03  1.20650423E-03 -4.40057832E-05  7.63316576E-04  8.04523350E-05
  3.20000000E-01  8.07897508E-02  2.61801179E-03 -2.19802783E-03 -3.42794927E-03 -8.40125584E-04  8.21115558E-04 -3.34530446E-05  5.35167070E-04  6.01403218E-05
  3.30000000E-01  8.07669086E-02  2.61174973E-03 -2.19174362E-03 -2.07112298E-03 -5.52267858E-04  5.55898360E-04 -2.48390244E-05  3.71132921E-04  4.38479067E-05
  3.40000000E-01  8.07529815E-02  2.60766634E-03 -2.18751072E-03 -1.26219966E-03 -3.61670452E-04  3.75624781E-04 -1.80616820E-05  2.55160249E-04  3.12739517E-05
  3.50000000E-01  8.07444041E-02  2.60500262E-03 -2.18465584E-03 -7.76801915E-04 -2.36940987E-04  2.54058508E-04 -1.28872635E-05  1.74248919E-04  2.18718449E-05
  3.60000000E-01  8.07390631E-02  2.60325686E-03 -2.18272308E-03 -4.83338039E-04 -1.55966440E-04  1.72434165E-04 -9.03466202E-06  1.18391523E-04  1.50256937E-05
  3.70000000E-01  8.07356970E-02  2.60210207E-03 -2.18140687E-03 -3.04427299E-04 -1.03641809E-04  1.17700920E-04 -6.22707158E-06  8.01512463E-05  1.01528200E-05
  3.80000000E-01  8.07335473E-02  2.60132727E-03 -2.18050352E-03 -1.94364236E-04 -6.98733541E-05  8.09558730E-05 -4.21894064E-06  5.41426476E-05  6.75273785E-06
  3.90000000E-01  8.07321540E-02  2.60079738E-03 -2.17987769E-03 -1.25996050E-04 -4.80289474E-05  5.62052341E-05 -2.80641159E-06  3.65415915E-05  4.42195372E-06
  4.00000000E-01  8.07312359E-02  2.60042631E-03 -2.17943939E-03 -8.30831676E-05 -3.38175376E-05  3.94509707E-05 -1.82796415E-06  2.46736668E-05  2.84974417E-06
  4.10000000E-01  8.07306196E-02  2.60015919E-03 -2.17912865E-03 -5.58419583E-05 -2.44909025E-05  2.80406080E-05 -1.16003628E-06  1.66908104E-05  1.80510301E-06
  4.20000000E-01  8.07301974E-02  2.59996092E-03 -2.17890530E-03 -3.83333503E-05 -1.82863761E-05  2.02162285E-05 -7.10673589E-07  1.13280359E-05  1.12104008E-06
  4.30000000E-01  8.07299016E-02  2.59980908E-03 -2.17874226E-03 -2.69239483E-05 -1.40856517E-05  1.48084435E-05 -4.12954366E-07  7.72594155E-06  6.79595124E-07
  4.40000000E-01  8.07296894E-02  2.59968923E-03 -2.17862121E-03 -1.93735560E-05 -1.11731554E-05  1.10357753E-05 -2.19069477E-07  5.30410098E-06  3.99058898E-07
  4.50000000E-01  8.07295334E-02  2.59959206E-03 -2.17852972E-03 -1.42900466E-05 -9.09355211E-06  8.37368592E-06 -9.53993762E-08  3.67228495E-06  2.23782220E-07
  4.60000000E-01  8.07294159E-02  2.59951152E-03 -2.17845929E-03 -1.08013724E-05 -7.55870582E-06  6.46885166E-06 -1.86248682E-08  2.56902730E-06  1.16431637E-07
  4.70000000E-01  8.07293254E-02  2.59944361E-03 -2.17840413E-03 -8.35674012E-06 -6.38704728E-06  5.08392159E-06  2.72317619E-08  1.81955645E-06  5.23040044E-08
  4.80000000E-01  8.07292540E-02  2.59938559E-03 -2.17836021E-03 -6.60523119E-06 -5.46393627E-06  4.05897775E-06  5.29954762E-08  1.30722470E-06  1.52651203E-08
  4.90000000E-01  8.07291967E-02  2.59933557E-03 -2.17832475E-03 -5.32116005E-06 -4.71629874E-06  3.28647667E-06  6.59223838E-08  9.54229294E-07 -5.08916091E-09
  5.00000000E-01  8.07291499E-02  2.59929214E-03 -2.17829574E-03 -4.35787277E-06 -4.09683623E-06  2.69376220E-06  7.08250482E-08  7.08668963E-07 -1.53813232E-08
