  0.00000000E+00  0.00000000E+00  0.00000000E+00  0.00000000E+00  1.90257477E+00  2.49017077E-04  4.12928357E-04  2.37679203E-04  8.64724209E-05 -4.40339229E-04
  1.00000000E-02  1.90257477E-02  2.49017077E-06  4.12928357E-06  1.42370352E+00 -1.83159809E-02 -9.46011310E-03  1.30814154E-04  3.97647026E-03 -7.49347643E-03
  2.00000000E-02  3.08684266E-02 -2.73494629E-04 -1.39837055E-04  1.10379049E+00 -2.60327881E-02 -1.35974871E-02  8.91652621E-06  5.79872677E-03 -1.07041089E-02
  3.00000000E-02  4.03067664E-02 -5.72406545E-04 -2.96498796E-04  8.74994318E-01 -2.95360214E-02 -1.55118056E-02 -8.09352921E-05  6.73326946E-03 -1.23314261E-02
  4.00000000E-02  4.79127287E-02 -8.85282926E-04 -4.61188445E-04  7.20368809E-01 -2.97737371E-02 -1.56864118E-02 -1.43809088E-04  6.94151454E-03 -1.26724495E-02
  5.00000000E-02  5.43432893E-02 -1.18420888E-03 -6.18925594E-04  6.19122813E-01 -2.81978760E-02 -1.48876658E-02 -1.84324039E-04  6.73371874E-03 -1.22727999E-02
  6.00000000E-02  6.00282874E-02 -1.45830833E-03 -7.63808521E-04  5.54042096E-01 -2.59314819E-02 -1.37152677E-02 -2.06655802E-04  6.33074685E-03 -1.15313775E-02
  7.00000000E-02  6.52433048E-02 -1.70629118E-03 -8.95099208E-04  5.12649598E-01 -2.36429881E-02 -1.25278022E-02 -2.15486644E-04  5.87624845E-03 -1.07053738E-02
  8.00000000E-02  7.01628383E-02 -1.93127859E-03 -1.01443990E-03  4.86470991E-01 -2.16497556E-02 -1.14960027E-02 -2.15249585E-04  5.44754603E-03 -9.93295348E-03
  9.00000000E-02  7.48966552E-02 -2.13780998E-03 -1.12424093E-03  4.69954514E-01 -2.00523128E-02 -1.06741758E-02 -2.09538229E-04  5.07826260E-03 -9.27345832E-03
  1.00000000E-01  7.95136179E-02 -2.33034590E-03 -1.22687356E-03  4.59538034E-01 -1.88384474E-02 -1.00560077E-02 -2.01109380E-04  4.77670876E-03 -8.74041893E-03
  1.10000000E-01  8.40569159E-02 -2.51266104E-03 -1.32434279E-03  4.52963066E-01 -1.79489423E-02 -9.60987551E-03 -1.91862175E-04  4.53875953E-03 -8.32498628E-03
  1.20000000E-01  8.85536717E-02 -2.68770294E-03 -1.41821089E-03  4.48806890E-01 -1.73135072E-02 -9.29825446E-03 -1.82988434E-04  4.35519519E-03 -8.00932856E-03
  1.30000000E-01  9.30209597E-02 -2.85766084E-03 -1.50963533E-03  4.46175766E-01 -1.68675983E-02 -9.08676296E-03 -1.75122901E-04  4.21563538E-03 -7.77377459E-03
  1.40000000E-01  9.74695617E-02 -3.02410728E-03 -1.59944550E-03  4.44508426E-01 -1.65584447E-02 -8.94734934E-03 -1.68524046E-04  4.11035717E-03 -7.60022884E-03
  1.50000000E-01  1.01906309E-01 -3.18814596E-03 -1.68822192E-03  4.43451928E-01 -1.63456818E-02 -8.85860573E-03 -1.63219274E-04  4.03108563E-03 -7.47344392E-03
  1.60000000E-01  1.06335546E-01 -3.35053896E-03 -1.77636426E-03  4.42783817E-01 -1.61997253E-02 -8.80487886E-03 -1.59107746E-04  3.97116187E-03 -7.38123767E-03
  1.70000000E-01  1.10760044E-01 -3.51180643E-03 -1.86414442E-03  4.42363472E-01 -1.60995119E-02 -8.77505044E-03 -1.56029439E-04  3.92541846E-03 -7.31421730E-03
  1.80000000E-01  1.15181577E-01 -3.67230048E-03 -1.95174578E-03  4.42101711E-01 -1.60303456E-02 -8.76138160E-03 -1.53808170E-04  3.88994641E-03 -7.26532237E-03
  1.90000000E-01  1.19601285E-01 -3.83225811E-03 -2.03929125E-03  4.41941785E-01 -1.59821191E-02 -8.75856232E-03 -1.52275869E-04  3.86184391E-03 -7.22934549E-03
  2.00000000E-01  1.24019903E-01 -3.99183817E-03 -2.12686278E-03 -9.82632599E-01  2.10956655E-03  1.17276953E-03 -2.95531154E-04  2.45169717E-04  2.12440221E-04
  2.10000000E-01  1.07070705E-01 -3.88028407E-03 -2.06547842E-03 -7.68768560E-01  7.20968059E-03  4.00914244E-03 -1.79521911E-04 -1.26151445E-03  2.24909283E-03
  2.20000000E-01  1.00452340E-01 -3.78268670E-03 -2.01120514E-03 -5.45449860E-01  1.12345213E-02  6.33358944E-03 -1.11632277E-04 -2.02543624E-03  4.04476616E-03
  2.30000000E-01  9.61144348E-02 -3.65021728E-03 -1.93624701E-03 -3.67805363E-01  1.28001838E-02  7.19814206E-03 -3.41353976E-05 -2.56636369E-03  4.89326306E-03
  2.40000000E-01  9.33246037E-02 -3.51438713E-03 -1.85994282E-03 -2.41175152E-01  1.23115157E-02  6.92607654E-03  2.00775636E-05 -2.61826548E-03  4.93675830E-03
  2.50000000E-01  9.15460032E-02 -3.39371531E-03 -1.79204238E-03 -1.55594658E-01  1.06729954E-02  6.01412542E-03  5.42648590E-05 -2.39239239E-03  4.47779563E-03
  2.60000000E-01  9.04179591E-02 -3.29517796E-03 -1.73646089E-03 -9.94672901E-02  8.62756202E-03  4.87630461E-03  7.19558887E-05 -2.03802512E-03  3.78960657E-03
  2.70000000E-01  8.97039230E-02 -3.21912951E-03 -1.69338694E-03 -6.32904917E-02  6.63582816E-03  3.76806655E-03  7.75004229E-05 -1.65442290E-03  3.05612798E-03
  2.80000000E-01  8.92519021E-02 -3.16272989E-03 -1.66124747E-03 -4.02017835E-02  4.92035586E-03  2.81236980E-03  7.50054978E-05 -1.29700064E-03  2.37943195E-03
  2.90000000E-01  8.89653278E-02 -3.12210370E-03 -1.63790225E-03 -2.55415277E-02  3.54899803E-03  2.04654661E-03  6.78478297E-05 -9.90581734E-04  1.80412577E-03
  3.00000000E-01  8.87832138E-02 -3.09347051E-03 -1.62126590E-03 -1.62518656E-02  2.50626526E-03  1.46202214E-03  5.85291499E-05 -7.41509843E-04  1.34021367E-03
  3.10000000E-01  8.86671435E-02 -3.07362152E-03 -1.60956830E-03 -1.03653044E-02  1.74108401E-03  1.03072162E-03  4.87331948E-05 -5.46378652E-04  9.79685102E-04
  3.20000000E-01  8.85929232E-02 -3.06003658E-03 -1.60141759E-03 -6.63016157E-03  1.19401317E-03  7.20034882E-04  3.94778602E-05 -3.97555311E-04  7.06980816E-04
  3.30000000E-01  8.85452973E-02 -3.05083181E-03 -1.59577068E-03 -4.25492231E-03  8.10425483E-04  5.00022744E-04  3.12911060E-05 -2.86325983E-04  5.04896901E-04
  3.40000000E-01  8.85146243E-02 -3.04464549E-03 -1.59187051E-03 -2.74034866E-03  5.45404681E-04  3.46073549E-04  2.43711821E-05 -2.04488423E-04  3.57516408E-04
  3.50000000E-01  8.84947937E-02 -3.04051655E-03 -1.58917952E-03 -1.77164427E-03  3.64355222E-04  2.39221465E-04  1.87141412E-05 -1.45019018E-04  2.51383215E-04
  3.60000000E-01  8.84819208E-02 -3.03777824E-03 -1.58732157E-03 -1.15007603E-03  2.41737099E-04  1.65449490E-04  1.42061662E-05 -1.02234029E-04  1.75728667E-04
  3.70000000E-01  8.84735278E-02 -3.03597396E-03 -1.58603593E-03 -7.49915409E-04  1.59267511E-04  1.14670779E-04  1.06851922E-05 -7.17033645E-05  1.22246626E-04
  3.80000000E-01  8.84680295E-02 -3.03479363E-03 -1.58514312E-03 -4.91407128E-04  1.04110613E-04  7.97691773E-05  7.97876573E-06 -5.00646073E-05  8.46969528E-05
  3.90000000E-01  8.84644080E-02 -3.03402831E-03 -1.58451993E-03 -3.23809053E-04  6.73861776E-05  5.57869275E-05  5.92504499E-06 -3.48154250E-05  5.84829128E-05
  4.00000000E-01  8.84620079E-02 -3.03353807E-03 -1.58408197E-03 -2.14738911E-04  4.30229255E-05  3.92931803E-05  4.38268415E-06 -2.41213936E-05  4.02692122E-05
  4.10000000E-01  8.84604058E-02 -3.03322966E-03 -1.58377151E-03 -1.43467900E-04  2.69291594E-05  2.79219144E-05  3.23392677E-06 -1.66535037E-05  2.76645118E-05
  4.20000000E-01  8.84593275E-02 -3.03304084E-03 -1.58354915E-03 -9.66868278E-05  1.63577772E-05  2.00543561E-05  2.38389924E-06 -1.14579561E-05  1.89705953E-05
  4.30000000E-01  8.84585945E-02 -3.03293012E-03 -1.58338794E-03 -6.58250361E-05  9.46823625E-06  1.45826574E-05  1.75804457E-06 -7.85547222E-06  1.29908233E-05
  4.40000000E-01  8.84580906E-02 -3.03286988E-03 -1.58326947E-03 -4.53473071E-05  5.02971455E-06  1.07473675E-05  1.29888962E-06 -5.36534648E-06  8.88739214E-06
  4.50000000E-01  8.84577395E-02 -3.03284178E-03 -1.58318118E-03 -3.16684469E-05  2.21710419E-06  8.03217567E-06  9.62796925E-07 -3.64919796E-06  6.07686271E-06
  4.60000000E-01  8.84574912E-02 -3.03283367E-03 -1.58311443E-03 -2.24594857E-05  4.77791214E-07  6.08819583E-06  7.17033222E-07 -2.46990004E-06  4.15475348E-06
  4.70000000E-01  8.84573127E-02 -3.03283759E-03 -1.58306327E-03 -1.62029001E-05 -5.57840977E-07  4.67972198E-06  5.37282872E-07 -1.66192217E-06  2.84170917E-06
  4.80000000E-01  8.84571819E-02 -3.03284834E-03 -1.58302352E-03 -1.19067024E-05 -1.13703034E-06  3.64664662E-06  4.05624278E-07 -1.11009868E-06  1.94541099E-06
  4.90000000E-01  8.84570843E-02 -3.03286261E-03 -1.58299221E-03 -8.92018519E-06 -1.42459398E-06  2.87925555E-06  3.08930887E-07 -7.34540615E-07  1.33381984E-06
  5.00000000E-01  8.84570101E-02 -3.03287829E-03 -1.58296726E-03 -6.81486562E-06 -1.52994321E-06  2.30210554E-06  2.37635335E-07 -4.79975790E-07  9.16490893E-07
