  0.00000000E+00  0.00000000E+00  0.00000000E+00  0.00000000E+00  1.90257480E+00  2.49030151E-04  4.12927561E-04  2.37702552E-04  8.64615588E-05 -4.40366946E-04
  1.00000000E-02  1.90257480E-02  2.49030151E-06  4.12927561E-06  1.44107447E+00  1.57044622E-02  6.35589273E-03  1.52893001E-04  1.27804857E-02 -2.18619502E-02
  2.00000000E-02  3.11289910E-02  2.36812084E-04  9.74030287E-05  1.12916552E+00  2.31362706E-02  9.24126324E-03  7.73907436E-05  1.85700907E-02 -3.14180471E-02
  3.00000000E-02  4.08611015E-02  5.05333832E-04  2.04242514E-04  9.04303229E-01  2.70320471E-02  1.07561308E-02  3.05250604E-05  2.14906123E-02 -3.61573768E-02
  4.00000000E-02  4.87798223E-02  7.95133186E-04  3.19378159E-04  7.50366535E-01  2.80510527E-02  1.11594262E-02  5.45558166E-06  2.21444770E-02 -3.71074699E-02
  5.00000000E-02  5.55138042E-02  1.08073874E-03  4.32988899E-04  6.47943765E-01  2.73279732E-02  1.08893992E-02 -7.08981421E-06  2.14363474E-02 -3.57940431E-02
  6.00000000E-02  6.14811280E-02  1.35040308E-03  5.40532755E-04  5.80882819E-01  2.57771230E-02  1.02926355E-02 -1.25363906E-05  2.01116828E-02 -3.34850682E-02
  7.00000000E-02  6.69546514E-02  1.60042005E-03  6.40475291E-04  5.37365767E-01  2.39900133E-02  9.59462114E-03 -1.43913037E-05  1.86402597E-02 -3.09698207E-02
  8.00000000E-02  7.21107239E-02  1.83138464E-03  7.32931431E-04  5.09253804E-01  2.22903405E-02  8.92035374E-03 -1.45894769E-05  1.72723189E-02 -2.86615029E-02
  9.00000000E-02  7.70627021E-02  2.04578968E-03  8.18763632E-04  4.91123328E-01  2.08228199E-02  8.32754573E-03 -1.40826701E-05  1.61136063E-02 -2.67281432E-02
  1.00000000E-01  8.18832830E-02  2.24668028E-03  8.99075049E-04  4.79427479E-01  1.96275370E-02  7.83420011E-03 -1.33443413E-05  1.51874547E-02 -2.51995104E-02
  1.10000000E-01  8.66190785E-02  2.43697923E-03  9.74950322E-04  4.71871189E-01  1.86907718E-02  7.43748255E-03 -1.25770142E-05  1.44760211E-02 -2.40382893E-02
  1.20000000E-01  9.13000090E-02  2.61920312E-03  1.04734156E-03  4.66977597E-01  1.79758932E-02  7.12524222E-03 -1.18779798E-05  1.39450919E-02 -2.31819885E-02
  1.30000000E-01  9.59453170E-02  2.79538766E-03  1.11703278E-03  4.63798685E-01  1.74404166E-02  6.88248534E-03 -1.13002253E-05  1.35575735E-02 -2.25651945E-02
  1.40000000E-01  1.00567409E-01  2.96711445E-03  1.18464385E-03  4.61726100E-01  1.70443893E-02  6.69464878E-03 -1.08835741E-05  1.32797544E-02 -2.21296861E-02
  1.50000000E-01  1.05174307E-01  3.13557820E-03  1.25065115E-03  4.60369121E-01  1.67537916E-02  6.54904583E-03 -1.06385115E-05  1.30836689E-02 -2.18279122E-02
  1.60000000E-01  1.09771214E-01  3.30166313E-03  1.31541360E-03  4.59476274E-01  1.65412781E-02  6.43526784E-03 -1.05591087E-05  1.29472767E-02 -2.16228934E-02
  1.70000000E-01  1.14361512E-01  3.46601334E-03  1.37919739E-03  4.58885313E-01  1.63856929E-02  6.34510455E-03 -1.06324843E-05  1.28538180E-02 -2.14868457E-02
  1.80000000E-01  1.18947410E-01  3.62909235E-03  1.44219762E-03  4.58491273E-01  1.62711025E-02  6.27225466E-03 -1.08416943E-05  1.27908730E-02 -2.13994043E-02
  1.90000000E-01  1.23530353E-01  3.79123042E-03  1.50455591E-03  4.58226054E-01  1.61857404E-02  6.21197730E-03 -1.11676818E-05  1.27494109E-02 -2.13459120E-02
  2.00000000E-01  1.28111287E-01  3.95266101E-03  1.56637430E-03 -9.82608112E-01  6.59518230E-04  5.00979107E-04 -1.83989580E-04 -3.17218604E-04  1.30565090E-03
  2.10000000E-01  1.11081036E-01  3.88162509E-03  1.54282910E-03 -7.74787322E-01 -4.59536140E-03 -1.55228797E-03 -8.95364385E-05 -4.06848641E-03  7.23399541E-03
  2.20000000E-01  1.04372266E-01  3.80939707E-03  1.51703988E-03 -5.55054069E-01 -8.62705990E-03 -2.90174464E-03 -6.65330329E-05 -7.46218452E-03  1.30171840E-02
  2.30000000E-01  9.99203918E-02  3.70296798E-03  1.48127515E-03 -3.79425675E-01 -1.06813260E-02 -3.71907513E-03 -2.62625636E-05 -8.95780199E-03  1.53373114E-02
  2.40000000E-01  9.70042771E-02  3.58588339E-03  1.43999775E-03 -2.52733654E-01 -1.08750270E-02 -3.84764287E-03 -3.28375063E-06 -8.96781886E-03  1.52106468E-02
  2.50000000E-01  9.51104006E-02  3.47616462E-03  1.40087848E-03 -1.65916880E-01 -9.91995027E-03 -3.55334491E-03  9.30008833E-06 -8.06422932E-03  1.35742530E-02
  2.60000000E-01  9.38853157E-02  3.38174050E-03  1.36681652E-03 -1.08063711E-01 -8.43330443E-03 -3.05344575E-03  1.51967057E-05 -6.76190625E-03  1.13003462E-02
  2.70000000E-01  9.30939444E-02  3.30484068E-03  1.33878156E-03 -7.01129334E-02 -6.82991866E-03 -2.49715020E-03  1.71211750E-05 -5.40008108E-03  8.95988014E-03
  2.80000000E-01  9.25825690E-02  3.24455842E-03  1.31659154E-03 -4.54325347E-02 -5.34112675E-03 -1.97027132E-03  1.68356185E-05 -4.16211378E-03  6.85583175E-03
  2.90000000E-01  9.22516456E-02  3.19859112E-03  1.29952322E-03 -2.94515444E-02 -4.06943406E-03 -1.51313122E-03  1.54115810E-05 -3.12358700E-03  5.10755092E-03
  3.00000000E-01  9.20370351E-02  3.16425524E-03  1.28667761E-03 -1.91199406E-02 -3.03966995E-03 -1.13790668E-03  1.34808243E-05 -2.29672592E-03  3.72796696E-03
  3.10000000E-01  9.18974937E-02  3.13900736E-03  1.27717466E-03 -1.24394249E-02 -2.23602876E-03 -8.41485592E-04  1.14101082E-05 -1.66200209E-03  2.67804480E-03
  3.20000000E-01  9.18065021E-02  3.12066528E-03  1.27024191E-03 -8.11407831E-03 -1.62543107E-03 -6.13771987E-04  9.40821682E-06 -1.18761446E-03  1.89991685E-03
  3.30000000E-01  9.17469880E-02  3.10746396E-03  1.26524276E-03 -5.30793552E-03 -1.17072349E-03 -4.42523425E-04  7.58800170E-06 -8.40136389E-04  1.33462713E-03
  3.40000000E-01  9.17079394E-02  3.09803026E-03  1.26167377E-03 -3.48292201E-03 -8.37269878E-04 -3.15879709E-04  6.00239213E-06 -5.89542603E-04  9.30210992E-04
  3.50000000E-01  9.16822352E-02  3.09132483E-03  1.25914819E-03 -2.29277250E-03 -5.95634970E-04 -2.23488995E-04  4.66633458E-06 -4.11007592E-04  6.44321466E-04
  3.60000000E-01  9.16652583E-02  3.08657665E-03  1.25737525E-03 -1.51441453E-03 -4.22157873E-04 -1.56848870E-04  3.57114597E-06 -2.85033005E-04  4.44108650E-04
  3.70000000E-01  9.16540059E-02  3.08322246E-03  1.25613997E-03 -1.00386736E-03 -2.98511871E-04 -1.09248556E-04  2.69444502E-06 -1.96828710E-04  3.04932425E-04
  3.80000000E-01  9.16465200E-02  3.08085557E-03  1.25528548E-03 -6.67978305E-04 -2.10870465E-04 -7.55382712E-05  2.00715246E-06 -1.35452469E-04  2.08751612E-04
  3.90000000E-01  9.16415196E-02  3.07918507E-03  1.25469865E-03 -4.46319547E-04 -1.49003404E-04 -5.18483242E-05  1.47829784E-06 -9.29577322E-05  1.42591507E-04
  4.00000000E-01  9.16381647E-02  3.07800438E-03  1.25429862E-03 -2.99582747E-04 -1.05458382E-04 -3.53182121E-05  1.07812046E-06 -6.36547021E-05  9.72474461E-05
  4.10000000E-01  9.16359026E-02  3.07716752E-03  1.25402809E-03 -2.02125762E-04 -7.48629723E-05 -2.38619990E-05  7.79856560E-07 -4.35140914E-05  6.62577954E-05
  4.20000000E-01  9.16343686E-02  3.07657186E-03  1.25384675E-03 -1.37174330E-04 -5.33907850E-05 -1.59688668E-05  5.60567647E-07 -2.97072127E-05  4.51237282E-05
  4.30000000E-01  9.16333216E-02  3.07614532E-03  1.25372652E-03 -9.37251328E-05 -3.83228745E-05 -1.05564009E-05  4.01313479E-07 -2.02619368E-05  3.07332478E-05
  4.40000000E-01  9.16326016E-02  3.07583743E-03  1.25364802E-03 -6.45408098E-05 -2.77408963E-05 -6.86047082E-06  2.86921156E-07 -1.38109403E-05  2.09446933E-05
  4.50000000E-01  9.16321021E-02  3.07561293E-03  1.25359790E-03 -4.48484187E-05 -2.02923910E-05 -4.34754367E-06  2.05541059E-07 -9.41045610E-06  1.42901570E-05
  4.60000000E-01  9.16317521E-02  3.07544725E-03  1.25356699E-03 -3.14918896E-05 -1.50282114E-05 -2.64792147E-06  1.48116280E-07 -6.41141677E-06  9.76674347E-06
  4.70000000E-01  9.16315040E-02  3.07532329E-03  1.25354901E-03 -2.23787905E-05 -1.12877729E-05 -1.50925550E-06  1.07855530E-07 -4.36873050E-06  6.69097540E-06
  4.80000000E-01  9.16313257E-02  3.07522911E-03  1.25353961E-03 -1.61181662E-05 -8.60869731E-06 -7.57520763E-07  7.97512513E-08 -2.97789501E-06  4.59795943E-06
  4.90000000E-01  9.16311959E-02  3.07515642E-03  1.25353579E-03 -1.17828711E-05 -6.66985540E-06 -2.71932997E-07  6.01666856E-08 -2.03097833E-06  3.17193750E-06
  5.00000000E-01  9.16310997E-02  3.07509941E-03  1.25353550E-03 -8.75312518E-06 -5.25001213E-06  3.19993873E-08  4.64972449E-08 -1.38619994E-06  2.19866436E-06
