  0.00000000E+00  0.00000000E+00  0.00000000E+00  0.00000000E+00  1.90257477E+00  2.49017077E-04  4.12928357E-04  2.37679203E-04  8.64724209E-05 -4.40339229E-04
  1.00000000E-02  1.90257477E-02  2.49017077E-06  4.12928357E-06  1.37931631E+00 -5.06333007E-04  9.37399728E-03  7.02564239E-05 -2.03462335E-03  1.54739003E-02
  2.00000000E-02  3.02026184E-02 -6.34990971E-06  1.42674601E-04  1.04026823E+00 -9.17548525E-04  1.30490504E-02 -8.87442168E-05 -2.82697995E-03  2.17395436E-02
  3.00000000E-02  3.89100604E-02 -1.75814726E-05  2.91540370E-04  8.02278637E-01 -1.15273425E-03  1.46781892E-02 -1.95113474E-04 -3.15044129E-03  2.44007515E-02
  4.00000000E-02  4.57428988E-02 -3.02847437E-05  4.46467956E-04  6.46271442E-01 -1.23569667E-03  1.47077146E-02 -2.57294432E-04 -3.10010314E-03  2.42852665E-02
  5.00000000E-02  5.14255772E-02 -4.30565225E-05  5.93692729E-04  5.48167727E-01 -1.22545618E-03  1.38581191E-02 -2.86933029E-04 -2.86938825E-03  2.26797605E-02
  6.00000000E-02  5.64167359E-02 -5.52598818E-05  7.28025943E-04  4.88120664E-01 -1.16032454E-03  1.26909093E-02 -2.93634379E-04 -2.58340310E-03  2.05762245E-02
  7.00000000E-02  6.09977073E-02 -6.65374691E-05  8.49098987E-04  4.52034106E-01 -1.06923792E-03  1.15376368E-02 -2.86046420E-04 -2.31509887E-03  1.85468929E-02
  8.00000000E-02  6.53376155E-02 -7.67744152E-05  9.58708992E-04  4.30615109E-01 -9.70849172E-04  1.05517823E-02 -2.70929701E-04 -2.09446539E-03  1.68450601E-02
  9.00000000E-02  6.95366716E-02 -8.59909631E-05  1.05929754E-03  4.18005415E-01 -8.76165618E-04  9.77735860E-03 -2.53166011E-04 -1.92676346E-03  1.55315629E-02
  1.00000000E-01  7.36536773E-02 -9.42792016E-05  1.15319901E-03  4.10617792E-01 -7.90644680E-04  9.20247707E-03 -2.35769764E-04 -1.80576055E-03  1.45734873E-02
  1.10000000E-01  7.77229171E-02 -1.01758044E-04  1.24234937E-03  4.06298374E-01 -7.16220322E-04  8.79295074E-03 -2.20402159E-04 -1.72153587E-03  1.39029362E-02
  1.20000000E-01  8.17643038E-02 -1.08548125E-04  1.32823125E-03  4.03771422E-01 -6.52675959E-04  8.51047476E-03 -2.07725593E-04 -1.66422012E-03  1.34481343E-02
  1.30000000E-01  8.57893832E-02 -1.14757163E-04  1.41192362E-03  4.02288312E-01 -5.98713331E-04  8.32087482E-03 -1.97788366E-04 -1.62563036E-03  1.31471308E-02
  1.40000000E-01  8.98048508E-02 -1.20474483E-04  1.49418437E-03  4.01412402E-01 -5.52628863E-04  8.19683132E-03 -1.90309210E-04 -1.59960188E-03  1.29517340E-02
  1.50000000E-01  9.38145953E-02 -1.25770349E-04  1.57553246E-03  4.00889903E-01 -5.12711683E-04  8.11788663E-03 -1.84868748E-04 -1.58176002E-03  1.28268093E-02
  1.60000000E-01  9.78208818E-02 -1.30697880E-04  1.65631660E-03  4.00573516E-01 -4.77447589E-04  8.06937309E-03 -1.81028659E-04 -1.56913061E-03  1.27478666E-02
  1.70000000E-01  1.01825035E-01 -1.35296036E-04  1.73676777E-03  4.00377720E-01 -4.45596001E-04  8.04109195E-03 -1.78394010E-04 -1.55975730E-03  1.26983916E-02
  1.80000000E-01  1.05827833E-01 -1.39592738E-04  1.81703728E-03  4.00252777E-01 -4.16193156E-04  8.02610884E-03 -1.76638294E-04 -1.55238660E-03  1.26675272E-02
  1.90000000E-01  1.09829736E-01 -1.43607655E-04  1.89722345E-03  4.00169673E-01 -3.88519107E-04  8.01978670E-03 -1.75506740E-04 -1.54623217E-03  1.26482772E-02
  2.00000000E-01  1.13831018E-01 -1.47354476E-04  1.97738971E-03 -9.78497731E-01 -5.34313222E-04 -1.71264185E-03 -2.65484483E-04  4.33617958E-04 -2.89441349E-03
  2.10000000E-01  9.71527032E-02 -1.53426579E-04  1.91160115E-03 -7.52817353E-01 -1.38524850E-04 -4.08684289E-03 -1.21545873E-04  9.00261124E-04 -7.02239525E-03
  2.20000000E-01  9.07529315E-02 -1.52832885E-04  1.85886171E-03 -5.18055241E-01 -1.66132700E-04 -6.05905913E-03 -3.99331258E-05  1.28592289E-03 -1.02174601E-02
  2.30000000E-01  8.67461897E-02 -1.54632252E-04  1.78841004E-03 -3.36121854E-01 -7.04748306E-06 -6.66129866E-03  4.33159022E-05  1.38606821E-03 -1.11780076E-02
  2.40000000E-01  8.42946381E-02 -1.53907300E-04  1.71878586E-03 -2.10191095E-01  9.03562240E-05 -6.26566159E-03  9.19013820E-05  1.27718221E-03 -1.04234807E-02
  2.50000000E-01  8.28223809E-02 -1.52516720E-04  1.65810743E-03 -1.28306830E-01  1.44286678E-04 -5.32789687E-03  1.13638523E-04  1.05959918E-03 -8.76373861E-03
  2.60000000E-01  8.19487339E-02 -1.50804201E-04  1.60951728E-03 -7.70566848E-02  1.61710117E-04 -4.22563005E-03  1.16191601E-04  8.16450700E-04 -6.85462220E-03
  2.70000000E-01  8.14344178E-02 -1.49099982E-04  1.57277232E-03 -4.57738836E-02  1.53569176E-04 -3.18588895E-03  1.06908097E-04  5.95179151E-04 -5.08287844E-03
  2.80000000E-01  8.11330930E-02 -1.47604995E-04  1.54611213E-03 -2.70004594E-02  1.30790986E-04 -2.31207667E-03  9.16728681E-05  4.15489865E-04 -3.61790573E-03
  2.90000000E-01  8.09569555E-02 -1.46410976E-04  1.52736043E-03 -1.58631025E-02  1.02123718E-04 -1.62926015E-03  7.46263041E-05  2.80110680E-04 -2.49329483E-03
  3.00000000E-01  8.08540113E-02 -1.45533075E-04  1.51448191E-03 -9.30554305E-03  7.34922313E-05 -1.12189936E-03  5.83283499E-05  1.83505343E-04 -1.67414127E-03
  3.10000000E-01  8.07937436E-02 -1.44941310E-04  1.50579972E-03 -5.46191260E-03  4.82544465E-05 -7.58534579E-04  4.41101294E-05  1.17386230E-04 -1.10049432E-03
  3.20000000E-01  8.07583427E-02 -1.44584955E-04  1.50003120E-03 -3.21371858E-03  2.78373216E-05 -5.05443670E-04  3.24569136E-05  7.36191065E-05 -7.10874788E-04
  3.30000000E-01  8.07374464E-02 -1.44408667E-04  1.49624221E-03 -1.89882685E-03  1.24173947E-05 -3.32917221E-04  2.33389944E-05  4.54333646E-05 -4.52621075E-04
  3.40000000E-01  8.07250326E-02 -1.44361593E-04  1.49377567E-03 -1.12854092E-03  1.48159334E-06 -2.17282016E-04  1.64595325E-05  2.76953967E-05 -2.84790607E-04
  3.50000000E-01  8.07175987E-02 -1.44401456E-04  1.49218103E-03 -6.75883240E-04 -5.77952394E-06 -1.40806586E-04  1.14197646E-05  1.67475394E-05 -1.77471831E-04
  3.60000000E-01  8.07131031E-02 -1.44495557E-04  1.49115534E-03 -4.08684554E-04 -1.02281110E-05 -9.07582416E-05  7.81684124E-06  1.00997641E-05 -1.09751048E-04
  3.70000000E-01  8.07103523E-02 -1.44620081E-04  1.49049800E-03 -2.50046738E-04 -1.26355174E-05 -5.82715583E-05  5.29345374E-06  6.11598297E-06 -6.74781811E-05
  3.80000000E-01  8.07086450E-02 -1.44758473E-04  1.49007772E-03 -1.55193578E-04 -1.36140630E-05 -3.73161638E-05  3.55655349E-06  3.75175094E-06 -4.13203992E-05
  3.90000000E-01  8.07075673E-02 -1.44899507E-04  1.48980933E-03 -9.79963538E-05 -1.36547024E-05 -2.38596121E-05  2.37839698E-06  2.35625276E-06 -2.52456453E-05
  4.00000000E-01  8.07068733E-02 -1.45036257E-04  1.48963802E-03 -6.31577841E-05 -1.31267682E-05 -1.52444331E-05  1.58895039E-06  1.53229749E-06 -1.54184383E-05
  4.10000000E-01  8.07064160E-02 -1.45164885E-04  1.48952865E-03 -4.16841918E-05 -1.22793315E-05 -9.74062648E-06  1.06516988E-06  1.04184930E-06 -9.43215584E-06
  4.20000000E-01  8.07061065E-02 -1.45283441E-04  1.48945876E-03 -2.82612061E-05 -1.12813792E-05 -6.22892258E-06  7.20247576E-07  7.44535543E-07 -5.79292095E-06
  4.30000000E-01  8.07058910E-02 -1.45391265E-04  1.48941403E-03 -1.97305140E-05 -1.02409817E-05 -3.98758618E-06  4.94211659E-07  5.58740770E-07 -3.58143123E-06
  4.40000000E-01  8.07057363E-02 -1.45488473E-04  1.48938536E-03 -1.42030694E-05 -9.22209754E-06 -2.55444967E-06  3.46353144E-07  4.37581138E-07 -2.23583576E-06
  4.50000000E-01  8.07056219E-02 -1.45575599E-04  1.48936699E-03 -1.05409252E-05 -8.25735360E-06 -1.63603106E-06  2.49448956E-07  3.54378530E-07 -1.41454489E-06
  4.60000000E-01  8.07055348E-02 -1.45653349E-04  1.48935522E-03 -8.05315505E-06 -7.36394815E-06 -1.04659964E-06  1.85524948E-07  2.94040985E-07 -9.10663917E-07
  4.70000000E-01  8.07054667E-02 -1.45722522E-04  1.48934770E-03 -6.31652996E-06 -6.54876872E-06 -6.67930148E-07  1.42842388E-07  2.48032868E-07 -5.99182377E-07
  4.80000000E-01  8.07054123E-02 -1.45783933E-04  1.48934291E-03 -5.06920354E-06 -5.81183379E-06 -4.24395827E-07  1.13805776E-07  2.11487287E-07 -4.04649894E-07
  4.90000000E-01  8.07053678E-02 -1.45838367E-04  1.48933989E-03 -4.14732192E-06 -5.14950731E-06 -2.67420211E-07  9.35388927E-08  1.81572944E-07 -2.81519910E-07
  5.00000000E-01  8.07053309E-02 -1.45886550E-04  1.48933800E-03 -3.44700165E-06 -4.55679140E-06 -1.65836398E-07  7.89314060E-08  1.56583020E-07 -2.02257819E-07
