  0.00000000E+00  0.00000000E+00  0.00000000E+00  0.00000000E+00  1.90257477E+00  2.49017077E-04  4.12928357E-04  2.37679203E-04  8.64724209E-05 -4.40339229E-04
  1.00000000E-02  1.90257477E-02  2.49017077E-06  4.12928357E-06  1.36203314E+00 -1.15985356E-03  8.16417881E-03  1.08445287E-04 -2.73185734E-02  2.32405404E-02
  2.00000000E-02  2.99433710E-02 -1.61527180E-05  1.24527324E-04  1.01722101E+00 -1.69429438E-03  1.14044475E-02 -1.30247333E-05 -3.74125310E-02  3.21403327E-02
  3.00000000E-02  3.83915204E-02 -3.57678659E-05  2.54773142E-04  7.77270317E-01 -1.92448449E-03  1.28685644E-02 -9.25997890E-05 -4.13767857E-02  3.57048924E-02
  4.00000000E-02  4.49644701E-02 -5.61636613E-05  3.90779371E-04  6.22184654E-01 -1.91007391E-03  1.29733909E-02 -1.39326467E-04 -4.06592491E-02  3.51945457E-02
  5.00000000E-02  5.04108883E-02 -7.51923475E-05  5.21037413E-04  5.26374660E-01 -1.77358293E-03  1.23078942E-02 -1.64344145E-04 -3.75483606E-02  3.25759533E-02
  6.00000000E-02  5.51955850E-02 -9.22457219E-05  6.40788872E-04  4.68905130E-01 -1.59294899E-03  1.13461805E-02 -1.74491893E-04 -3.37523583E-02  2.93324201E-02
  7.00000000E-02  5.95972886E-02 -1.07272042E-04  7.49442108E-04  4.35098141E-01 -1.41370023E-03  1.03716264E-02 -1.75118380E-04 -3.02246318E-02  2.62957314E-02
  8.00000000E-02  6.37792351E-02 -1.20512801E-04  8.48285602E-04  4.15453064E-01 -1.25577475E-03  9.52144178E-03 -1.69987146E-04 -2.73543871E-02  2.38108161E-02
  9.00000000E-02  6.78355403E-02 -1.32280921E-04  9.39249097E-04  4.04112220E-01 -1.12426267E-03  8.84120906E-03 -1.61740531E-04 -2.52026971E-02  2.19380268E-02
  1.00000000E-01  7.18199583E-02 -1.42865987E-04  1.02426002E-03  3.97577557E-01 -1.01720904E-03  8.32772213E-03 -1.52207739E-04 -2.36782226E-02  2.06039431E-02
  1.10000000E-01  7.57630606E-02 -1.52502809E-04  1.10496981E-03  3.93804390E-01 -9.30176762E-04  7.95664810E-03 -1.42580946E-04 -2.26419408E-02  1.96918884E-02
  1.20000000E-01  7.96822386E-02 -1.61369416E-04  1.18268092E-03  3.91614024E-01 -8.58488526E-04  7.69801215E-03 -1.33578905E-04 -2.19592761E-02  1.90873524E-02
  1.30000000E-01  8.35874270E-02 -1.69595860E-04  1.25836786E-03  3.90332372E-01 -7.98142662E-04  7.52370926E-03 -1.25569803E-04 -2.15202439E-02  1.86959596E-02
  1.40000000E-01  8.74843425E-02 -1.77275557E-04  1.33273344E-03  3.89575069E-01 -7.46011810E-04  7.41042164E-03 -1.18685938E-04 -2.12429727E-02  1.84469848E-02
  1.50000000E-01  9.13763067E-02 -1.84475021E-04  1.40627122E-03  3.89122668E-01 -6.99773013E-04  7.34012054E-03 -1.12915925E-04 -2.10701372E-02  1.82905772E-02
  1.60000000E-01  9.52652713E-02 -1.91241557E-04  1.47932092E-03  3.88849258E-01 -6.57747695E-04  7.29948839E-03 -1.08158848E-04 -2.09632793E-02  1.81930729E-02
  1.70000000E-01  9.91523969E-02 -1.97608907E-04  1.55211264E-03  3.88682028E-01 -6.18733849E-04  7.27900462E-03 -1.04269149E-04 -2.08974046E-02  1.81324397E-02
  1.80000000E-01  1.03038381E-01 -2.03601177E-04  1.62480027E-03  3.88578455E-01 -5.81873783E-04  7.27202580E-03 -1.01090299E-04 -2.08566587E-02  1.80945924E-02
  1.90000000E-01  1.06923648E-01 -2.09235614E-04  1.69748563E-03  3.88513453E-01 -5.46553030E-04  7.27400245E-03 -9.84752351E-05 -2.08311862E-02  1.80707134E-02
  2.00000000E-01  1.10808457E-01 -2.14524541E-04  1.77023554E-03 -9.73555161E-01 -2.13646985E-04 -1.41116835E-03 -2.50563510E-04  6.52080474E-03 -5.02404346E-03
  2.10000000E-01  9.42625625E-02 -2.14996480E-04  1.71269800E-03 -7.43251109E-01  2.25185081E-04 -3.26414962E-03 -1.05712024E-04  1.31055710E-02 -1.11254484E-02
  2.20000000E-01  8.79815717E-02 -2.10550469E-04  1.67079160E-03 -5.06525066E-01  1.42339121E-04 -5.25661769E-03 -7.62693721E-05  1.80500540E-02 -1.53750409E-02
  2.30000000E-01  8.40999512E-02 -2.09541308E-04  1.60826308E-03 -3.24314970E-01  2.27501161E-04 -5.89184853E-03 -1.09566554E-05  1.91910630E-02 -1.65097755E-02
  2.40000000E-01  8.17678520E-02 -2.06840486E-04  1.54616844E-03 -1.99837279E-01  2.28031482E-04 -5.63837668E-03  2.61717064E-05  1.75178177E-02 -1.51513411E-02
  2.50000000E-01  8.03918677E-02 -2.04557520E-04  1.49105204E-03 -1.20122146E-01  1.92454895E-04 -4.87370046E-03  4.65509531E-05  1.44396450E-02 -1.25468235E-02
  2.60000000E-01  7.95892219E-02 -2.02810854E-04  1.44613841E-03 -7.10720443E-02  1.43394345E-04 -3.93065325E-03  5.52408212E-05  1.10696049E-02 -9.66303289E-03
  2.70000000E-01  7.91237520E-02 -2.01622213E-04  1.41154712E-03 -4.16630946E-02  9.52305761E-05 -3.01605996E-03  5.63209053E-05  8.03834019E-03 -7.05156957E-03
  2.80000000E-01  7.88541658E-02 -2.00910726E-04  1.38595948E-03 -2.43229865E-02  5.48135414E-05 -2.22999466E-03  5.28050483E-05  5.59760595E-03 -4.93700353E-03
  2.90000000E-01  7.86976364E-02 -2.00564676E-04  1.36758986E-03 -1.42008910E-02  2.40750751E-05 -1.60283227E-03  4.68286385E-05  3.77098101E-03 -3.34579635E-03
  3.00000000E-01  7.86062380E-02 -2.00477617E-04  1.35469735E-03 -8.32026793E-03  2.39497164E-06 -1.12718696E-03  3.98500955E-05  2.47399641E-03 -2.20948288E-03
  3.10000000E-01  7.85524384E-02 -2.00562068E-04  1.34580371E-03 -4.90538274E-03 -1.18416126E-05 -7.79429484E-04  3.28171929E-05  1.58898051E-03 -1.42929930E-03
  3.20000000E-01  7.85204590E-02 -2.00751667E-04  1.33974820E-03 -2.91629566E-03 -2.04073029E-05 -5.32054974E-04  2.62987448E-05  1.00348824E-03 -9.09669030E-04
  3.30000000E-01  7.85012415E-02 -2.00998569E-04  1.33566453E-03 -1.75092217E-03 -2.48680717E-05 -3.59740810E-04  2.05901828E-05  6.25510442E-04 -5.71729825E-04
  3.40000000E-01  7.84895592E-02 -2.01269553E-04  1.33292869E-03 -1.06273277E-03 -2.64763248E-05 -2.41637822E-04  1.57986381E-05  3.86178216E-04 -3.56028825E-04
  3.50000000E-01  7.84823728E-02 -2.01542358E-04  1.33110282E-03 -6.52545512E-04 -2.61833828E-05 -1.61684263E-04  1.19103366E-05  2.36912123E-04 -2.20335033E-04
  3.60000000E-01  7.84778983E-02 -2.01802727E-04  1.32988575E-03 -4.05585978E-04 -2.47016443E-05 -1.08041660E-04  8.84185686E-06  1.44879678E-04 -1.35899753E-04
  3.70000000E-01  7.84750772E-02 -2.02042335E-04  1.32907355E-03 -2.55348487E-04 -2.25731650E-05 -7.22584624E-05  6.47687496E-06  8.85960136E-05 -8.37652159E-05
  3.80000000E-01  7.84732749E-02 -2.02257424E-04  1.32852988E-03 -1.62992855E-04 -2.01935794E-05 -4.84516340E-05  4.69067702E-06  5.43483723E-05 -5.17308456E-05
  3.90000000E-01  7.84721068E-02 -2.02447462E-04  1.32816440E-03 -1.05624004E-04 -1.78220699E-05 -3.26061376E-05  3.36504863E-06  3.35528237E-05 -3.20906093E-05
  4.00000000E-01  7.84713374E-02 -2.02613825E-04  1.32791756E-03 -6.96102471E-05 -1.56000315E-05 -2.20341009E-05  2.39604144E-06  2.09157828E-05 -2.00462568E-05
  4.10000000E-01  7.84708213E-02 -2.02758715E-04  1.32775008E-03 -4.67529499E-05 -1.35955169E-05 -1.49552940E-05  1.69691253E-06  1.32090517E-05 -1.26413815E-05
  4.20000000E-01  7.84704681E-02 -2.02884648E-04  1.32763592E-03 -3.20736614E-05 -1.18211879E-05 -1.01983905E-05  1.19807868E-06  8.47933828E-06 -8.06763202E-06
  4.30000000E-01  7.84702207E-02 -2.02993988E-04  1.32755772E-03 -2.25220992E-05 -1.02623146E-05 -6.98867495E-06  8.45440555E-07  5.55043031E-06 -5.22375499E-06
  4.40000000E-01  7.84700433E-02 -2.03088817E-04  1.32750388E-03 -1.62139868E-05 -8.89756842E-06 -4.81153578E-06  5.97994681E-07  3.71547744E-06 -3.44035080E-06
  4.50000000E-01  7.84699127E-02 -2.03170968E-04  1.32746665E-03 -1.19765464E-05 -7.70827284E-06 -3.32404076E-06  4.25315304E-07  2.54945582E-06 -2.31034918E-06
  4.60000000E-01  7.84698141E-02 -2.03242105E-04  1.32744085E-03 -9.07464514E-06 -6.67571818E-06 -2.29847957E-06  3.05226337E-07  1.79605140E-06 -1.58560771E-06
  4.70000000E-01  7.84697379E-02 -2.03303699E-04  1.32742299E-03 -7.04421742E-06 -5.78219505E-06 -1.58396277E-06  2.21809214E-07  1.29990567E-06 -1.11423807E-06
  4.80000000E-01  7.84696776E-02 -2.03357053E-04  1.32741073E-03 -5.59014787E-06 -5.01075496E-06 -1.08042749E-06  1.63785133E-07  9.66192477E-07 -8.02751286E-07
  4.90000000E-01  7.84696289E-02 -2.03403304E-04  1.32740244E-03 -4.52324542E-06 -4.34536102E-06 -7.21582263E-07  1.23251139E-07  7.36529798E-07 -5.93215405E-07
  5.00000000E-01  7.84695890E-02 -2.03443430E-04  1.32739702E-03 -3.72110655E-06 -3.77163880E-06 -4.63349520E-07  9.47215522E-08  5.74607834E-07 -4.49454949E-07
