  0.00000000E+00  0.00000000E+00  0.00000000E+00  0.00000000E+00  1.90257477E+00  2.49017077E-04  4.12928357E-04  2.37679203E-04  8.64724209E-05 -4.40339229E-04
  1.00000000E-02  1.90257477E-02  2.49017077E-06  4.12928357E-06  1.42562584E+00  1.34949230E-03 -7.66877447E-03  1.89375999E-04  2.30052157E-03  1.65343899E-03
  2.00000000E-02  3.08972614E-02  2.14874699E-05 -1.12966975E-04  1.10703862E+00  1.77498293E-03 -1.10736063E-02  1.33663595E-04  3.37807339E-03  2.69562795E-03
  3.00000000E-02  4.03747116E-02  4.13647524E-05 -2.40727198E-04  8.79142598E-01  1.93010826E-03 -1.26359949E-02  9.68613724E-05  3.94887070E-03  3.25985939E-03
  4.00000000E-02  4.80266574E-02  6.14414616E-05 -3.74899090E-04  7.25026262E-01  1.89014892E-03 -1.27812584E-02  7.35732287E-05  4.10754487E-03  3.43955078E-03
  5.00000000E-02  5.45063384E-02  8.01431541E-05 -5.03437992E-04  6.24003177E-01  1.74927642E-03 -1.21333137E-02  5.86413137E-05  4.02388470E-03  3.38433967E-03
  6.00000000E-02  6.02412547E-02  9.69315557E-05 -6.21531406E-04  5.58932427E-01  1.57660466E-03 -1.11709778E-02  4.90027295E-05  3.82000307E-03  3.21330632E-03
  7.00000000E-02  6.55052252E-02  1.11834244E-04 -7.28429505E-04  5.17408268E-01  1.41095846E-03 -1.01814268E-02  4.26994129E-05  3.57669590E-03  3.00365452E-03
  8.00000000E-02  7.04716871E-02  1.25115597E-04 -8.25296017E-04  4.91015609E-01  1.26923823E-03 -9.30427635E-03  3.85094222E-05  3.33960813E-03  2.79853857E-03
  9.00000000E-02  7.52498799E-02  1.37099378E-04 -9.13953028E-04  4.74246149E-01  1.15549084E-03 -8.58737435E-03  3.56984613E-05  3.13105593E-03  2.61854538E-03
  1.00000000E-01  7.99084941E-02  1.48085550E-04 -9.96242262E-04  4.63567505E-01  1.06748560E-03 -8.02990174E-03  3.38021302E-05  2.95848226E-03  2.47037458E-03
  1.10000000E-01  8.44907759E-02  1.58320380E-04 -1.07375392E-03  4.56740699E-01  1.00059043E-03 -7.60980143E-03  3.25523956E-05  2.82066250E-03  2.35264977E-03
  1.20000000E-01  8.90240489E-02  1.67991808E-04 -1.14775143E-03  4.52353684E-01  9.49876594E-04 -7.29905998E-03  3.17600774E-05  2.71297718E-03  2.26117793E-03
  1.30000000E-01  9.35256507E-02  1.77237005E-04 -1.21918832E-03  4.49516914E-01  9.11068268E-04 -7.07117803E-03  3.12834228E-05  2.63007289E-03  2.19093428E-03
  1.40000000E-01  9.80066360E-02  1.86153646E-04 -1.28876069E-03  4.47669603E-01  8.80725974E-04 -6.90396157E-03  3.10089274E-05  2.56715657E-03  2.13767930E-03
  1.50000000E-01  1.02474095E-01  1.94809194E-04 -1.35696423E-03  4.46456825E-01  8.56232365E-04 -6.78009636E-03  3.08727979E-05  2.51992316E-03  2.09765935E-03
  1.60000000E-01  1.06932600E-01  2.03249050E-04 -1.42414586E-03  4.45652981E-01  8.35685046E-04 -6.68666092E-03  3.08230711E-05  2.48475676E-03  2.06773640E-03
  1.70000000E-01  1.11385110E-01  2.11503163E-04 -1.49054530E-03  4.45113972E-01  8.17756237E-04 -6.61431149E-03  3.08221772E-05  2.45873844E-03  2.04539797E-03
  1.80000000E-01  1.15833555E-01  2.19591082E-04 -1.55632666E-03  4.44747280E-01  8.01541269E-04 -6.55643662E-03  3.08455138E-05  2.43956177E-03  2.02868762E-03
  1.90000000E-01  1.20279194E-01  2.27525420E-04 -1.62160165E-03  4.44493201E-01  7.86433676E-04 -6.50842748E-03  3.08767232E-05  2.42543964E-03  2.01611193E-03
  2.00000000E-01  1.24722856E-01  2.35314218E-04 -1.68644588E-03 -9.80335590E-01 -1.72759469E-04  3.91341454E-04 -1.81273039E-04  1.20437967E-04  4.10838108E-04
  2.10000000E-01  1.07795356E-01  2.28790658E-04 -1.64803362E-03 -7.68204157E-01 -4.35076878E-04  2.68797772E-03 -1.03222424E-04 -5.85572969E-04 -3.10444732E-04
  2.20000000E-01  1.01173972E-01  2.23128302E-04 -1.60967067E-03 -5.44804614E-01 -6.26590879E-04  4.36076606E-03 -9.46295648E-05 -1.18980283E-03 -9.01079759E-04
  2.30000000E-01  9.68429233E-02  2.15904823E-04 -1.55769906E-03 -3.67918787E-01 -7.20338144E-04  5.15253203E-03 -6.10450842E-05 -1.51747106E-03 -1.23313616E-03
  2.40000000E-01  9.40481646E-02  2.08232706E-04 -1.50221491E-03 -2.41755503E-01 -6.93795753E-04  5.05647217E-03 -3.95386843E-05 -1.57537676E-03 -1.30956384E-03
  2.50000000E-01  9.22614260E-02  2.01427460E-04 -1.45213049E-03 -1.56474012E-01 -6.02453198E-04  4.45448820E-03 -2.48808021E-05 -1.46283013E-03 -1.22507659E-03
  2.60000000E-01  9.11230933E-02  1.95859641E-04 -1.41059553E-03 -1.00495120E-01 -4.87495052E-04  3.65339520E-03 -1.51440529E-05 -1.26520041E-03 -1.06092407E-03
  2.70000000E-01  9.03980366E-02  1.91559481E-04 -1.37806704E-03 -6.43472314E-02 -3.75114337E-04  2.84919604E-03 -8.75822520E-06 -1.04248097E-03 -8.72819759E-04
  2.80000000E-01  8.99353037E-02  1.88370241E-04 -1.35359608E-03 -4.12039950E-02 -2.78278513E-04  2.14150860E-03 -4.60796299E-06 -8.29522882E-04 -6.92669356E-04
  2.90000000E-01  8.96389800E-02  1.86071635E-04 -1.33571943E-03 -2.64395003E-02 -2.01097886E-04  1.56551454E-03 -1.94493790E-06 -6.43125704E-04 -5.35506891E-04
  3.00000000E-01  8.94484074E-02  1.84446560E-04 -1.32294425E-03 -1.70229128E-02 -1.42786075E-04  1.12034041E-03 -2.75676482E-07 -4.88787257E-04 -4.06028564E-04
  3.10000000E-01  8.93252612E-02  1.83310258E-04 -1.31396672E-03 -1.10058332E-02 -1.00404674E-04  7.88595094E-04  7.27004118E-07 -3.65755726E-04 -3.03367470E-04
  3.20000000E-01  8.92452883E-02  1.82518118E-04 -1.30773950E-03 -7.14845442E-03 -7.04749474E-05  5.47885584E-04  1.28345361E-06 -2.70331826E-04 -2.24137528E-04
  3.30000000E-01  8.91930906E-02  1.81963017E-04 -1.30346419E-03 -4.66548969E-03 -4.97841555E-05  3.76687269E-04  1.54469742E-06 -1.97822857E-04 -1.64181508E-04
  3.40000000E-01  8.91588506E-02  1.81568630E-04 -1.30055331E-03 -3.05998758E-03 -3.56976347E-05  2.56771435E-04  1.61553168E-06 -1.43587202E-04 -1.19469993E-04
  3.50000000E-01  8.91362782E-02  1.81282086E-04 -1.29858517E-03 -2.01696883E-03 -2.62045152E-05  1.73769895E-04  1.56883746E-06 -1.03517518E-04 -8.64935431E-05
  3.60000000E-01  8.91213236E-02  1.81067506E-04 -1.29726248E-03 -1.33616071E-03 -1.98449889E-05  1.16865314E-04  1.45485890E-06 -7.42036066E-05 -6.23764149E-05
  3.70000000E-01  8.91113660E-02  1.80900854E-04 -1.29637835E-03 -8.89699343E-04 -1.55909690E-05  7.81611611E-05  1.30754408E-06 -5.29283045E-05 -4.48522199E-05
  3.80000000E-01  8.91047014E-02  1.80766215E-04 -1.29579026E-03 -5.95572565E-04 -1.27197052E-05  5.20170472E-05  1.14910597E-06 -3.75877156E-05 -3.21817929E-05
  3.90000000E-01  8.91002163E-02  1.80653374E-04 -1.29540081E-03 -4.00924633E-04 -1.07340267E-05  3.44609618E-05  9.93384120E-07 -2.65864000E-05 -2.30555971E-05
  4.00000000E-01  8.90971803E-02  1.80555962E-04 -1.29514398E-03 -2.71527038E-04 -9.29246893E-06  2.27488330E-05  8.48374881E-07 -1.87333120E-05 -1.65012076E-05
  4.10000000E-01  8.90951120E-02  1.80470245E-04 -1.29497505E-03 -1.85111375E-04 -8.18815907E-06  1.49986587E-05  7.18110285E-07 -1.31499698E-05 -1.18040431E-05
  4.20000000E-01  8.90936929E-02  1.80393885E-04 -1.29486382E-03 -1.27126179E-04 -7.31277699E-06  9.89257020E-06  6.04029497E-07 -9.19452303E-06 -8.44313159E-06
  4.30000000E-01  8.90927116E-02  1.80325134E-04 -1.29479042E-03 -8.80228499E-05 -6.57319778E-06  6.53411602E-06  5.05961439E-07 -6.40153805E-06 -6.04092201E-06
  4.40000000E-01  8.90920269E-02  1.80263100E-04 -1.29474187E-03 -6.15107347E-05 -5.92019424E-06  4.32507656E-06  4.22813787E-07 -4.43555936E-06 -4.32505708E-06
  4.50000000E-01  8.90915443E-02  1.80207163E-04 -1.29470967E-03 -4.34295986E-05 -5.33463841E-06  2.87216554E-06  3.53034144E-07 -3.05601642E-06 -3.09977152E-06
  4.60000000E-01  8.90912005E-02  1.80156745E-04 -1.29468821E-03 -3.10179583E-05 -4.80647562E-06  1.91845204E-06  2.94905953E-07 -2.09110168E-06 -2.22474310E-06
  4.70000000E-01  8.90909523E-02  1.80111321E-04 -1.29467379E-03 -2.24360784E-05 -4.32699267E-06  1.29525510E-06  2.46732065E-07 -1.41854700E-06 -1.59960420E-06
  4.80000000E-01  8.90907709E-02  1.80070448E-04 -1.29466396E-03 -1.64537868E-05 -3.88884337E-06  8.91075377E-07  2.06937176E-07 -9.51602825E-07 -1.15267897E-06
  4.90000000E-01  8.90906363E-02  1.80033750E-04 -1.29465707E-03 -1.22454039E-05 -3.48672134E-06  6.31031057E-07  1.74117105E-07 -6.28884923E-07 -8.32839983E-07
  5.00000000E-01  8.90905348E-02  1.80000894E-04 -1.29465206E-03 -9.25457126E-06 -3.11871324E-06  4.65928361E-07  1.47054876E-07 -4.07063317E-07 -6.03645927E-07
