  0.00000000E+00  0.00000000E+00  0.00000000E+00  0.00000000E+00  1.90257477E+00  2.49017077E-04  4.12928357E-04  2.37679203E-04  8.64724209E-05 -4.40339229E-04
  1.00000000E-02  1.90257477E-02  2.49017077E-06  4.12928357E-06  1.35074414E+00  2.31518902E-02  6.65992262E-03  8.52143268E-05 -2.20080254E-05  1.31627037E-02
  2.00000000E-02  2.97740360E-02  3.48523438E-04  1.01963481E-04  1.00074910E+00  3.19284606E-02  9.08902016E-03 -5.83627166E-05 -8.10006521E-05  1.83068367E-02
  3.00000000E-02  3.80315518E-02  7.11690897E-04  2.04999170E-04  7.58318886E-01  3.54724516E-02  1.00784543E-02 -1.51249410E-04 -1.23537494E-04  2.03758025E-02
  4.00000000E-02  4.44025896E-02  1.08413537E-03  3.10730884E-04  6.02908141E-01  3.50344567E-02  9.96545610E-03 -2.02134271E-04 -1.39282194E-04  2.00567356E-02
  5.00000000E-02  4.96546173E-02  1.43228996E-03  4.09820454E-04  5.07990779E-01  3.25197865E-02  9.27344866E-03 -2.23742876E-04 -1.48126376E-04  1.85453753E-02
  6.00000000E-02  5.42599383E-02  1.74491447E-03  4.99094903E-04  4.51925611E-01  2.93700189E-02  8.39688435E-03 -2.25918671E-04 -1.49138232E-04  1.66787842E-02
  7.00000000E-02  5.84988685E-02  2.02286582E-03  5.78680925E-04  4.19594730E-01  2.63989054E-02  7.56091253E-03 -2.16816149E-04 -1.44969294E-04  1.49325233E-02
  8.00000000E-02  6.25331614E-02  2.27199931E-03  6.50110192E-04  4.01274623E-01  2.39499135E-02  6.86298257E-03 -2.02386500E-04 -1.37724403E-04  1.35029052E-02
  9.00000000E-02  6.64543071E-02  2.49925349E-03  7.15250367E-04  3.91024784E-01  2.20897052E-02  6.32451714E-03 -1.86604171E-04 -1.28954877E-04  1.24230654E-02
  1.00000000E-01  7.03133058E-02  2.71084950E-03  7.75803212E-04  3.85341244E-01  2.07531232E-02  5.93010927E-03 -1.71783787E-04 -1.19840751E-04  1.16511913E-02
  1.10000000E-01  7.41383005E-02  2.91169782E-03  8.33132265E-04  3.82208503E-01  1.98306525E-02  5.65124348E-03 -1.59052705E-04 -1.11130148E-04  1.11209901E-02
  1.20000000E-01  7.79447218E-02  3.10539199E-03  8.88250371E-04  3.80488491E-01  1.92129226E-02  5.45860749E-03 -1.48770015E-04 -1.03262519E-04  1.07672231E-02
  1.30000000E-01  8.17410067E-02  3.29443257E-03  9.41873266E-04  3.79547264E-01  1.88086811E-02  5.32726786E-03 -1.40818458E-04 -9.63662002E-05  1.05359768E-02
  1.40000000E-01  8.55317732E-02  3.48049817E-03  9.94489246E-04  3.79034912E-01  1.85487528E-02  5.23800007E-03 -1.34868928E-04 -9.04137754E-05  1.03867066E-02
  1.50000000E-01  8.93195605E-02  3.66468606E-03  1.04642291E-03  3.78759329E-01  1.83838017E-02  5.17686397E-03 -1.30523895E-04 -8.52861295E-05  1.02907278E-02
  1.60000000E-01  9.31057759E-02  3.84769932E-03  1.09788587E-03  3.78615226E-01  1.82800989E-02  5.13416746E-03 -1.27401785E-04 -8.08318116E-05  1.02286086E-02
  1.70000000E-01  9.68912077E-02  4.02998179E-03  1.14901406E-03  3.78544794E-01  1.82152861E-02  5.10337345E-03 -1.25176663E-04 -7.69018847E-05  1.01876091E-02
  1.80000000E-01  1.00676303E-01  4.21181059E-03  1.19989382E-03  3.78516128E-01  1.81748794E-02  5.08017112E-03 -1.23589748E-04 -7.33667510E-05  1.01595869E-02
  1.90000000E-01  1.04461321E-01  4.39335735E-03  1.25057952E-03  3.78511477E-01  1.81496570E-02  5.06176557E-03 -1.22445851E-04 -7.01216856E-05  1.01394425E-02
  2.00000000E-01  1.08246413E-01  4.57472781E-03  1.30110515E-03 -9.73424870E-01 -4.89483100E-03 -1.35177151E-03 -2.28811999E-04 -8.60204811E-05 -2.79292524E-03
  2.10000000E-01  9.17524825E-02  4.41055706E-03  1.25551975E-03 -7.38981972E-01 -1.07060791E-02 -2.90730047E-03 -1.04464708E-04 -8.49561931E-05 -6.19208980E-03
  2.20000000E-01  8.55348772E-02  4.27444003E-03  1.21866910E-03 -5.00181413E-01 -1.51605374E-02 -4.03763289E-03 -3.60451839E-05 -4.51492686E-05 -8.63432858E-03
  2.30000000E-01  8.17270659E-02  4.10056236E-03  1.17264111E-03 -3.16676885E-01 -1.63838957E-02 -4.36722861E-03  3.36483281E-05 -1.69149846E-05 -9.31759536E-03
  2.40000000E-01  7.94778197E-02  3.93060661E-03  1.12732085E-03 -1.92285186E-01 -1.51403779E-02 -4.04454420E-03  7.28438547E-05  6.23529190E-06 -8.58087235E-03
  2.50000000E-01  7.81769263E-02  3.78542042E-03  1.08848883E-03 -1.13423172E-01 -1.26337818E-02 -3.38421301E-03  8.91503381E-05  2.08937449E-05 -7.12434060E-03
  2.60000000E-01  7.74370047E-02  3.67161559E-03  1.05794835E-03 -6.55451011E-02 -9.81527868E-03 -2.63565361E-03  8.97595274E-05  2.80828341E-05 -5.49722982E-03
  2.70000000E-01  7.70209440E-02  3.58755532E-03  1.03533461E-03 -3.73342130E-02 -7.23606233E-03 -1.94567646E-03  8.11943282E-05  2.97301979E-05 -4.01598175E-03
  2.80000000E-01  7.67886563E-02  3.52809077E-03  1.01932773E-03 -2.10630577E-02 -5.12749601E-03 -1.37770149E-03  6.84071425E-05  2.78481018E-05 -2.81190414E-03
  2.90000000E-01  7.66593815E-02  3.48735865E-03  1.00839059E-03 -1.18203454E-02 -3.52495985E-03 -9.43241114E-04  5.47006969E-05  2.41399061E-05 -1.90321272E-03
  3.00000000E-01  7.65873916E-02  3.46012173E-03  1.00113048E-03 -6.62440937E-03 -2.36802227E-03 -6.27832891E-04  4.19938038E-05  1.98290261E-05 -1.25310580E-03
  3.10000000E-01  7.65471272E-02  3.44222619E-03  9.96429196E-04 -3.72158519E-03 -1.56387294E-03 -4.07726809E-04  3.11928648E-05  1.56686037E-05 -8.06507099E-04
  3.20000000E-01  7.65244255E-02  3.43060821E-03  9.93452459E-04 -2.10378597E-03 -1.02071356E-03 -2.58857254E-04  2.25467062E-05  1.20406748E-05 -5.09381050E-04
  3.30000000E-01  7.65114766E-02  3.42311687E-03  9.91608234E-04 -1.20108197E-03 -6.61695031E-04 -1.60735636E-04  1.59299340E-05  9.07657992E-06 -3.16749358E-04
  3.40000000E-01  7.65039793E-02  3.41829501E-03  9.90491486E-04 -6.95032508E-04 -4.28153534E-04 -9.74901256E-05  1.10423995E-05  6.76138231E-06 -1.94483086E-04
  3.50000000E-01  7.64995593E-02  3.41518119E-03  9.89832812E-04 -4.09069351E-04 -2.77908911E-04 -5.75427601E-05  7.53436458E-06  5.00955417E-06 -1.18223206E-04
  3.60000000E-01  7.64968984E-02  3.41315332E-03  9.89457121E-04 -2.45672066E-04 -1.81889445E-04 -3.27923223E-05  5.07539226E-06  3.71275324E-06 -7.13362521E-05
  3.70000000E-01  7.64952586E-02  3.41181452E-03  9.89252950E-04 -1.51000928E-04 -1.20673188E-04 -1.77472085E-05  3.38536030E-06  2.76606252E-06 -4.28413574E-05
  3.80000000E-01  7.64942220E-02  3.41091387E-03  9.89150704E-04 -9.52441544E-05 -8.15795643E-05 -8.78276456E-06  2.24263492E-06  2.07976896E-06 -2.56803665E-05
  3.90000000E-01  7.64935483E-02  3.41029354E-03  9.89107698E-04 -6.17934410E-05 -5.64885368E-05 -3.56540474E-06  1.48025621E-06  1.58266909E-06 -1.54133553E-05
  4.00000000E-01  7.64930977E-02  3.40985411E-03  9.89098131E-04 -4.13132394E-05 -4.02338812E-05 -6.21172914E-07  9.77035077E-07  1.22097159E-06 -9.29617462E-06
  4.10000000E-01  7.64927869E-02  3.40953305E-03  9.89106640E-04 -2.84960848E-05 -2.95534722E-05  9.64730073E-07  6.47545049E-07  9.55414319E-07 -5.65703360E-06
  4.20000000E-01  7.64925660E-02  3.40929092E-03  9.89124217E-04 -2.02843065E-05 -2.24004853E-05  1.75333402E-06  4.32974516E-07  7.58008584E-07 -3.48924950E-06
  4.30000000E-01  7.64924043E-02  3.40910268E-03  9.89145694E-04 -1.48903766E-05 -1.74899185E-05  2.08156148E-06  2.93609389E-07  6.09107635E-07 -2.19218696E-06
  4.40000000E-01  7.64922823E-02  3.40895233E-03  9.89168150E-04 -1.12530776E-05 -1.40198330E-05  2.14890292E-06  2.03052103E-07  4.95035632E-07 -1.40993806E-06
  4.50000000E-01  7.64921880E-02  3.40882948E-03  9.89189976E-04 -8.73240942E-06 -1.14888862E-05  2.07350129E-06  1.43980794E-07  4.06291519E-07 -9.32586317E-07
  4.60000000E-01  7.64921133E-02  3.40872725E-03  9.89210334E-04 -6.93623975E-06 -9.58269628E-06  1.92563928E-06  1.05145693E-07  3.36249559E-07 -6.36618737E-07
  4.70000000E-01  7.64920529E-02  3.40864095E-03  9.89228851E-04 -5.62043481E-06 -8.10356338E-06  1.74690568E-06  7.92987431E-08  2.80248419E-07 -4.49368307E-07
  4.80000000E-01  7.64920033E-02  3.40856731E-03  9.89245427E-04 -4.63051043E-06 -6.92495667E-06  1.56158374E-06  6.17974016E-08  2.34966144E-07 -3.27983690E-07
  4.90000000E-01  7.64919619E-02  3.40850396E-03  9.89260116E-04 -3.86705454E-06 -5.96399981E-06  1.38327878E-06  4.96794472E-08  1.97997465E-07 -2.47073288E-07
  5.00000000E-01  7.64919270E-02  3.40844912E-03  9.89273057E-04 -3.26495154E-06 -5.16537885E-06  1.21894436E-06  4.10583994E-08  1.67570056E-07 -1.91478459E-07
