  0.00000000E+00  0.00000000E+00  0.00000000E+00  0.00000000E+00  1.90257477E+00  2.49017077E-04  4.12928357E-04  2.37679203E-04  8.64724209E-05 -4.40339229E-04
  1.00000000E-02  1.90257477E-02  2.49017077E-06  4.12928357E-06  1.39795698E+00  1.18903575E-02 -1.04594196E-02  1.03549839E-04  5.05304875E-03 -5.53526601E-04
  2.00000000E-02  3.04822286E-02  1.79600448E-04 -1.54826653E-04  1.06681068E+00  1.68189711E-02 -1.51117326E-02 -4.02859893E-05  7.29949757E-03 -5.60059109E-04
  3.00000000E-02  3.94946039E-02  3.72433227E-04 -3.29205543E-04  8.32648478E-01  1.90987843E-02 -1.72788189E-02 -1.44480103E-04  8.41356891E-03 -5.54370233E-04
  4.00000000E-02  4.66502776E-02  5.74820135E-04 -5.12829164E-04  6.77268232E-01  1.92845998E-02 -1.75241733E-02 -2.14375635E-04  8.61534479E-03 -5.48825628E-04
  5.00000000E-02  5.26460587E-02  7.68595211E-04 -6.89297668E-04  5.77916890E-01  1.82953002E-02 -1.66842967E-02 -2.56471891E-04  8.29872964E-03 -5.24336263E-04
  6.00000000E-02  5.79284709E-02  9.46601716E-04 -8.51941252E-04  5.15824212E-01  1.68567721E-02 -1.54061773E-02 -2.76606847E-04  7.75176330E-03 -4.93576563E-04
  7.00000000E-02  6.27762497E-02  1.10797680E-03 -9.99612428E-04  4.77561097E-01  1.54044764E-02 -1.40812231E-02 -2.80989676E-04  7.15688170E-03 -4.62114987E-04
  8.00000000E-02  6.73605451E-02  1.25476008E-03 -1.13379989E-03  4.54177473E-01  1.41462086E-02 -1.29020104E-02 -2.75304580E-04  6.60939074E-03 -4.33961463E-04
  9.00000000E-02  7.17854017E-02  1.38993083E-03 -1.25692393E-03  4.39946669E-01  1.31476956E-02 -1.19366147E-02 -2.64111691E-04  6.14944853E-03 -4.11466727E-04
  1.00000000E-01  7.61137144E-02  1.51641522E-03 -1.37146310E-03  4.31296716E-01  1.24003908E-02 -1.11863187E-02 -2.50756846E-04  5.78346083E-03 -3.95046208E-04
  1.10000000E-01  8.03834317E-02  1.63668260E-03 -1.47957480E-03  4.26034116E-01  1.18648855E-02 -1.06227075E-02 -2.37398700E-04  5.50224194E-03 -3.84171268E-04
  1.20000000E-01  8.46174599E-02  1.75265393E-03 -1.58298382E-03  4.22824624E-01  1.14945790E-02 -1.02085671E-02 -2.25256517E-04  5.29122431E-03 -3.77896061E-04
  1.30000000E-01  8.88296587E-02  1.86574819E-03 -1.68299879E-03  4.20860547E-01  1.12467983E-02 -9.90815337E-03 -2.14858700E-04  5.13532800E-03 -3.75083177E-04
  1.40000000E-01  9.30284438E-02  1.97697727E-03 -1.78057826E-03  4.19653960E-01  1.10867626E-02 -9.69129279E-03 -2.06336531E-04  5.02134064E-03 -3.74855076E-04
  1.50000000E-01  9.72189504E-02  2.08704472E-03 -1.87640688E-03  4.18909852E-01  1.09880043E-02 -9.53429530E-03 -1.99583153E-04  4.93843392E-03 -3.76499660E-04
  1.60000000E-01  1.01404328E-01  2.19643097E-03 -1.97096485E-03  4.18449440E-01  1.09312423E-02 -9.41940510E-03 -1.94364377E-04  4.87818698E-03 -3.79435765E-04
  1.70000000E-01  1.05586521E-01  2.30545958E-03 -2.06458445E-03  4.18163963E-01  1.09028708E-02 -9.33373341E-03 -1.90420374E-04  4.83424724E-03 -3.83225511E-04
  1.80000000E-01  1.09766733E-01  2.41434643E-03 -2.15749342E-03  4.17986936E-01  1.08934918E-02 -9.26812700E-03 -1.87500600E-04  4.80189267E-03 -3.87568424E-04
  1.90000000E-01  1.13945717E-01  2.52323446E-03 -2.24984666E-03  4.17877509E-01  1.08967153E-02 -9.21619354E-03 -1.85381192E-04  4.77768470E-03 -3.92264162E-04
  2.00000000E-01  1.18123945E-01  2.63221773E-03 -2.34174893E-03 -9.80332881E-01 -1.82517977E-03  5.30030995E-04 -3.07765289E-04 -1.01328367E-04  2.50720713E-04
  2.10000000E-01  1.01329564E-01  2.55035645E-03 -2.28771750E-03 -7.59297416E-01 -5.09758085E-03  3.67543032E-03 -1.71199569E-04 -1.72358574E-03  2.87451413E-04
  2.20000000E-01  9.48417676E-02  2.48301864E-03 -2.23523620E-03 -5.29527405E-01 -7.94326101E-03  6.04895057E-03 -9.65093813E-05 -2.82557994E-03  3.08391102E-04
  2.30000000E-01  9.06953436E-02  2.38935763E-03 -2.16287909E-03 -3.49380624E-01 -8.86857935E-03  7.14954901E-03 -9.68616684E-06 -3.41322302E-03  2.89015037E-04
  2.40000000E-01  8.81022712E-02  2.29604524E-03 -2.08588061E-03 -2.23188061E-01 -8.44616740E-03  7.02842168E-03  4.79369598E-05 -3.40776989E-03  2.54918841E-04
  2.50000000E-01  8.65013534E-02  2.21369563E-03 -2.01620203E-03 -1.39783197E-01 -7.26744905E-03  6.20401877E-03  8.17712370E-05 -3.05785649E-03  2.13761311E-04
  2.60000000E-01  8.55205458E-02  2.14691473E-03 -1.95828385E-03 -8.65071676E-02 -5.83747114E-03  5.09970166E-03  9.66736188E-05 -2.55849742E-03  1.71018593E-04
  2.70000000E-01  8.49218543E-02  2.09568991E-03 -1.91280842E-03 -5.31803019E-02 -4.46450706E-03  3.98694905E-03  9.81807806E-05 -2.03851244E-03  1.31741605E-04
  2.80000000E-01  8.45566856E-02  2.05790966E-03 -1.87850269E-03 -3.25966624E-02 -3.29374135E-03  3.00470537E-03  9.13080913E-05 -1.56707464E-03  9.83821897E-05
  2.90000000E-01  8.43336371E-02  2.03082607E-03 -1.85336686E-03 -1.99758572E-02 -2.36574363E-03  2.20297921E-03  8.00309320E-05 -1.17248708E-03  7.15890195E-05
  3.00000000E-01  8.41969826E-02  2.01180862E-03 -1.83534570E-03 -1.22639214E-02 -1.66568020E-03  1.58169622E-03  6.71770884E-05 -8.59062726E-04  5.09466845E-05
  3.10000000E-01  8.41129031E-02  1.99865214E-03 -1.82263515E-03 -7.55448588E-03 -1.15585977E-03  1.11756541E-03  5.45507057E-05 -6.19110832E-04  3.55509009E-05
  3.20000000E-01  8.40609054E-02  1.98964264E-03 -1.81378015E-03 -4.67444204E-03 -7.94034942E-04  7.80016134E-04  4.31558832E-05 -4.40329135E-04  2.43668457E-05
  3.30000000E-01  8.40285612E-02  1.98351142E-03 -1.80766774E-03 -2.90795339E-03 -5.42078348E-04  5.39402339E-04  3.34336976E-05 -3.09847651E-04  1.64207887E-05
  3.40000000E-01  8.40083141E-02  1.97935042E-03 -1.80347678E-03 -1.82007662E-03 -3.69042896E-04  3.70462544E-04  2.54664825E-05 -2.16136891E-04  1.08835409E-05
  3.50000000E-01  8.39955527E-02  1.97652517E-03 -1.80061686E-03 -1.14687415E-03 -2.51361677E-04  2.53191424E-04  1.91332086E-05 -1.49686361E-04  7.09165276E-06
  3.60000000E-01  8.39874500E-02  1.97459996E-03 -1.79867130E-03 -7.28029674E-04 -1.71834774E-04  1.72478004E-04  1.42166843E-05 -1.03045359E-04  4.53688303E-06
  3.70000000E-01  8.39822639E-02  1.97327924E-03 -1.79735008E-03 -4.65918919E-04 -1.18278527E-04  1.17275418E-04  1.04710731E-05 -7.05788892E-05  2.84246601E-06
  3.80000000E-01  8.39789153E-02  1.97236424E-03 -1.79645334E-03 -3.00875311E-04 -8.22460546E-05  7.96934458E-05  7.66020078E-06 -4.81322506E-05  1.73632094E-06
  3.90000000E-01  8.39767317E-02  1.97172194E-03 -1.79584432E-03 -1.96269846E-04 -5.79666085E-05  5.41891848E-05  5.57621623E-06 -3.27000421E-05  1.02619001E-06
  4.00000000E-01  8.39752921E-02  1.97126367E-03 -1.79542995E-03 -1.29505917E-04 -4.15339481E-05  3.69158370E-05  4.04608100E-06 -2.21399372E-05  5.78705015E-07
  4.10000000E-01  8.39743308E-02  1.97093050E-03 -1.79514716E-03 -8.65713949E-05 -3.03392791E-05  2.52290475E-05  2.93119490E-06 -1.49423332E-05  3.02853717E-07
  4.20000000E-01  8.39736798E-02  1.97068308E-03 -1.79495330E-03 -5.87313772E-05 -2.26483881E-05  1.73238722E-05  2.12365398E-06 -1.00532007E-05  1.37448377E-07
  4.30000000E-01  8.39732317E-02  1.97049505E-03 -1.79481959E-03 -4.05117545E-05 -1.73008226E-05  1.19720638E-05  1.54125504E-06 -6.74202045E-06  4.19279747E-08
  4.40000000E-01  8.39729177E-02  1.97034878E-03 -1.79472662E-03 -2.84634403E-05 -1.35318633E-05  8.34389841E-06  1.12242499E-06 -4.50552296E-06 -1.02274810E-08
  4.50000000E-01  8.39726933E-02  1.97023230E-03 -1.79466133E-03 -2.04015953E-05 -1.08306576E-05  5.87928495E-06  8.21659095E-07 -2.99869726E-06 -3.61111850E-08
  4.60000000E-01  8.39725296E-02  1.97013750E-03 -1.79461486E-03 -1.49345811E-05 -8.84841171E-06  4.19846515E-06  6.05688295E-07 -1.98598313E-06 -4.65732418E-08
  4.70000000E-01  8.39724075E-02  1.97005893E-03 -1.79458128E-03 -1.11709313E-05 -7.35897326E-06  3.04457772E-06  4.50396911E-07 -1.30709015E-06 -4.83808452E-08
  4.80000000E-01  8.39723147E-02  1.96999279E-03 -1.79455660E-03 -8.53615256E-06 -6.21263102E-06  2.24562062E-06  3.38423696E-07 -8.53254263E-07 -4.56662732E-08
  4.90000000E-01  8.39722425E-02  1.96993639E-03 -1.79453814E-03 -6.65763656E-06 -5.30785180E-06  1.68667455E-06  2.57337073E-07 -5.50850331E-07 -4.08854474E-08
  5.00000000E-01  8.39721853E-02  1.96988784E-03 -1.79452407E-03 -5.29196837E-06 -4.57766873E-06  1.29168127E-06  1.98271902E-07 -3.50141813E-07 -3.54439867E-08
