  0.00000000E+00  0.00000000E+00  0.00000000E+00  0.00000000E+00  1.90257480E+00  2.49030151E-04  4.12927561E-04  2.37702552E-04  8.64615588E-05 -4.40366946E-04
  1.00000000E-02  1.90257480E-02  2.49030151E-06  4.12927561E-06  1.45939408E+00  1.57282092E-03  1.15227276E-02  7.43530754E-05 -2.60962438E-02  5.48926355E-03
  2.00000000E-02  3.14037852E-02  2.48374645E-05  1.74905552E-04  1.15584850E+00  2.18364396E-03  1.66755891E-02 -9.06831508E-05 -3.85770148E-02  8.39948271E-03
  3.00000000E-02  4.14445423E-02  4.97280194E-05  3.67425751E-04  9.35361370E-01  2.45673195E-03  1.92893280E-02 -2.15264236E-04 -4.51622339E-02  9.96298257E-03
  4.00000000E-02  4.96957203E-02  7.56607787E-05  5.73387725E-04  7.82639914E-01  2.48510469E-03  1.99068828E-02 -3.04339141E-04 -4.69872482E-02  1.04438791E-02
  5.00000000E-02  5.67585122E-02  1.00653689E-04  7.75544328E-04  6.79494019E-01  2.37486990E-03  1.93288587E-02 -3.62955427E-04 -4.59262206E-02  1.02589776E-02
  6.00000000E-02  6.30377229E-02  1.23851214E-04  9.65942794E-04  6.10784246E-01  2.20350158E-03  1.82027023E-02 -3.95994958E-04 -4.34698953E-02  9.74519436E-03
  7.00000000E-02  6.88020165E-02  1.45029389E-04  1.14233903E-03  5.65341122E-01  2.01776689E-03  1.69381541E-02 -4.09353408E-04 -4.05864281E-02  9.12239635E-03
  8.00000000E-02  7.42282121E-02  1.64278384E-04  1.30539783E-03  5.35382669E-01  1.84208386E-03  1.57550265E-02 -4.08936670E-04 -3.78109698E-02  8.51377782E-03
  9.00000000E-02  7.94322465E-02  1.81820808E-04  1.45703246E-03  5.15648005E-01  1.68689423E-03  1.47482302E-02 -3.99969552E-04 -3.53890749E-02  7.97739602E-03
  1.00000000E-01  8.44900532E-02  1.97913802E-04  1.59948078E-03  5.02638878E-01  1.55479940E-03  1.39407370E-02 -3.86557687E-04 -3.33958557E-02  7.53274413E-03
  1.10000000E-01  8.94513964E-02  2.12801322E-04  1.73485069E-03  4.94049379E-01  1.44447020E-03  1.33193294E-02 -3.71643136E-04 -3.18171074E-02  7.17858111E-03
  1.20000000E-01  9.43489427E-02  2.26694378E-04  1.86493694E-03  4.88366056E-01  1.35295879E-03  1.28560342E-02 -3.57093243E-04 -3.05993776E-02  6.90421625E-03
  1.30000000E-01  9.92041866E-02  2.39766408E-04  1.99118081E-03  4.84596906E-01  1.27687816E-03  1.25197079E-02 -3.44003578E-04 -2.96776301E-02  6.69591820E-03
  1.40000000E-01  1.04031310E-01  2.52154787E-04  2.11469626E-03  4.82091383E-01  1.21302422E-03  1.22816094E-02 -3.32891694E-04 -2.89891219E-02  6.54011937E-03
  1.50000000E-01  1.08839696E-01  2.63965759E-04  2.23632186E-03  4.80422210E-01  1.15862980E-03  1.21175263E-02 -3.23879126E-04 -2.84794199E-02  6.42488460E-03
  1.60000000E-01  1.13635572E-01  2.75280085E-04  2.35667670E-03  4.79308135E-01  1.11142664E-03  1.20081554E-02 -3.16861828E-04 -2.81040862E-02  6.34037056E-03
  1.70000000E-01  1.18423083E-01  2.86158336E-04  2.47621140E-03  4.78563535E-01  1.06961346E-03  1.19386425E-02 -3.11620677E-04 -2.78282119E-02  6.27877040E-03
  1.80000000E-01  1.23204996E-01  2.96645405E-04  2.59525026E-03  4.78065553E-01  1.03179388E-03  1.18978356E-02 -3.07890494E-04 -2.76251016E-02  6.23406201E-03
  1.90000000E-01  1.27983161E-01  3.06774245E-04  2.71402459E-03  4.77732645E-01  9.96905259E-04  1.18775130E-02 -3.05403815E-04 -2.74747410E-02  6.20169449E-03
  2.00000000E-01  1.32758823E-01  3.16568855E-04  2.83269810E-03 -9.82183253E-01  5.25802142E-05 -2.76457215E-04 -3.92473476E-04 -1.95844113E-03  7.06750968E-04
  2.10000000E-01  1.15637411E-01  3.12373032E-04  2.76916368E-03 -7.79288897E-01 -2.62634714E-04 -3.43742604E-03 -2.30191826E-04  6.81799150E-03 -1.21082157E-03
  2.20000000E-01  1.08858994E-01  3.08170610E-04  2.71898458E-03 -5.65077641E-01 -4.60226470E-04 -6.69203972E-03 -1.30099152E-04  1.36268629E-02 -2.91660429E-03
  2.30000000E-01  1.04279274E-01  3.02580387E-04  2.63579111E-03 -3.91834726E-01 -6.45913445E-04 -8.10198095E-03 -1.89332972E-05  1.73272071E-02 -3.80548310E-03
  2.40000000E-01  1.01227141E-01  2.95192817E-04  2.54772159E-03 -2.65463362E-01 -7.03002337E-04 -8.18153469E-03  5.93985187E-05  1.78996835E-02 -3.98746486E-03
  2.50000000E-01  9.92043644E-02  2.87877349E-04  2.46550848E-03 -1.77610384E-01 -6.79846338E-04 -7.41904848E-03  1.08994861E-04  1.65152440E-02 -3.71315098E-03
  2.60000000E-01  9.78675255E-02  2.81194666E-04  2.39513042E-03 -1.18076892E-01 -6.11061646E-04 -6.27504349E-03  1.34469144E-04  1.41886782E-02 -3.21252660E-03
  2.70000000E-01  9.69844240E-02  2.75427973E-04  2.33810001E-03 -7.82867171E-02 -5.23152677E-04 -5.05784714E-03  1.41747875E-04  1.16106059E-02 -2.64472120E-03
  2.80000000E-01  9.64005077E-02  2.70635991E-04  2.29360752E-03 -5.18815267E-02 -4.33067979E-04 -3.93733515E-03  1.36648637E-04  9.17518362E-03 -2.10168742E-03
  2.90000000E-01  9.60137184E-02  2.66755735E-04  2.25983673E-03 -3.44143813E-02 -3.50099006E-04 -2.98666576E-03  1.24128682E-04  7.06544651E-03 -1.62722811E-03
  3.00000000E-01  9.57569103E-02  2.63669590E-04  2.23472342E-03 -2.28685328E-02 -2.78347057E-04 -2.22129599E-03  1.07992552E-04  5.33490045E-03 -1.23532282E-03
  3.10000000E-01  9.55859542E-02  2.61244879E-04  2.21633731E-03 -1.52310563E-02 -2.18784574E-04 -1.62704576E-03  9.08993724E-05  3.96737623E-03 -9.23688896E-04
  3.20000000E-01  9.54718311E-02  2.59354846E-04  2.20303811E-03 -1.01705837E-02 -1.70708105E-04 -1.17761098E-03  7.45316193E-05  2.91535612E-03 -6.82528867E-04
  3.30000000E-01  9.53954276E-02  2.57888147E-04  2.19350917E-03 -6.81021871E-03 -1.32659727E-04 -8.44305051E-04  5.98219028E-05  2.12208934E-03 -4.99625537E-04
  3.40000000E-01  9.53441272E-02  2.56751791E-04  2.18673265E-03 -4.57319179E-03 -1.02962523E-04 -6.00802954E-04  4.71749400E-05  1.53301589E-03 -3.63013096E-04
  3.50000000E-01  9.53095804E-02  2.55870652E-04  2.18194213E-03 -3.07999686E-03 -8.00032981E-05 -4.24974359E-04  3.66541052E-05  1.10075530E-03 -2.62178884E-04
  3.60000000E-01  9.52862465E-02  2.55185415E-04  2.17857153E-03 -2.08056123E-03 -6.23611987E-05 -2.99177335E-04  2.81232733E-05  7.86532838E-04 -1.88443371E-04
  3.70000000E-01  9.52704380E-02  2.54650014E-04  2.17620874E-03 -1.40975491E-03 -4.88486903E-05 -2.09836395E-04  2.13464147E-05  5.59822306E-04 -1.34921827E-04
  3.80000000E-01  9.52596945E-02  2.54229090E-04  2.17455708E-03 -9.58268278E-04 -3.85069572E-05 -1.46762276E-04  1.60524975E-05  3.97233156E-04 -9.63024730E-05
  3.90000000E-01  9.52523693E-02  2.53895729E-04  2.17340483E-03 -6.53550021E-04 -3.05803683E-05 -1.02445655E-04  1.19744030E-05  2.81193680E-04 -6.85686910E-05
  4.00000000E-01  9.52473573E-02  2.53629558E-04  2.17260196E-03 -4.47314424E-04 -2.44837150E-05 -7.14279709E-05  8.86973311E-06  1.98699105E-04 -4.87286482E-05
  4.10000000E-01  9.52439154E-02  2.53415204E-04  2.17204276E-03 -3.07337478E-04 -1.97697175E-05 -4.97835538E-05  6.52980652E-06  1.40235005E-04 -3.45794689E-05
  4.20000000E-01  9.52415419E-02  2.53241077E-04  2.17165315E-03 -2.12056088E-04 -1.61010213E-05 -3.47128521E-05  4.78147554E-06  9.89033602E-05 -2.45137817E-05
  4.30000000E-01  9.52398977E-02  2.53098410E-04  2.17138138E-03 -1.47002917E-04 -1.32295130E-05 -2.42331166E-05  3.48496384E-06  6.97390569E-05 -1.73671046E-05
  4.40000000E-01  9.52387530E-02  2.52980472E-04  2.17119144E-03 -1.02446375E-04 -1.09717272E-05 -1.69485233E-05  2.52980692E-06  4.91889585E-05 -1.23006315E-05
  4.50000000E-01  9.52379513E-02  2.52882044E-04  2.17105838E-03 -7.18240557E-05 -9.18684018E-06 -1.18810152E-05  1.83017945E-06  3.47223009E-05 -8.71293005E-06
  4.60000000E-01  9.52373862E-02  2.52799100E-04  2.17096491E-03 -5.06997826E-05 -7.76559084E-06 -8.34978845E-06  1.32031984E-06  2.45433874E-05 -6.17437968E-06
  4.70000000E-01  9.52369848E-02  2.52728551E-04  2.17089907E-03 -3.60674926E-05 -6.62300647E-06 -5.88306725E-06  9.50418416E-07  1.73820300E-05 -4.37902082E-06
  4.80000000E-01  9.52366973E-02  2.52668033E-04  2.17085257E-03 -2.58853091E-05 -5.69096831E-06 -4.15548729E-06  6.83114540E-07  1.23420050E-05 -3.10949246E-06
  4.90000000E-01  9.52364893E-02  2.52615784E-04  2.17081965E-03 -1.87628912E-05 -4.92293816E-06 -2.94259370E-06  4.90619064E-07  8.79221575E-06 -2.21167910E-06
  5.00000000E-01  9.52363373E-02  2.52570395E-04  2.17079629E-03 -1.37512806E-05 -4.28242242E-06 -2.08926926E-06  3.52411195E-07  6.28895601E-06 -1.57647913E-06
