  0.00000000E+00  0.00000000E+00  0.00000000E+00  0.00000000E+00  1.90257477E+00  2.49017077E-04  4.12928357E-04  2.37679203E-04  8.64724209E-05 -4.40339229E-04
  1.00000000E-02  1.90257477E-02  2.49017077E-06  4.12928357E-06  1.43576179E+00 -1.04769087E-02  9.55109681E-03  1.74067341E-04 -1.55401079E-02 -1.63457344E-02
  2.00000000E-02  3.10493008E-02 -1.55908544E-04  1.45331094E-04  1.12138129E+00 -1.50584788E-02  1.37214237E-02  1.30332403E-04 -2.27630906E-02 -2.36716007E-02
  3.00000000E-02  4.06912111E-02 -3.29401184E-04  3.03396966E-04  8.95305715E-01 -1.72294888E-02  1.57926038E-02  1.09802845E-04 -2.64621018E-02 -2.74180300E-02
  4.00000000E-02  4.85138904E-02 -5.12551122E-04  4.71678905E-04  7.41184799E-01 -1.75244609E-02  1.62045294E-02  1.05658977E-04 -2.73297418E-02 -2.82894499E-02
  5.00000000E-02  5.51551338E-02 -6.89270592E-04  6.35783826E-04  6.39156908E-01 -1.67450802E-02  1.56381847E-02  1.09106379E-04 -2.65170647E-02 -2.74537020E-02
  6.00000000E-02  6.10365634E-02 -8.52824490E-04  7.89333951E-04  5.72731404E-01 -1.55256218E-02  1.46453478E-02  1.14818484E-04 -2.49288843E-02 -2.58278800E-02
  7.00000000E-02  6.64317500E-02 -1.00198342E-03  9.30823244E-04  5.29881134E-01 -1.42529591E-02  1.35700180E-02  1.19776743E-04 -2.31419319E-02 -2.39981190E-02
  8.00000000E-02  7.15163099E-02 -1.13814969E-03  1.06114678E-03  5.02364057E-01 -1.31199375E-02  1.25905147E-02  1.22818273E-04 -2.14652292E-02 -2.22794554E-02
  9.00000000E-02  7.64023651E-02 -1.26368396E-03  1.18215441E-03  4.84720210E-01 -1.21962930E-02  1.17778261E-02  1.23879695E-04 -2.00319573E-02 -2.08082612E-02
  1.00000000E-01  8.11613480E-02 -1.38102867E-03  1.29586922E-03  4.73401690E-01 -1.14850840E-02  1.11429176E-02  1.23361673E-04 -1.88742658E-02 -1.96181888E-02
  1.10000000E-01  8.58387723E-02 -1.49232346E-03  1.40412386E-03  4.66128014E-01 -1.09593272E-02  1.06681280E-02  1.21807996E-04 -1.79737321E-02 -1.86912866E-02
  1.20000000E-01  9.04636841E-02 -1.59928795E-03  1.50843119E-03  4.61441489E-01 -1.05827984E-02  1.03255457E-02  1.19726872E-04 -1.72913859E-02 -1.79884232E-02
  1.30000000E-01  9.50546663E-02 -1.70323329E-03  1.60997373E-03  4.58412310E-01 -1.03203448E-02  1.00864621E-02  1.17501235E-04 -1.67839398E-02 -1.74657145E-02
  1.40000000E-01  9.96236435E-02 -1.80512447E-03  1.70964294E-03  4.56447313E-01 -1.01421039E-02  9.92556783E-03  1.15389607E-04 -1.64114968E-02 -1.70824712E-02
  1.50000000E-01  1.04178292E-01 -1.90565430E-03  1.80809414E-03  4.55167528E-01 -1.00245056E-02  9.82228600E-03  1.13548115E-04 -1.61405089E-02 -1.68043321E-02
  1.60000000E-01  1.08723568E-01 -2.00531137E-03  1.90580059E-03  4.54330282E-01 -9.94977959E-03  9.76067890E-03  1.12051648E-04 -1.59442865E-02 -1.66038582E-02
  1.70000000E-01  1.13262685E-01 -2.10443554E-03  2.00309935E-03  4.53779729E-01 -9.90494730E-03  9.72880299E-03  1.10917524E-04 -1.58023444E-02 -1.64599171E-02
  1.80000000E-01  1.17797729E-01 -2.20326085E-03  2.10022800E-03  4.53415481E-01 -9.88073829E-03  9.71790998E-03  1.10128055E-04 -1.56993565E-02 -1.63566485E-02
  1.90000000E-01  1.22330063E-01 -2.30194718E-03  2.19735263E-03  4.53172667E-01 -9.87063695E-03  9.72169743E-03  1.09646817E-04 -1.56240706E-02 -1.62823731E-02
  2.00000000E-01  1.26860575E-01 -2.40060305E-03  2.29458854E-03 -9.82496679E-01  1.04334579E-03 -7.42327506E-04 -9.13056664E-05 -3.48923916E-04 -3.68653177E-05
  2.10000000E-01  1.09857262E-01 -2.33559968E-03  2.23484514E-03 -7.72563779E-01  3.95501141E-03 -3.35458085E-03 -2.62627285E-05  4.63689489E-03  4.90345970E-03
  2.20000000E-01  1.03181288E-01 -2.28149123E-03  2.18823807E-03 -5.51855475E-01  6.61051277E-03 -6.00677768E-03 -3.42461942E-05  8.55985508E-03  8.96383108E-03
  2.30000000E-01  9.87662753E-02 -2.20210860E-03  2.11490931E-03 -3.75650431E-01  7.64337560E-03 -7.02946032E-03 -2.07209661E-05  1.05372375E-02  1.09512699E-02
  2.40000000E-01  9.58907962E-02 -2.12051053E-03  2.03950129E-03 -2.49054832E-01  7.45052317E-03 -6.93964458E-03 -1.96955842E-05  1.06796027E-02  1.10798452E-02
  2.50000000E-01  9.40332258E-02 -2.04696956E-03  1.97055392E-03 -1.62690449E-01  6.53981437E-03 -6.17232261E-03 -2.27120000E-05  9.69694228E-03  1.00598901E-02
  2.60000000E-01  9.28381433E-02 -1.98612496E-03  1.91266731E-03 -1.05422352E-01  5.35198545E-03 -5.12604504E-03 -2.63566801E-05  8.20440381E-03  8.51737390E-03
  2.70000000E-01  9.20702602E-02 -1.93854425E-03  1.86663825E-03 -6.80513569E-02  4.16730369E-03 -4.05832224E-03 -2.88003462E-05  6.61108411E-03  6.87081682E-03
  2.80000000E-01  9.15766017E-02 -1.90279462E-03  1.83139364E-03 -4.38775890E-02  3.12749995E-03 -3.10359371E-03 -2.94414839E-05  5.14255926E-03  5.35173286E-03
  2.90000000E-01  9.12586946E-02 -1.87671864E-03  1.80513134E-03 -2.83076235E-02  2.28203528E-03 -2.31320034E-03 -2.84025483E-05  3.89629455E-03  4.06073513E-03
  3.00000000E-01  9.10534682E-02 -1.85812561E-03  1.78595131E-03 -1.82936860E-02  1.62883162E-03 -1.69099311E-03 -2.61243935E-05  2.89329230E-03  3.02002779E-03
  3.10000000E-01  9.09206010E-02 -1.84510331E-03  1.77215241E-03 -1.18506194E-02  1.14222077E-03 -1.21807287E-03 -2.31118687E-05  2.11519864E-03  2.21126315E-03
  3.20000000E-01  9.08343102E-02 -1.83611416E-03  1.76233628E-03 -7.69862201E-03  7.89409034E-04 -8.67639092E-04 -1.98039926E-05  1.52748580E-03  1.59927506E-03
  3.30000000E-01  9.07780839E-02 -1.82998413E-03  1.75541206E-03 -5.01691697E-03  5.38881787E-04 -6.12814272E-04 -1.65261151E-05  1.09237743E-03  1.14536865E-03
  3.40000000E-01  9.07413233E-02 -1.82584795E-03  1.75055804E-03 -3.28015921E-03  3.63894547E-04 -4.30118817E-04 -1.34881132E-05  7.75165148E-04  8.13858131E-04
  3.50000000E-01  9.07172055E-02 -1.82308394E-03  1.74717033E-03 -2.15206719E-03  2.43298086E-04 -3.00526750E-04 -1.08036422E-05  5.46664083E-04  5.74643478E-04
  3.60000000E-01  9.07013253E-02 -1.82125394E-03  1.74481303E-03 -1.41707845E-03  1.61109858E-04 -2.09328715E-04 -8.51551270E-06  3.83619587E-04  4.03673381E-04
  3.70000000E-01  9.06908294E-02 -1.82005378E-03  1.74317573E-03 -9.36707242E-04  1.05604567E-04 -1.45520965E-04 -6.61957275E-06  2.68157113E-04  2.82412376E-04
  3.80000000E-01  9.06838642E-02 -1.81927526E-03  1.74203956E-03 -6.21746732E-04  6.83976387E-05 -1.01052268E-04 -5.08402946E-06  1.86883954E-04  1.96937999E-04
  3.90000000E-01  9.06792215E-02 -1.81877732E-03  1.74125138E-03 -4.14567122E-04  4.36205673E-05 -7.01269755E-05 -3.86352735E-06  1.29953081E-04  1.36989541E-04
  4.00000000E-01  9.06761118E-02 -1.81846500E-03  1.74070473E-03 -2.77826951E-04  2.72243734E-05 -4.86418610E-05 -2.90857458E-06  9.02275365E-05  9.51135835E-05
  4.10000000E-01  9.06740172E-02 -1.81827474E-03  1.74032574E-03 -1.87258821E-04  1.64626283E-05 -3.37308330E-05 -2.17129899E-06  6.25918396E-05  6.59565744E-05
  4.20000000E-01  9.06725975E-02 -1.81816392E-03  1.74006299E-03 -1.27045977E-04  9.46606118E-06 -2.33847303E-05 -1.60855491E-06  4.34114855E-05  4.57073508E-05
  4.30000000E-01  9.06716281E-02 -1.81810424E-03  1.73988087E-03 -8.68496668E-05  4.96788362E-06 -1.62016309E-05 -1.18325097E-06  3.01222271E-05  3.16720998E-05
  4.40000000E-01  9.06709605E-02 -1.81807705E-03  1.73975477E-03 -5.98932809E-05  2.12198059E-06 -1.12125754E-05 -8.64574561E-07  2.09250806E-05  2.19577687E-05
  4.50000000E-01  9.06704964E-02 -1.81807006E-03  1.73966759E-03 -4.17228294E-05  3.63921719E-07 -7.74538059E-06 -6.27591421E-07  1.45636826E-05  1.52402913E-05
  4.60000000E-01  9.06701700E-02 -1.81807522E-03  1.73960747E-03 -2.94028216E-05 -6.82764444E-07 -5.33358826E-06 -4.52536355E-07  1.01638542E-05  1.05971337E-05
  4.70000000E-01  9.06699376E-02 -1.81808728E-03  1.73956620E-03 -2.09931676E-05 -1.26905670E-06 -3.65290722E-06 -3.24001002E-07  7.11914516E-06  7.38754772E-06
  4.80000000E-01  9.06697697E-02 -1.81810290E-03  1.73953807E-03 -1.52079616E-05 -1.56181867E-06 -2.47914965E-06 -2.30137333E-07  5.00983420E-06  5.16763571E-06
  4.90000000E-01  9.06696466E-02 -1.81811998E-03  1.73951915E-03 -1.11923512E-05 -1.67111220E-06 -1.65761509E-06 -1.61939163E-07  3.54597071E-06  3.63050123E-06
  5.00000000E-01  9.06695547E-02 -1.81813724E-03  1.73950668E-03 -8.37624127E-06 -1.66921409E-06 -1.08143229E-06 -1.12627159E-07  2.52752951E-06  2.56430339E-06
