  0.00000000E+00  0.00000000E+00  0.00000000E+00  0.00000000E+00  1.90257477E+00  2.49017077E-04  4.12928357E-04  2.37679203E-04  8.64724209E-05 -4.40339229E-04
  1.00000000E-02  1.90257477E-02  2.49017077E-06  4.12928357E-06  1.37833828E+00  1.77074783E-02 -8.10947919E-03  1.00568409E-04  8.31543604E-03  5.70873080E-03
  2.00000000E-02  3.01879481E-02  2.66857260E-04 -1.19577546E-04  1.03920824E+00  2.48408449E-02 -1.14128147E-02 -3.10558316E-05  1.17249640E-02  8.44118664E-03
  3.00000000E-02  3.88843802E-02  5.50932543E-04 -2.50222370E-04  8.01483203E-01  2.79822665E-02 -1.27973788E-02 -1.20035674E-04  1.32633028E-02  9.76538173E-03
  4.00000000E-02  4.57105871E-02  8.46462316E-04 -3.85118978E-04  6.45991243E-01  2.80203424E-02 -1.27077869E-02 -1.73511152E-04  1.33269248E-02  9.95459443E-03
  5.00000000E-02  5.13930397E-02  1.12685612E-03 -5.11748888E-04  5.48417013E-01  2.63625553E-02 -1.18363599E-02 -2.00973917E-04  1.25919283E-02  9.52187298E-03
  6.00000000E-02  5.63893387E-02  1.38219274E-03 -6.25755351E-04  4.88797249E-01  2.41008492E-02 -1.07163374E-02 -2.09979038E-04  1.15563497E-02  8.82665951E-03
  7.00000000E-02  6.09792124E-02  1.61189270E-03 -7.27318614E-04  4.52995222E-01  2.18762097E-02 -9.65203316E-03 -2.07249022E-04  1.05177733E-02  8.09320480E-03
  8.00000000E-02  6.53301545E-02  1.81953160E-03 -8.18517424E-04  4.31730833E-01  1.99822506E-02 -8.77426652E-03 -1.97976277E-04  9.61706528E-03  7.43393841E-03
  9.00000000E-02  6.95411409E-02  2.00988431E-03 -9.01871256E-04  4.19181108E-01  1.85005850E-02 -8.11068391E-03 -1.85878924E-04  8.89759038E-03  6.89040746E-03
  1.00000000E-01  7.36702033E-02  2.18748183E-03 -9.79660182E-04  4.11795746E-01  1.74053186E-02 -7.63918888E-03 -1.73378588E-04  8.35237259E-03  6.46550703E-03
  1.10000000E-01  7.77512340E-02  2.35605868E-03 -1.05369460E-03  4.07450593E-01  1.66284585E-02 -7.32043560E-03 -1.61856111E-04  7.95366717E-03  6.14491917E-03
  1.20000000E-01  8.18040141E-02  2.51845897E-03 -1.12530519E-03  4.04890178E-01  1.60949875E-02 -7.11452843E-03 -1.51972681E-04  7.66930170E-03  5.90869711E-03
  1.30000000E-01  8.58401138E-02  2.67674149E-03 -1.19542093E-03  4.03377748E-01  1.57385777E-02 -6.98790342E-03 -1.43902219E-04  7.46990980E-03  5.73732380E-03
  1.40000000E-01  8.98663292E-02  2.83234522E-03 -1.26466684E-03  4.02482338E-01  1.55065508E-02 -6.91497679E-03 -1.37541228E-04  7.33155310E-03  5.61407877E-03
  1.50000000E-01  9.38866755E-02  2.98625059E-03 -1.33345198E-03  4.01951887E-01  1.53596868E-02 -6.87742424E-03 -1.32658289E-04  7.23596573E-03  5.52565166E-03
  1.60000000E-01  9.79035421E-02  3.13911314E-03 -1.40203846E-03  4.01638606E-01  1.52700188E-02 -6.86267536E-03 -1.28983255E-04  7.16979923E-03  5.46193206E-03
  1.70000000E-01  1.01918362E-01  3.29136498E-03 -1.47059147E-03  4.01455468E-01  1.52182034E-02 -6.86237449E-03 -1.26256316E-04  7.12358799E-03  5.41548555E-03
  1.80000000E-01  1.05932001E-01  3.44328794E-03 -1.53921371E-03  4.01350917E-01  1.51911562E-02 -6.87109786E-03 -1.24251158E-04  7.09076497E-03  5.38097315E-03
  1.90000000E-01  1.09944987E-01  3.59506427E-03 -1.60796830E-03  4.01294201E-01  1.51801720E-02 -6.88538834E-03 -1.22782477E-04  7.06684760E-03  5.35462850E-03
  2.00000000E-01  1.13957646E-01  3.74681107E-03 -1.67689364E-03 -9.77794249E-01 -3.06249024E-03  1.85047416E-03 -2.46259507E-04 -9.45393790E-04 -8.71229835E-05
  2.10000000E-01  9.72842609E-02  3.62497285E-03 -1.61470958E-03 -7.51054070E-01 -7.76955710E-03  4.04753980E-03 -1.18909340E-04 -3.47221391E-03 -2.01323929E-03
  2.20000000E-01  9.09074211E-02  3.52374195E-03 -1.56324886E-03 -5.17467636E-01 -1.16571858E-02  5.91101822E-03 -5.99056387E-05 -5.04562943E-03 -3.36450018E-03
  2.30000000E-01  8.69006769E-02  3.38773195E-03 -1.49482128E-03 -3.35812106E-01 -1.28939780E-02  6.40032837E-03  1.08750225E-05 -5.74385073E-03 -4.03779241E-03
  2.40000000E-01  8.44508335E-02  3.25260821E-03 -1.42837145E-03 -2.10282223E-01 -1.21698343E-02  5.94160893E-03  5.28521821E-05 -5.50277342E-03 -3.99790548E-03
  2.50000000E-01  8.29756606E-02  3.13453058E-03 -1.37124896E-03 -1.28706355E-01 -1.03766026E-02  4.98618481E-03  7.40218333E-05 -4.75478459E-03 -3.54637472E-03
  2.60000000E-01  8.20964764E-02  3.03973072E-03 -1.32616423E-03 -7.76418235E-02 -8.25257300E-03  3.90215828E-03  8.01603596E-05 -3.83165287E-03 -2.92766589E-03
  2.70000000E-01  8.15753809E-02  2.96782513E-03 -1.29256278E-03 -4.64320034E-02 -6.24248519E-03  2.90361054E-03  7.67056255E-05 -2.93714028E-03 -2.29778764E-03
  2.80000000E-01  8.12671099E-02  2.91545072E-03 -1.26851941E-03 -2.76477008E-02 -4.54969104E-03  2.08165233E-03  6.79992540E-05 -2.16918564E-03 -1.73762490E-03
  2.90000000E-01  8.10845544E-02  2.87841778E-03 -1.25181268E-03 -1.64476275E-02 -3.22445121E-03  1.45188444E-03  5.71432562E-05 -1.55711328E-03 -1.27748988E-03
  3.00000000E-01  8.09760785E-02  2.85279947E-03 -1.24044268E-03 -9.80256313E-03 -2.23760640E-03  9.92714647E-04  4.61304911E-05 -1.09331500E-03 -9.18905048E-04
  3.10000000E-01  8.09112782E-02  2.83535763E-03 -1.23281138E-03 -5.86586620E-03 -1.52878456E-03  6.69647285E-04  3.60853228E-05 -7.54434699E-04 -6.49718085E-04
  3.20000000E-01  8.08723030E-02  2.82361389E-03 -1.22773024E-03 -3.53073123E-03 -1.03305602E-03  4.48130835E-04  2.75194751E-05 -5.13469948E-04 -4.53172863E-04
  3.30000000E-01  8.08486714E-02  2.81576197E-03 -1.22435652E-03 -2.14081671E-03 -6.93171717E-04  2.98994013E-04  2.05538942E-05 -3.45653931E-04 -3.12675578E-04
  3.40000000E-01  8.08342128E-02  2.81052968E-03 -1.22211226E-03 -1.30923312E-03 -4.63513190E-04  1.99791372E-04  1.50880197E-05 -2.30650384E-04 -2.13885826E-04
  3.50000000E-01  8.08252784E-02  2.80704284E-03 -1.22061036E-03 -8.08460982E-04 -3.09924164E-04  1.34245040E-04  1.09167332E-05 -1.52827401E-04 -1.45318712E-04
  3.60000000E-01  8.08196976E-02  2.80471154E-03 -1.21959564E-03 -5.04633244E-04 -2.07886585E-04  9.10237159E-05  7.80363196E-06 -1.00685142E-04 -9.82154564E-05
  3.70000000E-01  8.08161704E-02  2.80314286E-03 -1.21890151E-03 -3.18765720E-04 -1.40333835E-04  6.24661086E-05  5.52210902E-06 -6.60223780E-05 -6.61200278E-05
  3.80000000E-01  8.08139121E-02  2.80207729E-03 -1.21841964E-03 -2.04043932E-04 -9.56414700E-05  4.34929844E-05  3.87487195E-06 -4.31223940E-05 -4.43908271E-05
  3.90000000E-01  8.08124453E-02  2.80134434E-03 -1.21807957E-03 -1.32558224E-04 -6.60316446E-05  3.07916805E-05  2.70025343E-06 -2.80682443E-05 -2.97529830E-05
  4.00000000E-01  8.08114771E-02  2.80083207E-03 -1.21783516E-03 -8.75577687E-05 -4.63403393E-05  2.22101626E-05  1.87126485E-06 -1.82111538E-05 -1.99292789E-05
  4.10000000E-01  8.08108266E-02  2.80046712E-03 -1.21765597E-03 -5.89159477E-05 -3.31594030E-05  1.63462379E-05  1.29122057E-06 -1.17779673E-05 -1.33541573E-05
  4.20000000E-01  8.08103806E-02  2.80020143E-03 -1.21752183E-03 -4.04645163E-05 -2.42491641E-05  1.22844544E-05  8.88260787E-07 -7.59091381E-06 -8.96093404E-06
  4.30000000E-01  8.08100682E-02  2.80000349E-03 -1.21741929E-03 -2.84174051E-05 -1.81433992E-05  9.42300874E-06  6.09978379E-07 -4.87241278E-06 -6.02797636E-06
  4.40000000E-01  8.08098443E-02  2.79985259E-03 -1.21733937E-03 -2.04328771E-05 -1.38858358E-05  7.36723913E-06  4.18729235E-07 -3.11149918E-06 -4.06981098E-06
  4.50000000E-01  8.08096799E-02  2.79973502E-03 -1.21727597E-03 -1.50514111E-05 -1.08548094E-05  5.85685323E-06  2.87806123E-07 -1.97362432E-06 -2.76125850E-06
  4.60000000E-01  8.08095563E-02  2.79964162E-03 -1.21722496E-03 -1.13562450E-05 -8.64742376E-06  4.72097048E-06  1.98452061E-07 -1.24036181E-06 -1.88522755E-06
  4.70000000E-01  8.08094612E-02  2.79956619E-03 -1.21718343E-03 -8.76689071E-06 -7.00201218E-06  3.84808405E-06  1.37602482E-07 -7.69414141E-07 -1.29713649E-06
  4.80000000E-01  8.08093865E-02  2.79950439E-03 -1.21714931E-03 -6.91265569E-06 -5.74724276E-06  3.16503439E-06  9.62197427E-08 -4.68240443E-07 -9.00850881E-07
  4.90000000E-01  8.08093266E-02  2.79945320E-03 -1.21712108E-03 -5.55464728E-06 -4.76969381E-06  2.62281948E-06  6.80871914E-08 -2.76743971E-07 -6.32507104E-07
  5.00000000E-01  8.08092779E-02  2.79941039E-03 -1.21709756E-03 -4.53735436E-06 -3.99365001E-06  2.18748387E-06  4.89485528E-08 -1.55946090E-07 -4.49689437E-07
