  0.00000000E+00  0.00000000E+00  0.00000000E+00  0.00000000E+00  1.90257477E+00  2.49017077E-04  4.12928357E-04  2.37679203E-04  8.64724209E-05 -4.40339229E-04
  1.00000000E-02  1.90257477E-02  2.49017077E-06  4.12928357E-06  1.35648791E+00 -9.38898071E-03 -3.29690808E-03  1.25154551E-04 -1.44041684E-02  2.52938030E-02
  2.00000000E-02  2.98601925E-02 -1.39589625E-04 -4.73889794E-05  1.00923336E+00 -1.32923684E-02 -4.79185085E-03  2.72721308E-05 -1.98056728E-02  3.48145436E-02
  3.00000000E-02  3.82162534E-02 -2.92030247E-04 -1.02782202E-04  7.68111569E-01 -1.49928613E-02 -5.43632938E-03 -3.08421315E-05 -2.19619475E-02  3.85505737E-02
  4.00000000E-02  4.46917601E-02 -4.50461325E-04 -1.60367888E-04  6.12811665E-01 -1.49675895E-02 -5.41784255E-03 -5.89769420E-05 -2.16435953E-02  3.78974496E-02
  5.00000000E-02  5.00433772E-02 -6.00010861E-04 -2.14453880E-04  5.17371833E-01 -1.40191446E-02 -5.05095291E-03 -6.94057220E-05 -2.00340275E-02  3.49725940E-02
  6.00000000E-02  5.47398964E-02 -7.35460082E-04 -2.63128961E-04  4.60522772E-01 -1.27461478E-02 -4.56417371E-03 -6.98986351E-05 -1.80424006E-02  3.14006687E-02
  7.00000000E-02  5.90608788E-02 -8.56556576E-04 -3.06336802E-04  4.27382303E-01 -1.14997248E-02 -4.09067624E-03 -6.57278809E-05 -1.61778207E-02  2.80836125E-02
  8.00000000E-02  6.31689995E-02 -9.65321709E-04 -3.44876077E-04  4.08342379E-01 -1.04387630E-02 -3.68958811E-03 -5.99614550E-05 -1.46520664E-02  2.53895903E-02
  9.00000000E-02  6.71572237E-02 -1.06440453E-03 -3.79766517E-04  3.97501696E-01 -9.60552112E-03 -3.37555955E-03 -5.42165208E-05 -1.35025845E-02  2.33760300E-02
  1.00000000E-01  7.10780372E-02 -1.15629353E-03 -4.11951970E-04  3.91355164E-01 -8.98371607E-03 -3.14131137E-03 -4.92078579E-05 -1.26846229E-02  2.19556610E-02
  1.10000000E-01  7.49608562E-02 -1.24302167E-03 -4.42193843E-04  3.87869089E-01 -8.53467801E-03 -2.97145249E-03 -4.51679783E-05 -1.21264426E-02  2.09959842E-02
  1.20000000E-01  7.88221167E-02 -1.32612326E-03 -4.71059073E-04  3.85882730E-01 -8.21652398E-03 -2.84975640E-03 -4.20783716E-05 -1.17576061E-02  2.03690628E-02
  1.30000000E-01  8.26710122E-02 -1.40669773E-03 -4.98948157E-04  3.84740614E-01 -7.99265904E-03 -2.76227589E-03 -3.98124659E-05 -1.15199453E-02  1.99704703E-02
  1.40000000E-01  8.65127078E-02 -1.48550499E-03 -5.26133513E-04  3.84074803E-01 -7.83430855E-03 -2.69820471E-03 -3.82099186E-05 -1.13698185E-02  1.97226135E-02
  1.50000000E-01  9.03501268E-02 -1.56305632E-03 -5.52795204E-04  3.83679156E-01 -7.72027025E-03 -2.64969597E-03 -3.71208316E-05 -1.12764474E-02  1.95713236E-02
  1.60000000E-01  9.41849401E-02 -1.63968884E-03 -5.79049620E-04  3.83437971E-01 -7.63560862E-03 -2.61131233E-03 -3.64109791E-05 -1.12190533E-02  1.94804434E-02
  1.70000000E-01  9.80181139E-02 -1.71562161E-03 -6.04970825E-04  3.83285969E-01 -7.57013155E-03 -2.57941026E-03 -3.59724756E-05 -1.11840604E-02  1.94266300E-02
  1.80000000E-01  1.01850214E-01 -1.79099554E-03 -6.30605418E-04  3.83186036E-01 -7.51704769E-03 -2.55161065E-03 -3.57230550E-05 -1.11628219E-02  1.93952091E-02
  1.90000000E-01  1.05681574E-01 -1.86590060E-03 -6.55982526E-04  3.83116857E-01 -7.47191248E-03 -2.52639088E-03 -3.56025651E-05 -1.11499389E-02  1.93771499E-02
  2.00000000E-01  1.09512397E-01 -1.94039405E-03 -6.81120336E-04 -9.72596101E-01  1.13462327E-03  2.08090858E-04 -1.85003408E-04  3.33274276E-03 -6.04576882E-03
  2.10000000E-01  9.30078711E-02 -1.88601514E-03 -6.65367019E-04 -7.41627083E-01  3.91559555E-03  1.37419828E-03 -7.68264674E-05  6.89443309E-03 -1.23953157E-02
  2.20000000E-01  8.67464454E-02 -1.83295432E-03 -6.45794499E-04 -5.02810245E-01  5.54252087E-03  1.92494886E-03 -4.43565897E-05  9.55653626E-03 -1.70150773E-02
  2.30000000E-01  8.29124271E-02 -1.76939449E-03 -6.23791257E-04 -3.20067225E-01  6.19638512E-03  2.20462181E-03  1.40334490E-06  1.01945442E-02 -1.80752734E-02
  2.40000000E-01  8.06254700E-02 -1.70416131E-03 -6.00346675E-04 -1.95645886E-01  5.84019073E-03  2.09427666E-03  2.46144324E-05  9.32651019E-03 -1.64573087E-02
  2.50000000E-01  7.92911178E-02 -1.64754038E-03 -5.79955634E-04 -1.16405228E-01  4.95148445E-03  1.78176211E-03  3.37364505E-05  7.70254440E-03 -1.35198853E-02
  2.60000000E-01  7.85232688E-02 -1.60246907E-03 -5.63700585E-04 -6.80058231E-02  3.89945155E-03  1.40519923E-03  3.43525548E-05  5.91567869E-03 -1.03207295E-02
  2.70000000E-01  7.80852076E-02 -1.56873471E-03 -5.51531408E-04 -3.92614777E-02  2.90705667E-03  1.04825910E-03  3.06400590E-05  4.30329612E-03 -7.45555306E-03
  2.80000000E-01  7.78363146E-02 -1.54462612E-03 -5.42833517E-04 -2.25134891E-02  2.07611783E-03  7.49277165E-04  2.52808702E-05  3.00160640E-03 -5.15891239E-03
  2.90000000E-01  7.76949196E-02 -1.52801964E-03 -5.36835655E-04 -1.28777406E-02  1.43125085E-03  5.17662142E-04  1.97951530E-05  2.02510140E-03 -3.44888128E-03
  3.00000000E-01  7.76143210E-02 -1.51693147E-03 -5.32817109E-04 -7.37536158E-03  9.56934626E-04  3.47800382E-04  1.49229218E-05  1.33019718E-03 -2.24192354E-03
  3.10000000E-01  7.75680793E-02 -1.50973370E-03 -5.30188414E-04 -4.24328545E-03  6.21930285E-04  2.28220501E-04  1.09323646E-05  8.55056617E-04 -1.42415812E-03
  3.20000000E-01  7.75413068E-02 -1.50518942E-03 -5.28504108E-04 -2.45944923E-03  3.92846585E-04  1.46673992E-04  7.83514520E-06  5.40169148E-04 -8.87704199E-04
  3.30000000E-01  7.75256315E-02 -1.50240637E-03 -5.27445101E-04 -1.43961779E-03  2.40379615E-04  9.24591118E-05  5.52312757E-06  3.36606534E-04 -5.44847592E-04
  3.40000000E-01  7.75163344E-02 -1.50076491E-03 -5.26791584E-04 -8.52738472E-04  1.41310938E-04  5.71534052E-05  3.84776757E-06  2.07601385E-04 -3.30329507E-04
  3.50000000E-01  7.75107415E-02 -1.49984714E-03 -5.26396579E-04 -5.12025803E-04  7.83874661E-05  3.45565965E-05  2.66173611E-06  1.27127513E-04 -1.98413945E-04
  3.60000000E-01  7.75073248E-02 -1.49937789E-03 -5.26163997E-04 -3.12135106E-04  3.93496658E-05  2.03143304E-05  1.83748913E-06  7.75398802E-05 -1.18416525E-04
  3.70000000E-01  7.75052029E-02 -1.49917958E-03 -5.26032065E-04 -1.93475764E-04  1.57764947E-05  1.14718025E-05  1.27289109E-06  4.72603166E-05 -7.04294371E-05
  3.80000000E-01  7.75038614E-02 -1.49913968E-03 -5.25961559E-04 -1.22141246E-04  2.03458009E-06  6.07240840E-06  8.90280977E-07  2.88825793E-05 -4.18744560E-05
  3.90000000E-01  7.75029967E-02 -1.49918804E-03 -5.25927832E-04 -7.86817450E-05 -5.57198829E-06  2.84501897E-06  6.32797157E-07  1.77632585E-05 -2.49717274E-05
  4.00000000E-01  7.75024271E-02 -1.49928180E-03 -5.25915519E-04 -5.18308135E-05 -9.43997072E-06  9.72609327E-07  4.59992601E-07  1.10367430E-05 -1.49910472E-05
  4.10000000E-01  7.75020431E-02 -1.49939554E-03 -5.25915155E-04 -3.49920024E-05 -1.10788138E-05 -6.52317059E-08  3.43782792E-07  6.95601322E-06 -9.09537426E-06
  4.20000000E-01  7.75017774E-02 -1.49951452E-03 -5.25920997E-04 -2.42601248E-05 -1.14308956E-05 -5.99368290E-07  2.65020089E-07  4.46556546E-06 -5.60100434E-06
  4.30000000E-01  7.75015884E-02 -1.49963059E-03 -5.25929661E-04 -1.72976923E-05 -1.10711439E-05 -8.37875005E-07  2.10863434E-07  2.93160714E-06 -3.51643025E-06
  4.40000000E-01  7.75014503E-02 -1.49973950E-03 -5.25939232E-04 -1.26905441E-05 -1.03446502E-05 -9.08382660E-07  1.72816004E-07  1.97487489E-06 -2.26070838E-06
  4.50000000E-01  7.75013464E-02 -1.49983931E-03 -5.25948669E-04 -9.57424609E-06 -9.45533007E-06 -8.87791252E-07  1.45318109E-07  1.36860783E-06 -1.49428286E-06
  4.60000000E-01  7.75012662E-02 -1.49992942E-03 -5.25957444E-04 -7.41505588E-06 -8.52230044E-06 -8.21638600E-07  1.24764737E-07  9.77000118E-07 -1.01866658E-06
  4.70000000E-01  7.75012029E-02 -1.50000998E-03 -5.25965329E-04 -5.88005524E-06 -7.61020317E-06 -7.35665803E-07  1.08834705E-07  7.18385042E-07 -7.17532118E-07
  4.80000000E-01  7.75011517E-02 -1.50008152E-03 -5.25972256E-04 -4.75942352E-06 -6.75393107E-06 -6.44194722E-07  9.60405631E-08  5.43335740E-07 -5.22360537E-07
  4.90000000E-01  7.75011098E-02 -1.50014478E-03 -5.25978241E-04 -3.91941559E-06 -5.96874279E-06 -5.54660407E-07  8.54312006E-08  4.21677054E-07 -3.92495250E-07
  5.00000000E-01  7.75010748E-02 -1.50020054E-03 -5.25983340E-04 -3.27370130E-06 -5.25910136E-06 -4.70768621E-07  7.63973553E-08  3.34786449E-07 -3.03581131E-07
