  0.00000000E+00  0.00000000E+00 -4.89900000E+01  0.00000000E+00  5.52492771E-01  1.73780527E-02 -6.26626422E-02
  2.50000000E-03  1.38123193E-03 -4.89899566E+01  0.00000000E+00  5.29204912E-01  1.67303058E-02 -6.01210653E-02
  5.00000000E-03  2.67513438E-03 -4.89899155E+01  0.00000000E+00  5.07518270E-01  1.62843917E-02 -5.78523696E-02
  7.50000000E-03  3.91682176E-03 -4.89898754E+01  0.00000000E+00  4.87152605E-01  1.57220721E-02 -5.57717790E-02
  1.00000000E-02  5.10924619E-03 -4.89898368E+01  0.00000000E+00  4.68054083E-01  1.51982632E-02 -5.37955694E-02
  1.25000000E-02  6.25550824E-03 -4.89897994E+01  0.00000000E+00  4.50232273E-01  1.46994320E-02 -5.19519598E-02
  1.50000000E-02  7.35881166E-03 -4.89897633E+01  0.00000000E+00  4.33633213E-01  1.42102079E-02 -5.02617840E-02
  1.75000000E-02  8.42214587E-03 -4.89897284E+01  0.00000000E+00  4.18097445E-01  1.37731129E-02 -4.86354308E-02
  2.00000000E-02  9.44796977E-03 -4.89896945E+01  0.00000000E+00  4.03589061E-01  1.33626655E-02 -4.71015454E-02
  2.25000000E-02  1.04388069E-02 -4.89896616E+01  0.00000000E+00  3.90178692E-01  1.29825529E-02 -4.57848624E-02
  2.50000000E-02  1.13974907E-02 -4.89896296E+01  0.00000000E+00  3.77535543E-01  1.26227411E-02 -4.44291696E-02
  2.75000000E-02  1.23255256E-02 -4.89895985E+01  0.00000000E+00  3.65728994E-01  1.22846797E-02 -4.31511681E-02
  3.00000000E-02  1.32250899E-02 -4.89895682E+01  0.00000000E+00  3.54801641E-01  1.19698914E-02 -4.20464389E-02
  3.25000000E-02  1.40984348E-02 -4.89895387E+01  0.00000000E+00  3.44515379E-01  1.16738589E-02 -4.09165141E-02
  3.50000000E-02  1.49468655E-02 -4.89895099E+01  0.00000000E+00  3.34913477E-01  1.13961441E-02 -3.98527133E-02
  3.75000000E-02  1.57721468E-02 -4.89894818E+01  0.00000000E+00  3.26071502E-01  1.11701897E-02 -3.89901669E-02
  4.00000000E-02  1.65762731E-02 -4.89894541E+01  0.00000000E+00  3.17706861E-01  1.09262418E-02 -3.80472384E-02
  4.25000000E-02  1.73600844E-02 -4.89894271E+01  0.00000000E+00  3.09899805E-01  1.06972109E-02 -3.71605801E-02
  4.50000000E-02  1.81250751E-02 -4.89894006E+01  0.00000000E+00  3.02647494E-01  1.04489964E-02 -3.63230948E-02
  4.75000000E-02  1.88726285E-02 -4.89893748E+01  0.00000000E+00  2.95857023E-01  1.02522268E-02 -3.55493413E-02
  5.00000000E-02  1.96037829E-02 -4.89893494E+01  0.00000000E+00  2.89517638E-01  1.00678815E-02 -3.48183760E-02
  5.25000000E-02  2.03196528E-02 -4.89893245E+01  0.00000000E+00  2.83853820E-01  9.95917298E-03 -3.43861018E-02
  5.50000000E-02  2.10222076E-02 -4.89892997E+01  0.00000000E+00  2.78326873E-01  9.79595363E-03 -3.37310650E-02
  5.75000000E-02  2.17111161E-02 -4.89892755E+01  0.00000000E+00  2.73167103E-01  9.64231747E-03 -3.31124773E-02
  6.00000000E-02  2.23875841E-02 -4.89892515E+01  0.00000000E+00  2.68352795E-01  9.49829295E-03 -3.25301790E-02
  6.25000000E-02  2.30524482E-02 -4.89892280E+01  0.00000000E+00  2.63979521E-01  9.37712872E-03 -3.20940833E-02
  6.50000000E-02  2.37069304E-02 -4.89892047E+01  0.00000000E+00  2.59790576E-01  9.25174197E-03 -3.15796546E-02
  6.75000000E-02  2.43511707E-02 -4.89891817E+01  0.00000000E+00  2.55882112E-01  9.13444709E-03 -3.10947959E-02
  7.00000000E-02  2.49859904E-02 -4.89891590E+01  0.00000000E+00  2.52236600E-01  9.02496117E-03 -3.06389117E-02
  7.25000000E-02  2.56120250E-02 -4.89891366E+01  0.00000000E+00  2.49092327E-01  8.97830501E-03 -3.04412607E-02
  7.50000000E-02  2.62308255E-02 -4.89891142E+01  0.00000000E+00  2.45916758E-01  8.88235759E-03 -3.00331608E-02
  7.75000000E-02  2.68416479E-02 -4.89890921E+01  0.00000000E+00  2.42952427E-01  8.79241647E-03 -2.96469339E-02
  8.00000000E-02  2.74453236E-02 -4.89890703E+01  0.00000000E+00  2.40187712E-01  8.70841951E-03 -2.92830862E-02
  8.25000000E-02  2.80423369E-02 -4.89890486E+01  0.00000000E+00  2.38168978E-01  8.71435917E-03 -2.94633508E-02
  8.50000000E-02  2.86352360E-02 -4.89890268E+01  0.00000000E+00  2.35746075E-01  8.63921048E-03 -2.91207168E-02
  8.75000000E-02  2.92215725E-02 -4.89890053E+01  0.00000000E+00  2.33480145E-01  8.56832161E-03 -2.87929976E-02
  9.00000000E-02  2.98024405E-02 -4.89889840E+01  0.00000000E+00  2.31366031E-01  8.50200617E-03 -2.84827543E-02
  9.25000000E-02  3.03782129E-02 -4.89889628E+01  0.00000000E+00  2.29494269E-01  8.46669313E-03 -2.82541873E-02
  9.50000000E-02  3.09496089E-02 -4.89889417E+01  0.00000000E+00  2.27659527E-01  8.40973415E-03 -2.79812941E-02
  9.75000000E-02  3.15164643E-02 -4.89889207E+01  0.00000000E+00  2.25947788E-01  8.35654500E-03 -2.77240863E-02
  1.00000000E-01  3.20791941E-02 -4.89888999E+01  0.00000000E+00  2.24352692E-01  8.30709337E-03 -2.74815576E-02
  1.02500000E-01  3.26380819E-02 -4.89888792E+01  0.00000000E+00  2.23221242E-01  8.28973475E-03 -2.75750767E-02
  1.05000000E-01  3.31947207E-02 -4.89888585E+01  0.00000000E+00  2.21825406E-01  8.24735067E-03 -2.73489019E-02
  1.07500000E-01  3.37475394E-02 -4.89888379E+01  0.00000000E+00  2.20520577E-01  8.20782455E-03 -2.71323342E-02
  1.10000000E-01  3.42972098E-02 -4.89888174E+01  0.00000000E+00  2.19304118E-01  8.17122914E-03 -2.69271761E-02
  1.12500000E-01  3.48439496E-02 -4.89887971E+01  0.00000000E+00  2.18190850E-01  8.14630578E-03 -2.67437536E-02
  1.15000000E-01  3.53880351E-02 -4.89887767E+01  0.00000000E+00  2.17137742E-01  8.11565802E-03 -2.65633309E-02
  1.17500000E-01  3.59295631E-02 -4.89887565E+01  0.00000000E+00  2.16158294E-01  8.08759198E-03 -2.63942581E-02
  1.20000000E-01  3.64687345E-02 -4.89887363E+01  0.00000000E+00  2.15247542E-01  8.06196292E-03 -2.62356757E-02
  1.22500000E-01  3.70057149E-02 -4.89887162E+01  0.00000000E+00  2.14609031E-01  8.07530368E-03 -2.62807942E-02
  1.25000000E-01  3.75414394E-02 -4.89886960E+01  0.00000000E+00  2.13816563E-01  8.05324041E-03 -2.61351818E-02
  1.27500000E-01  3.80749902E-02 -4.89886759E+01  0.00000000E+00  2.13076859E-01  8.03267738E-03 -2.59957182E-02
  1.30000000E-01  3.86067577E-02 -4.89886558E+01  0.00000000E+00  2.12388369E-01  8.01380311E-03 -2.58633074E-02
  1.32500000E-01  3.91368680E-02 -4.89886358E+01  0.00000000E+00  2.11748846E-01  7.99676283E-03 -2.57388256E-02
  1.35000000E-01  3.96654407E-02 -4.89886158E+01  0.00000000E+00  2.11432955E-01  8.01809259E-03 -2.58600884E-02
  1.37500000E-01  4.01936282E-02 -4.89885958E+01  0.00000000E+00  2.10872417E-01  8.00362444E-03 -2.57413254E-02
  1.40000000E-01  4.07201086E-02 -4.89885758E+01  0.00000000E+00  2.10348502E-01  7.99040399E-03 -2.56270419E-02
  1.42500000E-01  4.12453250E-02 -4.89885558E+01  0.00000000E+00  2.09861351E-01  7.97849922E-03 -2.55183040E-02
  1.45000000E-01  4.17693694E-02 -4.89885359E+01  0.00000000E+00  2.09498560E-01  7.98887383E-03 -2.54865093E-02
  1.47500000E-01  4.22926623E-02 -4.89885159E+01  0.00000000E+00  2.09076746E-01  7.97913825E-03 -2.53873168E-02
  1.50000000E-01  4.28148269E-02 -4.89884960E+01  0.00000000E+00  2.08685356E-01  7.97045307E-03 -2.52932730E-02
  1.52500000E-01  4.33360511E-02 -4.89884760E+01  0.00000000E+00  2.08322738E-01  7.96288914E-03 -2.52045597E-02
  1.55000000E-01  4.38564046E-02 -4.89884561E+01  0.00000000E+00  2.07987528E-01  7.95648534E-03 -2.51212538E-02
  1.57500000E-01  4.43759545E-02 -4.89884363E+01  0.00000000E+00  2.07940985E-01  8.00210275E-03 -2.52592076E-02
  1.60000000E-01  4.48957487E-02 -4.89884162E+01  0.00000000E+00  2.07646727E-01  7.99649687E-03 -2.51784116E-02
  1.62500000E-01  4.54144977E-02 -4.89883962E+01  0.00000000E+00  2.07371086E-01  7.99110297E-03 -2.50984845E-02
  1.65000000E-01  4.59325809E-02 -4.89883762E+01  0.00000000E+00  2.07115328E-01  7.98641469E-03 -2.50221729E-02
  1.67500000E-01  4.64500495E-02 -4.89883563E+01  0.00000000E+00  2.06879458E-01  7.98265552E-03 -2.49502262E-02
  1.70000000E-01  4.69669533E-02 -4.89883363E+01  0.00000000E+00  2.06850741E-01  8.01774356E-03 -2.50249279E-02
  1.72500000E-01  4.74840443E-02 -4.89883162E+01  0.00000000E+00  2.06645063E-01  8.01492866E-03 -2.49550285E-02
  1.75000000E-01  4.80003998E-02 -4.89882962E+01  0.00000000E+00  2.06452778E-01  8.01246687E-03 -2.48880928E-02
  1.77500000E-01  4.85162914E-02 -4.89882762E+01  0.00000000E+00  2.06275105E-01  8.01048578E-03 -2.48232864E-02
  1.80000000E-01  4.90317571E-02 -4.89882562E+01  0.00000000E+00  2.06112160E-01  8.00927204E-03 -2.47621693E-02
  1.82500000E-01  4.95468338E-02 -4.89882361E+01  0.00000000E+00  2.06338974E-01  8.07365846E-03 -2.50362796E-02
  1.85000000E-01  5.00629648E-02 -4.89882159E+01  0.00000000E+00  2.06190031E-01  8.07223576E-03 -2.49697379E-02
  1.87500000E-01  5.05782537E-02 -4.89881957E+01  0.00000000E+00  2.06048913E-01  8.07083361E-03 -2.49031221E-02
  1.90000000E-01  5.10931996E-02 -4.89881755E+01  0.00000000E+00  2.05918259E-01  8.06979977E-03 -2.48384458E-02
  1.92500000E-01  5.16078319E-02 -4.89881553E+01  0.00000000E+00  2.05798987E-01  8.06947002E-03 -2.47773048E-02
  1.95000000E-01  5.21221803E-02 -4.89881352E+01  0.00000000E+00  2.05872859E-01  8.09366613E-03 -2.49193021E-02
  1.97500000E-01  5.26369548E-02 -4.89881149E+01  0.00000000E+00  2.05769412E-01  8.09461560E-03 -2.48581121E-02
  2.00000000E-01  5.31512490E-02 -4.89880947E+01  0.00000000E+00 -3.37464498E-01 -1.17877797E-02  3.57895593E-02
  2.02500000E-01  5.16285453E-02 -4.89881490E+01  0.00000000E+00 -3.22070085E-01 -1.11594341E-02  3.34443914E-02
  2.05000000E-01  5.08426131E-02 -4.89881761E+01  0.00000000E+00 -3.02857362E-01 -1.05125033E-02  3.19327085E-02
  2.07500000E-01  5.01094856E-02 -4.89882016E+01  0.00000000E+00 -2.83133594E-01 -9.80259777E-03  2.98544230E-02
  2.10000000E-01  4.94263064E-02 -4.89882252E+01  0.00000000E+00 -2.64052844E-01 -9.09831432E-03  2.78383660E-02
  2.12500000E-01  4.87900252E-02 -4.89882471E+01  0.00000000E+00 -2.46242375E-01 -8.47659189E-03  2.60635322E-02
  2.15000000E-01  4.81966823E-02 -4.89882675E+01  0.00000000E+00 -2.29584914E-01 -7.89832793E-03  2.43991064E-02
  2.17500000E-01  4.76435419E-02 -4.89882865E+01  0.00000000E+00 -2.14044955E-01 -7.36147723E-03  2.28415684E-02
  2.20000000E-01  4.71278544E-02 -4.89883042E+01  0.00000000E+00 -1.99420423E-01 -6.85872429E-03  2.12429563E-02
  2.22500000E-01  4.66475841E-02 -4.89883207E+01  0.00000000E+00 -1.85934174E-01 -6.39643890E-03  1.98942244E-02
  2.25000000E-01  4.61996064E-02 -4.89883362E+01  0.00000000E+00 -1.73366033E-01 -5.96665097E-03  1.86318728E-02
  2.27500000E-01  4.57819015E-02 -4.89883505E+01  0.00000000E+00 -1.61653316E-01 -5.56698819E-03  1.74508931E-02
  2.30000000E-01  4.53924091E-02 -4.89883640E+01  0.00000000E+00 -1.50737051E-01 -5.19515837E-03  1.63456470E-02
  2.32500000E-01  4.50292118E-02 -4.89883765E+01  0.00000000E+00 -1.40562426E-01 -4.84907042E-03  1.53111462E-02
  2.35000000E-01  4.46905240E-02 -4.89883882E+01  0.00000000E+00 -1.30985496E-01 -4.51902059E-03  1.42600578E-02
  2.37500000E-01  4.43750315E-02 -4.89883991E+01  0.00000000E+00 -1.22152514E-01 -4.21953402E-03  1.33605492E-02
  2.40000000E-01  4.40806914E-02 -4.89884092E+01  0.00000000E+00 -1.13917862E-01 -3.94048610E-03  1.25181073E-02
  2.42500000E-01  4.38061901E-02 -4.89884187E+01  0.00000000E+00 -1.06240829E-01 -3.68038507E-03  1.17290718E-02
  2.45000000E-01  4.35501843E-02 -4.89884276E+01  0.00000000E+00 -9.90833064E-02 -3.43785625E-03  1.09900134E-02
  2.47500000E-01  4.33114229E-02 -4.89884359E+01  0.00000000E+00 -9.24098641E-02 -3.21165144E-03  1.02977306E-02
  2.50000000E-01  4.30887401E-02 -4.89884436E+01  0.00000000E+00 -8.61875215E-02 -3.00062218E-03  9.64922502E-03
  2.52500000E-01  4.28810492E-02 -4.89884509E+01  0.00000000E+00 -8.03855765E-02 -2.80370911E-03  9.04169590E-03
  2.55000000E-01  4.26873377E-02 -4.89884576E+01  0.00000000E+00 -7.49754444E-02 -2.61993323E-03  8.47252687E-03
  2.57500000E-01  4.25066617E-02 -4.89884640E+01  0.00000000E+00 -6.99305085E-02 -2.44838862E-03  7.93927308E-03
  2.60000000E-01  4.23381416E-02 -4.89884699E+01  0.00000000E+00 -6.52156444E-02 -2.28537440E-03  7.43336262E-03
  2.62500000E-01  4.21809961E-02 -4.89884754E+01  0.00000000E+00 -6.08290862E-02 -2.13598360E-03  6.96563280E-03
  2.65000000E-01  4.20344066E-02 -4.89884805E+01  0.00000000E+00 -5.67383196E-02 -1.99649654E-03  6.52738061E-03
  2.67500000E-01  4.18976742E-02 -4.89884854E+01  0.00000000E+00 -5.29233114E-02 -1.86623226E-03  6.11675060E-03
  2.70000000E-01  4.17701347E-02 -4.89884899E+01  0.00000000E+00 -4.93653759E-02 -1.74455832E-03  5.73197300E-03
  2.72500000E-01  4.16511687E-02 -4.89884941E+01  0.00000000E+00 -4.60471207E-02 -1.63089483E-03  5.37141105E-03
  2.75000000E-01  4.15401987E-02 -4.89884980E+01  0.00000000E+00 -4.29523405E-02 -1.52470401E-03  5.03353451E-03
  2.77500000E-01  4.14366864E-02 -4.89885017E+01  0.00000000E+00 -4.00659341E-02 -1.42548605E-03  4.71691171E-03
  2.80000000E-01  4.13401295E-02 -4.89885051E+01  0.00000000E+00 -3.73738273E-02 -1.33277582E-03  4.42020240E-03
  2.82500000E-01  4.12500601E-02 -4.89885083E+01  0.00000000E+00 -3.48629022E-02 -1.24614025E-03  4.14215170E-03
  2.85000000E-01  4.11660415E-02 -4.89885113E+01  0.00000000E+00 -3.25209313E-02 -1.16517592E-03  3.88158442E-03
  2.87500000E-01  4.10876666E-02 -4.89885142E+01  0.00000000E+00 -3.03365166E-02 -1.08950691E-03  3.63739987E-03
  2.90000000E-01  4.10145559E-02 -4.89885168E+01  0.00000000E+00 -2.82990327E-02 -1.01878282E-03  3.40856710E-03
  2.92500000E-01  4.09463551E-02 -4.89885192E+01  0.00000000E+00 -2.63985738E-02 -9.52676960E-04  3.19412033E-03
  2.95000000E-01  4.08827343E-02 -4.89885215E+01  0.00000000E+00 -2.46259048E-02 -8.90884656E-04  2.99315483E-03
  2.97500000E-01  4.08233853E-02 -4.89885237E+01  0.00000000E+00 -2.29724154E-02 -8.33121732E-04  2.80482297E-03
  3.00000000E-01  4.07680212E-02 -4.89885257E+01  0.00000000E+00 -2.14300775E-02 -7.79123064E-04  2.62833060E-03
  3.02500000E-01  4.07163739E-02 -4.89885276E+01  0.00000000E+00 -1.99914057E-02 -7.28641261E-04  2.46293361E-03
  3.05000000E-01  4.06681937E-02 -4.89885293E+01  0.00000000E+00 -1.86494203E-02 -6.81445443E-04  2.30793476E-03
  3.07500000E-01  4.06232476E-02 -4.89885310E+01  0.00000000E+00 -1.73976127E-02 -6.37320107E-04  2.16268072E-03
  3.10000000E-01  4.05813184E-02 -4.89885325E+01  0.00000000E+00 -1.62299140E-02 -5.96064071E-04  2.02655925E-03
  3.12500000E-01  4.05422032E-02 -4.89885340E+01  0.00000000E+00 -1.51406647E-02 -5.57489503E-04  1.89899664E-03
  3.15000000E-01  4.05057131E-02 -4.89885353E+01  0.00000000E+00 -1.41245869E-02 -5.21421011E-04  1.77945522E-03
  3.17500000E-01  4.04716717E-02 -4.89885366E+01  0.00000000E+00 -1.31767587E-02 -4.87694802E-04  1.66743114E-03
  3.20000000E-01  4.04399146E-02 -4.89885377E+01  0.00000000E+00 -1.22925902E-02 -4.56157899E-04  1.56245218E-03
  3.22500000E-01  4.04102884E-02 -4.89885388E+01  0.00000000E+00 -1.14678004E-02 -4.26667416E-04  1.46407580E-03
  3.25000000E-01  4.03826499E-02 -4.89885399E+01  0.00000000E+00 -1.06983972E-02 -3.99089875E-04  1.37188725E-03
  3.27500000E-01  4.03568656E-02 -4.89885408E+01  0.00000000E+00 -9.98065712E-03 -3.73300581E-04  1.28549782E-03
  3.30000000E-01  4.03328111E-02 -4.89885417E+01  0.00000000E+00 -9.31110745E-03 -3.49183034E-04  1.20454319E-03
  3.32500000E-01  4.03103703E-02 -4.89885426E+01  0.00000000E+00 -8.68650937E-03 -3.26628381E-04  1.12868192E-03
  3.35000000E-01  4.02894348E-02 -4.89885434E+01  0.00000000E+00 -8.10384204E-03 -3.05534910E-04  1.05759402E-03
  3.37500000E-01  4.02699035E-02 -4.89885441E+01  0.00000000E+00 -7.56028792E-03 -2.85807573E-04  9.90979554E-04
  3.40000000E-01  4.02516822E-02 -4.89885448E+01  0.00000000E+00 -7.05321909E-03 -2.67357544E-04  9.28557423E-04
  3.42500000E-01  4.02346830E-02 -4.89885454E+01  0.00000000E+00 -6.58018440E-03 -2.50101810E-04  8.70064169E-04
  3.45000000E-01  4.02188239E-02 -4.89885460E+01  0.00000000E+00 -6.13889760E-03 -2.33962784E-04  8.15252867E-04
  3.47500000E-01  4.02040282E-02 -4.89885466E+01  0.00000000E+00 -5.72722618E-03 -2.18867948E-04  7.63892091E-04
  3.50000000E-01  4.01902248E-02 -4.89885471E+01  0.00000000E+00 -5.34318106E-03 -2.04749518E-04  7.15764935E-04
  3.52500000E-01  4.01773469E-02 -4.89885476E+01  0.00000000E+00 -4.98490689E-03 -1.91544132E-04  6.70668111E-04
  3.55000000E-01  4.01653324E-02 -4.89885481E+01  0.00000000E+00 -4.65067305E-03 -1.79192560E-04  6.28411088E-04
  3.57500000E-01  4.01541235E-02 -4.89885485E+01  0.00000000E+00 -4.33886527E-03 -1.67639432E-04  5.88815295E-04
  3.60000000E-01  4.01436661E-02 -4.89885489E+01  0.00000000E+00 -4.05416026E-03 -1.56949005E-04  5.58025272E-04
  3.62500000E-01  4.01338866E-02 -4.89885493E+01  0.00000000E+00 -3.78239362E-03 -1.46836400E-04  5.22864207E-04
  3.65000000E-01  4.01247703E-02 -4.89885497E+01  0.00000000E+00 -3.52877336E-03 -1.37374629E-04  4.89835305E-04
  3.67500000E-01  4.01162654E-02 -4.89885500E+01  0.00000000E+00 -3.29214237E-03 -1.28523321E-04  4.58864801E-04
  3.70000000E-01  4.01083309E-02 -4.89885503E+01  0.00000000E+00 -3.07138059E-03 -1.20243457E-04  4.29843169E-04
  3.72500000E-01  4.01009284E-02 -4.89885506E+01  0.00000000E+00 -2.86542947E-03 -1.12498208E-04  4.02654172E-04
  3.75000000E-01  4.00940222E-02 -4.89885509E+01  0.00000000E+00 -2.67329693E-03 -1.05253025E-04  3.77184329E-04
  3.77500000E-01  4.00875792E-02 -4.89885511E+01  0.00000000E+00 -2.49405596E-03 -9.84755644E-05  3.53325761E-04
  3.80000000E-01  4.00815681E-02 -4.89885514E+01  0.00000000E+00 -2.32684131E-03 -9.21355682E-05  3.30976869E-04
  3.82500000E-01  4.00759600E-02 -4.89885516E+01  0.00000000E+00 -2.17084567E-03 -8.62047376E-05  3.10042291E-04
  3.85000000E-01  4.00707279E-02 -4.89885518E+01  0.00000000E+00 -2.02531591E-03 -8.06566084E-05  2.90432622E-04
  3.87500000E-01  4.00658465E-02 -4.89885520E+01  0.00000000E+00 -1.88954947E-03 -7.54664321E-05  2.72064085E-04
  3.90000000E-01  4.00612923E-02 -4.89885522E+01  0.00000000E+00 -1.76289098E-03 -7.06110650E-05  2.54858182E-04
  3.92500000E-01  4.00570434E-02 -4.89885523E+01  0.00000000E+00 -1.64472906E-03 -6.60688631E-05  2.38741375E-04
  3.95000000E-01  4.00530793E-02 -4.89885525E+01  0.00000000E+00 -1.53449343E-03 -6.18195855E-05  2.23644767E-04
  3.97500000E-01  4.00493809E-02 -4.89885526E+01  0.00000000E+00 -1.43165208E-03 -5.78443022E-05  2.09503816E-04
  4.00000000E-01  4.00459303E-02 -4.89885528E+01  0.00000000E+00 -1.33570874E-03 -5.41253098E-05  1.96258054E-04
  4.02500000E-01  4.00427109E-02 -4.89885529E+01  0.00000000E+00 -1.24620045E-03 -5.06460511E-05  1.83850836E-04
  4.05000000E-01  4.00397073E-02 -4.89885530E+01  0.00000000E+00 -1.16269538E-03 -4.73910409E-05  1.72229097E-04
  4.07500000E-01  4.00369050E-02 -4.89885532E+01  0.00000000E+00 -1.08479063E-03 -4.43457964E-05  1.61343123E-04
  4.10000000E-01  4.00342904E-02 -4.89885533E+01  0.00000000E+00 -1.01211042E-03 -4.14967721E-05  1.51146345E-04
  4.12500000E-01  4.00318509E-02 -4.89885534E+01  0.00000000E+00 -9.44304146E-04 -3.88312992E-05  1.41595138E-04
  4.15000000E-01  4.00295749E-02 -4.89885535E+01  0.00000000E+00 -8.81044774E-04 -3.63375282E-05  1.32648632E-04
  4.17500000E-01  4.00274514E-02 -4.89885535E+01  0.00000000E+00 -8.22027214E-04 -3.40043764E-05  1.24268546E-04
  4.20000000E-01  4.00254701E-02 -4.89885536E+01  0.00000000E+00 -7.66966859E-04 -3.18214780E-05  1.16419016E-04
  4.22500000E-01  4.00236215E-02 -4.89885537E+01  0.00000000E+00 -7.15598209E-04 -2.97791375E-05  1.09066449E-04
  4.25000000E-01  4.00218967E-02 -4.89885538E+01  0.00000000E+00 -6.67673585E-04 -2.78682865E-05  1.02179378E-04
  4.27500000E-01  4.00202874E-02 -4.89885538E+01  0.00000000E+00 -6.22961933E-04 -2.60804425E-05  9.57283250E-05
  4.30000000E-01  4.00187859E-02 -4.89885539E+01  0.00000000E+00 -5.81247708E-04 -2.44076714E-05  8.96856777E-05
  4.32500000E-01  4.00173850E-02 -4.89885540E+01  0.00000000E+00 -5.42329831E-04 -2.28425518E-05  8.40255711E-05
  4.35000000E-01  4.00160778E-02 -4.89885540E+01  0.00000000E+00 -5.06020722E-04 -2.13781417E-05  7.87237778E-05
  4.37500000E-01  4.00148581E-02 -4.89885541E+01  0.00000000E+00 -4.72145386E-04 -2.00079482E-05  7.37576050E-05
  4.40000000E-01  4.00137201E-02 -4.89885541E+01  0.00000000E+00 -4.40540578E-04 -1.87258977E-05  6.91057967E-05
  4.42500000E-01  4.00126583E-02 -4.89885542E+01  0.00000000E+00 -4.11054004E-04 -1.75263085E-05  6.47484422E-05
  4.45000000E-01  4.00116675E-02 -4.89885542E+01  0.00000000E+00 -3.83543592E-04 -1.64038656E-05  6.06668902E-05
  4.47500000E-01  4.00107430E-02 -4.89885542E+01  0.00000000E+00 -3.57876804E-04 -1.53535967E-05  5.68436687E-05
  4.50000000E-01  4.00098804E-02 -4.89885543E+01  0.00000000E+00 -3.33929993E-04 -1.43708505E-05  5.32624105E-05
  4.52500000E-01  4.00090755E-02 -4.89885543E+01  0.00000000E+00 -3.11587811E-04 -1.34512755E-05  4.99077846E-05
  4.55000000E-01  4.00083245E-02 -4.89885543E+01  0.00000000E+00 -2.90742647E-04 -1.25908013E-05  4.67654302E-05
  4.57500000E-01  4.00076237E-02 -4.89885544E+01  0.00000000E+00 -2.71294114E-04 -1.17856201E-05  4.38218963E-05
  4.60000000E-01  4.00069697E-02 -4.89885544E+01  0.00000000E+00 -2.53148557E-04 -1.10321697E-05  4.10645839E-05
  4.62500000E-01  4.00063595E-02 -4.89885544E+01  0.00000000E+00 -2.36218606E-04 -1.03271178E-05  3.84816917E-05
  4.65000000E-01  4.00057902E-02 -4.89885545E+01  0.00000000E+00 -2.20422753E-04 -9.66734688E-06  3.60621659E-05
  4.67500000E-01  4.00052589E-02 -4.89885545E+01  0.00000000E+00 -2.05684956E-04 -9.04994034E-06  3.37956530E-05
  4.70000000E-01  4.00047631E-02 -4.89885545E+01  0.00000000E+00 -1.91934278E-04 -8.47216980E-06  3.16724552E-05
  4.72500000E-01  4.00043004E-02 -4.89885545E+01  0.00000000E+00 -1.79104539E-04 -7.93148304E-06  2.96834900E-05
  4.75000000E-01  4.00038687E-02 -4.89885545E+01  0.00000000E+00 -1.67133998E-04 -7.42549256E-06  2.78202504E-05
  4.77500000E-01  4.00034658E-02 -4.89885546E+01  0.00000000E+00 -1.55965058E-04 -6.95196496E-06  2.60747691E-05
  4.80000000E-01  4.00030899E-02 -4.89885546E+01  0.00000000E+00 -1.45543983E-04 -6.50881090E-06  2.44395833E-05
  4.82500000E-01  4.00027390E-02 -4.89885546E+01  0.00000000E+00 -1.35820644E-04 -6.09407582E-06  2.29077036E-05
  4.85000000E-01  4.00024116E-02 -4.89885546E+01  0.00000000E+00 -1.26748272E-04 -5.70593111E-06  2.14725837E-05
  4.87500000E-01  4.00021061E-02 -4.89885546E+01  0.00000000E+00 -1.18283237E-04 -5.34266607E-06  2.01280926E-05
  4.90000000E-01  4.00018210E-02 -4.89885546E+01  0.00000000E+00 -1.10384833E-04 -5.00268018E-06  1.88684879E-05
  4.92500000E-01  4.00015549E-02 -4.89885546E+01  0.00000000E+00 -1.03015086E-04 -4.68447603E-06  1.76883906E-05
  4.95000000E-01  4.00013066E-02 -4.89885547E+01  0.00000000E+00 -9.61385682E-05 -4.38665297E-06  1.65827636E-05
  4.97500000E-01  4.00010748E-02 -4.89885547E+01  0.00000000E+00 -8.97222271E-05 -4.10790092E-06  1.55468905E-05
  5.00000000E-01  4.00008585E-02 -4.89885547E+01  0.00000000E+00 -8.37352276E-05 -3.84699435E-06  1.45763546E-05