  0.00000000E+00  0.00000000E+00 -4.89000000E+01  0.00000000E+00  8.34982546E-01  1.64194349E-01 -5.07261630E-02
  2.50000000E-03  2.08745636E-03 -4.88995895E+01  0.00000000E+00  7.99704253E-01  1.57706017E-01 -4.84823245E-02
  5.00000000E-03  4.04261913E-03 -4.88992034E+01  0.00000000E+00  7.66731798E-01  1.51624033E-01 -4.63998576E-02
  7.50000000E-03  5.91823306E-03 -4.88988319E+01  0.00000000E+00  7.35725376E-01  1.45897594E-01 -4.44517318E-02
  1.00000000E-02  7.71878847E-03 -4.88984743E+01  0.00000000E+00  7.06703161E-01  1.40529755E-01 -4.26353303E-02
  1.25000000E-02  9.44926860E-03 -4.88981297E+01  0.00000000E+00  6.79585544E-01  1.35506694E-01 -4.09433024E-02
  1.50000000E-02  1.11143354E-02 -4.88977972E+01  0.00000000E+00  6.54265157E-01  1.30809831E-01 -3.93677660E-02
  1.75000000E-02  1.27183478E-02 -4.88974761E+01  0.00000000E+00  6.30630274E-01  1.26419760E-01 -3.79008015E-02
  2.00000000E-02  1.42653799E-02 -4.88971655E+01  0.00000000E+00  6.08572470E-01  1.22317578E-01 -3.65348554E-02
  2.25000000E-02  1.57592388E-02 -4.88968648E+01  0.00000000E+00  5.87988933E-01  1.18485286E-01 -3.52628471E-02
  2.50000000E-02  1.72034818E-02 -4.88965734E+01  0.00000000E+00  5.68782974E-01  1.14905887E-01 -3.40781810E-02
  2.75000000E-02  1.86014317E-02 -4.88962906E+01  0.00000000E+00  5.50863953E-01  1.11563384E-01 -3.29747275E-02
  3.00000000E-02  1.99561929E-02 -4.88960159E+01  0.00000000E+00  5.34208689E-01  1.08502468E-01 -3.19830045E-02
  3.25000000E-02  2.12708955E-02 -4.88957485E+01  0.00000000E+00  5.18613443E-01  1.05588058E-01 -3.10238044E-02
  3.50000000E-02  2.25479350E-02 -4.88954881E+01  0.00000000E+00  5.04064377E-01  1.02867014E-01 -3.01302795E-02
  3.75000000E-02  2.37899097E-02 -4.88952344E+01  0.00000000E+00  4.90494032E-01  1.00327410E-01 -2.92966641E-02
  4.00000000E-02  2.49991818E-02 -4.88949867E+01  0.00000000E+00  4.77837702E-01  9.79582189E-02 -2.85196126E-02
  4.25000000E-02  2.61779556E-02 -4.88947448E+01  0.00000000E+00  4.66034829E-01  9.57486159E-02 -2.77952613E-02
  4.50000000E-02  2.73282891E-02 -4.88945082E+01  0.00000000E+00  4.55028724E-01  9.36883803E-02 -2.71199754E-02
  4.75000000E-02  2.84521033E-02 -4.88942765E+01  0.00000000E+00  4.44766385E-01  9.17679056E-02 -2.64903620E-02
  5.00000000E-02  2.95511913E-02 -4.88940495E+01  0.00000000E+00  4.35198278E-01  8.99781815E-02 -2.59032625E-02
  5.25000000E-02  3.06272269E-02 -4.88938268E+01  0.00000000E+00  4.26278125E-01  8.83107637E-02 -2.53557389E-02
  5.50000000E-02  3.16817720E-02 -4.88936081E+01  0.00000000E+00  4.17962698E-01  8.67577426E-02 -2.48450591E-02
  5.75000000E-02  3.27162845E-02 -4.88933932E+01  0.00000000E+00  4.10211622E-01  8.53117108E-02 -2.43686827E-02
  6.00000000E-02  3.37321247E-02 -4.88931817E+01  0.00000000E+00  4.02987191E-01  8.39657331E-02 -2.39242467E-02
  6.25000000E-02  3.47305621E-02 -4.88929735E+01  0.00000000E+00  3.96254196E-01  8.27133170E-02 -2.35095538E-02
  6.50000000E-02  3.57127814E-02 -4.88927682E+01  0.00000000E+00  3.89979761E-01  8.15483859E-02 -2.31225595E-02
  6.75000000E-02  3.66798877E-02 -4.88925658E+01  0.00000000E+00  3.84133193E-01  8.04652529E-02 -2.27613620E-02
  7.00000000E-02  3.76329125E-02 -4.88923660E+01  0.00000000E+00  3.78685840E-01  7.94585966E-02 -2.24241916E-02
  7.25000000E-02  3.85728179E-02 -4.88921686E+01  0.00000000E+00  3.73719396E-01  7.86082445E-02 -2.21706893E-02
  7.50000000E-02  3.95009084E-02 -4.88919732E+01  0.00000000E+00  3.68987771E-01  7.77365564E-02 -2.18738725E-02
  7.75000000E-02  4.04174633E-02 -4.88917799E+01  0.00000000E+00  3.64578740E-01  7.69264831E-02 -2.15962394E-02
  8.00000000E-02  4.13233988E-02 -4.88915886E+01  0.00000000E+00  3.60471860E-01  7.61743913E-02 -2.13362822E-02
  8.25000000E-02  4.22194449E-02 -4.88913991E+01  0.00000000E+00  3.56647326E-01  7.54770542E-02 -2.10933190E-02
  8.50000000E-02  4.31062825E-02 -4.88912113E+01  0.00000000E+00  3.53086325E-01  7.48309941E-02 -2.08662571E-02
  8.75000000E-02  4.39845471E-02 -4.88910250E+01  0.00000000E+00  3.49771211E-01  7.42328993E-02 -2.06540374E-02
  9.00000000E-02  4.48548312E-02 -4.88908402E+01  0.00000000E+00  3.46685483E-01  7.36796484E-02 -2.04556563E-02
  9.25000000E-02  4.57176878E-02 -4.88906567E+01  0.00000000E+00  3.43813736E-01  7.31683146E-02 -2.02701733E-02
  9.50000000E-02  4.65736324E-02 -4.88904744E+01  0.00000000E+00  3.41141590E-01  7.26961587E-02 -2.00967102E-02
  9.75000000E-02  4.74231462E-02 -4.88902933E+01  0.00000000E+00  3.38655629E-01  7.22606189E-02 -1.99344485E-02
  1.00000000E-01  4.82666778E-02 -4.88901131E+01  0.00000000E+00  3.36343335E-01  7.18592999E-02 -1.97826255E-02
  1.02500000E-01  4.91046458E-02 -4.88899340E+01  0.00000000E+00  3.34193029E-01  7.14899627E-02 -1.96405305E-02
  1.05000000E-01  4.99374405E-02 -4.88897557E+01  0.00000000E+00  3.32193816E-01  7.11505144E-02 -1.95075013E-02
  1.07500000E-01  5.07654260E-02 -4.88895783E+01  0.00000000E+00  3.30335532E-01  7.08389986E-02 -1.93829212E-02
  1.10000000E-01  5.15889420E-02 -4.88894016E+01  0.00000000E+00  3.28608694E-01  7.05535870E-02 -1.92662154E-02
  1.12500000E-01  5.24083052E-02 -4.88892255E+01  0.00000000E+00  3.27004457E-01  7.02925707E-02 -1.91568483E-02
  1.15000000E-01  5.32238110E-02 -4.88890501E+01  0.00000000E+00  3.25514570E-01  7.00543525E-02 -1.90543210E-02
  1.17500000E-01  5.40357351E-02 -4.88888753E+01  0.00000000E+00  3.24131336E-01  6.98374399E-02 -1.89581682E-02
  1.20000000E-01  5.48443344E-02 -4.88887010E+01  0.00000000E+00  3.22847575E-01  6.96404380E-02 -1.88679568E-02
  1.22500000E-01  5.56498486E-02 -4.88885271E+01  0.00000000E+00  3.21656591E-01  6.94620434E-02 -1.87832828E-02
  1.25000000E-01  5.64525014E-02 -4.88883537E+01  0.00000000E+00  3.20552136E-01  6.93010379E-02 -1.87037698E-02
  1.27500000E-01  5.72525011E-02 -4.88881806E+01  0.00000000E+00  3.19647100E-01  6.92565173E-02 -1.86895345E-02
  1.30000000E-01  5.80504876E-02 -4.88880076E+01  0.00000000E+00  3.18693650E-01  6.91226406E-02 -1.86166703E-02
  1.32500000E-01  5.88460299E-02 -4.88878349E+01  0.00000000E+00  3.17808808E-01  6.90020499E-02 -1.85471269E-02
  1.35000000E-01  5.96394459E-02 -4.88876626E+01  0.00000000E+00  3.16989234E-01  6.88942861E-02 -1.84814155E-02
  1.37500000E-01  6.04308945E-02 -4.88874905E+01  0.00000000E+00  3.16230964E-01  6.87991303E-02 -1.84194767E-02
  1.40000000E-01  6.12205241E-02 -4.88873186E+01  0.00000000E+00  3.15530005E-01  6.87158611E-02 -1.83611168E-02
  1.42500000E-01  6.20084729E-02 -4.88871469E+01  0.00000000E+00  3.14882546E-01  6.86437427E-02 -1.83061169E-02
  1.45000000E-01  6.27948699E-02 -4.88869754E+01  0.00000000E+00  3.14285000E-01  6.85820599E-02 -1.82542573E-02
  1.47500000E-01  6.35798355E-02 -4.88868040E+01  0.00000000E+00  3.13734010E-01  6.85301355E-02 -1.82053272E-02
  1.50000000E-01  6.43634818E-02 -4.88866327E+01  0.00000000E+00  3.13226443E-01  6.84873336E-02 -1.81591282E-02
  1.52500000E-01  6.51459134E-02 -4.88864616E+01  0.00000000E+00  3.12759373E-01  6.84530591E-02 -1.81154748E-02
  1.55000000E-01  6.59272280E-02 -4.88862905E+01  0.00000000E+00  3.12330074E-01  6.84267555E-02 -1.80741938E-02
  1.57500000E-01  6.67075166E-02 -4.88861195E+01  0.00000000E+00  3.11936001E-01  6.84079030E-02 -1.80351237E-02
  1.60000000E-01  6.74868640E-02 -4.88859485E+01  0.00000000E+00  3.11574782E-01  6.83960158E-02 -1.79981140E-02
  1.62500000E-01  6.82653494E-02 -4.88857775E+01  0.00000000E+00  3.11244204E-01  6.83906399E-02 -1.79630241E-02
  1.65000000E-01  6.90430467E-02 -4.88856065E+01  0.00000000E+00  3.10942202E-01  6.83913516E-02 -1.79297232E-02
  1.67500000E-01  6.98200247E-02 -4.88854355E+01  0.00000000E+00  3.10666852E-01  6.83977545E-02 -1.78980894E-02
  1.70000000E-01  7.05963477E-02 -4.88852645E+01  0.00000000E+00  3.10416359E-01  6.84094788E-02 -1.78680087E-02
  1.72500000E-01  7.13720754E-02 -4.88850935E+01  0.00000000E+00  3.10189049E-01  6.84261786E-02 -1.78393752E-02
  1.75000000E-01  7.21472639E-02 -4.88849224E+01  0.00000000E+00  3.09983359E-01  6.84475311E-02 -1.78120900E-02
  1.77500000E-01  7.29219652E-02 -4.88847513E+01  0.00000000E+00  3.09797835E-01  6.84732347E-02 -1.77860609E-02
  1.80000000E-01  7.36962279E-02 -4.88845800E+01  0.00000000E+00  3.09631118E-01  6.85030074E-02 -1.77612020E-02
  1.82500000E-01  7.44700973E-02 -4.88844087E+01  0.00000000E+00  3.09481941E-01  6.85365861E-02 -1.77374331E-02
  1.85000000E-01  7.52436157E-02 -4.88842374E+01  0.00000000E+00  3.09349124E-01  6.85737248E-02 -1.77146797E-02
  1.87500000E-01  7.60168225E-02 -4.88840659E+01  0.00000000E+00  3.09231565E-01  6.86141937E-02 -1.76928720E-02
  1.90000000E-01  7.67897544E-02 -4.88838943E+01  0.00000000E+00  3.09128237E-01  6.86577783E-02 -1.76719452E-02
  1.92500000E-01  7.75624459E-02 -4.88837226E+01  0.00000000E+00  3.09155125E-01  6.88025143E-02 -1.77212236E-02
  1.95000000E-01  7.83353673E-02 -4.88835504E+01  0.00000000E+00  3.09072929E-01  6.88475409E-02 -1.76975761E-02
  1.97500000E-01  7.91079469E-02 -4.88833782E+01  0.00000000E+00  3.09000026E-01  6.88944959E-02 -1.76764059E-02
  2.00000000E-01  7.98803558E-02 -4.88832059E+01  0.00000000E+00 -5.15830499E-01 -1.11435565E-01  2.93456988E-02
  2.02500000E-01  7.75597414E-02 -4.88837099E+01  0.00000000E+00 -4.92248519E-01 -1.06040696E-01  2.67188598E-02
  2.05000000E-01  7.63585976E-02 -4.88839683E+01  0.00000000E+00 -4.62749291E-01 -9.97715438E-02  2.58295220E-02
  2.07500000E-01  7.52385984E-02 -4.88842099E+01  0.00000000E+00 -4.32535928E-01 -9.31992969E-02  2.39968826E-02
  2.10000000E-01  7.41950253E-02 -4.88844347E+01  0.00000000E+00 -4.03509223E-01 -8.69227404E-02  2.24255878E-02
  2.12500000E-01  7.32225356E-02 -4.88846441E+01  0.00000000E+00 -3.76169659E-01 -8.10154848E-02  2.09486157E-02
  2.15000000E-01  7.23162859E-02 -4.88848393E+01  0.00000000E+00 -3.50602460E-01 -7.54944162E-02  1.95648164E-02
  2.17500000E-01  7.14717387E-02 -4.88850211E+01  0.00000000E+00 -3.26753115E-01 -7.03467562E-02  1.82699956E-02
  2.20000000E-01  7.06846676E-02 -4.88851906E+01  0.00000000E+00 -3.04525678E-01 -6.55511797E-02  1.70591280E-02
  2.22500000E-01  6.99511377E-02 -4.88853484E+01  0.00000000E+00 -2.83815630E-01 -6.10846725E-02  1.59271318E-02
  2.25000000E-01  6.92674862E-02 -4.88854956E+01  0.00000000E+00 -2.64520630E-01 -5.69247878E-02  1.48691020E-02
  2.27500000E-01  6.86303034E-02 -4.88856327E+01  0.00000000E+00 -2.46543794E-01 -5.30503222E-02  1.38803794E-02
  2.30000000E-01  6.80364149E-02 -4.88857605E+01  0.00000000E+00 -2.29794462E-01 -4.94414665E-02  1.29565646E-02
  2.32500000E-01  6.74828655E-02 -4.88858796E+01  0.00000000E+00 -2.14188140E-01 -4.60797839E-02  1.20935143E-02
  2.35000000E-01  6.69669030E-02 -4.88859906E+01  0.00000000E+00 -1.99646188E-01 -4.29481357E-02  1.12873316E-02
  2.37500000E-01  6.64859650E-02 -4.88860940E+01  0.00000000E+00 -1.86095440E-01 -4.00305945E-02  1.05343548E-02
  2.40000000E-01  6.60376648E-02 -4.88861904E+01  0.00000000E+00 -1.73467830E-01 -3.73123584E-02  9.83114575E-03
  2.42500000E-01  6.56197797E-02 -4.88862803E+01  0.00000000E+00 -1.61700030E-01 -3.47796691E-02  9.17447808E-03
  2.45000000E-01  6.52302394E-02 -4.88863641E+01  0.00000000E+00 -1.50733111E-01 -3.24197363E-02  8.56132558E-03
  2.47500000E-01  6.48671153E-02 -4.88864422E+01  0.00000000E+00 -1.40512234E-01 -3.02206672E-02  7.98885129E-03
  2.50000000E-01  6.45286108E-02 -4.88865150E+01  0.00000000E+00 -1.30986357E-01 -2.81714017E-02  7.45439666E-03
  2.52500000E-01  6.42130523E-02 -4.88865829E+01  0.00000000E+00 -1.22107967E-01 -2.62616525E-02  6.95547139E-03
  2.55000000E-01  6.39188803E-02 -4.88866461E+01  0.00000000E+00 -1.13832836E-01 -2.44818490E-02  6.48974347E-03
  2.57500000E-01  6.36446422E-02 -4.88867051E+01  0.00000000E+00 -1.06119781E-01 -2.28230868E-02  6.05502990E-03
  2.60000000E-01  6.33889840E-02 -4.88867601E+01  0.00000000E+00 -9.89304588E-02 -2.12770794E-02  5.64928770E-03
  2.62500000E-01  6.31506445E-02 -4.88868114E+01  0.00000000E+00 -9.22291611E-02 -1.98361147E-02  5.27060543E-03
  2.65000000E-01  6.29284482E-02 -4.88868592E+01  0.00000000E+00 -8.59826342E-02 -1.84930145E-02  4.91719517E-03
  2.67500000E-01  6.27212998E-02 -4.88869037E+01  0.00000000E+00 -8.01599065E-02 -1.72410962E-02  4.58738487E-03
  2.70000000E-01  6.25281785E-02 -4.88869452E+01  0.00000000E+00 -7.47321299E-02 -1.60741382E-02  4.27961117E-03
  2.72500000E-01  6.23481329E-02 -4.88869840E+01  0.00000000E+00 -6.96724323E-02 -1.49863476E-02  3.99241263E-03
  2.75000000E-01  6.21802764E-02 -4.88870201E+01  0.00000000E+00 -6.49557807E-02 -1.39723299E-02  3.72442324E-03
  2.77500000E-01  6.20237828E-02 -4.88870537E+01  0.00000000E+00 -6.05588542E-02 -1.30270613E-02  3.47436647E-03
  2.80000000E-01  6.18778818E-02 -4.88870851E+01  0.00000000E+00 -5.64599252E-02 -1.21458628E-02  3.24104951E-03
  2.82500000E-01  6.17418556E-02 -4.88871144E+01  0.00000000E+00 -5.26387497E-02 -1.13243762E-02  3.02335799E-03
  2.85000000E-01  6.16150352E-02 -4.88871417E+01  0.00000000E+00 -4.90764654E-02 -1.05585416E-02  2.82025087E-03
  2.87500000E-01  6.14967969E-02 -4.88871671E+01  0.00000000E+00 -4.57554960E-02 -9.84457725E-03  2.63075579E-03
  2.90000000E-01  6.13865594E-02 -4.88871908E+01  0.00000000E+00 -4.26594633E-02 -9.17895959E-03  2.45396462E-03
  2.92500000E-01  6.12837808E-02 -4.88872130E+01  0.00000000E+00 -3.97731048E-02 -8.55840593E-03  2.28902926E-03
  2.95000000E-01  6.11879560E-02 -4.88872336E+01  0.00000000E+00 -3.70821969E-02 -7.97985756E-03  2.13515777E-03
  2.97500000E-01  6.10986141E-02 -4.88872528E+01  0.00000000E+00 -3.45734843E-02 -7.44046443E-03  1.99161074E-03
  3.00000000E-01  6.10153163E-02 -4.88872707E+01  0.00000000E+00 -3.22346129E-02 -6.93757072E-03  1.85769779E-03
  3.02500000E-01  6.09376533E-02 -4.88872874E+01  0.00000000E+00 -3.00540690E-02 -6.46870151E-03  1.73277442E-03
  3.05000000E-01  6.08652438E-02 -4.88873030E+01  0.00000000E+00 -2.80211212E-02 -6.03155038E-03  1.61623897E-03
  3.07500000E-01  6.07977322E-02 -4.88873176E+01  0.00000000E+00 -2.61257673E-02 -5.62396781E-03  1.50752985E-03
  3.10000000E-01  6.07347870E-02 -4.88873311E+01  0.00000000E+00 -2.43586845E-02 -5.24395048E-03  1.40612283E-03
  3.12500000E-01  6.06760991E-02 -4.88873437E+01  0.00000000E+00 -2.27111830E-02 -4.88963120E-03  1.31152865E-03
  3.15000000E-01  6.06213806E-02 -4.88873555E+01  0.00000000E+00 -2.11751628E-02 -4.55926968E-03  1.22329065E-03
  3.17500000E-01  6.05703627E-02 -4.88873665E+01  0.00000000E+00 -1.97430735E-02 -4.25124377E-03  1.14098268E-03
  3.20000000E-01  6.05227951E-02 -4.88873768E+01  0.00000000E+00 -1.84078771E-02 -3.96404147E-03  1.06420702E-03
  3.22500000E-01  6.04784444E-02 -4.88873863E+01  0.00000000E+00 -1.71630129E-02 -3.69625337E-03  9.92592537E-04
  3.25000000E-01  6.04370930E-02 -4.88873952E+01  0.00000000E+00 -1.60023650E-02 -3.44656568E-03  9.25792897E-04
  3.27500000E-01  6.03985379E-02 -4.88874035E+01  0.00000000E+00 -1.49202323E-02 -3.21375368E-03  8.63484934E-04
  3.30000000E-01  6.03625899E-02 -4.88874113E+01  0.00000000E+00 -1.39113001E-02 -2.99667571E-03  8.05367106E-04
  3.32500000E-01  6.03290729E-02 -4.88874185E+01  0.00000000E+00 -1.29706137E-02 -2.79426747E-03  7.51158052E-04
  3.35000000E-01  6.02978222E-02 -4.88874252E+01  0.00000000E+00 -1.20935545E-02 -2.60553678E-03  7.00595254E-04
  3.37500000E-01  6.02686846E-02 -4.88874315E+01  0.00000000E+00 -1.12758164E-02 -2.42955866E-03  6.53433779E-04
  3.40000000E-01  6.02415172E-02 -4.88874373E+01  0.00000000E+00 -1.05133854E-02 -2.26547081E-03  6.09445106E-04
  3.42500000E-01  6.02161868E-02 -4.88874428E+01  0.00000000E+00 -9.80251905E-03 -2.11246929E-03  5.68416036E-04
  3.45000000E-01  6.01925691E-02 -4.88874479E+01  0.00000000E+00 -9.13972849E-03 -1.96980458E-03  5.30147662E-04
  3.47500000E-01  6.01705483E-02 -4.88874526E+01  0.00000000E+00 -8.52176110E-03 -1.83677792E-03  4.94454419E-04
  3.50000000E-01  6.01500163E-02 -4.88874571E+01  0.00000000E+00 -7.94558447E-03 -1.71273783E-03  4.61163192E-04
  3.52500000E-01  6.01308726E-02 -4.88874612E+01  0.00000000E+00 -7.40837147E-03 -1.59707690E-03  4.30112483E-04
  3.55000000E-01  6.01130232E-02 -4.88874650E+01  0.00000000E+00 -6.90748638E-03 -1.48922883E-03  4.01151635E-04
  3.57500000E-01  6.00963806E-02 -4.88874686E+01  0.00000000E+00 -6.44047185E-03 -1.38866562E-03  3.74140103E-04
  3.60000000E-01  6.00808632E-02 -4.88874720E+01  0.00000000E+00 -6.00503687E-03 -1.29489499E-03  3.48946782E-04
  3.62500000E-01  6.00663949E-02 -4.88874751E+01  0.00000000E+00 -5.59904546E-03 -1.20745794E-03  3.25449372E-04
  3.65000000E-01  6.00529047E-02 -4.88874780E+01  0.00000000E+00 -5.22050621E-03 -1.12592652E-03  3.03533788E-04
  3.67500000E-01  6.00403266E-02 -4.88874807E+01  0.00000000E+00 -4.86756242E-03 -1.04990172E-03  2.83093610E-04
  3.70000000E-01  6.00285989E-02 -4.88874832E+01  0.00000000E+00 -4.53848307E-03 -9.79011481E-04  2.64029570E-04
  3.72500000E-01  6.00176641E-02 -4.88874856E+01  0.00000000E+00 -4.23165421E-03 -9.12908929E-04  2.46249071E-04
  3.75000000E-01  6.00074685E-02 -4.88874878E+01  0.00000000E+00 -3.94557111E-03 -8.51270620E-04  2.29665740E-04
  3.77500000E-01  5.99979621E-02 -4.88874899E+01  0.00000000E+00 -3.67883083E-03 -7.93794974E-04  2.14199012E-04
  3.80000000E-01  5.99890985E-02 -4.88874918E+01  0.00000000E+00 -3.43012532E-03 -7.40200796E-04  1.99773736E-04
  3.82500000E-01  5.99808341E-02 -4.88874936E+01  0.00000000E+00 -3.19823504E-03 -6.90225894E-04  1.86319817E-04
  3.85000000E-01  5.99731283E-02 -4.88874952E+01  0.00000000E+00 -2.98202293E-03 -6.43625795E-04  1.73771873E-04
  3.87500000E-01  5.99659435E-02 -4.88874968E+01  0.00000000E+00 -2.78042882E-03 -6.00172545E-04  1.62068918E-04
  3.90000000E-01  5.99592445E-02 -4.88874982E+01  0.00000000E+00 -2.59246427E-03 -5.59653594E-04  1.51154072E-04
  3.92500000E-01  5.99529983E-02 -4.88874996E+01  0.00000000E+00 -2.41720770E-03 -5.21870754E-04  1.40974277E-04
  3.95000000E-01  5.99471743E-02 -4.88875008E+01  0.00000000E+00 -2.25379982E-03 -4.86639226E-04  1.31480047E-04
  3.97500000E-01  5.99417441E-02 -4.88875020E+01  0.00000000E+00 -2.10143950E-03 -4.53786696E-04  1.22625226E-04
  4.00000000E-01  5.99366809E-02 -4.88875031E+01  0.00000000E+00 -1.95937975E-03 -4.23152494E-04  1.14366761E-04
  4.02500000E-01  5.99319600E-02 -4.88875041E+01  0.00000000E+00 -1.82692413E-03 -3.94586802E-04  1.06664500E-04
  4.05000000E-01  5.99275583E-02 -4.88875051E+01  0.00000000E+00 -1.70342326E-03 -3.67949922E-04  9.94809891E-05
  4.07500000E-01  5.99234541E-02 -4.88875059E+01  0.00000000E+00 -1.58827171E-03 -3.43111594E-04  9.27812982E-05
  4.10000000E-01  5.99196274E-02 -4.88875068E+01  0.00000000E+00 -1.48090496E-03 -3.19950358E-04  8.65328470E-05
  4.12500000E-01  5.99160593E-02 -4.88875075E+01  0.00000000E+00 -1.38079669E-03 -2.98352957E-04  8.07052481E-05
  4.15000000E-01  5.99127325E-02 -4.88875083E+01  0.00000000E+00 -1.28745615E-03 -2.78213783E-04  7.52701600E-05
  4.17500000E-01  5.99096305E-02 -4.88875089E+01  0.00000000E+00 -1.20042578E-03 -2.59434363E-04  7.02011488E-05
  4.20000000E-01  5.99067382E-02 -4.88875096E+01  0.00000000E+00 -1.11927895E-03 -2.41922875E-04  6.54735604E-05
  4.22500000E-01  5.99040415E-02 -4.88875101E+01  0.00000000E+00 -1.04361789E-03 -2.25593697E-04  6.10644002E-05
  4.25000000E-01  5.99015270E-02 -4.88875107E+01  0.00000000E+00 -9.73071733E-04 -2.10366991E-04  5.69522221E-05
  4.27500000E-01  5.98991825E-02 -4.88875112E+01  0.00000000E+00 -9.07294660E-04 -1.96168312E-04  5.31170239E-05
  4.30000000E-01  5.98969965E-02 -4.88875117E+01  0.00000000E+00 -8.45964255E-04 -1.82928242E-04  4.95401500E-05
  4.32500000E-01  5.98949582E-02 -4.88875121E+01  0.00000000E+00 -7.88779895E-04 -1.70582049E-04  4.62042013E-05
  4.35000000E-01  5.98930578E-02 -4.88875125E+01  0.00000000E+00 -7.35461283E-04 -1.59069377E-04  4.30929500E-05
  4.37500000E-01  5.98912858E-02 -4.88875129E+01  0.00000000E+00 -6.85747074E-04 -1.48333943E-04  4.01912615E-05
  4.40000000E-01  5.98896335E-02 -4.88875133E+01  0.00000000E+00 -6.39393591E-04 -1.38323265E-04  3.74850200E-05
  4.42500000E-01  5.98880930E-02 -4.88875136E+01  0.00000000E+00 -5.96173635E-04 -1.28988406E-04  3.49610605E-05
  4.45000000E-01  5.98866566E-02 -4.88875139E+01  0.00000000E+00 -5.55875364E-04 -1.20283734E-04  3.26071047E-05
  4.47500000E-01  5.98853173E-02 -4.88875142E+01  0.00000000E+00 -5.18301261E-04 -1.12166698E-04  3.04117012E-05
  4.50000000E-01  5.98840685E-02 -4.88875145E+01  0.00000000E+00 -4.83267163E-04 -1.04597621E-04  2.83641697E-05
  4.52500000E-01  5.98829041E-02 -4.88875147E+01  0.00000000E+00 -4.50601355E-04 -9.75395052E-05  2.64545494E-05
  4.55000000E-01  5.98818184E-02 -4.88875149E+01  0.00000000E+00 -4.20143733E-04 -9.09578501E-05  2.46735503E-05
  4.57500000E-01  5.98808061E-02 -4.88875152E+01  0.00000000E+00 -3.91745019E-04 -8.48204861E-05  2.30125083E-05
  4.60000000E-01  5.98798623E-02 -4.88875154E+01  0.00000000E+00 -3.65266024E-04 -7.90974156E-05  2.14633426E-05
  4.62500000E-01  5.98789822E-02 -4.88875156E+01  0.00000000E+00 -3.40576970E-04 -7.37606667E-05  2.00185170E-05
  4.65000000E-01  5.98781616E-02 -4.88875157E+01  0.00000000E+00 -3.17556854E-04 -6.87841561E-05  1.86710028E-05
  4.67500000E-01  5.98773965E-02 -4.88875159E+01  0.00000000E+00 -2.96092852E-04 -6.41435619E-05  1.74142447E-05
  4.70000000E-01  5.98766831E-02 -4.88875161E+01  0.00000000E+00 -2.76079768E-04 -5.98162046E-05  1.62421290E-05
  4.72500000E-01  5.98760179E-02 -4.88875162E+01  0.00000000E+00 -2.57419517E-04 -5.57809360E-05  1.51489539E-05
  4.75000000E-01  5.98753977E-02 -4.88875163E+01  0.00000000E+00 -2.40020648E-04 -5.20180359E-05  1.41294017E-05
  4.77500000E-01  5.98748194E-02 -4.88875165E+01  0.00000000E+00 -2.23797888E-04 -4.85091157E-05  1.31785129E-05
  4.80000000E-01  5.98742802E-02 -4.88875166E+01  0.00000000E+00 -2.08671732E-04 -4.52370285E-05  1.22916619E-05
  4.82500000E-01  5.98737774E-02 -4.88875167E+01  0.00000000E+00 -1.94568049E-04 -4.21857852E-05  1.14645351E-05
  4.85000000E-01  5.98733086E-02 -4.88875168E+01  0.00000000E+00 -1.81417719E-04 -3.93404760E-05  1.06931091E-05
  4.87500000E-01  5.98728715E-02 -4.88875169E+01  0.00000000E+00 -1.69156295E-04 -3.66871983E-05  9.97363186E-06
  4.90000000E-01  5.98724640E-02 -4.88875170E+01  0.00000000E+00 -1.57723688E-04 -3.42129880E-05  9.30260385E-06
  4.92500000E-01  5.98720839E-02 -4.88875171E+01  0.00000000E+00 -1.47063868E-04 -3.19057562E-05  8.67676145E-06
  4.95000000E-01  5.98717296E-02 -4.88875171E+01  0.00000000E+00 -1.37124597E-04 -2.97542304E-05  8.09306086E-06
  4.97500000E-01  5.98713992E-02 -4.88875172E+01  0.00000000E+00 -1.27857165E-04 -2.77478992E-05  7.54866334E-06
  5.00000000E-01  5.98710912E-02 -4.88875173E+01  0.00000000E+00 -1.19216157E-04 -2.58769608E-05  7.04092139E-06