  0.00000000E+00  0.00000000E+00 -4.89950000E+01  0.00000000E+00  4.99147671E-01  8.82210012E-03 -6.14956609E-02
  2.50000000E-03  1.24786918E-03 -4.89949779E+01  0.00000000E+00  4.77831482E-01  8.48396370E-03 -5.86394430E-02
  5.00000000E-03  2.41580265E-03 -4.89949572E+01  0.00000000E+00  4.58301777E-01  8.19498014E-03 -5.65627390E-02
  7.50000000E-03  3.53714496E-03 -4.89949370E+01  0.00000000E+00  4.40172198E-01  7.87873907E-03 -5.49120690E-02
  1.00000000E-02  4.61491348E-03 -4.89949177E+01  0.00000000E+00  4.22988506E-01  7.61643583E-03 -5.31295111E-02
  1.25000000E-02  5.65090513E-03 -4.89948990E+01  0.00000000E+00  4.07469706E-01  7.38423573E-03 -5.20215286E-02
  1.50000000E-02  6.65018090E-03 -4.89948808E+01  0.00000000E+00  3.92432370E-01  7.15062259E-03 -5.03703952E-02
  1.75000000E-02  7.61246515E-03 -4.89948633E+01  0.00000000E+00  3.78364608E-01  6.92907450E-03 -4.87775003E-02
  2.00000000E-02  8.54079197E-03 -4.89948462E+01  0.00000000E+00  3.65273883E-01  6.71584996E-03 -4.73185659E-02
  2.25000000E-02  9.43761327E-03 -4.89948297E+01  0.00000000E+00  3.53011839E-01  6.52046771E-03 -4.58977581E-02
  2.50000000E-02  1.03048153E-02 -4.89948136E+01  0.00000000E+00  3.41590153E-01  6.33510399E-03 -4.45781381E-02
  2.75000000E-02  1.11445136E-02 -4.89947980E+01  0.00000000E+00  3.30903700E-01  6.16289705E-03 -4.33163914E-02
  3.00000000E-02  1.19584148E-02 -4.89947828E+01  0.00000000E+00  3.20958810E-01  6.00601888E-03 -4.21570789E-02
  3.25000000E-02  1.27483807E-02 -4.89947680E+01  0.00000000E+00  3.11643613E-01  5.85388506E-03 -4.10351402E-02
  3.50000000E-02  1.35158457E-02 -4.89947536E+01  0.00000000E+00  3.03079407E-01  5.72209913E-03 -4.01100083E-02
  3.75000000E-02  1.42628390E-02 -4.89947394E+01  0.00000000E+00  2.94959962E-01  5.58767667E-03 -3.91117854E-02
  4.00000000E-02  1.49900896E-02 -4.89947256E+01  0.00000000E+00  2.87746059E-01  5.52012570E-03 -3.84813525E-02
  4.25000000E-02  1.57004373E-02 -4.89947119E+01  0.00000000E+00  2.80670327E-01  5.40133537E-03 -3.75899122E-02
  4.50000000E-02  1.63932685E-02 -4.89946986E+01  0.00000000E+00  2.74114829E-01  5.29705281E-03 -3.67796292E-02
  4.75000000E-02  1.70703612E-02 -4.89946854E+01  0.00000000E+00  2.67944724E-01  5.19176034E-03 -3.59865042E-02
  5.00000000E-02  1.77325104E-02 -4.89946726E+01  0.00000000E+00  2.62326707E-01  5.09097536E-03 -3.53779088E-02
  5.25000000E-02  1.83813046E-02 -4.89946600E+01  0.00000000E+00  2.56943166E-01  4.99826196E-03 -3.46650906E-02
  5.50000000E-02  1.90169331E-02 -4.89946476E+01  0.00000000E+00  2.51989774E-01  4.92257361E-03 -3.40540352E-02
  5.75000000E-02  1.96407158E-02 -4.89946354E+01  0.00000000E+00  2.47299313E-01  4.84138654E-03 -3.34201852E-02
  6.00000000E-02  2.02531010E-02 -4.89946234E+01  0.00000000E+00  2.42927987E-01  4.76496267E-03 -3.28136764E-02
  6.25000000E-02  2.08549568E-02 -4.89946116E+01  0.00000000E+00  2.38846116E-01  4.69426104E-03 -3.22546071E-02
  6.50000000E-02  2.14469698E-02 -4.89945999E+01  0.00000000E+00  2.35061162E-01  4.63370887E-03 -3.17408887E-02
  6.75000000E-02  2.20298915E-02 -4.89945884E+01  0.00000000E+00  2.31510332E-01  4.57216530E-03 -3.12477528E-02
  7.00000000E-02  2.26042288E-02 -4.89945771E+01  0.00000000E+00  2.28239350E-01  4.51881651E-03 -3.08127377E-02
  7.25000000E-02  2.31707384E-02 -4.89945659E+01  0.00000000E+00  2.25151091E-01  4.46541659E-03 -3.03775619E-02
  7.50000000E-02  2.37297558E-02 -4.89945548E+01  0.00000000E+00  2.22251205E-01  4.41167264E-03 -2.99119363E-02
  7.75000000E-02  2.42817590E-02 -4.89945438E+01  0.00000000E+00  2.19568088E-01  4.36584732E-03 -2.95313618E-02
  8.00000000E-02  2.48273253E-02 -4.89945329E+01  0.00000000E+00  2.17090654E-01  4.32871170E-03 -2.91870406E-02
  8.25000000E-02  2.53669551E-02 -4.89945222E+01  0.00000000E+00  2.14759416E-01  4.28918049E-03 -2.88520660E-02
  8.50000000E-02  2.59009396E-02 -4.89945115E+01  0.00000000E+00  2.12594354E-01  4.25693556E-03 -2.85370478E-02
  8.75000000E-02  2.64297192E-02 -4.89945009E+01  0.00000000E+00  2.10569940E-01  4.22290763E-03 -2.82423762E-02
  9.00000000E-02  2.69536135E-02 -4.89944904E+01  0.00000000E+00  2.08712412E-01  4.19888695E-03 -2.79820544E-02
  9.25000000E-02  2.74730727E-02 -4.89944799E+01  0.00000000E+00  2.06954644E-01  4.16957369E-03 -2.77223633E-02
  9.50000000E-02  2.79882621E-02 -4.89944695E+01  0.00000000E+00  2.06095737E-01  4.23676524E-03 -2.81843434E-02
  9.75000000E-02  2.85024278E-02 -4.89944588E+01  0.00000000E+00  2.04540451E-01  4.20762948E-03 -2.79245935E-02
  1.00000000E-01  2.90118348E-02 -4.89944484E+01  0.00000000E+00  2.03167548E-01  4.17930620E-03 -2.77436238E-02
  1.02500000E-01  2.95180375E-02 -4.89944379E+01  0.00000000E+00  2.01800567E-01  4.15308403E-03 -2.75003464E-02
  1.05000000E-01  3.00208302E-02 -4.89944276E+01  0.00000000E+00  2.00525055E-01  4.12873817E-03 -2.72698760E-02
  1.07500000E-01  3.05205485E-02 -4.89944173E+01  0.00000000E+00  1.99488557E-01  4.11202038E-03 -2.71792901E-02
  1.10000000E-01  3.10179742E-02 -4.89944070E+01  0.00000000E+00  1.98376756E-01  4.09136534E-03 -2.69706150E-02
  1.12500000E-01  3.15125264E-02 -4.89943968E+01  0.00000000E+00  1.98081845E-01  4.15688320E-03 -2.72427284E-02
  1.15000000E-01  3.20073623E-02 -4.89943864E+01  0.00000000E+00  1.97092317E-01  4.13669448E-03 -2.70390874E-02
  1.17500000E-01  3.24988562E-02 -4.89943760E+01  0.00000000E+00  1.96159690E-01  4.11713455E-03 -2.68426904E-02
  1.20000000E-01  3.29880897E-02 -4.89943658E+01  0.00000000E+00  1.95804288E-01  4.09709656E-03 -2.70988926E-02
  1.22500000E-01  3.34771561E-02 -4.89943556E+01  0.00000000E+00  1.94970895E-01  4.08049552E-03 -2.69015096E-02
  1.25000000E-01  3.39635416E-02 -4.89943454E+01  0.00000000E+00  1.94187724E-01  4.06544062E-03 -2.67102434E-02
  1.27500000E-01  3.44480320E-02 -4.89943352E+01  0.00000000E+00  1.93572752E-01  4.05031025E-03 -2.66223431E-02
  1.30000000E-01  3.49311951E-02 -4.89943251E+01  0.00000000E+00  1.92888439E-01  4.03799383E-03 -2.64479440E-02
  1.32500000E-01  3.54125608E-02 -4.89943151E+01  0.00000000E+00  1.92250858E-01  4.02685862E-03 -2.62831165E-02
  1.35000000E-01  3.58923910E-02 -4.89943050E+01  0.00000000E+00  1.91721714E-01  4.03620053E-03 -2.61566771E-02
  1.37500000E-01  3.63710339E-02 -4.89942949E+01  0.00000000E+00  1.91169231E-01  4.02664579E-03 -2.60112698E-02
  1.40000000E-01  3.68482663E-02 -4.89942848E+01  0.00000000E+00  1.90654605E-01  4.01791109E-03 -2.58740957E-02
  1.42500000E-01  3.73242596E-02 -4.89942748E+01  0.00000000E+00  1.90396530E-01  4.02358617E-03 -2.59306961E-02
  1.45000000E-01  3.77999283E-02 -4.89942647E+01  0.00000000E+00  1.89944878E-01  4.01625951E-03 -2.58025181E-02
  1.47500000E-01  3.82742259E-02 -4.89942547E+01  0.00000000E+00  1.89522921E-01  4.00965498E-03 -2.56803585E-02
  1.50000000E-01  3.87475058E-02 -4.89942447E+01  0.00000000E+00  1.89230966E-01  4.00374623E-03 -2.56054267E-02
  1.52500000E-01  3.92202183E-02 -4.89942347E+01  0.00000000E+00  1.88862017E-01  3.99840471E-03 -2.54941810E-02
  1.55000000E-01  3.96919121E-02 -4.89942247E+01  0.00000000E+00  1.88517023E-01  3.99353447E-03 -2.53865637E-02
  1.57500000E-01  4.01627734E-02 -4.89942147E+01  0.00000000E+00  1.88524443E-01  4.03059702E-03 -2.55696222E-02
  1.60000000E-01  4.06340938E-02 -4.89942046E+01  0.00000000E+00  1.88215275E-01  4.02569067E-03 -2.54624067E-02
  1.62500000E-01  4.11042455E-02 -4.89941945E+01  0.00000000E+00  1.87924340E-01  4.02114937E-03 -2.53593060E-02
  1.65000000E-01  4.15736927E-02 -4.89941845E+01  0.00000000E+00  1.88019287E-01  4.00538139E-03 -2.55449149E-02
  1.67500000E-01  4.20438596E-02 -4.89941745E+01  0.00000000E+00  1.87755231E-01  4.00233177E-03 -2.54411862E-02
  1.70000000E-01  4.25129176E-02 -4.89941645E+01  0.00000000E+00  1.87505764E-01  4.00004069E-03 -2.53398870E-02
  1.72500000E-01  4.29813702E-02 -4.89941545E+01  0.00000000E+00  1.87776519E-01  4.07158208E-03 -2.55270069E-02
  1.75000000E-01  4.34511500E-02 -4.89941442E+01  0.00000000E+00  1.87541747E-01  4.06746954E-03 -2.54230882E-02
  1.77500000E-01  4.39197109E-02 -4.89941341E+01  0.00000000E+00  1.87316826E-01  4.06309902E-03 -2.53211810E-02
  1.80000000E-01  4.43877218E-02 -4.89941239E+01  0.00000000E+00  1.87588394E-01  4.09480759E-03 -2.55750503E-02
  1.82500000E-01  4.48570322E-02 -4.89941136E+01  0.00000000E+00  1.87376727E-01  4.08987802E-03 -2.54695582E-02
  1.85000000E-01  4.53252094E-02 -4.89941034E+01  0.00000000E+00  1.87174160E-01  4.08530781E-03 -2.53670922E-02
  1.87500000E-01  4.57928916E-02 -4.89940932E+01  0.00000000E+00  1.87200062E-01  4.07782904E-03 -2.53723641E-02
  1.90000000E-01  4.62609242E-02 -4.89940830E+01  0.00000000E+00  1.87016270E-01  4.07438910E-03 -2.52741674E-02
  1.92500000E-01  4.67282351E-02 -4.89940728E+01  0.00000000E+00  1.86842941E-01  4.07146123E-03 -2.51793063E-02
  1.95000000E-01  4.71951258E-02 -4.89940627E+01  0.00000000E+00  1.87090436E-01  4.12415803E-03 -2.53472741E-02
  1.97500000E-01  4.76631613E-02 -4.89940523E+01  0.00000000E+00  1.86928286E-01  4.12067236E-03 -2.52529074E-02
  2.00000000E-01  4.81302793E-02 -4.89940420E+01  0.00000000E+00 -3.02855986E-01 -6.01134809E-03  3.45002428E-02
  2.02500000E-01  4.67609090E-02 -4.89940697E+01  0.00000000E+00 -2.89011010E-01 -5.64836098E-03  3.22490306E-02
  2.05000000E-01  4.60556877E-02 -4.89940834E+01  0.00000000E+00 -2.71581586E-01 -5.30019538E-03  3.07705378E-02
  2.07500000E-01  4.53985205E-02 -4.89940962E+01  0.00000000E+00 -2.53852320E-01 -4.91415506E-03  2.87827999E-02
  2.10000000E-01  4.47860513E-02 -4.89941080E+01  0.00000000E+00 -2.36744430E-01 -4.57061264E-03  2.69643578E-02
  2.12500000E-01  4.42155751E-02 -4.89941190E+01  0.00000000E+00 -2.20758129E-01 -4.23568866E-03  2.52486496E-02
  2.15000000E-01  4.36836626E-02 -4.89941291E+01  0.00000000E+00 -2.05812396E-01 -3.92713832E-03  2.36399236E-02
  2.17500000E-01  4.31878138E-02 -4.89941386E+01  0.00000000E+00 -1.91655144E-01 -3.63263741E-03  2.19502463E-02
  2.20000000E-01  4.27263725E-02 -4.89941473E+01  0.00000000E+00 -1.78688158E-01 -3.37227930E-03  2.05630714E-02
  2.22500000E-01  4.22958608E-02 -4.89941554E+01  0.00000000E+00 -1.66606954E-01 -3.13242015E-03  1.92658834E-02
  2.25000000E-01  4.18944450E-02 -4.89941629E+01  0.00000000E+00 -1.55143849E-01 -2.90686061E-03  1.78630122E-02
  2.27500000E-01  4.15209142E-02 -4.89941699E+01  0.00000000E+00 -1.44674259E-01 -2.70301034E-03  1.67462623E-02
  2.30000000E-01  4.11723156E-02 -4.89941764E+01  0.00000000E+00 -1.34917368E-01 -2.51453517E-03  1.57009693E-02
  2.32500000E-01  4.08472182E-02 -4.89941825E+01  0.00000000E+00 -1.25724278E-01 -2.31679218E-03  1.46787705E-02
  2.35000000E-01  4.05443989E-02 -4.89941880E+01  0.00000000E+00 -1.17253281E-01 -2.15673693E-03  1.37621224E-02
  2.37500000E-01  4.02618545E-02 -4.89941932E+01  0.00000000E+00 -1.09354542E-01 -2.00826546E-03  1.29013403E-02
  2.40000000E-01  3.99983415E-02 -4.89941980E+01  0.00000000E+00 -1.01990552E-01 -1.87050454E-03  1.20944573E-02
  2.42500000E-01  3.97525701E-02 -4.89942025E+01  0.00000000E+00 -9.50227236E-02 -1.74771557E-03  1.12421957E-02
  2.45000000E-01  3.95237231E-02 -4.89942068E+01  0.00000000E+00 -8.86308855E-02 -1.62845062E-03  1.05428655E-02
  2.47500000E-01  3.93101357E-02 -4.89942107E+01  0.00000000E+00 -8.26710505E-02 -1.51765194E-03  9.88729229E-03
  2.50000000E-01  3.91109079E-02 -4.89942143E+01  0.00000000E+00 -7.71137632E-02 -1.41465114E-03  9.27275963E-03
  2.52500000E-01  3.89250701E-02 -4.89942177E+01  0.00000000E+00 -7.19315913E-02 -1.31886657E-03  8.69663903E-03
  2.55000000E-01  3.87517188E-02 -4.89942209E+01  0.00000000E+00 -6.70990099E-02 -1.22976035E-03  8.15649070E-03
  2.57500000E-01  3.85900120E-02 -4.89942239E+01  0.00000000E+00 -6.25836145E-02 -1.14681016E-03  7.64291550E-03
  2.60000000E-01  3.84391972E-02 -4.89942266E+01  0.00000000E+00 -5.83812653E-02 -1.06962396E-03  7.16856517E-03
  2.62500000E-01  3.82984970E-02 -4.89942292E+01  0.00000000E+00 -5.44620246E-02 -9.97766660E-04  6.72376848E-03
  2.65000000E-01  3.81672410E-02 -4.89942316E+01  0.00000000E+00 -5.08066891E-02 -9.30845489E-04  6.30665188E-03
  2.67500000E-01  3.80447934E-02 -4.89942339E+01  0.00000000E+00 -4.73973648E-02 -8.68504686E-04  5.91545776E-03
  2.70000000E-01  3.79305617E-02 -4.89942360E+01  0.00000000E+00 -4.42174057E-02 -8.10417647E-04  5.54855696E-03
  2.72500000E-01  3.78239931E-02 -4.89942379E+01  0.00000000E+00 -4.12513073E-02 -7.56283514E-04  5.20442809E-03
  2.75000000E-01  3.77245724E-02 -4.89942397E+01  0.00000000E+00 -3.84846241E-02 -7.05824402E-04  4.88164822E-03
  2.77500000E-01  3.76318192E-02 -4.89942414E+01  0.00000000E+00 -3.59038948E-02 -6.58783262E-04  4.57888551E-03
  2.80000000E-01  3.75452854E-02 -4.89942430E+01  0.00000000E+00 -3.35073997E-02 -6.12843929E-04  4.31540533E-03
  2.82500000E-01  3.74645125E-02 -4.89942445E+01  0.00000000E+00 -3.12605553E-02 -5.72017493E-04  4.04692626E-03
  2.85000000E-01  3.73891697E-02 -4.89942459E+01  0.00000000E+00 -2.91640927E-02 -5.33955611E-04  3.79456153E-03
  2.87500000E-01  3.73188801E-02 -4.89942472E+01  0.00000000E+00 -2.72082811E-02 -4.98461043E-04  3.55772682E-03
  2.90000000E-01  3.72533041E-02 -4.89942484E+01  0.00000000E+00 -2.53837769E-02 -4.65353825E-04  3.33559721E-03
  2.92500000E-01  3.71921253E-02 -4.89942495E+01  0.00000000E+00 -2.36817820E-02 -4.34469243E-04  3.12730237E-03
  2.95000000E-01  3.71350483E-02 -4.89942505E+01  0.00000000E+00 -2.20940641E-02 -4.05655002E-04  2.93199439E-03
  2.97500000E-01  3.70817978E-02 -4.89942515E+01  0.00000000E+00 -2.06129369E-02 -3.78769813E-04  2.74886778E-03
  3.00000000E-01  3.70321169E-02 -4.89942524E+01  0.00000000E+00 -1.92312304E-02 -3.53682405E-04  2.57716395E-03
  3.02500000E-01  3.69857660E-02 -4.89942533E+01  0.00000000E+00 -1.79422576E-02 -3.30270721E-04  2.41617066E-03
  3.05000000E-01  3.69425215E-02 -4.89942541E+01  0.00000000E+00 -1.67397827E-02 -3.08421221E-04  2.26521995E-03
  3.07500000E-01  3.69021752E-02 -4.89942548E+01  0.00000000E+00 -1.56179904E-02 -2.88028254E-04  2.12368552E-03
  3.10000000E-01  3.68645324E-02 -4.89942555E+01  0.00000000E+00 -1.45714577E-02 -2.68993482E-04  1.99098027E-03
  3.12500000E-01  3.68294119E-02 -4.89942562E+01  0.00000000E+00 -1.35951270E-02 -2.51225353E-04  1.86655377E-03
  3.15000000E-01  3.67966445E-02 -4.89942568E+01  0.00000000E+00 -1.26842817E-02 -2.34638614E-04  1.74989000E-03
  3.17500000E-01  3.67660724E-02 -4.89942573E+01  0.00000000E+00 -1.18345229E-02 -2.19153862E-04  1.64050515E-03
  3.20000000E-01  3.67375483E-02 -4.89942579E+01  0.00000000E+00 -1.10417478E-02 -2.04697126E-04  1.53794563E-03
  3.22500000E-01  3.67109349E-02 -4.89942584E+01  0.00000000E+00 -1.03021300E-02 -1.91199487E-04  1.44178612E-03
  3.25000000E-01  3.66861041E-02 -4.89942588E+01  0.00000000E+00 -9.61210059E-03 -1.78596722E-04  1.35162784E-03
  3.27500000E-01  3.66629364E-02 -4.89942593E+01  0.00000000E+00 -8.96833058E-03 -1.66828975E-04  1.26709687E-03
  3.30000000E-01  3.66413203E-02 -4.89942597E+01  0.00000000E+00 -8.36771509E-03 -1.55840451E-04  1.18784257E-03
  3.32500000E-01  3.66211517E-02 -4.89942600E+01  0.00000000E+00 -7.80735795E-03 -1.45579137E-04  1.11353616E-03
  3.35000000E-01  3.66023338E-02 -4.89942604E+01  0.00000000E+00 -7.28455773E-03 -1.35996534E-04  1.04386933E-03
  3.37500000E-01  3.65847759E-02 -4.89942607E+01  0.00000000E+00 -6.79679458E-03 -1.27047420E-04  9.78552962E-04
  3.40000000E-01  3.65683936E-02 -4.89942610E+01  0.00000000E+00 -6.34171797E-03 -1.18689621E-04  9.17315942E-04
  3.42500000E-01  3.65531082E-02 -4.89942613E+01  0.00000000E+00 -5.91713531E-03 -1.10883804E-04  8.59904028E-04
  3.45000000E-01  3.65388460E-02 -4.89942616E+01  0.00000000E+00 -5.52100130E-03 -1.03593279E-04  8.06078803E-04
  3.47500000E-01  3.65255387E-02 -4.89942618E+01  0.00000000E+00 -5.15140802E-03 -9.67838218E-05  7.55616686E-04
  3.50000000E-01  3.65131222E-02 -4.89942621E+01  0.00000000E+00 -4.80657566E-03 -9.04235039E-05  7.08308013E-04
  3.52500000E-01  3.65015368E-02 -4.89942623E+01  0.00000000E+00 -4.48484392E-03 -8.44825355E-05  6.63956163E-04
  3.55000000E-01  3.64907268E-02 -4.89942625E+01  0.00000000E+00 -4.18466397E-03 -7.89331214E-05  6.22376752E-04
  3.57500000E-01  3.64806404E-02 -4.89942627E+01  0.00000000E+00 -3.90459094E-03 -7.37493251E-05  5.83396874E-04
  3.60000000E-01  3.64712290E-02 -4.89942629E+01  0.00000000E+00 -3.64327695E-03 -6.89069439E-05  5.46854383E-04
  3.62500000E-01  3.64624475E-02 -4.89942630E+01  0.00000000E+00 -3.39946455E-03 -6.43833912E-05  5.12597227E-04
  3.65000000E-01  3.64542536E-02 -4.89942632E+01  0.00000000E+00 -3.17198070E-03 -6.01575875E-05  4.80482824E-04
  3.67500000E-01  3.64466080E-02 -4.89942633E+01  0.00000000E+00 -2.96138215E-03 -5.56089404E-05  4.52522052E-04
  3.70000000E-01  3.64394678E-02 -4.89942635E+01  0.00000000E+00 -2.76328546E-03 -5.19508707E-05  4.24218327E-04
  3.72500000E-01  3.64328072E-02 -4.89942636E+01  0.00000000E+00 -2.57842828E-03 -4.85397507E-05  3.97658198E-04
  3.75000000E-01  3.64265922E-02 -4.89942637E+01  0.00000000E+00 -2.40593975E-03 -4.53551397E-05  3.72751017E-04
  3.77500000E-01  3.64207929E-02 -4.89942638E+01  0.00000000E+00 -2.24499650E-03 -4.23806345E-05  3.49399272E-04
  3.80000000E-01  3.64153816E-02 -4.89942639E+01  0.00000000E+00 -2.09482687E-03 -3.96018819E-05  3.27507845E-04
  3.82500000E-01  3.64103323E-02 -4.89942640E+01  0.00000000E+00 -1.95470974E-03 -3.70058080E-05  3.06986230E-04
  3.85000000E-01  3.64056206E-02 -4.89942641E+01  0.00000000E+00 -1.82397193E-03 -3.45803171E-05  2.87749120E-04
  3.87500000E-01  3.64012241E-02 -4.89942642E+01  0.00000000E+00 -1.70198527E-03 -3.23141547E-05  2.69716372E-04
  3.90000000E-01  3.63971217E-02 -4.89942643E+01  0.00000000E+00 -1.58816363E-03 -3.01968261E-05  2.52812793E-04
  3.92500000E-01  3.63932935E-02 -4.89942643E+01  0.00000000E+00 -1.48196014E-03 -2.82185299E-05  2.36967859E-04
  3.95000000E-01  3.63897214E-02 -4.89942644E+01  0.00000000E+00 -1.38286458E-03 -2.63701101E-05  2.22115425E-04
  3.97500000E-01  3.63863881E-02 -4.89942645E+01  0.00000000E+00 -1.29040093E-03 -2.46430162E-05  2.08193460E-04
  4.00000000E-01  3.63832777E-02 -4.89942645E+01  0.00000000E+00 -1.20412504E-03 -2.30292644E-05  1.95143800E-04
  4.02500000E-01  3.63803752E-02 -4.89942646E+01  0.00000000E+00 -1.12362258E-03 -2.15213995E-05  1.82911904E-04
  4.05000000E-01  3.63776668E-02 -4.89942646E+01  0.00000000E+00 -1.04850692E-03 -2.01124581E-05  1.71446632E-04
  4.07500000E-01  3.63751394E-02 -4.89942647E+01  0.00000000E+00 -9.78417389E-04 -1.87959347E-05  1.60700032E-04
  4.10000000E-01  3.63727810E-02 -4.89942647E+01  0.00000000E+00 -9.13017443E-04 -1.75657514E-05  1.50627136E-04
  4.12500000E-01  3.63705802E-02 -4.89942648E+01  0.00000000E+00 -8.51993102E-04 -1.64162316E-05  1.41185788E-04
  4.15000000E-01  3.63685265E-02 -4.89942648E+01  0.00000000E+00 -7.95051421E-04 -1.53420748E-05  1.32336465E-04
  4.17500000E-01  3.63666100E-02 -4.89942648E+01  0.00000000E+00 -7.41919081E-04 -1.43383301E-05  1.24042117E-04
  4.20000000E-01  3.63648216E-02 -4.89942649E+01  0.00000000E+00 -6.92341062E-04 -1.34003657E-05  1.16267971E-04
  4.22500000E-01  3.63631528E-02 -4.89942649E+01  0.00000000E+00 -6.46079432E-04 -1.25238630E-05  1.08981457E-04
  4.25000000E-01  3.63615954E-02 -4.89942649E+01  0.00000000E+00 -6.02912201E-04 -1.17047891E-05  1.02152047E-04
  4.27500000E-01  3.63601421E-02 -4.89942650E+01  0.00000000E+00 -5.62632244E-04 -1.09393764E-05  9.57511196E-05
  4.30000000E-01  3.63587858E-02 -4.89942650E+01  0.00000000E+00 -5.25046308E-04 -1.02241029E-05  8.97518365E-05
  4.32500000E-01  3.63575202E-02 -4.89942650E+01  0.00000000E+00 -4.89974076E-04 -9.55567599E-06  8.41290289E-05
  4.35000000E-01  3.63563391E-02 -4.89942650E+01  0.00000000E+00 -4.57247307E-04 -8.93101928E-06  7.88590970E-05
  4.37500000E-01  3.63552369E-02 -4.89942651E+01  0.00000000E+00 -4.26709030E-04 -8.34726015E-06  7.39199177E-05
  4.40000000E-01  3.63542083E-02 -4.89942651E+01  0.00000000E+00 -3.98212786E-04 -7.80171676E-06  6.92907531E-05
  4.42500000E-01  3.63532484E-02 -4.89942651E+01  0.00000000E+00 -3.71621926E-04 -7.29188522E-06  6.49521644E-05
  4.45000000E-01  3.63523526E-02 -4.89942651E+01  0.00000000E+00 -3.46808952E-04 -6.81542697E-06  6.08859296E-05
  4.47500000E-01  3.63515166E-02 -4.89942651E+01  0.00000000E+00 -3.23654900E-04 -6.37015633E-06  5.70749654E-05
  4.50000000E-01  3.63507364E-02 -4.89942651E+01  0.00000000E+00 -3.02048770E-04 -5.95402889E-06  5.35032516E-05
  4.52500000E-01  3.63500082E-02 -4.89942652E+01  0.00000000E+00 -2.81886990E-04 -5.56513198E-06  5.01557650E-05
  4.55000000E-01  3.63493287E-02 -4.89942652E+01  0.00000000E+00 -2.63072922E-04 -5.20167698E-06  4.70184193E-05
  4.57500000E-01  3.63486946E-02 -4.89942652E+01  0.00000000E+00 -2.45516397E-04 -4.86199276E-06  4.40780100E-05
  4.60000000E-01  3.63481027E-02 -4.89942652E+01  0.00000000E+00 -2.29133283E-04 -4.54451885E-06  4.13221609E-05
  4.62500000E-01  3.63475504E-02 -4.89942652E+01  0.00000000E+00 -2.13845081E-04 -4.24779773E-06  3.87392727E-05
  4.65000000E-01  3.63470349E-02 -4.89942652E+01  0.00000000E+00 -1.99578547E-04 -3.97046808E-06  3.63184783E-05
  4.67500000E-01  3.63465538E-02 -4.89942652E+01  0.00000000E+00 -1.86265349E-04 -3.71126186E-06  3.40496087E-05
  4.70000000E-01  3.63461047E-02 -4.89942652E+01  0.00000000E+00 -1.73841730E-04 -3.46899734E-06  3.19231397E-05
  4.72500000E-01  3.63456857E-02 -4.89942652E+01  0.00000000E+00 -1.62248204E-04 -3.24257326E-06  2.99301486E-05
  4.75000000E-01  3.63452945E-02 -4.89942653E+01  0.00000000E+00 -1.51429255E-04 -3.03095914E-06  2.80622748E-05
  4.77500000E-01  3.63449295E-02 -4.89942653E+01  0.00000000E+00 -1.41333078E-04 -2.83318319E-06  2.63116561E-05
  4.80000000E-01  3.63445888E-02 -4.89942653E+01  0.00000000E+00 -1.31911332E-04 -2.64833388E-06  2.46709147E-05
  4.82500000E-01  3.63442708E-02 -4.89942653E+01  0.00000000E+00 -1.23118915E-04 -2.47556067E-06  2.31331360E-05
  4.85000000E-01  3.63439740E-02 -4.89942653E+01  0.00000000E+00 -1.14913744E-04 -2.31407079E-06  2.16918436E-05
  4.87500000E-01  3.63436969E-02 -4.89942653E+01  0.00000000E+00 -1.07256554E-04 -2.16312527E-06  2.03409717E-05
  4.90000000E-01  3.63434384E-02 -4.89942653E+01  0.00000000E+00 -1.00110707E-04 -2.02203463E-06  1.90748376E-05
  4.92500000E-01  3.63431970E-02 -4.89942653E+01  0.00000000E+00 -9.34420185E-05 -1.89015485E-06  1.78881147E-05
  4.95000000E-01  3.63429717E-02 -4.89942653E+01  0.00000000E+00 -8.72185880E-05 -1.76688395E-06  1.67758098E-05
  4.97500000E-01  3.63427615E-02 -4.89942653E+01  0.00000000E+00 -8.14106500E-05 -1.65165924E-06  1.57332426E-05
  5.00000000E-01  3.63425652E-02 -4.89942653E+01  0.00000000E+00 -7.59904301E-05 -1.54395497E-06  1.47560276E-05