  0.00000000E+00  0.00000000E+00  0.00000000E+00  0.00000000E+00  1.90257477E+00  2.49017077E-04  4.12928357E-04  2.37679203E-04  8.64724209E-05 -4.40339229E-04
  1.00000000E-02  1.90257477E-02  2.49017077E-06  4.12928357E-06  1.26072580E+00 -2.07006885E-02  1.07332784E-03  3.48011068E-04  1.50031149E-02 -5.85151549E-03
  2.00000000E-02  2.84237608E-02 -3.09265242E-04  1.81645594E-05  8.82219791E-01 -2.75728263E-02  1.54973312E-03  4.49688595E-04  1.89224258E-02 -7.31012160E-03
  3.00000000E-02  3.53534287E-02 -6.19354194E-04  3.60439170E-05  6.30932483E-01 -2.98187144E-02  1.84412304E-03  5.27216432E-04  1.96795893E-02 -7.63894919E-03
  4.00000000E-02  4.04063170E-02 -9.28770779E-04  5.59570970E-05  4.81135323E-01 -2.86500982E-02  1.96786405E-03  5.72866083E-04  1.81967797E-02 -7.09981903E-03
  5.00000000E-02  4.44686844E-02 -1.20942868E-03  7.62544426E-05  3.98475680E-01 -2.58918430E-02  1.97822878E-03  5.82233757E-04  1.58438500E-02 -6.25393145E-03
  6.00000000E-02  4.80401430E-02 -1.45455583E-03  9.60885541E-05  3.55684183E-01 -2.28573447E-02  1.91718157E-03  5.62428789E-04  1.35494048E-02 -5.41343944E-03
  7.00000000E-02  5.13830273E-02 -1.66795679E-03  1.14955134E-04  3.34775540E-01 -2.02203572E-02  1.81889979E-03  5.24979001E-04  1.17307264E-02 -4.73073517E-03
  8.00000000E-02  5.46262395E-02 -1.85697542E-03  1.32652723E-04  3.25116126E-01 -1.82011703E-02  1.70743952E-03  4.81337186E-04  1.04631981E-02 -4.23835677E-03
  9.00000000E-02  5.78291037E-02 -2.02889119E-03  1.49169817E-04  3.20900825E-01 -1.67770744E-02  1.59813629E-03  4.39785355E-04  9.65983510E-03 -3.91066262E-03
  1.00000000E-01  6.10170354E-02 -2.18954146E-03  1.64604663E-04  3.19166558E-01 -1.58297000E-02  1.49947491E-03  4.04852174E-04  9.18919860E-03 -3.70496953E-03
  1.10000000E-01  6.42000297E-02 -2.34310158E-03  1.79106106E-04  3.18493423E-01 -1.52261029E-02  1.41515413E-03  3.78010034E-04  8.93256083E-03 -3.58115662E-03
  1.20000000E-01  6.73815982E-02 -2.49234463E-03  1.92836043E-04  3.18243606E-01 -1.48536078E-02  1.34573786E-03  3.58799041E-04  8.80209964E-03 -3.50840952E-03
  1.30000000E-01  7.05627852E-02 -2.63901823E-03  2.05946340E-04  3.18150450E-01 -1.46288356E-02  1.29000982E-03  3.45834612E-04  8.74046808E-03 -3.46575083E-03
  1.40000000E-01  7.37438239E-02 -2.78418273E-03  2.18567798E-04  3.18111587E-01 -1.44950650E-02  1.24592242E-03  3.37512464E-04  8.71363186E-03 -3.44002035E-03
  1.50000000E-01  7.69247455E-02 -2.92846452E-03  2.30806585E-04  3.18091742E-01 -1.44159039E-02  1.21121139E-03  3.32395638E-04  8.70301049E-03 -3.42346705E-03
  1.60000000E-01  8.01055637E-02 -3.07222776E-03  2.42745144E-04  3.18080334E-01 -1.43689753E-02  1.18374793E-03  3.29362675E-04  8.69925525E-03 -3.41175431E-03
  1.70000000E-01  8.32863100E-02 -3.21568287E-03  2.54445306E-04  3.18074583E-01 -1.43409352E-02  1.16170676E-03  3.27616446E-04  8.69806229E-03 -3.40255581E-03
  1.80000000E-01  8.64670271E-02 -3.35895202E-03  2.65952168E-04  3.18073580E-01 -1.43239862E-02  1.14361676E-03  3.26629550E-04  8.69765542E-03 -3.39466382E-03
  1.90000000E-01  8.96477578E-02 -3.50210713E-03  2.77297885E-04  3.18076601E-01 -1.43136187E-02  1.12834497E-03  3.26073095E-04  8.69740897E-03 -3.38746435E-03
  2.00000000E-01  9.28285390E-02 -3.64519148E-03  2.88504976E-04 -9.43322889E-01  6.37136471E-03  2.63436201E-04 -4.00013209E-05 -6.21942794E-03  2.25145809E-03
  2.10000000E-01  7.70883126E-02 -3.47805292E-03  2.86814794E-04 -6.90177984E-01  1.09336505E-02 -8.17122689E-05 -7.60041624E-05 -8.91867439E-03  3.31498475E-03
  2.20000000E-01  7.14522573E-02 -3.34590498E-03  2.84271929E-04 -4.38820199E-01  1.39764683E-02 -2.47548976E-04 -1.72723898E-04 -1.02374485E-02  3.71544772E-03
  2.30000000E-01  6.83208443E-02 -3.19092621E-03  2.80967256E-04 -2.55027970E-01  1.42158837E-02 -4.20144111E-04 -2.22415027E-04 -9.73108397E-03  3.59915069E-03
  2.40000000E-01  6.66895257E-02 -3.04757030E-03  2.75902839E-04 -1.38725460E-01  1.24613311E-02 -5.08788051E-04 -2.44204626E-04 -8.00522214E-03  3.02215858E-03
  2.50000000E-01  6.58837836E-02 -2.93172975E-03  2.70371739E-04 -7.14470278E-02  9.85462831E-03 -5.27925325E-04 -2.37628289E-04 -5.90808049E-03  2.29029737E-03
  2.60000000E-01  6.55057055E-02 -2.84621698E-03  2.64996799E-04 -3.50814311E-02  7.22748696E-03 -4.96825811E-04 -2.10502190E-04 -3.99926088E-03  1.60367287E-03
  2.70000000E-01  6.53367192E-02 -2.78707782E-03  2.60184039E-04 -1.65128097E-02  5.00511101E-03 -4.35785884E-04 -1.72648980E-04 -2.51742662E-03  1.05374119E-03
  2.80000000E-01  6.52644342E-02 -2.74813859E-03  2.56131380E-04 -7.50385947E-03  3.31459582E-03 -3.61809686E-04 -1.32658985E-04 -1.48628292E-03  6.56906254E-04
  2.90000000E-01  6.52344404E-02 -2.72344521E-03  2.52883164E-04 -3.33508232E-03  2.11953827E-03 -2.87090902E-04 -9.63272182E-05 -8.27268727E-04  3.91824619E-04
  3.00000000E-01  6.52219334E-02 -2.70822511E-03  2.50385849E-04 -1.48711544E-03  1.31912964E-03 -2.19117800E-04 -6.65404653E-05 -4.35328256E-04  2.25265441E-04
  3.10000000E-01  6.52163021E-02 -2.69903586E-03  2.48534536E-04 -6.95013643E-04  8.04535750E-04 -1.61563243E-04 -4.39554422E-05 -2.16888571E-04  1.25760967E-04
  3.20000000E-01  6.52133125E-02 -2.69356347E-03  2.47206676E-04 -3.59323653E-04  4.83780153E-04 -1.15409302E-04 -2.78839764E-05 -1.02450930E-04  6.87714517E-05
  3.30000000E-01  6.52113977E-02 -2.69032945E-03  2.46283353E-04 -2.11955671E-04  2.88309217E-04 -7.99886318E-05 -1.70459400E-05 -4.60779008E-05  3.72423575E-05
  3.40000000E-01  6.52100150E-02 -2.68842371E-03  2.45660570E-04 -1.40016630E-04  1.70961497E-04 -5.37987177E-05 -1.00712818E-05 -2.00042048E-05  2.02516453E-05
  3.50000000E-01  6.52089745E-02 -2.68730083E-03  2.45253533E-04 -9.88192016E-05  1.01073668E-04 -3.50598529E-05 -5.76513092E-06 -8.69523683E-06  1.12384935E-05
  3.60000000E-01  6.52081923E-02 -2.68663954E-03  2.44996628E-04 -7.16175005E-05  5.95158336E-05 -2.20480209E-05 -3.20311634E-06 -4.07223591E-06  6.46551302E-06
  3.70000000E-01  6.52076121E-02 -2.68625217E-03  2.44841207E-04 -5.22255496E-05  3.47024418E-05 -1.32615277E-05 -1.72815588E-06 -2.23819986E-06  3.89737534E-06
  3.80000000E-01  6.52071868E-02 -2.68602921E-03  2.44752525E-04 -3.81019324E-05  1.97636967E-05 -7.48486557E-06 -9.03049463E-07 -1.46463674E-06  2.46649156E-06
  3.90000000E-01  6.52068764E-02 -2.68590627E-03  2.44706559E-04 -2.78701192E-05  1.06892054E-05 -3.78994026E-06 -4.52443258E-07 -1.05937378E-06  1.62858713E-06
  4.00000000E-01  6.52066489E-02 -2.68584475E-03  2.44687134E-04 -2.05491579E-05  5.14150197E-06 -1.50104936E-06 -2.10933990E-07 -7.80834383E-07  1.11038550E-06
  4.10000000E-01  6.52064800E-02 -2.68582107E-03  2.44683568E-04 -1.53615845E-05  1.73354092E-06 -1.37648457E-07 -8.32076426E-08 -5.60483861E-07  7.74071813E-07
  4.20000000E-01  6.52063523E-02 -2.68582077E-03  2.44689009E-04 -1.16961231E-05 -3.52782279E-07  6.35347638E-07 -1.62877615E-08 -3.84393421E-07  5.47978687E-07
  4.30000000E-01  6.52062537E-02 -2.68583473E-03  2.44699227E-04 -9.09235941E-06 -1.60102415E-06  1.03832064E-06  1.84277761E-08 -2.49621732E-07  3.92570758E-07
  4.40000000E-01  6.52061758E-02 -2.68585698E-03  2.44711625E-04 -7.21831917E-06 -2.31391669E-06  1.21455912E-06  3.60064845E-08 -1.52037540E-07  2.84423118E-07
  4.50000000E-01  6.52061130E-02 -2.68588369E-03  2.44724652E-04 -5.84323750E-06 -2.68112685E-06  1.25341629E-06  4.43190681E-08 -8.51248831E-08  2.08616146E-07
  4.60000000E-01  6.52060614E-02 -2.68591234E-03  2.44737381E-04 -4.81071904E-06 -2.82667435E-06  1.21670601E-06  4.74976371E-08 -4.15474884E-08  1.55163606E-07
  4.70000000E-01  6.52060185E-02 -2.68594133E-03  2.44749364E-04 -4.01638750E-06 -2.82993030E-06  1.13946630E-06  4.77624995E-08 -1.45765532E-08  1.17208192E-07
  4.80000000E-01  6.52059823E-02 -2.68596965E-03  2.44760373E-04 -3.39096124E-06 -2.74440763E-06  1.04310197E-06  4.63563408E-08  1.21182553E-09  9.00013256E-08
  4.90000000E-01  6.52059515E-02 -2.68599666E-03  2.44770322E-04 -2.88826132E-06 -2.60575500E-06  9.40540450E-07  4.40092930E-08  9.81638167E-09  7.02596180E-08
  5.00000000E-01  6.52059251E-02 -2.68602203E-03  2.44779214E-04 -2.47710211E-06 -2.43732084E-06  8.39229148E-07  4.11691032E-08  1.39964928E-08  5.57240233E-08
