  0.00000000E+00  0.00000000E+00  0.00000000E+00  0.00000000E+00  1.90257477E+00  2.49017077E-04  4.12928357E-04  2.37679203E-04  8.64724209E-05 -4.40339229E-04
  1.00000000E-02  1.90257477E-02  2.49017077E-06  4.12928357E-06  1.43773045E+00  1.22813992E-02 -1.30121552E-02  2.65955977E-04 -1.17762633E-02  4.21489244E-03
  2.00000000E-02  3.10788307E-02  1.85466073E-04 -1.93117687E-04  1.12393879E+00  1.73875314E-02 -1.89764819E-02  3.14437777E-04 -1.73509713E-02  6.33170699E-03
  3.00000000E-02  4.07492602E-02  3.84872048E-04 -4.12704139E-04  8.98060969E-01  1.97572887E-02 -2.18618056E-02  3.65193655E-04 -2.02582383E-02  7.38468068E-03
  4.00000000E-02  4.86004808E-02  5.94293722E-04 -6.45748814E-04  7.43822103E-01  1.99721232E-02 -2.23085388E-02  4.10840649E-04 -2.10435339E-02  7.58501286E-03
  5.00000000E-02  5.52675075E-02  7.95089127E-04 -8.71067869E-04  6.41526286E-01  1.89713825E-02 -2.13558484E-02  4.43176465E-04 -2.05197711E-02  7.30493970E-03
  6.00000000E-02  6.11712912E-02  9.79799248E-04 -1.07986290E-03  5.74798194E-01  1.74980336E-02 -1.98153470E-02  4.59535543E-04 -1.93772413E-02  6.81419325E-03
  7.00000000E-02  6.65856327E-02  1.14741284E-03 -1.27031386E-03  5.31675197E-01  1.60002460E-02 -1.81864661E-02  4.61470605E-04 -1.80571253E-02  6.28241149E-03
  8.00000000E-02  7.16867697E-02  1.29992636E-03 -1.44403412E-03  5.03941204E-01  1.46945185E-02 -1.67202384E-02  4.52716430E-04 -1.68010584E-02  5.79617338E-03
  9.00000000E-02  7.65875118E-02  1.44034291E-03 -1.60390537E-03  4.86139028E-01  1.36519972E-02 -1.55099546E-02  4.37509699E-04 -1.57174325E-02  5.38917474E-03
  1.00000000E-01  8.13598912E-02  1.57165027E-03 -1.75295349E-03  4.74712452E-01  1.28669822E-02 -1.45630275E-02  4.19478157E-04 -1.48368572E-02  5.06642324E-03
  1.10000000E-01  8.60498828E-02  1.69639502E-03 -1.89384913E-03  4.67369047E-01  1.23009698E-02 -1.38476993E-02  4.01260295E-04 -1.41495481E-02  4.81929442E-03
  1.20000000E-01  9.06868563E-02  1.81657466E-03 -2.02874948E-03  4.62639598E-01  1.19071012E-02 -1.33196644E-02  3.84486623E-04 -1.36284289E-02  4.63441610E-03
  1.30000000E-01  9.52896050E-02  1.93367633E-03 -2.15930595E-03  4.59584963E-01  1.16418477E-02 -1.29353957E-02  3.69984344E-04 -1.32419113E-02  4.49818231E-03
  1.40000000E-01  9.98701815E-02  2.04876854E-03 -2.28673857E-03  4.57605167E-01  1.14693554E-02 -1.26576662E-02  3.58016348E-04 -1.29602160E-02  4.39865857E-03
  1.50000000E-01  1.04436334E-01  2.16259963E-03 -2.41192658E-03  4.56316599E-01  1.13620731E-02 -1.24569407E-02  3.48496911E-04 -1.27579335E-02  4.32618809E-03
  1.60000000E-01  1.08993057E-01  2.27568395E-03 -2.53549236E-03  4.55473579E-01  1.12997597E-02 -1.23108621E-02  3.41154446E-04 -1.26146124E-02  4.27331045E-03
  1.70000000E-01  1.13543578E-01  2.38836998E-03 -2.65787059E-03  4.54918439E-01  1.12680016E-02 -1.22030372E-02  3.35644495E-04 -1.25144056E-02  4.23443873E-03
  1.80000000E-01  1.18089987E-01  2.50089120E-03 -2.77936184E-03  4.54549753E-01  1.12567637E-02 -1.21217139E-02  3.31618050E-04 -1.24453553E-02  4.20548086E-03
  1.90000000E-01  1.22633641E-01  2.61340265E-03 -2.90017236E-03  4.54302116E-01  1.12591764E-02 -1.20586036E-02  3.28757750E-04 -1.23986114E-02  4.18348742E-03
  2.00000000E-01  1.27175424E-01  2.72600648E-03 -3.02044284E-03 -9.83073021E-01 -1.79378598E-03  4.48795481E-04  3.51203463E-05 -3.98148831E-04  6.08494854E-05
  2.10000000E-01  1.10157818E-01  2.64280381E-03 -2.95341789E-03 -7.73881591E-01 -5.21469585E-03  4.60789117E-03  3.72548685E-05  3.25707767E-03 -1.30790030E-03
  2.20000000E-01  1.03464959E-01  2.57355230E-03 -2.88654350E-03 -5.53137638E-01 -8.17494618E-03  7.61472738E-03 -3.85846193E-05  6.57274334E-03 -2.46252283E-03
  2.30000000E-01  9.90373025E-02  2.47700159E-03 -2.79536205E-03 -3.76949275E-01 -9.19192658E-03  9.01908490E-03 -8.10740511E-05  8.12717044E-03 -3.00293500E-03
  2.40000000E-01  9.61487516E-02  2.37999742E-03 -2.69814941E-03 -2.50162537E-01 -8.79360916E-03  8.89328704E-03 -1.17425160E-04  8.29263160E-03 -3.01174757E-03
  2.50000000E-01  9.42810599E-02  2.29405292E-03 -2.60984553E-03 -1.63539942E-01 -7.59808125E-03  7.88024833E-03 -1.39651854E-04  7.57282962E-03 -2.69999355E-03
  2.60000000E-01  9.30787734E-02  2.22404974E-03 -2.53610824E-03 -1.06018092E-01 -6.12832814E-03  6.50922994E-03 -1.47487469E-04  6.44151982E-03 -2.25238711E-03
  2.70000000E-01  9.23062018E-02  2.17011523E-03 -2.47787103E-03 -6.84341486E-02 -4.70634708E-03  5.11977737E-03 -1.43416118E-04  5.21791196E-03 -1.78780083E-03
  2.80000000E-01  9.18097800E-02  2.13016166E-03 -2.43362052E-03 -4.40994786E-02 -3.48629244E-03  3.88669704E-03 -1.31122390E-04  4.08053611E-03 -1.36904516E-03
  2.90000000E-01  9.14904586E-02  2.10139901E-03 -2.40091895E-03 -2.84176889E-02 -2.51378163E-03  2.87427826E-03 -1.14273333E-04  3.10859827E-03 -1.02085574E-03
  3.00000000E-01  9.12846906E-02  2.08112375E-03 -2.37723826E-03 -1.83318914E-02 -1.77622341E-03  2.08437493E-03 -9.58497264E-05  2.32140105E-03 -7.46079969E-04
  3.10000000E-01  9.11518007E-02  2.06704930E-03 -2.36034403E-03 -1.18465235E-02 -1.23637523E-03  1.48961785E-03 -7.79299717E-05  1.70695292E-03 -5.36953265E-04
  3.20000000E-01  9.10657623E-02  2.05738479E-03 -2.34842164E-03 -7.67249187E-03 -8.51428433E-04  1.05314548E-03 -6.17504941E-05  1.23999114E-03 -3.81900844E-04
  3.30000000E-01  9.10099075E-02  2.05079524E-03 -2.34007255E-03 -4.98170848E-03 -5.82228679E-04  7.38815038E-04 -4.78889110E-05  8.92137379E-04 -2.69148101E-04
  3.40000000E-01  9.09735444E-02  2.04631895E-03 -2.33425605E-03 -3.24354380E-03 -3.96677982E-04  5.15572359E-04 -3.64706760E-05  6.36949148E-04 -1.88344473E-04
  3.50000000E-01  9.09497998E-02  2.04327993E-03 -2.33021654E-03 -2.11814655E-03 -2.70124740E-04  3.58626247E-04 -2.73485205E-05  4.51964370E-04 -1.31077739E-04
  3.60000000E-01  9.09342453E-02  2.04121145E-03 -2.32741501E-03 -1.38768956E-03 -1.84438559E-04  2.49088347E-04 -2.02369984E-05  3.19130337E-04 -9.08367054E-05
  3.70000000E-01  9.09240207E-02  2.03979549E-03 -2.32547181E-03 -9.12344981E-04 -1.26680241E-04  1.73018333E-04 -1.48026721E-05  2.24461172E-04 -6.27446063E-05
  3.80000000E-01  9.09172739E-02  2.03881748E-03 -2.32412198E-03 -6.02177949E-04 -8.78170170E-05  1.20356715E-04 -1.07182693E-05  1.57398845E-04 -4.32326465E-05
  3.90000000E-01  9.09128030E-02  2.03813363E-03 -2.32318172E-03 -3.99216488E-04 -6.16522085E-05  8.39602623E-05 -7.69092566E-06  1.10123632E-04 -2.97329513E-05
  4.00000000E-01  9.09098256E-02  2.03764793E-03 -2.32252410E-03 -2.66005561E-04 -4.39874584E-05  5.88161536E-05 -5.47348897E-06  7.69271313E-05 -2.04208741E-05
  4.10000000E-01  9.09078316E-02  2.03729638E-03 -2.32206166E-03 -1.78289060E-04 -3.20043162E-05  4.14353773E-05 -3.86574421E-06  5.36887657E-05 -1.40120603E-05
  4.20000000E-01  9.09064873E-02  2.03703625E-03 -2.32173421E-03 -1.20321867E-04 -2.38122679E-05  2.94037006E-05 -2.71034304E-06  3.74603947E-05 -9.60891520E-06
  4.30000000E-01  9.09055739E-02  2.03683909E-03 -2.32150033E-03 -8.18597377E-05 -1.81526904E-05  2.10557291E-05 -1.88648930E-06  2.61476324E-05 -6.58757377E-06
  4.40000000E-01  9.09049477E-02  2.03668586E-03 -2.32133151E-03 -5.62220468E-05 -1.41818273E-05  1.52453543E-05 -1.30315406E-06  1.82711149E-05 -4.51624989E-06
  4.50000000E-01  9.09045136E-02  2.03656390E-03 -2.32120811E-03 -3.90418895E-05 -1.13383671E-05  1.11826142E-05 -8.92768719E-07  1.27907643E-05 -3.09705987E-06
  4.60000000E-01  9.09042091E-02  2.03646473E-03 -2.32111660E-03 -2.74579011E-05 -9.25321787E-06  8.32186942E-06 -6.05798762E-07  8.97811883E-06 -2.12500448E-06
  4.70000000E-01  9.09039925E-02  2.03638262E-03 -2.32104768E-03 -1.95905620E-05 -7.68448342E-06  6.28892145E-06 -4.06306445E-07  6.32454673E-06 -1.45927411E-06
  4.80000000E-01  9.09038359E-02  2.03631362E-03 -2.32099496E-03 -1.42020450E-05 -6.47325846E-06  4.82803656E-06 -2.68447942E-07  4.47579268E-06 -1.00328815E-06
  4.90000000E-01  9.09037208E-02  2.03625495E-03 -2.32095398E-03 -1.04748143E-05 -5.51469189E-06  3.76482942E-06 -1.73778295E-07  3.18561115E-06 -6.90872552E-07
  5.00000000E-01  9.09036347E-02  2.03620459E-03 -2.32092165E-03 -7.86723239E-06 -4.73895393E-06  2.98032472E-06 -1.09219499E-07  2.28309466E-06 -4.76720424E-07
