  0.00000000E+00  0.00000000E+00  0.00000000E+00  0.00000000E+00  1.90257480E+00  2.49030151E-04  4.12927561E-04  2.37702552E-04  8.64615588E-05 -4.40366946E-04
  1.00000000E-02  1.90257480E-02  2.49030151E-06  4.12927561E-06  1.43708627E+00 -6.06723193E-03 -7.78969959E-03 -1.69033423E-05  1.57136829E-03 -3.06593649E-02
  2.00000000E-02  3.10691680E-02 -8.97633282E-05 -1.14780856E-04  1.12337652E+00 -8.89996682E-03 -1.15410643E-02 -2.87296516E-04  2.34299523E-03 -4.40436518E-02
  3.00000000E-02  4.07343845E-02 -1.92926671E-04 -2.48948323E-04  8.97698392E-01 -1.03125870E-02 -1.34353460E-02 -4.93399010E-04  2.76847718E-03 -5.06044425E-02
  4.00000000E-02  4.85829777E-02 -3.03115642E-04 -3.92773191E-04  7.43739926E-01 -1.06403983E-02 -1.38576155E-02 -6.39205444E-04  2.90429725E-03 -5.17406826E-02
  5.00000000E-02  5.52505847E-02 -4.11158681E-04 -5.33460694E-04  6.41719794E-01 -1.03175183E-02 -1.34094800E-02 -7.29970065E-04  2.86910077E-03 -4.97261972E-02
  6.00000000E-02  6.11576820E-02 -5.12719465E-04 -6.65314816E-04  5.75222647E-01 -9.69982465E-03 -1.25702019E-02 -7.73956901E-04  2.74215429E-03 -4.63489950E-02
  7.00000000E-02  6.65774227E-02 -6.06629243E-04 -7.86820444E-04  5.32271104E-01 -9.01026812E-03 -1.16409573E-02 -7.82496330E-04  2.57908019E-03 -4.27235978E-02
  8.00000000E-02  7.16853760E-02 -6.93284141E-04 -8.98583795E-04  5.04651647E-01 -8.36818042E-03 -1.07801611E-02 -7.67279252E-04  2.41273523E-03 -3.94240831E-02
  9.00000000E-02  7.65937952E-02 -7.73755507E-04 -1.00208143E-03  4.86918342E-01 -7.82492504E-03 -1.00533764E-02 -7.38486466E-04  2.26020056E-03 -3.66759616E-02
  1.00000000E-01  8.13743121E-02 -8.49288481E-04 -1.09898126E-03  4.75528699E-01 -7.39266390E-03 -9.47373635E-03 -7.03891314E-04  2.12875434E-03 -3.45106982E-02
  1.10000000E-01  8.60726509E-02 -9.21053814E-04 -1.19082043E-03  4.68202718E-01 -7.06379417E-03 -9.02883410E-03 -6.68771111E-04  2.01989193E-03 -3.28677185E-02
  1.20000000E-01  9.07180481E-02 -9.90047407E-04 -1.27888426E-03  4.63480940E-01 -6.82261291E-03 -8.69652876E-03 -6.36290281E-04  1.93214930E-03 -3.16539673E-02
  1.30000000E-01  9.53292487E-02 -1.05706763E-03 -1.36418802E-03  4.60430986E-01 -6.65171017E-03 -8.45328822E-03 -6.08016410E-04  1.86272250E-03 -3.07745657E-02
  1.40000000E-01  9.99183087E-02 -1.12273022E-03 -1.44750470E-03  4.58457064E-01 -6.53502294E-03 -8.27798260E-03 -5.84418021E-04  1.80842607E-03 -3.01463283E-02
  1.50000000E-01  1.04493010E-01 -1.18749701E-03 -1.52940800E-03  4.57177850E-01 -6.45904469E-03 -8.15319613E-03 -5.65328361E-04  1.76621646E-03 -2.97019809E-02
  1.60000000E-01  1.09058392E-01 -1.25170757E-03 -1.61031603E-03  4.56348648E-01 -6.41301219E-03 -8.06529966E-03 -5.50248041E-04  1.73341528E-03 -2.93897289E-02
  1.70000000E-01  1.13617733E-01 -1.31560753E-03 -1.69052954E-03  4.55811943E-01 -6.38866597E-03 -8.00397846E-03 -5.38548791E-04  1.70779492E-03 -2.91710058E-02
  1.80000000E-01  1.18173169E-01 -1.37937245E-03 -1.77026272E-03  4.55465995E-01 -6.37983114E-03 -7.96160729E-03 -5.29594894E-04  1.68757100E-03 -2.90177648E-02
  1.90000000E-01  1.22726099E-01 -1.44312659E-03 -1.84966694E-03  4.55244858E-01 -6.38198007E-03 -7.93264359E-03 -5.22807374E-04  1.67135110E-03 -2.89099678E-02
  2.00000000E-01  1.27277442E-01 -1.50695714E-03 -1.92884855E-03 -9.82474386E-01  2.32474343E-04 -1.38090905E-04 -5.23626633E-04  2.46979600E-04  1.44026019E-03
  2.10000000E-01  1.10264102E-01 -1.47156012E-03 -1.89125670E-03 -7.73030161E-01  1.80774686E-03  2.42908372E-03 -3.09483506E-04 -3.44777608E-04  1.06187571E-02
  2.20000000E-01  1.03581021E-01 -1.44560629E-03 -1.85412999E-03 -5.53042871E-01  3.75853474E-03  4.55131718E-03 -1.37577917E-04 -6.88620491E-04  1.77424251E-02
  2.30000000E-01  9.91505288E-02 -1.39826700E-03 -1.79800565E-03 -3.77045753E-01  4.55849025E-03  5.57383439E-03  3.00955091E-05 -9.56833534E-04  2.10072933E-02
  2.40000000E-01  9.62600569E-02 -1.34868232E-03 -1.73715472E-03 -2.50446079E-01  4.60408850E-03  5.62894711E-03  1.47273947E-04 -1.03141659E-03  2.07982036E-02
  2.50000000E-01  9.43885945E-02 -1.30241345E-03 -1.68058968E-03 -1.63941459E-01  4.16763289E-03  5.09413205E-03  2.17742722E-04 -9.86219114E-04  1.85240836E-02
  2.60000000E-01  9.31817030E-02 -1.26291940E-03 -1.63232244E-03 -1.06476687E-01  3.51362763E-03  4.29674396E-03  2.48932024E-04 -8.75709227E-04  1.53883551E-02
  2.70000000E-01  9.24042600E-02 -1.23105315E-03 -1.59334194E-03 -6.89024176E-02  2.81937972E-03  3.45344193E-03  2.50965086E-04 -7.39353716E-04  1.21732066E-02
  2.80000000E-01  9.19031072E-02 -1.20633059E-03 -1.56302403E-03 -4.45444218E-02  2.18230485E-03  2.68177417E-03  2.33936559E-04 -6.01760119E-04  9.29116696E-03
  2.90000000E-01  9.15794529E-02 -1.18769291E-03 -1.54006463E-03 -2.88192132E-02  1.64396997E-03  2.03089197E-03  2.06388976E-04 -4.76285679E-04  6.90277703E-03
  3.00000000E-01  9.13698868E-02 -1.17394489E-03 -1.52301012E-03 -1.86802127E-02  1.21268647E-03  1.50973298E-03  1.74720967E-04 -3.68763845E-04  5.02312756E-03
  3.10000000E-01  9.12337797E-02 -1.16397444E-03 -1.51051858E-03 -1.21393260E-02  8.79772093E-04  1.10703448E-03  1.43215033E-04 -2.80466869E-04  3.59669668E-03
  3.20000000E-01  9.11450909E-02 -1.15684129E-03 -1.50146173E-03 -7.91234698E-03  6.29687529E-04  8.03642222E-04  1.14388815E-04 -2.10184339E-04  2.54275954E-03
  3.30000000E-01  9.10871023E-02 -1.15179484E-03 -1.49494227E-03 -5.17398706E-03  4.45657407E-04  5.79222727E-04  8.94518705E-05 -1.55564387E-04  1.77962519E-03
  3.40000000E-01  9.10490542E-02 -1.14825842E-03 -1.49027214E-03 -3.39487875E-03  3.12389255E-04  4.15430009E-04  6.87384650E-05 -1.13915709E-04  1.23559710E-03
  3.50000000E-01  9.10240010E-02 -1.14580087E-03 -1.48693680E-03 -2.23539554E-03  2.17104282E-04  2.97045198E-04  5.20577670E-05 -8.26456334E-05  8.52457055E-04
  3.60000000E-01  9.10074445E-02 -1.14410625E-03 -1.48455828E-03 -1.47730279E-03  1.49678726E-04  2.12072415E-04  3.89480281E-05 -5.94679738E-05  5.85198071E-04
  3.70000000E-01  9.09964619E-02 -1.14294659E-03 -1.48286242E-03 -9.80032524E-04  1.02375296E-04  1.51370999E-04  2.88448499E-05 -4.24743096E-05  4.00179392E-04
  3.80000000E-01  9.09891479E-02 -1.14215935E-03 -1.48165221E-03 -6.52782038E-04  6.94303412E-05  1.08138265E-04  2.11824484E-05 -3.01304641E-05  2.72859982E-04
  3.90000000E-01  9.09842564E-02 -1.14162977E-03 -1.48078699E-03 -4.36712221E-04  4.66310249E-05  7.73964356E-05  1.54474836E-05 -2.12367535E-05  1.85658861E-04
  4.00000000E-01  9.09809696E-02 -1.14127746E-03 -1.48016674E-03 -2.93573771E-04  3.09386853E-05  5.55468642E-05  1.12019630E-05 -1.48747711E-05  1.26154297E-04
  4.10000000E-01  9.09787495E-02 -1.14104653E-03 -1.47972052E-03 -1.98423007E-04  2.01980893E-05  4.00069414E-05  8.08761049E-06 -1.03531691E-05  8.56634664E-05
  4.20000000E-01  9.09772411E-02 -1.14089826E-03 -1.47939815E-03 -1.34942711E-04  1.28903488E-05  2.89371836E-05  5.82027211E-06 -7.15858441E-06  5.81678549E-05
  4.30000000E-01  9.09762090E-02 -1.14080589E-03 -1.47916413E-03 -9.24266251E-05  7.94682100E-06  2.10363139E-05  4.17983931E-06 -4.91410988E-06  3.95232670E-05
  4.40000000E-01  9.09754973E-02 -1.14075114E-03 -1.47899327E-03 -6.38296920E-05  4.62608495E-06  1.53841861E-05  2.99895304E-06 -3.34564685E-06  2.68910215E-05
  4.50000000E-01  9.09750020E-02 -1.14072148E-03 -1.47886769E-03 -4.45030082E-05  2.41443614E-06  1.13292475E-05  2.15224635E-06 -2.25547519E-06  1.83347033E-05
  4.60000000E-01  9.09746536E-02 -1.14070840E-03 -1.47877467E-03 -3.13703512E-05  9.54821226E-07  8.41138596E-06  1.54694470E-06 -1.50196782E-06  1.25376556E-05
  4.70000000E-01  9.09744056E-02 -1.14070615E-03 -1.47870514E-03 -2.23907246E-05  4.74286978E-09  6.30447648E-06  1.11507784E-06 -9.84289026E-07  8.60686355E-06
  4.80000000E-01  9.09742266E-02 -1.14071085E-03 -1.47865263E-03 -1.62062873E-05 -5.97461342E-07  4.77652795E-06  8.07260972E-07 -6.31037457E-07  5.93779303E-06
  4.90000000E-01  9.09740954E-02 -1.14071984E-03 -1.47861251E-03 -1.19111535E-05 -9.62251172E-07  3.66323784E-06  5.87860430E-07 -3.91902101E-07  4.12175750E-06
  5.00000000E-01  9.09739978E-02 -1.14073128E-03 -1.47858144E-03 -8.89916432E-06 -1.16566276E-06  2.84447388E-06  4.31311394E-07 -2.31590082E-07  2.88272194E-06
