  0.00000000E+00  0.00000000E+00  0.00000000E+00  0.00000000E+00  1.90257480E+00  2.49030151E-04  4.12927561E-04  2.37702552E-04  8.64615588E-05 -4.40366946E-04
  1.00000000E-02  1.90257480E-02  2.49030151E-06  4.12927561E-06  1.40148479E+00  1.13515701E-02 -2.64157283E-03  1.50336160E-04 -5.01893236E-04 -5.97377302E-04
  2.00000000E-02  3.05351459E-02  1.71518703E-04 -3.75589546E-05  1.07153965E+00  1.62903043E-02 -3.86942683E-03  7.07039373E-05 -7.39412829E-04 -5.29996456E-04
  3.00000000E-02  3.96008166E-02  3.59115417E-04 -8.23924929E-05  8.37656359E-01  1.86486052E-02 -4.44158661E-03  2.23172341E-05 -8.53846154E-04 -4.48659784E-04
  4.00000000E-02  4.68079638E-02  5.57392973E-04 -1.29669158E-04  6.81904451E-01  1.89762124E-02 -4.50455576E-03 -2.32120275E-06 -8.75694767E-04 -3.77770851E-04
  5.00000000E-02  5.28482487E-02  7.48793134E-04 -1.75029561E-04  5.81898178E-01  1.81403563E-02 -4.28156371E-03 -1.27688771E-05 -8.37433083E-04 -3.03681077E-04
  6.00000000E-02  5.81671992E-02  9.26017416E-04 -2.16730238E-04  5.19139789E-01  1.68238027E-02 -3.94519658E-03 -1.52616094E-05 -7.76011701E-04 -2.43611270E-04
  7.00000000E-02  6.30448051E-02  1.08767267E-03 -2.54500368E-04  4.80331493E-01  1.54444295E-02 -3.59927403E-03 -1.38999468E-05 -7.11825417E-04 -2.01706137E-04
  8.00000000E-02  6.76540786E-02  1.23522010E-03 -2.88763496E-04  4.56560112E-01  1.42112019E-02 -3.29405108E-03 -1.10529591E-05 -6.55659551E-04 -1.77387835E-04
  9.00000000E-02  7.21008228E-02  1.37116599E-03 -3.20177892E-04  4.42085350E-01  1.32002724E-02 -3.04654528E-03 -7.96342697E-06 -6.11231266E-04 -1.67528024E-04
  1.00000000E-01  7.64493025E-02  1.49811406E-03 -3.49405816E-04  4.33301160E-01  1.24157504E-02 -2.85616162E-03 -5.21919720E-06 -5.78581609E-04 -1.68226717E-04
  1.10000000E-01  8.07383931E-02  1.61834896E-03 -3.77015514E-04  4.27977706E-01  1.18290801E-02 -2.71476567E-03 -2.95015300E-06 -5.56049375E-04 -1.75827287E-04
  1.20000000E-01  8.49915529E-02  1.73370641E-03 -4.03456190E-04  4.24752719E-01  1.14016800E-02 -2.61203661E-03 -1.19373094E-06 -5.40603839E-04 -1.86952171E-04
  1.30000000E-01  8.92229552E-02  1.84558620E-03 -4.29062911E-04  4.22799296E-01  1.10959868E-02 -2.53837603E-03  1.06674455E-07 -5.30500332E-04 -1.99675216E-04
  1.40000000E-01  9.34411810E-02  1.95501761E-03 -4.54078369E-04  4.21616580E-01  1.08800448E-02 -2.48582672E-03  1.04062112E-06 -5.24281915E-04 -2.12766053E-04
  1.50000000E-01  9.76514332E-02  2.06273834E-03 -4.78673889E-04  4.20901676E-01  1.07286299E-02 -2.44823128E-03  1.69778580E-06 -5.20795589E-04 -2.25522460E-04
  1.60000000E-01  1.01856875E-01  2.16926757E-03 -5.02968225E-04  4.20471428E-01  1.06227505E-02 -2.42103903E-03  2.15537239E-06 -5.19183134E-04 -2.37614704E-04
  1.70000000E-01  1.06059439E-01  2.27496568E-03 -5.27042654E-04  4.20214965E-01  1.05485584E-02 -2.40099138E-03  2.47394778E-06 -5.18833830E-04 -2.48948135E-04
  1.80000000E-01  1.10260306E-01  2.38008030E-03 -5.50952330E-04  4.20065029E-01  1.04961849E-02 -2.38580587E-03  2.69826741E-06 -5.19326069E-04 -2.59559009E-04
  1.90000000E-01  1.14460206E-01  2.48478028E-03 -5.74734461E-04  4.19980694E-01  1.04587140E-02 -2.37390894E-03  2.86011061E-06 -5.20375361E-04 -2.69544518E-04
  2.00000000E-01  1.18659592E-01  2.58918007E-03 -5.98414066E-04 -9.82354076E-01 -7.61075567E-04  1.14893824E-04 -1.68506798E-04  6.58891860E-05  5.61021934E-04
  2.10000000E-01  1.01824377E-01  2.52547036E-03 -5.84821114E-04 -7.61628549E-01 -4.05922542E-03  9.87787716E-04 -8.16701097E-05  1.42885244E-04  4.15618649E-04
  2.20000000E-01  9.53117193E-02  2.46838736E-03 -5.70578767E-04 -5.32722360E-01 -6.76691291E-03  1.64787420E-03 -5.73268713E-05  3.51897906E-04  4.80149951E-04
  2.30000000E-01  9.11290266E-02  2.38717979E-03 -5.50799592E-04 -3.52441398E-01 -7.90261215E-03  1.92997148E-03 -1.92886535E-05  3.90218440E-04  3.71583654E-04
  2.40000000E-01  8.85060174E-02  2.30247518E-03 -5.30089391E-04 -2.25761553E-01 -7.74143487E-03  1.87800629E-03  1.21725392E-06  3.76407283E-04  2.71091324E-04
  2.50000000E-01  8.68818011E-02  2.22586671E-03 -5.11569154E-04 -1.41711973E-01 -6.82359265E-03  1.63634672E-03  1.09504651E-05  3.25390206E-04  1.77353035E-04
  2.60000000E-01  8.58849293E-02  2.16222000E-03 -4.96413985E-04 -8.78163271E-02 -5.60838832E-03  1.32417001E-03  1.40387368E-05  2.61233235E-04  1.00853429E-04
  2.70000000E-01  8.52762443E-02  2.11221214E-03 -4.84733168E-04 -5.39863684E-02 -4.38886427E-03  1.01627591E-03  1.35943293E-05  1.98964364E-04  4.52215613E-05
  2.80000000E-01  8.49055304E-02  2.07442111E-03 -4.76109880E-04 -3.30391740E-02 -3.31418991E-03  7.49521764E-04  1.16056405E-05  1.45805351E-04  8.98638252E-06
  2.90000000E-01  8.46798746E-02  2.04665259E-03 -4.69948433E-04 -2.01797218E-02 -2.43742412E-03  5.35818817E-04  9.19981951E-06  1.03845595E-04 -1.18247755E-05
  3.00000000E-01  8.45423746E-02  2.02666218E-03 -4.65658759E-04 -1.23251507E-02 -1.75771318E-03  3.73441419E-04  6.93776902E-06  7.24352936E-05 -2.17113695E-05
  3.10000000E-01  8.44583960E-02  2.01248360E-03 -4.62736232E-04 -7.53944996E-03 -1.24934061E-03  2.54689314E-04  5.04522632E-06  4.97932906E-05 -2.46209905E-05
  3.20000000E-01  8.44069300E-02  2.00253205E-03 -4.60783100E-04 -4.62509888E-03 -8.78900253E-04  1.70315015E-04  3.56853631E-06  3.39148242E-05 -2.35549393E-05
  3.30000000E-01  8.43752508E-02  1.99559525E-03 -4.59501821E-04 -2.84854884E-03 -6.14104866E-04  1.11710177E-04  2.46987646E-06  2.29999092E-05 -2.05677188E-05
  3.40000000E-01  8.43556480E-02  1.99077818E-03 -4.58677743E-04 -1.76315221E-03 -4.27480332E-04  7.17508199E-05  1.68076838E-06  1.56014341E-05 -1.69391778E-05
  3.50000000E-01  8.43434435E-02  1.98743650E-03 -4.58160032E-04 -1.09785053E-03 -2.97277651E-04  4.49358402E-05  1.12939455E-06  1.06312217E-05 -1.33874173E-05
  3.60000000E-01  8.43357915E-02  1.98511474E-03 -4.57844748E-04 -6.88357431E-04 -2.07063715E-04  2.72079528E-05  7.52656804E-07  7.30696579E-06 -1.02590148E-05
  3.70000000E-01  8.43309554E-02  1.98349517E-03 -4.57661308E-04 -4.35073098E-04 -1.44816017E-04  1.56698471E-05  4.99984137E-07  5.08394427E-06 -7.67500655E-06
  3.80000000E-01  8.43278711E-02  1.98235825E-03 -4.57562300E-04 -2.77523770E-04 -1.01940755E-04  8.29874925E-06  3.33135146E-07  3.59157450E-06 -5.63226095E-06
  3.90000000E-01  8.43258836E-02  1.98155322E-03 -4.57516168E-04 -1.78900492E-04 -7.23982778E-05  3.70402609E-06  2.24364255E-07  2.58197496E-06 -4.06839525E-06
  4.00000000E-01  8.43245877E-02  1.98097695E-03 -4.57502102E-04 -1.16724982E-04 -5.19974718E-05  9.38598992E-07  1.54165844E-07  1.89128916E-06 -2.90019464E-06
  4.10000000E-01  8.43237313E-02  1.98055898E-03 -4.57506543E-04 -7.72163060E-05 -3.78613507E-05 -6.40327947E-07  1.09166400E-07  1.41201050E-06 -2.04433539E-06
  4.20000000E-01  8.43231567E-02  1.98025104E-03 -4.57520841E-04 -5.18880511E-05 -2.80123116E-05 -1.46323202E-06  8.03871508E-08  1.07386886E-06 -1.42709812E-06
  4.30000000E-01  8.43227645E-02  1.98002017E-03 -4.57539588E-04 -3.54885043E-05 -2.11014316E-05 -1.81775479E-06  6.19100075E-08  8.30940709E-07 -9.87709124E-07
  4.40000000E-01  8.43224916E-02  1.97984371E-03 -4.57559538E-04 -2.47505116E-05 -1.61995885E-05 -1.89141605E-06  4.98976324E-08  6.53108419E-07 -6.78329972E-07
  4.50000000E-01  8.43222978E-02  1.97970622E-03 -4.57578820E-04 -1.76300639E-05 -1.26666972E-05 -1.80618979E-06  4.18994582E-08  5.20483678E-07 -4.62524763E-07
  4.60000000E-01  8.43221571E-02  1.97959722E-03 -4.57596456E-04 -1.28406160E-05 -1.00782409E-05 -1.64123241E-06  3.63734707E-08  4.19804427E-07 -3.13217424E-07
  4.70000000E-01  8.43220526E-02  1.97950938E-03 -4.57612044E-04 -9.56717974E-06 -8.14764244E-06 -1.44592757E-06  3.23628011E-08  3.42114949E-07 -2.10668773E-07
  4.80000000E-01  8.43219733E-02  1.97943755E-03 -4.57625526E-04 -7.28997651E-06 -6.68116986E-06 -1.24674901E-06  2.92818153E-08  2.81276187E-07 -1.40705421E-07
  4.90000000E-01  8.43219118E-02  1.97937807E-03 -4.57636998E-04 -5.67508038E-06 -5.54690236E-06 -1.05700864E-06  2.67774986E-08  2.33009028E-07 -9.32750595E-08
  5.00000000E-01  8.43218631E-02  1.97932828E-03 -4.57646619E-04 -4.50624977E-06 -4.65400026E-06 -8.82991329E-07  2.46401091E-08  1.94278474E-07 -6.13200960E-08
