  0.00000000E+00  0.00000000E+00  0.00000000E+00  0.00000000E+00  1.90257480E+00  2.49030151E-04  4.12927561E-04  2.37702552E-04  8.64615588E-05 -4.40366946E-04
  1.00000000E-02  1.90257480E-02  2.49030151E-06  4.12927561E-06  1.31513823E+00  8.73830990E-03 -6.67340997E-04  1.84707515E-04 -9.49155873E-03  1.44585912E-02
  2.00000000E-02  2.92399474E-02  1.32319799E-04 -7.94547716E-06  9.54432531E-01  1.20480271E-02 -1.40781506E-03  1.59719468E-04 -1.24067615E-02  1.90202511E-02
  3.00000000E-02  3.69807442E-02  2.69348657E-04 -2.57259980E-05  7.08962678E-01  1.34330289E-02 -1.89390347E-03  1.59645291E-04 -1.32505178E-02  2.03357343E-02
  4.00000000E-02  4.28430217E-02  4.10603954E-04 -4.70954748E-05  5.56101592E-01  1.33562883E-02 -2.14490181E-03  1.73771979E-04 -1.25729656E-02  1.92685557E-02
  5.00000000E-02  4.76397322E-02  5.43783134E-04 -6.97994846E-05  4.66266018E-01  1.25001329E-02 -2.23202209E-03  1.87466985E-04 -1.12186151E-02  1.71666875E-02
  6.00000000E-02  5.18532145E-02  6.64503686E-04 -9.25553069E-05  4.15592288E-01  1.13888397E-02 -2.21698735E-03  1.94782730E-04 -9.79078690E-03  1.49610045E-02
  7.00000000E-02  5.57557688E-02  7.72835617E-04 -1.14650007E-04  3.87841009E-01  1.03208282E-02 -2.14715776E-03  1.94694219E-04 -8.58755795E-03  1.31101662E-02
  8.00000000E-02  5.94954224E-02  8.70703841E-04 -1.35772436E-04  3.72944469E-01  9.42595314E-03 -2.05442701E-03  1.89012702E-04 -7.69436237E-03  1.17418459E-02
  9.00000000E-02  6.31503844E-02  9.60488998E-04 -1.55853053E-04  3.65032981E-01  8.73406221E-03 -1.95829990E-03  1.80344506E-04 -7.08598567E-03  1.08132235E-02
  1.00000000E-01  6.67611568E-02  1.04437017E-03 -1.74955416E-04  3.60833364E-01  8.22660500E-03 -1.86952371E-03  1.70864999E-04 -6.69757827E-03  1.02217229E-02
  1.10000000E-01  7.03484924E-02  1.12409893E-03 -1.93206772E-04  3.58580723E-01  7.86778625E-03 -1.79311285E-03  1.61981260E-04 -6.46215927E-03  9.86312485E-03
  1.20000000E-01  7.39230364E-02  1.20098270E-03 -2.10755846E-04  3.57346570E-01  7.62064475E-03 -1.73054480E-03  1.54413972E-04 -6.32553277E-03  9.65389296E-03
  1.30000000E-01  7.74903313E-02  1.27595344E-03 -2.27748454E-04  3.56650062E-01  7.45369593E-03 -1.68130683E-03  1.48377538E-04 -6.24905471E-03  9.53501470E-03
  1.40000000E-01  8.10533494E-02  1.34965565E-03 -2.44315333E-04  3.56243597E-01  7.34260552E-03 -1.64390739E-03  1.43790808E-04 -6.20745746E-03  9.46827067E-03
  1.50000000E-01  8.46137530E-02  1.42252626E-03 -2.60567409E-04  3.55998852E-01  7.26963278E-03 -1.61649406E-03  1.40435336E-04 -6.18527688E-03  9.43048653E-03
  1.60000000E-01  8.81725178E-02  1.49485772E-03 -2.76595283E-04  3.55847957E-01  7.22232238E-03 -1.59720575E-03  1.38056536E-04 -6.17354335E-03  9.40833868E-03
  1.70000000E-01  9.17302429E-02  1.56684439E-03 -2.92470899E-04  3.55753790E-01  7.19214413E-03 -1.58435357E-03  1.36417374E-04 -6.16728500E-03  9.39449642E-03
  1.80000000E-01  9.52873100E-02  1.63861494E-03 -3.08250174E-04  3.55695157E-01  7.17334885E-03 -1.57649594E-03  1.35320410E-04 -6.16385039E-03  9.38506573E-03
  1.90000000E-01  9.88439684E-02  1.71025445E-03 -3.23975845E-04  3.55659394E-01  7.16209922E-03 -1.57245231E-03  1.34611883E-04 -6.16186971E-03  9.37802790E-03
  2.00000000E-01  1.02400384E-01  1.78181920E-03 -3.39680150E-04 -9.59842549E-01 -1.64366483E-03 -6.56833428E-04 -7.80384685E-05  3.31476097E-03 -5.00144202E-03
  2.10000000E-01  8.62244483E-02  1.72135373E-03 -3.41670390E-04 -7.19052339E-01 -3.81528047E-03 -7.01991677E-05 -1.99229593E-05  5.25296332E-03 -8.01661772E-03
  2.20000000E-01  8.02378760E-02  1.67234285E-03 -3.39439210E-04 -4.75188726E-01 -5.59742984E-03  4.29216983E-04 -4.51406175E-05  6.46500147E-03 -9.88176031E-03
  2.30000000E-01  7.67053068E-02  1.60745780E-03 -3.32649960E-04 -2.92003564E-01 -6.14764325E-03  7.29222731E-04 -4.66099636E-05  6.41376111E-03 -9.82072129E-03
  2.40000000E-01  7.47011970E-02  1.54323030E-03 -3.23857704E-04 -1.71125359E-01 -5.76463563E-03  8.65394388E-04 -5.55191455E-05  5.50075231E-03 -8.41655012E-03
  2.50000000E-01  7.35943344E-02  1.48749898E-03 -3.14522902E-04 -9.70895777E-02 -4.89013668E-03  8.78807898E-04 -6.23263405E-05  4.24921514E-03 -6.49100443E-03
  2.60000000E-01  7.29936175E-02  1.44297011E-03 -3.05667755E-04 -5.39299888E-02 -3.87646884E-03  8.17097223E-04 -6.40157998E-05  3.03261774E-03 -4.62361512E-03
  2.70000000E-01  7.26701156E-02  1.40927376E-03 -2.97805336E-04 -2.96204315E-02 -2.93065587E-03  7.17242967E-04 -6.05549373E-05  2.03285616E-03 -3.09387584E-03
  2.80000000E-01  7.24954590E-02  1.38469627E-03 -2.91132178E-04 -1.62442038E-02 -2.14293131E-03  6.04422758E-04 -5.34797777E-05  1.29456794E-03 -1.96822734E-03
  2.90000000E-01  7.23998981E-02  1.36720558E-03 -2.85652051E-04 -8.98338952E-03 -1.53144364E-03  4.94044776E-04 -4.46698741E-05  7.89896251E-04 -1.20159655E-03
  3.00000000E-01  7.23463683E-02  1.35494858E-03 -2.81263494E-04 -5.05708478E-03 -1.07848164E-03  3.94401886E-04 -3.56702104E-05  4.65044481E-04 -7.09814391E-04
  3.10000000E-01  7.23154290E-02  1.34642857E-03 -2.77817689E-04 -2.92022246E-03 -7.53475114E-04  3.09034370E-04 -2.74712240E-05  2.65923539E-04 -4.09141927E-04
  3.20000000E-01  7.22969111E-02  1.34051886E-03 -2.75154183E-04 -1.73771849E-03 -5.25195652E-04  2.38556654E-04 -2.05518961E-05  1.48737547E-04 -2.32308962E-04
  3.30000000E-01  7.22854464E-02  1.33640830E-03 -2.73121005E-04 -1.06641340E-03 -3.66972491E-04  1.81955407E-04 -1.50244420E-05  8.20610080E-05 -1.31407153E-04
  3.40000000E-01  7.22781388E-02  1.33352969E-03 -2.71584457E-04 -6.73176883E-04 -2.58060932E-04  1.37451202E-04 -1.07855087E-05  4.51301198E-05 -7.50241490E-05
  3.50000000E-01  7.22733732E-02  1.33149364E-03 -2.70432466E-04 -4.35121996E-04 -1.83219287E-04  1.03031809E-04 -7.63335963E-06  2.50601150E-05 -4.38207316E-05
  3.60000000E-01  7.22702123E-02  1.33003565E-03 -2.69574245E-04 -2.86571220E-04 -1.31655170E-04  7.67546934E-05 -5.34326786E-06  1.42520612E-05 -2.64798483E-05
  3.70000000E-01  7.22680893E-02  1.32897692E-03 -2.68938084E-04 -1.91516377E-04 -9.59092365E-05  5.68970050E-05 -3.70814366E-06  8.41142194E-06 -1.66490872E-05
  3.80000000E-01  7.22666494E-02  1.32819656E-03 -2.68468402E-04 -1.29519694E-04 -7.09039810E-05  4.20109122E-05 -2.55544800E-06  5.19647692E-06 -1.08789169E-05
  3.90000000E-01  7.22656642E-02  1.32761254E-03 -2.68122723E-04 -8.85218062E-05 -5.32134369E-05  3.09243845E-05 -1.75023553E-06  3.36653103E-06 -7.33883286E-06
  4.00000000E-01  7.22649840E-02  1.32716886E-03 -2.67868912E-04 -6.11382484E-05 -4.05365877E-05  2.27142716E-05 -1.19136221E-06  2.27724385E-06 -5.06654564E-06
  4.10000000E-01  7.22645095E-02  1.32682688E-03 -2.67682820E-04 -4.27058773E-05 -3.13303177E-05  1.66673547E-05 -8.05225915E-07  1.59660848E-06 -3.55140657E-06
  4.20000000E-01  7.22641746E-02  1.32655961E-03 -2.67546381E-04 -3.02127204E-05 -2.45618128E-05  1.22370768E-05 -5.39347587E-07  1.15204680E-06 -2.51351861E-06
  4.30000000E-01  7.22639350E-02  1.32634783E-03 -2.67446162E-04 -2.16842863E-05 -1.95278324E-05  9.00964280E-06 -3.56818464E-07  8.51207324E-07 -1.79096731E-06
  4.40000000E-01  7.22637608E-02  1.32617772E-03 -2.67372203E-04 -1.58146448E-05 -1.57396099E-05  6.67097058E-06 -2.31906638E-07  6.42219232E-07 -1.28382561E-06
  4.50000000E-01  7.22636320E-02  1.32603927E-03 -2.67317186E-04 -1.17356753E-05 -1.28503632E-05  4.98344767E-06 -1.46763939E-07  4.94172495E-07 -9.26639681E-07
  4.60000000E-01  7.22635350E-02  1.32592521E-03 -2.67275789E-04 -8.86853643E-06 -1.06149154E-05  3.76674389E-06 -8.90423243E-08  3.87580782E-07 -6.74667859E-07
  4.70000000E-01  7.22634607E-02  1.32583024E-03 -2.67244205E-04 -6.82633753E-06 -8.86145306E-06  2.88667064E-06 -5.02071565E-08  3.09622198E-07 -4.96600469E-07
  4.80000000E-01  7.22634026E-02  1.32575039E-03 -2.67219739E-04 -5.34981940E-06 -7.46516948E-06  2.24546999E-06 -2.43602621E-08  2.51636344E-07 -3.70342278E-07
  4.90000000E-01  7.22633565E-02  1.32568272E-03 -2.67200490E-04 -4.26471440E-06 -6.33520705E-06  1.77337952E-06 -7.42455316E-09  2.07699702E-07 -2.80312620E-07
  5.00000000E-01  7.22633193E-02  1.32562502E-03 -2.67185117E-04 -3.45335160E-06 -5.40876636E-06  1.42162368E-06  3.41825971E-09  1.73743029E-07 -2.15580538E-07
