  0.00000000E+00  0.00000000E+00  0.00000000E+00  0.00000000E+00  1.90257477E+00  2.49017077E-04  4.12928357E-04  2.37679203E-04  8.64724209E-05 -4.40339229E-04
  1.00000000E-02  1.90257477E-02  2.49017077E-06  4.12928357E-06  1.34857274E+00 -5.41626743E-03  2.90117531E-03  2.01456783E-04  1.17171886E-02  2.04137763E-03
  2.00000000E-02  2.97414649E-02 -7.99989260E-05  4.55822715E-05  9.97489242E-01 -7.47144321E-03  3.80938232E-03  1.76042569E-04  1.59579215E-02  2.97197948E-03
  3.00000000E-02  3.79609399E-02 -1.64989237E-04  8.82171297E-05  7.54482684E-01 -8.30440517E-03  4.14224479E-03  1.70175682E-04  1.75818467E-02  3.32759445E-03
  4.00000000E-02  4.42907339E-02 -2.52198099E-04  1.31303890E-04  5.98917455E-01 -8.21553588E-03  4.03563892E-03  1.75557327E-04  1.72214566E-02  3.26430250E-03
  5.00000000E-02  4.95020823E-02 -3.33909111E-04  1.71127250E-04  5.04109795E-01 -7.64514010E-03  3.71448069E-03  1.81816522E-04  1.58483396E-02  2.98123341E-03
  6.00000000E-02  5.40691420E-02 -4.07508533E-04  2.06666266E-04  4.48282083E-01 -6.91696230E-03  3.33557092E-03  1.84241786E-04  1.41987563E-02  2.64244714E-03
  7.00000000E-02  5.82728242E-02 -4.73037267E-04  2.38127426E-04  4.16225626E-01 -6.21612045E-03  2.98502147E-03  1.81715449E-04  1.26784258E-02  2.33519907E-03
  8.00000000E-02  6.22747982E-02 -5.31694262E-04  2.66224893E-04  3.98165443E-01 -5.62347991E-03  2.69646449E-03  1.75354058E-04  1.14502168E-02  2.09289709E-03
  9.00000000E-02  6.61661517E-02 -5.84965859E-04  2.91746753E-04  3.88137400E-01 -5.15837203E-03  2.47406484E-03  1.66880558E-04  1.05364699E-02  1.91866450E-03
  1.00000000E-01  6.99973855E-02 -6.34224040E-04  3.15375404E-04  3.82630586E-01 -4.80986171E-03  2.30871699E-03  1.57839036E-04  9.89492109E-03  1.80182012E-03
  1.10000000E-01  7.37961573E-02 -6.80580105E-04  3.37635834E-04  3.79631744E-01 -4.55595679E-03  2.18748181E-03  1.49311241E-04  9.46377680E-03  1.72801178E-03
  1.20000000E-01  7.75774805E-02 -7.24870148E-04  3.58904476E-04  3.78009204E-01 -4.37355984E-03  2.09815878E-03  1.41902624E-04  9.18392121E-03  1.68403893E-03
  1.30000000E-01  8.13494599E-02 -7.67693762E-04  3.79439449E-04  3.77136473E-01 -4.24274481E-03  2.03094142E-03  1.35816281E-04  9.00738278E-03  1.65959816E-03
  1.40000000E-01  8.51164609E-02 -8.09467135E-04  3.99412776E-04  3.76670659E-01 -4.14793778E-03  1.97860831E-03  1.31007207E-04  8.89870279E-03  1.64734534E-03
  1.50000000E-01  8.88808385E-02 -8.50472478E-04  4.18937194E-04  3.76425572E-01 -4.07768228E-03  1.93612316E-03  1.27307243E-04  8.83324309E-03  1.64237898E-03
  1.60000000E-01  9.26438687E-02 -8.90898023E-04  4.38086000E-04  3.76300579E-01 -4.02388231E-03  1.90009847E-03  1.24503681E-04  8.79462820E-03  1.64159682E-03
  1.70000000E-01  9.64062496E-02 -9.30867846E-04  4.56906861E-04  3.76241354E-01 -3.98097584E-03  1.86830704E-03  1.22388645E-04  8.77234128E-03  1.64311909E-03
  1.80000000E-01  1.00168367E-01 -9.70463072E-04  4.75430974E-04  3.76218511E-01 -3.94521856E-03  1.83930297E-03  1.20782642E-04  8.75981118E-03  1.64585214E-03
  1.90000000E-01  1.03930438E-01 -1.00973647E-03  4.93678984E-04  3.76216066E-01 -3.91412606E-03  1.81215176E-03  1.19541873E-04  8.75302360E-03  1.64918499E-03
  2.00000000E-01  1.07692586E-01 -1.04872227E-03  5.11664745E-04 -9.73392717E-01  7.75586667E-04 -4.61694206E-04 -9.65472966E-05 -2.90664610E-03 -4.77711678E-04
  2.10000000E-01  9.12106152E-02 -1.01751784E-03  4.95678573E-04 -7.38210801E-01  2.17914151E-03 -1.10168728E-03 -4.56284609E-05 -5.79115571E-03 -1.05710286E-03
  2.20000000E-01  8.50044168E-02 -9.88708650E-04  4.81461735E-04 -4.98763709E-01  3.00335867E-03 -1.29193638E-03 -5.76022643E-05 -7.79196793E-03 -1.57406242E-03
  2.30000000E-01  8.12140152E-02 -9.54553977E-04  4.67591126E-04 -3.14973128E-01  3.33815516E-03 -1.36893739E-03 -5.20952217E-05 -8.24331991E-03 -1.66716232E-03
  2.40000000E-01  7.89832368E-02 -9.19498443E-04  4.53516747E-04 -1.90578665E-01  3.12601532E-03 -1.22548865E-03 -5.36559999E-05 -7.49104468E-03 -1.50632770E-03
  2.50000000E-01  7.76994225E-02 -8.89298989E-04  4.41979104E-04 -1.11889586E-01  2.63191959E-03 -9.84379699E-04 -5.51796150E-05 -6.14814965E-03 -1.21844824E-03
  2.60000000E-01  7.69739720E-02 -8.65450272E-04  4.33340852E-04 -6.42631796E-02  2.05529299E-03 -7.28277274E-04 -5.41436166E-05 -4.69043351E-03 -9.09980159E-04
  2.70000000E-01  7.65694722E-02 -8.47780475E-04  4.27338591E-04 -3.63173155E-02  1.51595829E-03 -5.03332533E-04 -5.01034877E-05 -3.38599925E-03 -6.38861407E-04
  2.80000000E-01  7.63460284E-02 -8.35317566E-04  4.23429990E-04 -2.02880471E-02  1.06767861E-03 -3.26816905E-04 -4.38379047E-05 -2.34052241E-03 -4.26475717E-04
  2.90000000E-01  7.62232943E-02 -8.26882178E-04  4.21044399E-04 -1.12482218E-02  7.22382460E-04 -1.98814961E-04 -3.65045623E-05 -1.56206087E-03 -2.72709152E-04
  3.00000000E-01  7.61560112E-02 -8.21384834E-04  4.19696259E-04 -6.21297677E-03  4.70525655E-04 -1.11561590E-04 -2.91317438E-05 -1.01270622E-03 -1.67819767E-04
  3.10000000E-01  7.61190576E-02 -8.17938862E-04  4.19016910E-04 -3.43215102E-03  2.94409350E-04 -5.52038620E-05 -2.24177513E-05 -6.40731413E-04 -9.96410983E-05
  3.20000000E-01  7.60986403E-02 -8.15875350E-04  4.18746660E-04 -1.90397106E-03  1.75491495E-04 -2.06792695E-05 -1.67223641E-05 -3.97053745E-04 -5.71194883E-05
  3.30000000E-01  7.60872414E-02 -8.14715024E-04  4.18712490E-04 -1.06536850E-03  9.76808367E-05 -7.73527591E-07 -1.21444204E-05 -2.41697016E-04 -3.15706316E-05
  3.40000000E-01  7.60807808E-02 -8.14127269E-04  4.18804283E-04 -6.04164142E-04  4.83325197E-05  9.77939825E-06 -8.61781511E-06 -1.44872319E-04 -1.67542549E-05
  3.50000000E-01  7.60770452E-02 -8.13890685E-04  4.18954842E-04 -3.48991772E-04  1.81133518E-05  1.46027763E-05 -5.99310726E-06 -8.56763179E-05 -8.46258030E-06
  3.60000000E-01  7.60748311E-02 -8.13860648E-04  4.19124987E-04 -2.06398169E-04  4.18319716E-07  1.60879376E-05 -4.09445840E-06 -5.00747458E-05 -3.99626144E-06
  3.70000000E-01  7.60734801E-02 -8.13944940E-04  4.19293292E-04 -1.25587950E-04 -9.31446286E-06  1.57658595E-05 -2.75338887E-06 -2.89625905E-05 -1.69477412E-06
  3.80000000E-01  7.60726283E-02 -8.14086748E-04  4.19449340E-04 -7.89538256E-05 -1.41334817E-05  1.45632243E-05 -1.82509946E-06 -1.65932911E-05 -5.74244480E-07
  3.90000000E-01  7.60720719E-02 -8.14252178E-04  4.19588959E-04 -5.14426222E-05 -1.60266698E-05  1.30274861E-05 -1.19353733E-06 -9.42121627E-06 -7.20856689E-08
  4.00000000E-01  7.60716950E-02 -8.14421911E-04  4.19711555E-04 -3.47923233E-05 -1.62443103E-05  1.14512694E-05 -7.70193293E-07 -5.29973061E-06  1.22059977E-07
  4.10000000E-01  7.60714303E-02 -8.14585442E-04  4.19818187E-04 -2.44233617E-05 -1.55400906E-05  9.96747261E-06 -4.90056802E-07 -2.94974119E-06  1.72899891E-07
  4.20000000E-01  7.60712380E-02 -8.14737322E-04  4.19910443E-04 -1.77640024E-05 -1.43687119E-05  8.62807871E-06 -3.06772958E-07 -1.61925120E-06  1.63966490E-07
  4.30000000E-01  7.60710936E-02 -8.14875152E-04  4.19990027E-04 -1.33469828E-05 -1.30025497E-05  7.44636114E-06 -1.88070171E-07 -8.71102054E-07  1.35206171E-07
  4.40000000E-01  7.60709822E-02 -8.14998347E-04  4.20058582E-04 -1.03198157E-05 -1.15981009E-05  6.41555725E-06 -1.11917490E-07 -4.53523849E-07  1.04124183E-07
  4.50000000E-01  7.60708942E-02 -8.15107306E-04  4.20117583E-04 -8.17721695E-06 -1.02425464E-05  5.52128519E-06 -6.35168022E-08 -2.22615589E-07  7.72635332E-08
  4.60000000E-01  7.60708231E-02 -8.15202953E-04  4.20168325E-04 -6.61326656E-06 -8.98174378E-06  4.74807060E-06 -3.30612343E-08 -9.66251227E-08  5.61908031E-08
  4.70000000E-01  7.60707648E-02 -8.15286467E-04  4.20211939E-04 -5.43860488E-06 -7.83653459E-06  4.08153222E-06 -1.41243884E-08 -2.93238571E-08  4.04708385E-08
  4.80000000E-01  7.60707163E-02 -8.15359106E-04  4.20249422E-04 -4.53332607E-06 -6.81273075E-06  3.50851876E-06 -2.53427903E-09  5.33764892E-09  2.90547934E-08
  4.90000000E-01  7.60706755E-02 -8.15422114E-04  4.20281642E-04 -3.81971933E-06 -5.90754001E-06  3.01696519E-06  4.39672161E-09  2.19982695E-08  2.08675067E-08
  5.00000000E-01  7.60706408E-02 -8.15476664E-04  4.20309354E-04 -3.24621464E-06 -5.11351548E-06  2.59590812E-06  8.38917863E-09  2.88645049E-08  1.50126973E-08
