  0.00000000E+00  0.00000000E+00  0.00000000E+00  0.00000000E+00  1.90257477E+00  2.49017077E-04  4.12928357E-04  2.37679203E-04  8.64724209E-05 -4.40339229E-04
  1.00000000E-02  1.90257477E-02  2.49017077E-06  4.12928357E-06  1.32954934E+00 -8.42993214E-03  1.12935242E-02  2.77186729E-04  1.85518576E-02 -6.63319024E-03
  2.00000000E-02  2.94561139E-02 -1.25203897E-04  1.71467505E-04  9.72364460E-01 -1.17083926E-02  1.53883387E-02  3.31365563E-04  2.45037068E-02 -8.67885689E-03
  3.00000000E-02  3.73938341E-02 -2.58680126E-04  3.45824964E-04  7.27335211E-01 -1.30500483E-02  1.69722745E-02  3.85196265E-04  2.63774927E-02 -9.37274455E-03
  4.00000000E-02  4.34420400E-02 -3.95888887E-04  5.23467388E-04  5.72774409E-01 -1.29256951E-02  1.66400340E-02  4.29483585E-04  2.52517983E-02 -9.03231919E-03
  5.00000000E-02  4.83969801E-02 -5.24524071E-04  6.88206525E-04  4.80418450E-01 -1.20300811E-02  1.53426292E-02  4.53626755E-04  2.27152746E-02 -8.21114891E-03
  6.00000000E-02  5.27393848E-02 -6.40346813E-04  8.35145794E-04  4.27326280E-01 -1.08869699E-02  1.37787895E-02  4.56628917E-04  1.99485893E-02 -7.29055975E-03
  7.00000000E-02  5.67471867E-02 -7.43500955E-04  9.65114489E-04  3.97676835E-01 -9.79476128E-03  1.23343272E-02  4.43062779E-04  1.75555049E-02 -6.47471878E-03
  8.00000000E-02  6.05757078E-02 -8.35987525E-04  1.08123545E-03  3.81480583E-01 -8.88275026E-03  1.11626144E-02  4.19663774E-04  1.57335526E-02 -5.83603740E-03
  9.00000000E-02  6.43095324E-02 -9.20254973E-04  1.18700303E-03  3.72778493E-01 -8.17986290E-03  1.02838185E-02  3.92623448E-04  1.44603002E-02 -5.37392787E-03
  1.00000000E-01  6.79938069E-02 -9.98539165E-04  1.28544724E-03  3.68156784E-01 -7.66617044E-03  9.65772738E-03  3.66377550E-04  1.36261118E-02 -5.05766585E-03
  1.10000000E-01  7.16522662E-02 -1.07263241E-03  1.37889405E-03  3.65718947E-01 -7.30436073E-03  9.22659469E-03  3.43438410E-04  1.31077283E-02 -4.84983941E-03
  1.20000000E-01  7.52972665E-02 -1.14386697E-03  1.46900434E-03  3.64436139E-01 -7.05601182E-03  8.93581482E-03  3.24795598E-04  1.28002549E-02 -4.71730624E-03
  1.30000000E-01  7.89352138E-02 -1.21318534E-03  1.55690859E-03  3.63760210E-01 -6.88841310E-03  8.74142837E-03  3.10432718E-04  1.26257050E-02 -4.63445703E-03
  1.40000000E-01  8.25694363E-02 -1.28123148E-03  1.64335094E-03  3.63402898E-01 -6.77632530E-03  8.61109586E-03  2.99805673E-04  1.25309742E-02 -4.58314773E-03
  1.50000000E-01  8.62016787E-02 -1.34843429E-03  1.72881023E-03  3.63213785E-01 -6.70143228E-03  8.52235003E-03  2.92176472E-04  1.24821768E-02 -4.55127186E-03
  1.60000000E-01  8.98328710E-02 -1.41507415E-03  1.81359001E-03  3.63114537E-01 -6.65098529E-03  8.46017800E-03  2.86812758E-04  1.24587970E-02 -4.53109276E-03
  1.70000000E-01  9.34635201E-02 -1.48133177E-03  1.89788093E-03  3.63064185E-01 -6.61637315E-03  8.41481529E-03  2.83085131E-04  1.24489621E-02 -4.51782885E-03
  1.80000000E-01  9.70939102E-02 -1.54732244E-03  1.98180226E-03  3.63041059E-01 -6.59190667E-03  8.38002589E-03  2.80497557E-04  1.24460773E-02 -4.50860107E-03
  1.90000000E-01  1.00724205E-01 -1.61311917E-03  2.06542858E-03  3.63033500E-01 -6.57388818E-03  8.35187283E-03  2.78681795E-04  1.24466198E-02 -4.50171049E-03
  2.00000000E-01  1.04354502E-01 -1.67876796E-03  2.14880654E-03 -9.67192057E-01  1.55866151E-03 -2.41735170E-03 -1.42007694E-05 -6.08837334E-03  2.01566849E-03
  2.10000000E-01  8.80314540E-02 -1.62251860E-03  2.07078690E-03 -7.28238845E-01  3.71344432E-03 -5.25877543E-03 -1.70192211E-05 -1.01344015E-02  3.41969406E-03
  2.20000000E-01  8.19438316E-02 -1.57461024E-03  2.00399203E-03 -4.85836579E-01  5.30026856E-03 -7.01065883E-03 -8.62591426E-05 -1.26987306E-02  4.26173320E-03
  2.30000000E-01  7.82974772E-02 -1.51367343E-03  1.92512602E-03 -3.01851930E-01  5.80490924E-03 -7.47741105E-03 -1.26045426E-04 -1.28066249E-02  4.36570169E-03
  2.40000000E-01  7.61988811E-02 -1.45310114E-03  1.84801815E-03 -1.79033304E-01  5.40734290E-03 -6.82176282E-03 -1.54249179E-04 -1.11568778E-02  3.86867943E-03
  2.50000000E-01  7.50226412E-02 -1.40101554E-03  1.78307876E-03 -1.02717316E-01  4.54074191E-03 -5.62422128E-03 -1.65005300E-04 -8.76370529E-03  3.10382547E-03
  2.60000000E-01  7.43770480E-02 -1.35994113E-03  1.73282426E-03 -5.75097382E-02  3.54605023E-03 -4.31827937E-03 -1.59734867E-04 -6.36901225E-03  2.31489411E-03
  2.70000000E-01  7.40279885E-02 -1.32945408E-03  1.69617117E-03 -3.16320614E-02  2.62442594E-03 -3.14724464E-03 -1.43015879E-04 -4.35249895E-03  1.63256528E-03
  2.80000000E-01  7.38410562E-02 -1.30781794E-03  1.67055390E-03 -1.71914657E-02  1.86343223E-03 -2.20617648E-03 -1.20234050E-04 -2.82708620E-03  1.10151800E-03
  2.90000000E-01  7.37413446E-02 -1.29298859E-03  1.65319748E-03 -9.28354538E-03  1.27992343E-03 -1.50203172E-03 -9.59750290E-05 -1.75810212E-03  7.17130048E-04
  3.00000000E-01  7.36880487E-02 -1.28310690E-03  1.64169788E-03 -5.00975991E-03  8.55297198E-04 -1.00090221E-03 -7.33595457E-05 -1.05209232E-03  4.53486150E-04
  3.10000000E-01  7.36593200E-02 -1.27667706E-03  1.63419451E-03 -2.71795074E-03  5.58155024E-04 -6.56993918E-04 -5.40522611E-05 -6.07989003E-04  2.80070834E-04
  3.20000000E-01  7.36435996E-02 -1.27258122E-03  1.62934411E-03 -1.49176049E-03  3.56486504E-04 -4.27178354E-04 -3.85979386E-05 -3.40099432E-04  1.69750260E-04
  3.30000000E-01  7.36348129E-02 -1.27002470E-03  1.62622141E-03 -8.33386359E-04  2.22969411E-04 -2.76514101E-04 -2.68311614E-05 -1.84435123E-04  1.01430884E-04
  3.40000000E-01  7.36297709E-02 -1.26846259E-03  1.62420959E-03 -4.76500311E-04  1.36408828E-04 -1.79023807E-04 -1.82253673E-05 -9.70436761E-05  6.00226759E-05
  3.50000000E-01  7.36267904E-02 -1.26753130E-03  1.62290680E-03 -2.80042091E-04  8.13357287E-05 -1.16443615E-04 -1.21363179E-05 -4.95555698E-05  3.53411896E-05
  3.60000000E-01  7.36249722E-02 -1.26699331E-03  1.62205526E-03 -1.69650142E-04  4.69306681E-05 -7.64130388E-05 -7.94523208E-06 -2.45558515E-05  2.08070680E-05
  3.70000000E-01  7.36238277E-02 -1.26669603E-03  1.62149129E-03 -1.06083370E-04  2.58255955E-05 -5.07941121E-05 -5.12646439E-06 -1.18035111E-05  1.23126434E-05
  3.80000000E-01  7.36230847E-02 -1.26654330E-03  1.62111144E-03 -6.84866880E-05  1.30999312E-05 -3.43248734E-05 -3.26704272E-06 -5.50358950E-06  7.36198550E-06
  3.90000000E-01  7.36225878E-02 -1.26647593E-03  1.62085054E-03 -4.56300819E-05  5.56775733E-06 -2.36400485E-05 -2.06006006E-06 -2.49249149E-06  4.47061251E-06
  4.00000000E-01  7.36222458E-02 -1.26645791E-03  1.62066756E-03 -3.13532288E-05  1.22996880E-06 -1.66101116E-05 -1.28686231E-06 -1.10193180E-06  2.76995560E-06
  4.10000000E-01  7.36220036E-02 -1.26646730E-03  1.62053661E-03 -2.21991946E-05 -1.17728131E-06 -1.19007202E-05 -7.96764062E-07 -4.82044599E-07  1.75769416E-06
  4.20000000E-01  7.36218274E-02 -1.26649111E-03  1.62044115E-03 -1.61794394E-05 -2.42485727E-06 -8.68547020E-06 -4.88658857E-07 -2.15019027E-07  1.14530148E-06
  4.30000000E-01  7.36216957E-02 -1.26652160E-03  1.62037037E-03 -1.21211738E-05 -2.97559039E-06 -6.45078761E-06 -2.96160166E-07 -1.03067322E-07  7.67379092E-07
  4.40000000E-01  7.36215948E-02 -1.26655411E-03  1.62031704E-03 -9.31631243E-06 -3.12430105E-06 -4.86551595E-06 -1.76432383E-07 -5.63502767E-08  5.28840557E-07
  4.50000000E-01  7.36215157E-02 -1.26658609E-03  1.62027631E-03 -7.32835633E-06 -3.05256121E-06 -3.71794056E-06 -1.02216127E-07 -3.59131779E-08  3.74600154E-07
  4.60000000E-01  7.36214523E-02 -1.26661626E-03  1.62024487E-03 -5.88330647E-06 -2.86719008E-06 -2.87056361E-06 -5.63475647E-08 -2.57403951E-08  2.72359165E-07
  4.70000000E-01  7.36214007E-02 -1.26664400E-03  1.62022040E-03 -4.80634707E-06 -2.63004433E-06 -2.23305134E-06 -2.81018433E-08 -1.96342541E-08  2.02882066E-07
  4.80000000E-01  7.36213580E-02 -1.26666912E-03  1.62020125E-03 -3.98423608E-06 -2.37634073E-06 -1.74517430E-06 -1.08104410E-08 -1.53431848E-08  1.54504145E-07
  4.90000000E-01  7.36213223E-02 -1.26669161E-03  1.62018624E-03 -3.34250481E-06 -2.12611390E-06 -1.36626909E-06 -3.36976038E-10 -1.20780143E-08  1.20013170E-07
  5.00000000E-01  7.36212921E-02 -1.26671162E-03  1.62017447E-03 -2.83140910E-06 -1.89061734E-06 -1.06853383E-06  5.88394826E-09 -9.53868930E-09  9.48606293E-08
