  0.00000000E+00  0.00000000E+00  0.00000000E+00  0.00000000E+00  1.90257477E+00  2.49017077E-04  4.12928357E-04  2.37679203E-04  8.64724209E-05 -4.40339229E-04
  1.00000000E-02  1.90257477E-02  2.49017077E-06  4.12928357E-06  1.33268774E+00 -1.22081261E-02 -8.12592818E-03 -2.72412676E-05 -1.30422922E-02 -1.20041845E-02
  2.00000000E-02  2.95031900E-02 -1.81876806E-04 -1.19824281E-04  9.76177158E-01 -1.69022096E-02 -1.15173369E-02 -2.77764930E-04 -1.76321219E-02 -1.58947896E-02
  3.00000000E-02  3.74824086E-02 -3.74369319E-04 -2.51954693E-04  7.31192789E-01 -1.88076355E-02 -1.29501419E-02 -4.48220771E-04 -1.93031955E-02 -1.72316192E-02
  4.00000000E-02  4.35694147E-02 -5.71972803E-04 -3.88620137E-04  5.76209998E-01 -1.85870693E-02 -1.28695393E-02 -5.47079047E-04 -1.87854272E-02 -1.66252740E-02
  5.00000000E-02  4.85566007E-02 -7.56740666E-04 -5.16912517E-04  4.83294778E-01 -1.72547535E-02 -1.19941729E-02 -5.89743653E-04 -1.71679905E-02 -1.51048661E-02
  6.00000000E-02  5.29249724E-02 -9.22626621E-04 -6.32477415E-04  4.29679945E-01 -1.55873902E-02 -1.08558074E-02 -5.91582765E-04 -1.52862958E-02 -1.33906898E-02
  7.00000000E-02  5.69536977E-02 -1.07016371E-03 -7.35343660E-04  3.99622140E-01 -1.40217804E-02 -9.76054562E-03 -5.68013369E-04 -1.35894340E-02 -1.18692768E-02
  8.00000000E-02  6.07996300E-02 -1.20255346E-03 -8.27472808E-04  3.83140522E-01 -1.27406134E-02 -8.84199665E-03 -5.31959190E-04 -1.22470828E-02 -1.06790353E-02
  9.00000000E-02  6.45486272E-02 -1.32355376E-03 -9.11300029E-04  3.74252417E-01 -1.17772197E-02 -8.13111004E-03 -4.92813222E-04 -1.12698945E-02 -9.82022405E-03
  1.00000000E-01  6.82467108E-02 -1.43650899E-03 -9.89056697E-04  3.69513340E-01 -1.10944003E-02 -7.60873290E-03 -4.56326740E-04 -1.05998237E-02 -9.23525043E-03
  1.10000000E-01  7.19181488E-02 -1.54403889E-03 -1.06253214E-03  3.67000196E-01 -1.06319779E-02 -7.23771322E-03 -4.25371380E-04 -1.01611388E-02 -8.85392012E-03
  1.20000000E-01  7.55755851E-02 -1.64804656E-03 -1.13305417E-03  3.65664846E-01 -1.03306214E-02 -6.97958085E-03 -4.00799840E-04 -9.88453194E-03 -8.61350540E-03
  1.30000000E-01  7.92255568E-02 -1.74984599E-03 -1.20155932E-03  3.64946944E-01 -1.01413126E-02 -6.80154601E-03 -3.82261969E-04 -9.71554909E-03 -8.46553012E-03
  1.40000000E-01  8.28714367E-02 -1.85031258E-03 -1.26868461E-03  3.64551371E-01 -1.00272399E-02 -6.67833895E-03 -3.68835825E-04 -9.61512688E-03 -8.37570289E-03
  1.50000000E-01  8.65149726E-02 -1.95001461E-03 -1.33485196E-03  3.64324331E-01 -9.96239140E-03 -6.59167392E-03 -3.59436717E-04 -9.55694381E-03 -8.32121890E-03
  1.60000000E-01  9.01570807E-02 -2.04931428E-03 -1.40033537E-03  3.64186131E-01 -9.92914549E-03 -6.52887968E-03 -3.53044808E-04 -9.52407649E-03 -8.28760634E-03
  1.70000000E-01  9.37982510E-02 -2.14843951E-03 -1.46531020E-03  3.64095482E-01 -9.91592233E-03 -6.48144705E-03 -3.48806535E-04 -9.50603965E-03 -8.26601973E-03
  1.80000000E-01  9.74387525E-02 -2.24753262E-03 -1.52988751E-03  3.64030849E-01 -9.91527842E-03 -6.44379396E-03 -3.46059110E-04 -9.49652996E-03 -8.25121864E-03
  1.90000000E-01  1.01078738E-01 -2.34668218E-03 -1.59413718E-03  3.63980849E-01 -9.92250338E-03 -6.41232199E-03 -3.44314940E-04 -9.49185147E-03 -8.24017963E-03
  2.00000000E-01  1.04718296E-01 -2.44594334E-03 -1.65810304E-03 -9.67661584E-01  2.89745887E-03  1.15185375E-03 -3.39609160E-04  3.62560163E-03  3.59229225E-03
  2.10000000E-01  8.83834684E-02 -2.35286894E-03 -1.60876363E-03 -7.30239148E-01  5.94400326E-03  3.55667728E-03 -1.28731134E-04  6.65822227E-03  6.28668983E-03
  2.20000000E-01  8.22681891E-02 -2.27819618E-03 -1.56117274E-03 -4.86970673E-01  8.44966589E-03  5.04275021E-03  1.23574766E-05  8.83647454E-03  7.90570675E-03
  2.30000000E-01  7.86148247E-02 -2.18117121E-03 -1.50331487E-03 -3.02957001E-01  9.02143065E-03  5.60634799E-03  1.40975963E-04  9.17209368E-03  8.11663059E-03
  2.40000000E-01  7.65053231E-02 -2.08809808E-03 -1.44443340E-03 -1.79853833E-01  8.25907507E-03  5.26822492E-03  2.12767486E-04  8.19971882E-03  7.18578503E-03
  2.50000000E-01  7.53223006E-02 -2.00931911E-03 -1.39344177E-03 -1.03242255E-01  6.82677551E-03  4.45767361E-03  2.38674686E-04  6.61469872E-03  5.74726261E-03
  2.60000000E-01  7.46729359E-02 -1.94821285E-03 -1.35291779E-03 -5.77935713E-02  5.25066198E-03  3.50826121E-03  2.31847987E-04  4.95170382E-03  4.26561680E-03
  2.70000000E-01  7.43222436E-02 -1.90358680E-03 -1.32258224E-03 -3.17489532E-02  3.82872087E-03  2.61925391E-03  2.05512042E-04  3.50067411E-03  2.98781933E-03
  2.80000000E-01  7.41349772E-02 -1.87240930E-03 -1.30083473E-03 -1.72086937E-02  2.68031745E-03  1.87950173E-03  1.70474911E-04  2.36503065E-03  1.99751991E-03
  2.90000000E-01  7.40355915E-02 -1.85134814E-03 -1.28573848E-03 -9.25108021E-03  1.81760293E-03  1.30835200E-03  1.34286995E-04  1.53986448E-03  1.28489172E-03
  3.00000000E-01  7.39828688E-02 -1.83748568E-03 -1.27551071E-03 -4.95958250E-03  1.20197751E-03  8.89758269E-04  1.01421944E-04  9.72465243E-04  7.99957731E-04
  3.10000000E-01  7.39547305E-02 -1.82854403E-03 -1.26870609E-03 -2.66770729E-03  7.79136196E-04  5.94447768E-04  7.39504290E-05  5.98773280E-04  4.84317349E-04
  3.20000000E-01  7.39395128E-02 -1.82286688E-03 -1.26423817E-03 -1.44938825E-03  4.97023881E-04  3.91991406E-04  5.23289507E-05  3.61079639E-04  2.86270222E-04
  3.30000000E-01  7.39311105E-02 -1.81930720E-03 -1.26133053E-03 -8.01094199E-04  3.12943438E-04  2.56163663E-04  3.60893720E-05  2.14159462E-04  1.65803209E-04
  3.40000000E-01  7.39263410E-02 -1.81709817E-03 -1.25944804E-03 -4.53606698E-04  1.94840781E-04  1.66495276E-04  2.43457658E-05  1.25471902E-04  9.44505224E-05
  3.50000000E-01  7.39235424E-02 -1.81574027E-03 -1.25823143E-03 -2.64736671E-04  1.20007004E-04  1.07981990E-04  1.61172402E-05  7.29613394E-05  5.31435759E-05
  3.60000000E-01  7.39218394E-02 -1.81491437E-03 -1.25744417E-03 -1.59948642E-04  7.29996466E-05  7.00918770E-05  1.05036650E-05  4.23395939E-05  2.96885486E-05
  3.70000000E-01  7.39207638E-02 -1.81441941E-03 -1.25693270E-03 -1.00260602E-04  4.36535466E-05  4.56565190E-05  6.76037654E-06  2.46763791E-05  1.65768793E-05
  3.80000000E-01  7.39200596E-02 -1.81412961E-03 -1.25659832E-03 -6.52110942E-05  2.54199792E-05  2.99068605E-05  4.31235790E-06  1.45509618E-05  9.32974212E-06
  3.90000000E-01  7.39195828E-02 -1.81396658E-03 -1.25637800E-03 -4.39506813E-05  1.41420189E-05  1.97269403E-05  2.73751310E-06  8.75129651E-06  5.34761472E-06
  4.00000000E-01  7.39192496E-02 -1.81388155E-03 -1.25623163E-03 -3.06288811E-05  7.19860172E-06  1.31142316E-05  1.73799425E-06  5.41133966E-06  3.15710365E-06
  4.10000000E-01  7.39190099E-02 -1.81384428E-03 -1.25613355E-03 -2.20177467E-05  2.94921207E-06  8.79282152E-06  1.11025106E-06  3.46391206E-06  1.93999085E-06
  4.20000000E-01  7.39188328E-02 -1.81383603E-03 -1.25606723E-03 -1.62869613E-05  3.78814289E-07  5.95089636E-06  7.18826251E-07  2.30574400E-06  1.24958356E-06
  4.30000000E-01  7.39186986E-02 -1.81384510E-03 -1.25602193E-03 -1.23675104E-05 -1.14724491E-06  4.07164601E-06  4.75568112E-07  1.59820908E-06  8.45201782E-07
  4.40000000E-01  7.39185945E-02 -1.81386420E-03 -1.25599061E-03 -9.61656544E-06 -2.02023941E-06  2.82207799E-06  3.24194647E-07  1.15161026E-06  5.98222177E-07
  4.50000000E-01  7.39185121E-02 -1.81388877E-03 -1.25596863E-03 -7.63708984E-06 -2.48179194E-06  1.98566571E-06  2.29332294E-07  8.59301355E-07  4.40015272E-07
  4.60000000E-01  7.39184456E-02 -1.81391589E-03 -1.25595296E-03 -6.17793660E-06 -2.68551348E-06  1.41960798E-06  1.69047875E-07  6.60719677E-07  3.33695625E-07
  4.70000000E-01  7.39183911E-02 -1.81394377E-03 -1.25594159E-03 -5.07703887E-06 -2.72758596E-06  1.03161457E-06  1.29888508E-07  5.20889225E-07  2.59078158E-07
  4.80000000E-01  7.39183459E-02 -1.81397125E-03 -1.25593322E-03 -4.22796017E-06 -2.66921674E-06  7.62408774E-07  1.03671917E-07  4.19145075E-07  2.04784046E-07
  4.90000000E-01  7.39183078E-02 -1.81399765E-03 -1.25592694E-03 -3.55965248E-06 -2.55060696E-06  5.73359506E-07  8.54498713E-08  3.42936366E-07  1.64134445E-07
  5.00000000E-01  7.39182756E-02 -1.81402257E-03 -1.25592215E-03 -3.02391749E-06 -2.39801423E-06  4.38873881E-07  7.22379459E-08  2.84404905E-07  1.33020627E-07
