  0.00000000E+00  0.00000000E+00  0.00000000E+00  0.00000000E+00  1.90257480E+00  2.49030151E-04  4.12927561E-04  2.37702552E-04  8.64615588E-05 -4.40366946E-04
  1.00000000E-02  1.90257480E-02  2.49030151E-06  4.12927561E-06  1.39851917E+00 -1.22804546E-02  2.22249657E-02  4.46397940E-05  3.14203938E-03  8.62605384E-03
  2.00000000E-02  3.04906616E-02 -1.82961668E-04  3.35439124E-04  1.06748164E+00 -1.77532669E-02  3.18306080E-02 -1.57085533E-04  4.41512590E-03  1.25244491E-02
  3.00000000E-02  3.95102903E-02 -3.87858398E-04  7.01773415E-04  8.33223414E-01 -2.03803992E-02  3.64613718E-02 -3.03614988E-04  4.98909154E-03  1.43610277E-02
  4.00000000E-02  4.66712333E-02 -6.04798053E-04  1.08954095E-03  6.77611896E-01 -2.07464583E-02  3.71470602E-02 -4.01545811E-04  5.05404511E-03  1.46006716E-02
  5.00000000E-02  5.26692947E-02 -8.14092932E-04  1.46444000E-03  5.78012530E-01 -1.98187391E-02  3.55574462E-02 -4.59186716E-04  4.79488498E-03  1.39081202E-02
  6.00000000E-02  5.79514232E-02 -1.00764173E-03  1.81206639E-03  5.15722086E-01 -1.83593359E-02  3.30175580E-02 -4.84584261E-04  4.41378915E-03  1.28427552E-02
  7.00000000E-02  6.27971918E-02 -1.18393807E-03  2.12954253E-03  4.77333749E-01 -1.68357514E-02  3.03441639E-02 -4.86748409E-04  4.02632354E-03  1.17397199E-02
  8.00000000E-02  6.73785876E-02 -1.34467766E-03  2.41961720E-03  4.53890478E-01 -1.54808118E-02  2.79491622E-02 -4.74124412E-04  3.68996303E-03  1.07653428E-02
  9.00000000E-02  7.18002760E-02 -1.49271108E-03  2.68713381E-03  4.39648161E-01 -1.43779868E-02  2.59854720E-02 -4.53575814E-04  3.42408419E-03  9.97830828E-03
  1.00000000E-01  7.61255461E-02 -1.63097682E-03  2.93717008E-03  4.31015905E-01 -1.35300630E-02  2.44642392E-02 -4.30164648E-04  3.22752985E-03  9.37847505E-03
  1.10000000E-01  8.03925438E-02 -1.76203784E-03  3.17420631E-03  4.25784903E-01 -1.29035641E-02  2.33316523E-02 -4.07175909E-04  3.08992299E-03  8.93997534E-03
  1.20000000E-01  8.46242378E-02 -1.88794098E-03  3.40185990E-03  4.22610488E-01 -1.24541179E-02  2.25130349E-02 -3.86463045E-04  2.99849771E-03  8.62952900E-03
  1.30000000E-01  8.88344706E-02 -2.01023493E-03  3.62289716E-03  4.20679165E-01 -1.21390074E-02  2.19350574E-02 -3.68856373E-04  2.94131625E-03  8.41548522E-03
  1.40000000E-01  9.30316057E-02 -2.13004945E-03  3.83935784E-03  4.19500304E-01 -1.19222122E-02  2.15349975E-02 -3.54510063E-04  2.90852668E-03  8.27137622E-03
  1.50000000E-01  9.72207144E-02 -2.24818760E-03  4.05270752E-03  4.18778224E-01 -1.17755230E-02  2.12631304E-02 -3.43199967E-04  2.89256105E-03  8.17663652E-03
  1.60000000E-01  1.01404886E-01 -2.36520938E-03  4.26397949E-03  4.18334549E-01 -1.16778708E-02  2.10818716E-02 -3.34520127E-04  2.88790001E-03  8.11604519E-03
  1.70000000E-01  1.05586013E-01 -2.48149983E-03  4.47389191E-03  4.18061395E-01 -1.16140293E-02  2.09637264E-02 -3.28005031E-04  2.89069181E-03  8.07869784E-03
  1.80000000E-01  1.09765262E-01 -2.59732091E-03  4.68293845E-03  4.17893262E-01 -1.15732507E-02  2.08890501E-02 -3.23206601E-04  2.89831013E-03  8.05697124E-03
  1.90000000E-01  1.13943354E-01 -2.71284953E-03  4.89145557E-03  4.17790202E-01 -1.15480781E-02  2.08440493E-02 -3.19732334E-04  2.90900322E-03  8.04563614E-03
  2.00000000E-01  1.18120740E-01 -2.82820445E-03  5.09967106E-03 -9.80962310E-01  1.01263108E-03 -1.92453329E-03 -3.88021724E-04 -6.77779345E-04 -8.52889808E-04
  2.10000000E-01  1.01317355E-01 -2.75527459E-03  4.96658281E-03 -7.60108172E-01  4.73073043E-03 -8.30394278E-03 -2.08126646E-04 -1.31567360E-03 -3.29359403E-03
  2.20000000E-01  9.48205435E-02 -2.68937679E-03  4.85164634E-03 -5.30177614E-01  7.67231999E-03 -1.36316617E-02 -9.38681217E-05 -2.24649032E-03 -5.57103692E-03
  2.30000000E-01  9.06684202E-02 -2.59794564E-03  4.68869112E-03 -3.49879119E-01  8.84607450E-03 -1.57693129E-02  2.69219975E-05 -2.44853153E-03 -6.38792609E-03
  2.40000000E-01  8.80711215E-02 -2.50361612E-03  4.52030974E-03 -2.23474028E-01  8.58633618E-03 -1.53809584E-02  1.06856569E-04 -2.32065007E-03 -6.18979694E-03
  2.50000000E-01  8.64684067E-02 -2.41905145E-03  4.36844193E-03 -1.39872244E-01  7.50197676E-03 -1.35176677E-02  1.51996683E-04 -1.98923510E-03 -5.39521378E-03
  2.60000000E-01  8.54876931E-02 -2.34945348E-03  4.24258170E-03 -8.64506478E-02  6.10818263E-03 -1.10817911E-02  1.69350235E-04 -1.58905588E-03 -4.37865028E-03
  2.70000000E-01  8.48902946E-02 -2.29534063E-03  4.14394318E-03 -5.30374739E-02  4.72942992E-03 -8.64772762E-03  1.67075153E-04 -1.20524855E-03 -3.37667655E-03
  2.80000000E-01  8.45269858E-02 -2.25494009E-03  4.06963622E-03 -3.24178278E-02  3.52748421E-03 -6.50715113E-03  1.52678976E-04 -8.78582103E-04 -2.50673050E-03
  2.90000000E-01  8.43059057E-02 -2.22567498E-03  4.01526759E-03 -1.97960636E-02  2.55660240E-03 -4.76308302E-03  1.32165299E-04 -6.20668554E-04 -1.80738162E-03
  3.00000000E-01  8.41710539E-02 -2.20496336E-03  3.97635710E-03 -1.21033587E-02  1.81158801E-03 -3.41272920E-03  1.09815306E-04 -4.27403605E-04 -1.27372000E-03
  3.10000000E-01  8.40884838E-02 -2.19057255E-03  3.94898158E-03 -7.42188266E-03  1.26054183E-03 -2.40448277E-03  8.83464155E-05 -2.88085029E-04 -8.81515160E-04
  3.20000000E-01  8.40376724E-02 -2.18072237E-03  3.92997798E-03 -4.57104398E-03  8.64005894E-04 -1.67165398E-03  6.92422958E-05 -1.90628983E-04 -6.01298900E-04
  3.30000000E-01  8.40062162E-02 -2.17406499E-03  3.91692558E-03 -2.83088911E-03  5.84615628E-04 -1.14980877E-03  5.31145100E-05 -1.24086219E-04 -4.05412636E-04
  3.40000000E-01  8.39866080E-02 -2.16961578E-03  3.90803672E-03 -1.76474182E-03  3.91001618E-04 -7.84066881E-04  4.00198714E-05 -7.95551950E-05 -2.70804224E-04
  3.50000000E-01  8.39742914E-02 -2.16667384E-03  3.90202476E-03 -1.10839379E-03  2.58604240E-04 -5.30922569E-04  2.97041596E-05 -5.02634239E-05 -1.79555480E-04
  3.60000000E-01  8.39664892E-02 -2.16474978E-03  3.89798126E-03 -7.02020643E-04  1.69055345E-04 -3.57452205E-04  2.17711618E-05 -3.12870730E-05 -1.18368471E-04
  3.70000000E-01  8.39615008E-02 -2.16350697E-03  3.89527409E-03 -4.48792470E-04  1.09051306E-04 -2.39532511E-04  1.57891315E-05 -1.91639592E-05 -7.76938197E-05
  3.80000000E-01  8.39582790E-02 -2.16271648E-03  3.89346836E-03 -2.89873547E-04  6.91802260E-05 -1.59898829E-04  1.13508148E-05 -1.15217427E-05 -5.08400200E-05
  3.90000000E-01  8.39561749E-02 -2.16222403E-03  3.89226754E-03 -1.89371420E-04  4.28998076E-05 -1.06410610E-04  8.10201210E-06 -6.76826059E-06 -3.32053784E-05
  4.00000000E-01  8.39547837E-02 -2.16192644E-03  3.89147088E-03 -1.25284423E-04  2.57231900E-05 -7.06445882E-05  5.75062599E-06 -3.85321819E-06 -2.16714245E-05
  4.10000000E-01  8.39538513E-02 -2.16175509E-03  3.89094326E-03 -8.40521093E-05  1.46048395E-05 -4.68173188E-05  4.06475021E-06 -2.09393293E-06 -1.41491828E-05
  4.20000000E-01  8.39532169E-02 -2.16166463E-03  3.89059423E-03 -5.72669975E-05  7.49326791E-06 -3.09907610E-05  2.86546461E-06 -1.05241784E-06 -9.25211164E-06
  4.30000000E-01  8.39527782E-02 -2.16162526E-03  3.89036345E-03 -3.96835915E-05  3.01323071E-06 -2.05025478E-05  2.01778537E-06 -4.51007995E-07 -6.06658811E-06
  4.40000000E-01  8.39524693E-02 -2.16161752E-03  3.89021087E-03 -2.80076421E-05  2.53390449E-07 -1.35652417E-05  1.42168649E-06 -1.15659610E-07 -3.99404910E-06
