  0.00000000E+00  0.00000000E+00  0.00000000E+00  0.00000000E+00  1.90257480E+00  2.49030151E-04  4.12927561E-04  2.37702552E-04  8.64615588E-05 -4.40366946E-04
  1.00000000E-02  1.90257480E-02  2.49030151E-06  4.12927561E-06  1.36815305E+00  4.50972291E-03 -1.68384502E-02  1.96747887E-04 -1.06422571E-02  8.13843307E-04
  2.00000000E-02  3.00351697E-02  6.88909944E-05 -2.50512115E-04  1.02520872E+00  6.25967898E-03 -2.38074029E-02  1.66744366E-04 -1.45906247E-02  1.39376856E-03
  3.00000000E-02  3.85725353E-02  1.40237565E-04 -5.23430907E-04  7.85813785E-01  7.00433218E-03 -2.68575174E-02  1.57422397E-04 -1.61502555E-02  1.66562827E-03
  4.00000000E-02  4.52336985E-02  2.14004152E-04 -8.07256653E-04  6.30322916E-01  6.98208020E-03 -2.68799823E-02  1.60602232E-04 -1.59262093E-02  1.69232433E-03
  5.00000000E-02  5.07594733E-02  2.83713694E-04 -1.07616880E-03  5.33675615E-01  6.54910369E-03 -2.52656752E-02  1.65805664E-04 -1.47397087E-02  1.59323694E-03
  6.00000000E-02  5.56129929E-02  3.47039849E-04 -1.32075402E-03  4.75318094E-01  5.97430688E-03 -2.30663276E-02  1.68219191E-04 -1.32739056E-02  1.44597135E-03
  7.00000000E-02  6.00743863E-02  4.03908934E-04 -1.54042055E-03  4.40762602E-01  5.41304537E-03 -2.08976853E-02  1.66474632E-04 -1.19052141E-02  1.29792965E-03
  8.00000000E-02  6.43092348E-02  4.55233080E-04 -1.73855420E-03  4.20564064E-01  4.93498437E-03 -1.90409118E-02  1.61318644E-04 -1.07894407E-02  1.17067747E-03
  9.00000000E-02  6.84138828E-02  5.02192618E-04 -1.91967945E-03  4.08850822E-01  4.55829330E-03 -1.75742586E-02  1.54166626E-04 -9.95414288E-03  1.07047660E-03
  1.00000000E-01  7.24438248E-02  5.45892096E-04 -2.08808877E-03  4.02084594E-01  4.27552381E-03 -1.64736788E-02  1.46406206E-04 -9.36538581E-03  9.95978918E-04
  1.10000000E-01  7.64308396E-02  5.87233487E-04 -2.24732266E-03  3.98177862E-01  4.06960176E-03 -1.56751706E-02  1.39018042E-04 -8.96929042E-03  9.42694588E-04
  1.20000000E-01  8.03930846E-02  6.26899894E-04 -2.40008182E-03  3.95916821E-01  3.92213931E-03 -1.51080592E-02  1.32563863E-04 -8.71302775E-03  9.05630466E-04
  1.30000000E-01  8.43409476E-02  6.65383975E-04 -2.54832686E-03  3.94602295E-01  3.81708190E-03 -1.47098348E-02  1.27241654E-04 -8.55316170E-03  8.80268859E-04
  1.40000000E-01  8.82803979E-02  7.03029507E-04 -2.69343408E-03  3.93833601E-01  3.74178669E-03 -1.44308359E-02  1.23036160E-04 -8.45723175E-03  8.63026305E-04
  1.50000000E-01  9.22148904E-02  7.40070897E-04 -2.83634745E-03  3.93381444E-01  3.68690423E-03 -1.42340429E-02  1.19819442E-04 -8.40245912E-03  8.51253580E-04
  1.60000000E-01  9.61464441E-02  7.76665527E-04 -2.97770391E-03  3.93114360E-01  3.64579721E-03 -1.40929868E-02  1.17415235E-04 -8.37356380E-03  8.43071623E-04
  1.70000000E-01  1.00076252E-01  8.12917965E-04 -3.11792850E-03  3.92956598E-01  3.61388556E-03 -1.39892802E-02  1.15644573E-04 -8.36063858E-03  8.37193537E-04
  1.80000000E-01  1.04005029E-01  8.48897262E-04 -3.25730277E-03  3.92864177E-01  3.58807094E-03 -1.39104053E-02  1.14348867E-04 -8.35742815E-03  8.32764061E-04
  1.90000000E-01  1.07933209E-01  8.84648898E-04 -3.39601245E-03  3.92811314E-01  3.56628588E-03 -1.38479587E-02  1.13398497E-04 -8.36006499E-03  8.29228830E-04
  2.00000000E-01  1.11861058E-01  9.20202832E-04 -3.53417980E-03 -9.75912701E-01 -5.58322158E-04  2.07718993E-03 -1.05639017E-04  2.70222887E-03  8.51170522E-05
  2.10000000E-01  9.52583109E-02  8.93996570E-04 -3.43378216E-03 -7.46640715E-01 -1.74647424E-03  6.95997474E-03 -4.61909559E-05  5.01313434E-03 -3.25321858E-04
  2.20000000E-01  8.89382636E-02  8.70591067E-04 -3.33976849E-03 -5.10960422E-01 -2.60594235E-03  1.02818798E-02 -6.10907994E-05  7.26503016E-03 -5.94550761E-04
  2.30000000E-01  8.50070609E-02  8.40234303E-04 -3.22034016E-03 -3.28676902E-01 -2.94301131E-03  1.16188783E-02 -5.31659691E-05  7.67763501E-03 -7.29773200E-04
  2.40000000E-01  8.26317095E-02  8.09118845E-04 -3.09746639E-03 -2.03580450E-01 -2.80180818E-03  1.10796172E-02 -5.29331444E-05  7.00722878E-03 -7.16647102E-04
  2.50000000E-01  8.12213872E-02  7.81806779E-04 -2.98936652E-03 -1.23015981E-01 -2.40344487E-03  9.52498963E-03 -5.32970364E-05  5.77526675E-03 -6.21744616E-04
  2.60000000E-01  8.03940498E-02  7.59764147E-04 -2.90188976E-03 -7.31399256E-02 -1.92185492E-03  7.63356666E-03 -5.17444155E-05  4.42630411E-03 -4.96859170E-04
  2.70000000E-01  7.99120308E-02  7.42953547E-04 -2.83501121E-03 -4.30526512E-02 -1.46260143E-03  5.81965308E-03 -4.76873385E-05  3.21257379E-03 -3.74240974E-04
  2.80000000E-01  7.96319406E-02  7.30623800E-04 -2.78588425E-03 -2.52125873E-02 -1.07438315E-03  4.27730804E-03 -4.17104174E-05  2.23526502E-03 -2.69395045E-04
  2.90000000E-01  7.94690151E-02  7.21821060E-04 -2.75082289E-03 -1.47498726E-02 -7.69689572E-04  3.05942873E-03 -3.48008611E-05  1.50409838E-03 -1.87007628E-04
  3.00000000E-01  7.93738299E-02  7.15647632E-04 -2.72631800E-03 -8.65097637E-03 -5.42191828E-04  2.14461305E-03 -2.78671448E-05  9.85329690E-04 -1.25954225E-04
  3.10000000E-01  7.93178146E-02  7.11363203E-04 -2.70944595E-03 -5.10290348E-03 -3.78149111E-04  1.48131478E-03 -2.15396188E-05  6.31777877E-04 -8.26592054E-05
  3.20000000E-01  7.92845260E-02  7.08401925E-04 -2.69794929E-03 -3.03556886E-03 -2.62709609E-04  1.01251297E-03 -1.61501960E-05  3.98292870E-04 -5.30124536E-05
  3.30000000E-01  7.92645070E-02  7.06352027E-04 -2.69016817E-03 -1.82535264E-03 -1.82791471E-04  6.87239339E-04 -1.17954407E-05  2.47905816E-04 -3.32923620E-05
  3.40000000E-01  7.92523045E-02  7.04923703E-04 -2.68492215E-03 -1.11163149E-03 -1.28002729E-04  4.64487975E-04 -8.42028299E-06  1.52944074E-04 -2.04992972E-05
  3.50000000E-01  7.92447568E-02  7.03917619E-04 -2.68139102E-03 -6.86622959E-04 -9.05928948E-05  3.13294905E-04 -5.89113199E-06  9.38993988E-05 -1.23832780E-05
  3.60000000E-01  7.92400156E-02  7.03198739E-04 -2.67901404E-03 -4.30613899E-04 -6.50200720E-05  2.11239162E-04 -4.04788415E-06  5.76052208E-05 -7.33948379E-06
  3.70000000E-01  7.92369895E-02  7.02676403E-04 -2.67741193E-03 -2.74415812E-04 -4.74361259E-05  1.42549943E-04 -2.73533887E-06  3.54651595E-05 -4.26617070E-06
  3.80000000E-01  7.92350264E-02  7.02289961E-04 -2.67632987E-03 -1.77803186E-04 -3.52233504E-05  9.63574254E-05 -1.81882335E-06  2.20105101E-05 -2.42983093E-06
  3.90000000E-01  7.92337314E-02  7.01998792E-04 -2.67559726E-03 -1.17193955E-04 -2.66258348E-05  6.52738522E-05 -1.18945094E-06  1.38327922E-05 -1.35457629E-06
  4.00000000E-01  7.92328625E-02  7.01775521E-04 -2.67509994E-03 -7.86210283E-05 -2.04763354E-05  4.43234760E-05 -7.63470234E-07  8.84127648E-06 -7.38567054E-07
  4.10000000E-01  7.92322691E-02  7.01601505E-04 -2.67476146E-03 -5.37153271E-05 -1.60029906E-05  3.01728762E-05 -4.78828514E-07  5.76884956E-06 -3.94259126E-07
  4.20000000E-01  7.92318565E-02  7.01463842E-04 -2.67453048E-03 -3.73991481E-05 -1.26962780E-05  2.05928890E-05 -2.90868670E-07  3.85390092E-06 -2.07371018E-07
  4.30000000E-01  7.92315641E-02  7.01353413E-04 -2.67437245E-03 -2.65519669E-05 -1.02119454E-05  1.40978832E-05 -1.68182876E-07  2.64078746E-06 -1.09587900E-07
  4.40000000E-01  7.92313528E-02  7.01263715E-04 -2.67426395E-03 -1.92315177E-05 -8.31927508E-06  9.69050119E-06 -8.90892882E-08  1.85716254E-06 -6.08681244E-08
  4.50000000E-01  7.92311971E-02  7.01189985E-04 -2.67418908E-03 -1.42138170E-05 -6.86117614E-06  6.69927730E-06 -3.88438491E-08  1.33977533E-06 -3.82352423E-08
  4.60000000E-01  7.92310801E-02  7.01128664E-04 -2.67413705E-03 -1.07183449E-05 -5.72255467E-06  4.66872605E-06 -7.53802025E-09  9.90121160E-07 -2.88231083E-08
  4.70000000E-01  7.92309904E-02  7.01077132E-04 -2.67410051E-03 -8.24173615E-06 -4.82066399E-06  3.28733340E-06  1.14247622E-08  7.48147145E-07 -2.56375081E-08
  4.80000000E-01  7.92309203E-02  7.01033435E-04 -2.67407454E-03 -6.45582283E-06 -4.09883697E-06  2.34320767E-06  2.24025967E-08  5.76740739E-07 -2.50214372E-08
  4.90000000E-01  7.92308647E-02  7.00996055E-04 -2.67405583E-03 -5.14439813E-06 -3.51201681E-06  1.69338523E-06  2.82585160E-08  4.52584671E-07 -2.51689856E-08
  5.00000000E-01  7.92308198E-02  7.00963869E-04 -2.67404215E-03 -4.16353081E-06 -3.02716899E-06  1.24229470E-06  3.08653850E-08  3.60756116E-07 -2.52698437E-08
