  0.00000000E+00  0.00000000E+00  0.00000000E+00  0.00000000E+00  1.90257477E+00  2.49017077E-04  4.12928357E-04  2.37679203E-04  8.64724209E-05 -4.40339229E-04
  1.00000000E-02  1.90257477E-02  2.49017077E-06  4.12928357E-06  1.36320547E+00 -8.98256182E-03 -4.86196094E-03  2.84346253E-05 -3.13617041E-02  1.04846944E-02
  2.00000000E-02  2.99609560E-02 -1.33493342E-04 -7.08647724E-05  1.01865731E+00 -1.26902919E-02 -6.72636484E-03 -1.63397095E-04 -4.29190916E-02  1.46210497E-02
  3.00000000E-02  3.84247883E-02 -2.78934911E-04 -1.47450440E-04  7.78710019E-01 -1.43103982E-02 -7.40144194E-03 -2.93885500E-04 -4.74373426E-02  1.62880083E-02
  4.00000000E-02  4.50121520E-02 -4.30139424E-04 -2.24840245E-04  6.23431960E-01 -1.43132739E-02 -7.15299371E-03 -3.71844864E-04 -4.66052659E-02  1.60873703E-02
  5.00000000E-02  5.04700813E-02 -5.73286541E-04 -2.95127941E-04  5.27369827E-01 -1.34431352E-02 -6.46395826E-03 -4.09773270E-04 -4.30161287E-02  1.48989214E-02
  6.00000000E-02  5.52634689E-02 -7.03367200E-04 -3.56322346E-04  4.69669489E-01 -1.22615889E-02 -5.67554193E-03 -4.18502111E-04 -3.86441780E-02  1.34151138E-02
  7.00000000E-02  5.96716621E-02 -8.20075358E-04 -4.09135684E-04  4.35689861E-01 -1.10978435E-02 -4.97227827E-03 -4.08358680E-04 -3.45864598E-02  1.20223806E-02
  8.00000000E-02  6.38586626E-02 -9.25235066E-04 -4.55342149E-04  4.15934771E-01 -1.01021340E-02 -4.42104784E-03 -3.87902542E-04 -3.12904039E-02  1.08821867E-02
  9.00000000E-02  6.79192348E-02 -1.02127786E-03 -4.96796475E-04  4.04535318E-01 -9.31605742E-03 -4.02286755E-03 -3.63455056E-04 -2.88253723E-02  1.00239331E-02
  1.00000000E-01  7.19075907E-02 -1.11050805E-03 -5.35034249E-04  3.97977831E-01 -8.72645224E-03 -3.75066807E-03 -3.39133647E-04 -2.70848236E-02  9.41442927E-03
  1.10000000E-01  7.58545816E-02 -1.19482455E-03 -5.71179932E-04  3.94203524E-01 -8.29883664E-03 -3.57102043E-03 -3.17255778E-04 -2.59072657E-02  8.99996670E-03
  1.20000000E-01  7.97777453E-02 -1.27567483E-03 -6.05991898E-04  3.92023311E-01 -7.99522558E-03 -3.45423349E-03 -2.98827271E-04 -2.51367197E-02  8.72765770E-03
  1.30000000E-01  8.36870774E-02 -1.35410904E-03 -6.39950299E-04  3.90756285E-01 -7.78205460E-03 -3.37760551E-03 -2.84001305E-04 -2.46458084E-02  8.55380010E-03
  1.40000000E-01  8.75883051E-02 -1.43086373E-03 -6.73343214E-04  3.90014164E-01 -7.63266265E-03 -3.32531809E-03 -2.72458880E-04 -2.43399251E-02  8.44558139E-03
  1.50000000E-01  9.14847361E-02 -1.50644339E-03 -7.06334958E-04  3.89575550E-01 -7.52718262E-03 -3.28707465E-03 -2.63686790E-04 -2.41529510E-02  8.37986765E-03
  1.60000000E-01  9.53782985E-02 -1.58118782E-03 -7.39014487E-04  3.89313791E-01 -7.45141361E-03 -3.25653527E-03 -2.57128389E-04 -2.40406494E-02  8.34105453E-03
  1.70000000E-01  9.92701277E-02 -1.65532311E-03 -7.71427143E-04  3.89156010E-01 -7.39549377E-03 -3.22998648E-03 -2.52268633E-04 -2.39743893E-02  8.31895993E-03
  1.80000000E-01  1.03160899E-01 -1.72899845E-03 -8.03594264E-04  3.89059941E-01 -7.35271340E-03 -3.20535899E-03 -2.48671943E-04 -2.39361115E-02  8.30710813E-03
  1.90000000E-01  1.07051018E-01 -1.80231168E-03 -8.35524716E-04  3.89000851E-01 -7.31857352E-03 -3.18156122E-03 -2.45991097E-04 -2.39146547E-02  8.30146261E-03
  2.00000000E-01  1.10940731E-01 -1.87532672E-03 -8.67221339E-04 -9.74201181E-01  1.14476329E-03  1.08077271E-03 -3.06593844E-04  7.62193083E-03 -2.29097696E-03
  2.10000000E-01  9.43827090E-02 -1.82156240E-03 -8.35101943E-04 -7.44340299E-01  3.71215193E-03  2.61799601E-03 -1.26706609E-04  1.51969081E-02 -5.01228928E-03
  2.20000000E-01  8.80886104E-02 -1.77160394E-03 -8.01235866E-04 -5.07507173E-01  5.39031620E-03  3.15331102E-03 -3.51156832E-05  2.08880179E-02 -7.11379425E-03
  2.30000000E-01  8.41977043E-02 -1.70930995E-03 -7.67026181E-04 -3.25192722E-01  6.04849886E-03  3.27769373E-03  6.61219121E-05  2.21534377E-02 -7.63343229E-03
  2.40000000E-01  8.18573494E-02 -1.64553405E-03 -7.33627330E-04 -2.00493534E-01  5.72458736E-03  2.89205004E-03  1.24368961E-04  2.01837923E-02 -7.00628701E-03
  2.50000000E-01  8.04759100E-02 -1.58990774E-03 -7.06635048E-04 -1.20542258E-01  4.87807619E-03  2.29008546E-03  1.50368303E-04  1.66052926E-02 -5.79765185E-03
  2.60000000E-01  7.96702438E-02 -1.54535953E-03 -6.86744016E-04 -7.12930183E-02  3.86695515E-03  1.67151302E-03  1.53096932E-04  1.27019562E-02 -4.45865683E-03
  2.70000000E-01  7.92035598E-02 -1.51174558E-03 -6.73121748E-04 -4.17408130E-02  2.90771129E-03  1.14206631E-03  1.41253749E-04  9.19961876E-03 -3.24668787E-03
  2.80000000E-01  7.89339127E-02 -1.48746469E-03 -6.64348319E-04 -2.43113392E-02  2.09983176E-03  7.36731247E-04  1.21912947E-04  6.38605611E-03 -2.26648525E-03
  2.90000000E-01  7.87779466E-02 -1.47050577E-03 -6.59007682E-04 -1.41422936E-02  1.46837623E-03  4.50195992E-04  1.00140443E-04  4.28567627E-03 -1.53021845E-03
  3.00000000E-01  7.86873689E-02 -1.45897929E-03 -6.55938398E-04 -8.24371068E-03  9.99688780E-04  2.60061057E-04  7.91350812E-05  2.79865078E-03 -1.00573342E-03
  3.10000000E-01  7.86344247E-02 -1.45132583E-03 -6.54288462E-04 -4.82827065E-03  6.64822265E-04  1.40617027E-04  6.06125001E-05  1.78748189E-03 -6.46784684E-04
  3.20000000E-01  7.86032192E-02 -1.44635194E-03 -6.53479512E-04 -2.84754143E-03  4.32509489E-04  6.93585776E-05  4.52459328E-05  1.12133306E-03 -4.08689504E-04
  3.30000000E-01  7.85846475E-02 -1.44318841E-03 -6.53142218E-04 -1.69393303E-03  2.75131461E-04  2.90694916E-05  3.30585466E-05  6.93459474E-04 -2.54636917E-04
  3.40000000E-01  7.85734762E-02 -1.44122399E-03 -6.53052969E-04 -1.01774969E-03  1.70657185E-04  7.68057907E-06  2.37240194E-05  4.24180613E-04 -1.56927622E-04
  3.50000000E-01  7.85666796E-02 -1.44003979E-03 -6.53083108E-04 -6.18249145E-04  1.02579131E-04 -2.73068905E-06  1.67713486E-05  2.57456560E-04 -9.59323457E-05
  3.60000000E-01  7.85624946E-02 -1.43935439E-03 -6.53162471E-04 -3.80086144E-04  5.90288903E-05 -7.08285609E-06  1.17093820E-05  1.55542553E-04 -5.83286062E-05
  3.70000000E-01  7.85598846E-02 -1.43898185E-03 -6.53255060E-04 -2.36728173E-04  3.17002133E-05 -8.27832160E-06  8.09261486E-06  9.38407359E-05 -3.53647276E-05
  3.80000000E-01  7.85582341E-02 -1.43880149E-03 -6.53343821E-04 -1.49563340E-04  1.48937352E-05 -7.94088792E-06  5.54846058E-06  5.67296740E-05 -2.14355880E-05
  3.90000000E-01  7.85571743E-02 -1.43873659E-03 -6.53421543E-04 -9.60108723E-05  4.80439893E-06 -6.94404038E-06  3.78183821E-06  3.44897022E-05 -1.30222032E-05
  4.00000000E-01  7.85564819E-02 -1.43873899E-03 -6.53485999E-04 -6.27508408E-05 -1.03638727E-06 -5.74831034E-06  2.56813685E-06  2.11704552E-05 -7.94966065E-06
  4.10000000E-01  7.85560207E-02 -1.43877856E-03 -6.53537503E-04 -4.18543625E-05 -4.24090029E-06 -4.58790018E-06  1.74147073E-06  1.31747199E-05 -4.88993676E-06
  4.20000000E-01  7.85557066E-02 -1.43883699E-03 -6.53577580E-04 -2.85592580E-05 -5.83049178E-06 -3.57072721E-06  1.18221424E-06  8.34819349E-06 -3.03940725E-06
  4.30000000E-01  7.85554875E-02 -1.43890324E-03 -6.53608202E-04 -1.99803209E-05 -6.44443699E-06 -2.72992870E-06  8.05742780E-07  5.40902079E-06 -1.91481803E-06
  4.40000000E-01  7.85553306E-02 -1.43897076E-03 -6.53631297E-04 -1.43550434E-05 -6.48346962E-06 -2.05909916E-06  5.53119469E-07  3.59728615E-06 -1.22666481E-06
  4.50000000E-01  7.85552152E-02 -1.43903579E-03 -6.53648534E-04 -1.05982551E-05 -6.20110051E-06 -1.53412760E-06  3.83820138E-07  2.46296146E-06 -8.01772623E-07
  4.60000000E-01  7.85551280E-02 -1.43909638E-03 -6.53661250E-04 -8.03670240E-06 -5.75496711E-06 -1.12690793E-06  2.70272005E-07  1.73913115E-06 -5.36492051E-07
  4.70000000E-01  7.85550604E-02 -1.43915170E-03 -6.53670483E-04 -6.24945398E-06 -5.24012008E-06 -8.11908658E-07  1.93875142E-07  1.26685326E-06 -3.68633395E-07
  4.80000000E-01  7.85550069E-02 -1.43920153E-03 -6.53677027E-04 -4.97118994E-06 -4.71243660E-06 -5.68097541E-07  1.42170283E-07  9.50880160E-07 -2.60728026E-07
  4.90000000E-01  7.85549636E-02 -1.43924602E-03 -6.53681489E-04 -4.03318379E-06 -4.20313432E-06 -3.79218789E-07  1.06858324E-07  7.33642493E-07 -1.90075583E-07
  5.00000000E-01  7.85549279E-02 -1.43928550E-03 -6.53684337E-04 -3.32705122E-06 -3.72822172E-06 -2.33040476E-07  8.24354077E-08  5.79971009E-07 -1.42829375E-07
