  0.00000000E+00  0.00000000E+00  0.00000000E+00  0.00000000E+00  1.90257477E+00  2.49017077E-04  4.12928357E-04  2.37679203E-04  8.64724209E-05 -4.40339229E-04
  1.00000000E-02  1.90257477E-02  2.49017077E-06  4.12928357E-06  1.33076860E+00 -1.29135503E-02 -9.80952851E-03  2.35544979E-04  1.31047876E-02 -2.52350568E-03
  2.00000000E-02  2.94744029E-02 -1.92458169E-04 -1.45078286E-04  9.73378696E-01 -1.78248696E-02 -1.37030285E-02  2.41219849E-04  1.77391350E-02 -3.23392149E-03
  3.00000000E-02  3.74212403E-02 -3.95263462E-04 -3.01576070E-04  7.28031924E-01 -1.97655531E-02 -1.52931749E-02  2.58280597E-04  1.94549715E-02 -3.50466223E-03
  4.00000000E-02  4.34748257E-02 -6.02622409E-04 -4.62458551E-04  5.73117493E-01 -1.94622914E-02 -1.51361417E-02  2.78178694E-04  1.89467039E-02 -3.40989757E-03
  5.00000000E-02  4.84314285E-02 -7.95729015E-04 -6.13034802E-04  4.80453086E-01 -1.80065631E-02 -1.40598343E-02  2.90847100E-04  1.73502481E-02 -3.15248604E-03
  6.00000000E-02  5.27726373E-02 -9.68516005E-04 -7.48251608E-04  4.27153301E-01 -1.62079483E-02 -1.26971268E-02  2.93079305E-04  1.54806565E-02 -2.84779720E-03
  7.00000000E-02  5.67776714E-02 -1.12160241E-03 -8.68409338E-04  3.97402370E-01 -1.45199832E-02 -1.14067833E-02  2.85962599E-04  1.37837443E-02 -2.56462970E-03
  8.00000000E-02  6.06029404E-02 -1.25836242E-03 -9.76025454E-04  3.81188559E-01 -1.31310404E-02 -1.03420733E-02  2.72740939E-04  1.24303184E-02 -2.33111386E-03
  9.00000000E-02  6.43337570E-02 -1.38272811E-03 -1.07412264E-03  3.72523006E-01 -1.20749449E-02 -9.53439456E-03  2.56831260E-04  1.14349765E-02 -2.15167630E-03
  1.00000000E-01  6.80156592E-02 -1.49819708E-03 -1.16542819E-03  3.67965320E-01 -1.13127547E-02 -8.95657460E-03  2.40874496E-04  1.07433836E-02 -2.02007097E-03
  1.10000000E-01  7.16725240E-02 -1.60751368E-03 -1.25210484E-03  3.65599964E-01 -1.07817620E-02 -8.56124308E-03  2.26515227E-04  1.02829037E-02 -1.92653147E-03
  1.20000000E-01  7.53166969E-02 -1.71267633E-03 -1.33574061E-03  3.64386685E-01 -1.04201427E-02 -8.30056396E-03  2.14503063E-04  9.98620621E-03 -1.86131903E-03
  1.30000000E-01  7.89544973E-02 -1.81506966E-03 -1.41744285E-03  3.63771944E-01 -1.01767002E-02 -8.13436311E-03  2.04967016E-04  9.79980625E-03 -1.81624312E-03
  1.40000000E-01  8.25891431E-02 -1.91561945E-03 -1.49795548E-03  3.63466009E-01 -1.00128543E-02 -8.03204287E-03  1.97680513E-04  9.68485827E-03 -1.78500442E-03
  1.50000000E-01  8.62222735E-02 -2.01492877E-03 -1.57776431E-03  3.63319136E-01 -9.90122997E-03 -7.97170613E-03  1.92259742E-04  9.61480571E-03 -1.76303022E-03
  1.60000000E-01  8.98547305E-02 -2.11338295E-03 -1.65717968E-03  3.63254577E-01 -9.82320026E-03 -7.93835394E-03  1.88292326E-04  9.57227711E-03 -1.74713540E-03
  1.70000000E-01  9.34869535E-02 -2.21122480E-03 -1.73639646E-03  3.63233128E-01 -9.76647217E-03 -7.92204201E-03  1.85405474E-04  9.54628983E-03 -1.73516670E-03
  1.80000000E-01  9.71191775E-02 -2.30860588E-03 -1.81553532E-03  3.63234709E-01 -9.72311462E-03 -7.91634040E-03  1.83293250E-04  9.53008565E-03 -1.72570154E-03
  1.90000000E-01  1.00751533E-01 -2.40562024E-03 -1.89467022E-03  3.63248934E-01 -9.68809567E-03 -7.91717212E-03  1.81720221E-04  9.51959528E-03 -1.71781697E-03
  2.00000000E-01  1.04384093E-01 -2.50232610E-03 -1.97384610E-03 -9.68820533E-01  2.52997095E-03  2.06907403E-03 -6.91370763E-05 -3.46342839E-03  6.82833311E-04
  2.10000000E-01  8.80355403E-02 -2.41593606E-03 -1.90322413E-03 -7.29412205E-01  5.83048882E-03  4.65159551E-03 -3.76797330E-05 -6.57834894E-03  1.16952241E-03
  2.20000000E-01  8.19384599E-02 -2.34112858E-03 -1.84379557E-03 -4.87044104E-01  8.07360066E-03  6.74327580E-03 -7.25077459E-05 -8.69053001E-03  1.42774011E-03
  2.30000000E-01  7.82798594E-02 -2.24917702E-03 -1.76590441E-03 -3.02659284E-01  8.74710147E-03  7.32658580E-03 -8.33868720E-05 -9.11413418E-03  1.50316791E-03
  2.40000000E-01  7.61751906E-02 -2.15833850E-03 -1.68972200E-03 -1.79464398E-01  8.06728763E-03  6.79686940E-03 -9.43697911E-05 -8.21717143E-03  1.37182625E-03
  2.50000000E-01  7.49965211E-02 -2.08106469E-03 -1.62440189E-03 -1.02833678E-01  6.70508291E-03  5.69022433E-03 -9.88703550E-05 -6.69041865E-03  1.14087450E-03
  2.60000000E-01  7.43513379E-02 -2.02082488E-03 -1.57303287E-03 -5.74103050E-02  5.17746225E-03  4.43504060E-03 -9.58841937E-05 -5.06078453E-03  8.87136709E-04
  2.70000000E-01  7.40043517E-02 -1.97668837E-03 -1.53495838E-03 -3.14149862E-02  3.78378837E-03  3.28086397E-03 -8.68057748E-05 -3.62007970E-03  6.55888988E-04
  2.80000000E-01  7.38201784E-02 -1.94581885E-03 -1.50792062E-03 -1.69333083E-02  2.64892028E-03  2.33379769E-03 -7.40917919E-05 -2.47809960E-03  4.66267104E-04
  2.90000000E-01  7.37232537E-02 -1.92500399E-03 -1.48931798E-03 -9.03376866E-03  1.79086462E-03  1.61163446E-03 -6.01579146E-05 -1.63714405E-03  3.21274675E-04
  3.00000000E-01  7.36724138E-02 -1.91138562E-03 -1.47681245E-03 -4.79419884E-03  1.17560193E-03  1.08860942E-03 -4.68124233E-05 -1.05042036E-03  2.15851110E-04
  3.10000000E-01  7.36456696E-02 -1.90270591E-03 -1.46854148E-03 -2.54561370E-03  7.51780077E-04  7.23881257E-04 -3.51256005E-05 -6.57803787E-04  1.42071525E-04
  3.20000000E-01  7.36314564E-02 -1.89730722E-03 -1.46312631E-03 -1.36155069E-03  4.68919732E-04  4.76644965E-04 -2.55404760E-05 -4.03693729E-04  9.19626637E-05
  3.30000000E-01  7.36237612E-02 -1.89403233E-03 -1.45959604E-03 -7.39278228E-04  2.84951584E-04  3.12538310E-04 -1.80681920E-05 -2.43639334E-04  5.87374740E-05
  3.40000000E-01  7.36194798E-02 -1.89210265E-03 -1.45729119E-03 -4.10913195E-04  1.67899838E-04  2.05219555E-04 -1.24760068E-05 -1.45058305E-04  3.71305605E-05
  3.50000000E-01  7.36170125E-02 -1.89100891E-03 -1.45577559E-03 -2.35715890E-04  9.48788237E-05  1.35687642E-04 -8.42955241E-06 -8.54476002E-05  2.32976158E-05
  3.60000000E-01  7.36155313E-02 -1.89042523E-03 -1.45476637E-03 -1.40482354E-04  5.01916529E-05  9.08141599E-05 -5.58346265E-06 -4.99364442E-05  1.45512917E-05
  3.70000000E-01  7.36146027E-02 -1.89014675E-03 -1.45408260E-03 -8.73432913E-05  2.34036086E-05  6.18164884E-05 -3.62960940E-06 -2.90295704E-05  9.07378503E-06
  3.80000000E-01  7.36139949E-02 -1.89004665E-03 -1.45360942E-03 -5.67103874E-05  7.74164478E-06  4.29609938E-05 -2.31620019E-06 -1.68285057E-05  5.66675042E-06
  3.90000000E-01  7.36135810E-02 -1.89004755E-03 -1.45327409E-03 -3.83885398E-05 -1.09574058E-06  3.05655955E-05 -1.44950489E-06 -9.74990514E-06  3.55626612E-06
  4.00000000E-01  7.36132887E-02 -1.89010269E-03 -1.45303041E-03 -2.70004335E-05 -5.81514580E-06  2.22911925E-05 -8.87026374E-07 -5.65585377E-06  2.25069278E-06
  4.10000000E-01  7.36130756E-02 -1.89018444E-03 -1.45284887E-03 -1.96507450E-05 -8.09466400E-06  1.66623410E-05 -5.27559967E-07 -3.28903038E-06  1.44180957E-06
  4.20000000E-01  7.36129159E-02 -1.89027678E-03 -1.45271039E-03 -1.47375510E-05 -8.95969955E-06  1.27499877E-05 -3.01230807E-07 -1.91808584E-06  9.38361906E-07
  4.30000000E-01  7.36127931E-02 -1.89037071E-03 -1.45260245E-03 -1.13458213E-05 -9.02596532E-06  9.96813354E-06 -1.60903582E-07 -1.12089581E-06  6.22577912E-07
  4.40000000E-01  7.36126966E-02 -1.89046130E-03 -1.45251668E-03 -8.93490529E-06 -8.66154472E-06  7.94420505E-06 -7.53926874E-08 -6.54921153E-07  4.22307295E-07
  4.50000000E-01  7.36126193E-02 -1.89054609E-03 -1.45244736E-03 -7.17470822E-06 -8.08261653E-06  6.43816708E-06 -2.43989675E-08 -3.80997991E-07  2.93466508E-07
  4.60000000E-01  7.36125563E-02 -1.89062402E-03 -1.45239051E-03 -5.85754884E-06 -7.41218371E-06  5.29260825E-06  5.10902932E-09 -2.19142524E-07  2.09126675E-07
  4.70000000E-01  7.36125043E-02 -1.89069479E-03 -1.45234331E-03 -4.84930154E-06 -6.71950308E-06  4.40266671E-06  2.13987981E-08 -1.23177848E-07  1.52800207E-07
  4.80000000E-01  7.36124609E-02 -1.89075852E-03 -1.45230373E-03 -4.06136327E-06 -6.04323463E-06  3.69758171E-06  2.96621963E-08 -6.62612628E-08  1.14342969E-07
  4.90000000E-01  7.36124242E-02 -1.89081557E-03 -1.45227028E-03 -3.43401724E-06 -5.40419021E-06  3.12897871E-06  3.31302142E-08 -3.26543193E-08  8.74670306E-08
  5.00000000E-01  7.36123930E-02 -1.89086642E-03 -1.45224184E-03 -2.92625714E-06 -4.81246795E-06  2.66335693E-06  3.37966385E-08 -1.30409092E-08  6.82355967E-08
