  0.00000000E+00  0.00000000E+00  0.00000000E+00  0.00000000E+00  1.90257477E+00  2.49017077E-04  4.12928357E-04  2.37679203E-04  8.64724209E-05 -4.40339229E-04
  1.00000000E-02  1.90257477E-02  2.49017077E-06  4.12928357E-06  1.42210829E+00  1.28982471E-02 -1.38120552E-02  7.41687896E-05  1.86034635E-02  3.92141721E-03
  2.00000000E-02  3.08444983E-02  1.94718792E-04 -2.05116186E-04  1.10139522E+00  1.81854268E-02 -1.98299243E-02 -9.64351103E-05  2.69490044E-02  6.02046439E-03
  3.00000000E-02  4.02548851E-02  4.03008958E-04 -4.33504775E-04  8.72181475E-01  2.05759521E-02 -2.26243885E-02 -2.18778706E-04  3.10956736E-02  7.12256702E-03
  4.00000000E-02  4.78306311E-02  6.20721105E-04 -6.73720981E-04  7.17450744E-01  2.07156602E-02 -2.29185141E-02 -2.99341379E-04  3.18919849E-02  7.41286435E-03
  5.00000000E-02  5.42314849E-02  8.28576247E-04 -9.04376751E-04  6.16284371E-01  1.96052678E-02 -2.18024247E-02 -3.45399996E-04  3.07420582E-02  7.22905976E-03
  6.00000000E-02  5.98884967E-02  1.01907696E-03 -1.11682055E-03  5.51373345E-01  1.80216421E-02 -2.01320095E-02 -3.64574125E-04  2.87318212E-02  6.81780693E-03
  7.00000000E-02  6.50776750E-02  1.19137526E-03 -1.30978857E-03  5.10178599E-01  1.64275033E-02 -1.84214559E-02 -3.64800798E-04  2.65442394E-02  6.34014994E-03
  8.00000000E-02  6.99734873E-02  1.34767960E-03 -1.48545036E-03  4.84192050E-01  1.50423492E-02 -1.69201038E-02 -3.53290044E-04  2.45342596E-02  5.88360298E-03
  9.00000000E-02  7.46854751E-02  1.49117732E-03 -1.64714464E-03  4.67845979E-01  1.39352775E-02 -1.57117503E-02 -3.35797575E-04  2.28457668E-02  5.48788328E-03
  1.00000000E-01  7.92822045E-02  1.62499473E-03 -1.79822037E-03  4.57572799E-01  1.30970935E-02 -1.47925684E-02 -3.16394545E-04  2.15041445E-02  5.16453406E-03
  1.10000000E-01  8.38065666E-02  1.75177475E-03 -1.94155015E-03  4.51114536E-01  1.24859888E-02 -1.41209564E-02 -2.97668270E-04  2.04775241E-02  4.91037849E-03
  1.20000000E-01  8.82854206E-02  1.87357911E-03 -2.07940165E-03  4.47051703E-01  1.20525307E-02 -1.36452620E-02 -2.81010631E-04  1.97127230E-02  4.71597117E-03
  1.30000000E-01  9.27356235E-02  1.99193713E-03 -2.21347580E-03  4.44494663E-01  1.17513758E-02 -1.33170527E-02 -2.66973234E-04  1.91540414E-02  4.57015538E-03
  1.40000000E-01  9.71677849E-02  2.10794511E-03 -2.34500528E-03  4.42886181E-01  1.15454687E-02 -1.30961429E-02 -2.55590299E-04  1.87517901E-02  4.46230321E-03
  1.50000000E-01  1.01588604E-01  2.22237026E-03 -2.47486216E-03  4.41876868E-01  1.14064821E-02 -1.29514286E-02 -2.46616724E-04  1.84651871E-02  4.38327367E-03
  1.60000000E-01  1.06002326E-01  2.33574015E-03 -2.60365288E-03  4.41247196E-01  1.13136768E-02 -1.28598758E-02 -2.39687675E-04  1.82624381E-02  4.32566287E-03
  1.70000000E-01  1.10411650E-01  2.44841289E-03 -2.73179387E-03  4.40858855E-01  1.12523151E-02 -1.28049334E-02 -2.34415250E-04  1.81195972E-02  4.28370681E-03
  1.80000000E-01  1.14818297E-01  2.56062924E-03 -2.85956849E-03  4.40624437E-01  1.12121451E-02 -1.27749598E-02 -2.30440393E-04  1.80190662E-02  4.25304285E-03
  1.90000000E-01  1.19223369E-01  2.67254984E-03 -2.98716822E-03  4.40488517E-01  1.11861450E-02 -1.27618918E-02 -2.27455811E-04  1.79481449E-02  4.23043783E-03
  2.00000000E-01  1.23627575E-01  2.78428129E-03 -3.11472180E-03 -9.83058368E-01 -1.65961469E-03  1.47016675E-03 -3.25946150E-04 -4.82303935E-04  3.51462967E-04
  2.10000000E-01  1.06679257E-01  2.70345634E-03 -3.02885984E-03 -7.68378009E-01 -5.18555577E-03  5.39320091E-03 -1.72052049E-04 -6.14792250E-03 -9.65854961E-04
  2.20000000E-01  1.00068878E-01  2.63397108E-03 -2.95531266E-03 -5.44836851E-01 -8.03365531E-03  8.89056173E-03 -8.23786476E-05 -1.06677404E-02 -2.18496036E-03
  2.30000000E-01  9.57382156E-02  2.53939403E-03 -2.84892024E-03 -3.66920474E-01 -9.10236225E-03  1.02124001E-02  1.68368150E-05 -1.27951401E-02 -2.79572682E-03
  2.40000000E-01  9.29585927E-02  2.44302687E-03 -2.74018705E-03 -2.40232216E-01 -8.73694481E-03  9.89815466E-03  8.05158469E-05 -1.27714811E-02 -2.89555301E-03
  2.50000000E-01  9.11897119E-02  2.35748451E-03 -2.64277673E-03 -1.54706471E-01 -7.56822138E-03  8.64135069E-03  1.15762392E-04 -1.14525875E-02 -2.66772985E-03
  2.60000000E-01  9.00702759E-02  2.28764591E-03 -2.56264724E-03 -9.86918552E-02 -6.11756838E-03  7.03575223E-03  1.28768179E-04 -9.57574401E-03 -2.28259873E-03
  2.70000000E-01  8.93634304E-02  2.23372349E-03 -2.50031771E-03 -6.26479298E-02 -4.70783607E-03  5.45348505E-03  1.26393499E-04 -7.62449209E-03 -1.85633105E-03
  2.80000000E-01  8.89171707E-02  2.19369380E-03 -2.45369419E-03 -3.96894449E-02 -3.49476900E-03  4.07809139E-03  1.14760061E-04 -5.85813056E-03 -1.45510043E-03
  2.90000000E-01  8.86350687E-02  2.16481144E-03 -2.41979025E-03 -2.51450244E-02 -2.52554160E-03  2.96934757E-03  9.86438986E-05 -4.38181663E-03 -1.10943098E-03
  3.00000000E-01  8.84563406E-02  2.14440216E-03 -2.39564049E-03 -1.59522553E-02 -1.78883456E-03  2.11933254E-03  8.13692206E-05 -3.21059682E-03 -8.27947483E-04
  3.10000000E-01  8.83427819E-02  2.13019735E-03 -2.37869724E-03 -1.01433112E-02 -1.24836070E-03  1.49031356E-03  6.49874051E-05 -2.31476255E-03 -6.07515749E-04
  3.20000000E-01  8.82703935E-02  2.12041611E-03 -2.36693920E-03 -6.46835503E-03 -8.61991593E-04  1.03662800E-03  5.05726903E-05 -1.64768109E-03 -4.39762148E-04
  3.30000000E-01  8.82240847E-02  2.11372804E-03 -2.35884135E-03 -4.13860865E-03 -5.91033835E-04  7.15518716E-04  3.85270956E-05 -1.16090508E-03 -3.14842521E-04
  3.40000000E-01  8.81943474E-02  2.10917249E-03 -2.35329171E-03 -2.65771617E-03 -4.03682558E-04  4.91368461E-04  2.88381718E-05 -8.11221262E-04 -2.23384062E-04
  3.50000000E-01  8.81751747E-02  2.10607242E-03 -2.34949877E-03 -1.71352362E-03 -2.75456015E-04  3.36454720E-04  2.12710456E-05 -5.63093810E-04 -1.57321522E-04
  3.60000000E-01  8.81627604E-02  2.10395900E-03 -2.34690880E-03 -1.10953871E-03 -1.88310931E-04  2.30136569E-04  1.54976473E-05 -3.88744916E-04 -1.10120278E-04
  3.70000000E-01  8.81546849E-02  2.10251161E-03 -2.34513902E-03 -7.21838094E-04 -1.29349880E-04  1.57512989E-04  1.11753377E-05 -2.67197559E-04 -7.66938877E-05
  3.80000000E-01  8.81494050E-02  2.10151292E-03 -2.34392701E-03 -4.72068304E-04 -8.95516644E-05  1.08053340E-04  7.98919823E-06 -1.82998582E-04 -5.31947705E-05
  3.90000000E-01  8.81459332E-02  2.10081639E-03 -2.34309377E-03 -3.10545689E-04 -6.26879057E-05  7.44184383E-05  5.67051398E-06 -1.24972798E-04 -3.67739339E-05
  4.00000000E-01  8.81436354E-02  2.10032383E-03 -2.34251776E-03 -2.05669246E-04 -4.45148691E-05  5.15453623E-05  4.00103589E-06 -8.51524230E-05 -2.53562556E-05
  4.10000000E-01  8.81421031E-02  2.09996955E-03 -2.34211668E-03 -1.37276124E-04 -3.21831135E-05  3.59722068E-05  2.80966580E-06 -5.79190749E-05 -1.74497814E-05
  4.20000000E-01  8.81410723E-02  2.09970938E-03 -2.34183482E-03 -9.24610712E-05 -2.37585245E-05  2.53397791E-05  1.96579955E-06 -3.93456497E-05 -1.19929729E-05
  4.30000000E-01  8.81403717E-02  2.09951392E-03 -2.34163458E-03 -6.29379096E-05 -1.79503993E-05  1.80502973E-05  1.37178098E-06 -2.67064590E-05 -8.23690842E-06
  4.40000000E-01  8.81398900E-02  2.09936345E-03 -2.34149053E-03 -4.33697384E-05 -1.38916082E-05  1.30254393E-05  9.55786633E-07 -1.81204381E-05 -5.65688162E-06
  4.50000000E-01  8.81395541E-02  2.09924483E-03 -2.34138540E-03 -3.03083566E-05 -1.10058283E-05  9.53843654E-06  6.65692004E-07 -1.22954353E-05 -3.88738151E-06
  4.60000000E-01  8.81393163E-02  2.09914920E-03 -2.34130745E-03 -2.15187587E-05 -8.90953148E-06  7.09687513E-06  4.64076655E-07 -8.34720729E-06 -2.67500106E-06
  4.70000000E-01  8.81391451E-02  2.09907059E-03 -2.34124869E-03 -1.55474620E-05 -7.34951968E-06  5.36847053E-06  3.24316227E-07 -5.67252989E-06 -1.84474175E-06
  4.80000000E-01  8.81390195E-02  2.09900489E-03 -2.34120365E-03 -1.14459380E-05 -6.15912612E-06  4.12930617E-06  2.27608335E-07 -3.86093137E-06 -1.27614318E-06
  4.90000000E-01  8.81389255E-02  2.09894925E-03 -2.34116855E-03 -8.59286378E-06 -5.22847380E-06  3.22848945E-06  1.60756866E-07 -2.63367589E-06 -8.86506909E-07
  5.00000000E-01  8.81388539E-02  2.09890162E-03 -2.34114077E-03 -6.57957262E-06 -4.48409160E-06  2.56402317E-06  1.14548566E-07 -1.80179687E-06 -6.19180606E-07
