  0.00000000E+00  0.00000000E+00  0.00000000E+00  0.00000000E+00  1.90257480E+00  2.49030151E-04  4.12927561E-04  2.37702552E-04  8.64615588E-05 -4.40366946E-04
  1.00000000E-02  1.90257480E-02  2.49030151E-06  4.12927561E-06  1.40735307E+00 -4.39354098E-03 -4.25795898E-04  1.48107864E-04 -1.31153059E-02  2.25658837E-03
  2.00000000E-02  3.06231700E-02 -6.46579640E-05 -4.32230066E-06  1.07991459E+00 -6.57890888E-03 -7.35819978E-04  6.13441761E-05 -1.89030169E-02  3.51163896E-03
  3.00000000E-02  3.97851235E-02 -1.41373892E-04 -1.32306208E-05  8.47295575E-01 -7.70811662E-03 -8.76437975E-04  3.79283974E-06 -2.17062252E-02  4.14433655E-03
  4.00000000E-02  4.70949842E-02 -2.24101097E-04 -2.26980906E-05  6.91808803E-01 -7.98676571E-03 -8.72794101E-04 -3.08307773E-05 -2.21538045E-02  4.28953295E-03
  5.00000000E-02  5.32356383E-02 -3.05362000E-04 -3.14078122E-05  5.91477002E-01 -7.75738072E-03 -7.95555924E-04 -5.00945177E-05 -2.12334851E-02  4.14101380E-03
  6.00000000E-02  5.86487493E-02 -3.81788882E-04 -3.89771806E-05  5.28122202E-01 -7.29658159E-03 -6.92403216E-04 -5.90552220E-05 -1.97357219E-02  3.86278717E-03
  7.00000000E-02  6.36131974E-02 -4.52450702E-04 -4.53854492E-05  4.88651542E-01 -6.77979743E-03 -5.91791646E-04 -6.16101781E-05 -1.81479183E-02  3.55658274E-03
  8.00000000E-02  6.83023595E-02 -5.17664756E-04 -5.08003078E-05  4.64260179E-01 -6.29987655E-03 -5.06113198E-04 -6.05161262E-05 -1.67170420E-02  3.27534954E-03
  9.00000000E-02  7.28230045E-02 -5.78263917E-04 -5.54330475E-05  4.49255065E-01 -5.89566214E-03 -4.38061251E-04 -5.75957279E-05 -1.55366020E-02  3.04049727E-03
  1.00000000E-01  7.72405295E-02 -6.35199466E-04 -5.94734003E-05  4.40042037E-01 -5.57526802E-03 -3.85798604E-04 -5.40038267E-05 -1.46160972E-02  2.85574120E-03
  1.10000000E-01  8.15948848E-02 -6.89350176E-04 -6.30700731E-05  4.34385714E-01 -5.33177582E-03 -3.45853779E-04 -5.04149318E-05 -1.39258025E-02  2.71629371E-03
  1.20000000E-01  8.59104603E-02 -7.41450473E-04 -6.63288868E-05  4.30908674E-01 -5.15252514E-03 -3.14690870E-04 -4.71896447E-05 -1.34227175E-02  2.61416227E-03
  1.30000000E-01  9.02021618E-02 -7.92079471E-04 -6.93199809E-05  4.28766710E-01 -5.02400739E-03 -2.89373150E-04 -4.44783797E-05 -1.30639405E-02  2.54106928E-03
  1.40000000E-01  9.44791191E-02 -8.41676956E-04 -7.20871239E-05  4.27443731E-01 -4.93410318E-03 -2.67712777E-04 -4.23137164E-05 -1.28124062E-02  2.48971917E-03
  1.50000000E-01  9.87469415E-02 -8.90568467E-04 -7.46559498E-05  4.26624385E-01 -4.87285185E-03 -2.48201405E-04 -4.06626700E-05 -1.26384948E-02  2.45419912E-03
  1.60000000E-01  1.03009089E-01 -9.38990729E-04 -7.70404070E-05  4.26115770E-01 -4.83248461E-03 -2.29863781E-04 -3.94600110E-05 -1.25196708E-02  2.42996600E-03
  1.70000000E-01  1.07267703E-01 -9.87113738E-04 -7.92473566E-05  4.25799623E-01 -4.80714622E-03 -2.12106246E-04 -3.86298240E-05 -1.24393566E-02  2.41365314E-03
  1.80000000E-01  1.11524119E-01 -1.03505851E-03 -8.12796314E-05  4.25603214E-01 -4.79252623E-03 -1.94590342E-04 -3.80982893E-05 -1.23856499E-02  2.40282978E-03
  1.90000000E-01  1.15779169E-01 -1.08291067E-03 -8.31379553E-05  4.25481640E-01 -4.78550359E-03 -1.77138722E-04 -3.78000256E-05 -1.23501586E-02  2.39577479E-03
  2.00000000E-01  1.20033377E-01 -1.13073059E-03 -8.48220844E-05 -9.82229099E-01 -9.78141028E-05 -1.05334405E-04 -2.07843414E-04  8.98075101E-04  1.56369405E-04
  2.10000000E-01  1.03172533E-01 -1.10827029E-03 -8.55164069E-05 -7.63481129E-01  1.39451726E-03  2.19982457E-04 -1.04365471E-04  4.61329289E-03 -7.20770174E-04
  2.20000000E-01  9.66314613E-02 -1.08686346E-03 -8.16899980E-05 -5.35666209E-01  2.66886159E-03  2.03687662E-04 -7.50307117E-05  7.89565346E-03 -1.41995368E-03
  2.30000000E-01  9.24138738E-02 -1.05380312E-03 -7.97345954E-05 -3.56076760E-01  3.23919282E-03  2.38917826E-04 -2.55926471E-05  9.22878762E-03 -1.75347515E-03
  2.40000000E-01  8.97510534E-02 -1.01855954E-03 -7.71692663E-05 -2.29434358E-01  3.25092864E-03  2.13891234E-04  4.08063808E-06  9.07328922E-03 -1.76390949E-03
  2.50000000E-01  8.80899219E-02 -9.85991570E-04 -7.51554869E-05 -1.45042644E-01  2.92286359E-03  1.63837610E-04  2.08509851E-05  8.02446566E-03 -1.58156747E-03
  2.60000000E-01  8.70614540E-02 -9.58403260E-04 -7.37673789E-05 -9.06318899E-02  2.44835236E-03  1.09055505E-04  2.84855306E-05  6.61541609E-03 -1.31645731E-03
  2.70000000E-01  8.64271888E-02 -9.36292292E-04 -7.29507344E-05 -5.62524089E-02  1.95342653E-03  6.10993019E-05  3.02522848E-05  5.18963890E-03 -1.04059344E-03
  2.80000000E-01  8.60365622E-02 -9.19232656E-04 -7.25795224E-05 -3.47983230E-02  1.50511994E-03  2.44828884E-05  2.86113891E-05  3.92502909E-03 -7.92123710E-04
  2.90000000E-01  8.57958494E-02 -9.06422990E-04 -7.25177756E-05 -2.15084487E-02  1.13033995E-03 -5.92832850E-07  2.52633703E-05  2.88751386E-03 -5.86121277E-04
  3.00000000E-01  8.56472142E-02 -8.96993490E-04 -7.26490825E-05 -1.33076181E-02  8.32781174E-04 -1.59830993E-05  2.13002853E-05  2.07928897E-03 -4.24328262E-04
  3.10000000E-01  8.55551422E-02 -8.90153472E-04 -7.28858649E-05 -8.25379560E-03  6.04760009E-04 -2.41502844E-05  1.73681875E-05  1.47241945E-03 -3.02003757E-04
  3.20000000E-01  8.54978734E-02 -8.85245978E-04 -7.31682036E-05 -5.13762604E-03  4.34388424E-04 -2.74028880E-05  1.38074323E-05  1.02898247E-03 -2.12076181E-04
  3.30000000E-01  8.54620780E-02 -8.81753952E-04 -7.34584955E-05 -3.21242692E-03  3.09412666E-04 -2.75905323E-05  1.07619420E-05  7.11611057E-04 -1.47357064E-04
  3.40000000E-01  8.54395797E-02 -8.79284704E-04 -7.37353391E-05 -2.01938566E-03  2.18967837E-04 -2.60533136E-05  8.25814967E-06  4.88085411E-04 -1.01540934E-04
  3.50000000E-01  8.54253510E-02 -8.77547250E-04 -7.39881861E-05 -1.27717088E-03  1.54159725E-04 -2.36880168E-05  6.25880414E-06  3.32625694E-04 -6.95226404E-05
  3.60000000E-01  8.54162904E-02 -8.76329693E-04 -7.42132398E-05 -8.13301879E-04  1.08056835E-04 -2.10513977E-05  4.69751414E-06  2.25573030E-04 -4.73732150E-05
  3.70000000E-01  8.54104767E-02 -8.75479639E-04 -7.44105707E-05 -5.21892410E-04  7.54314016E-05 -1.84607941E-05  3.49948828E-06  1.52428717E-04 -3.21727631E-05
  3.80000000E-01  8.54067149E-02 -8.74888452E-04 -7.45822256E-05 -3.37780717E-04  5.24293477E-05 -1.60763447E-05  2.59294753E-06  1.02757164E-04 -2.18057342E-05
  3.90000000E-01  8.54042576E-02 -8.74479169E-04 -7.47310668E-05 -2.20736133E-04  3.62546977E-05 -1.39616884E-05  1.91458502E-06  6.91838349E-05 -1.47683632E-05
  4.00000000E-01  8.54026355E-02 -8.74197495E-04 -7.48601104E-05 -1.45824205E-04  2.49016301E-05 -1.21256717E-05  1.41145150E-06  4.65704231E-05 -1.00073877E-05
  4.10000000E-01  8.54015518E-02 -8.74005244E-04 -7.49721870E-05 -9.75239320E-05  1.69411685E-05 -1.05495872E-05  1.04085519E-06  3.13759528E-05 -6.79352917E-06
  4.20000000E-01  8.54008180E-02 -8.73875635E-04 -7.50698025E-05 -6.61287846E-05  1.13695897E-05 -9.20462245E-06  7.69291103E-07  2.11812488E-05 -4.62639162E-06
  4.30000000E-01  8.54003137E-02 -8.73789797E-04 -7.51551239E-05 -4.55383949E-05  7.48630952E-06 -8.05855040E-06  5.71001356E-07  1.43447784E-05 -3.16507472E-06
  4.40000000E-01  8.53999613E-02 -8.73734350E-04 -7.52299790E-05 -3.18988176E-05  4.79148576E-06 -7.07655271E-06  4.26502533E-07  9.75861509E-06 -2.17863238E-06
  4.50000000E-01  8.53997105E-02 -8.73699910E-04 -7.52958346E-05 -2.27622140E-05  2.93342672E-06 -6.22933376E-06  3.21246977E-07  6.67807348E-06 -1.51128199E-06
  4.60000000E-01  8.53995286E-02 -8.73679866E-04 -7.53538918E-05 -1.65650010E-05  1.66271228E-06 -5.48769301E-06  2.44482497E-07  4.60418334E-06 -1.05827736E-06
  4.70000000E-01  8.53993939E-02 -8.73669592E-04 -7.54050605E-05 -1.23024773E-05  7.99993892E-07 -4.83026593E-06  1.88331197E-07  3.20337341E-06 -7.49345538E-07
  4.80000000E-01  8.53992922E-02 -8.73665906E-04 -7.54500761E-05 -9.32512864E-06  2.19806074E-07 -4.24612812E-06  1.47062283E-07  2.25297883E-06 -5.37402856E-07
  4.90000000E-01  8.53992138E-02 -8.73666609E-04 -7.54896167E-05 -7.21025977E-06 -1.63035664E-07 -3.72816830E-06  1.16529034E-07  1.60448579E-06 -3.90919575E-07
  5.00000000E-01  8.53991523E-02 -8.73670153E-04 -7.55243085E-05 -5.68081287E-06 -4.08126073E-07 -3.26969799E-06  9.37437362E-08  1.15884946E-06 -2.88774454E-07
