  0.00000000E+00  0.00000000E+00  0.00000000E+00  0.00000000E+00  1.90257477E+00  2.49017077E-04  4.12928357E-04  2.37679203E-04  8.64724209E-05 -4.40339229E-04
  1.00000000E-02  1.90257477E-02  2.49017077E-06  4.12928357E-06  1.41863565E+00 -1.40315244E-02 -5.69659841E-03  2.03102654E-04 -8.53869285E-05  3.49911132E-03
  2.00000000E-02  3.07924085E-02 -2.09227780E-04 -8.33843343E-05  1.09673504E+00 -2.03133837E-02 -8.36752681E-03  1.65272382E-04 -2.04725913E-04  5.52701102E-03
  3.00000000E-02  4.01502558E-02 -4.43770914E-04 -1.80414244E-04  8.67043828E-01 -2.33708042E-02 -9.65502486E-03  1.44472778E-04 -2.97130298E-04  6.66300589E-03
  4.00000000E-02  4.76722381E-02 -6.92766058E-04 -2.83401983E-04  7.12346119E-01 -2.38616930E-02 -9.85980603E-03  1.34481065E-04 -3.67020688E-04  7.09234496E-03
  5.00000000E-02  5.40222107E-02 -9.33837433E-04 -3.83023949E-04  6.11508978E-01 -2.28741256E-02 -9.44267038E-03  1.29060809E-04 -4.05650548E-04  7.04738505E-03
  6.00000000E-02  5.96331148E-02 -1.15764085E-03 -4.75364975E-04  5.47009016E-01 -2.12705766E-02 -8.76395268E-03  1.25005345E-04 -4.21410701E-04  6.75591002E-03
  7.00000000E-02  6.47807051E-02 -1.36232887E-03 -5.59610913E-04  5.06189683E-01 -1.95809677E-02 -8.04457228E-03  1.20870698E-04 -4.21386463E-04  6.36684422E-03
  8.00000000E-02  6.96385053E-02 -1.54969050E-03 -6.36459734E-04  4.80492416E-01 -1.80704487E-02 -7.39586045E-03  1.16333486E-04 -4.12014756E-04  5.96972538E-03
  9.00000000E-02  7.43149431E-02 -1.72284240E-03 -7.07174779E-04  4.64338769E-01 -1.68357559E-02 -6.85948650E-03  1.11597057E-04 -3.98279497E-04  5.61181262E-03
  1.00000000E-01  7.88775626E-02 -1.88502649E-03 -7.73087775E-04  4.54171740E-01 -1.58823676E-02 -6.43922168E-03  1.06958039E-04 -3.83295899E-04  5.31119475E-03
  1.10000000E-01  8.33684448E-02 -2.03908323E-03 -8.35378667E-04  4.47751524E-01 -1.51748992E-02 -6.12135772E-03  1.02683743E-04 -3.69039702E-04  5.06983329E-03
  1.20000000E-01  8.78138590E-02 -2.18729488E-03 -8.95002925E-04  4.43677042E-01 -1.46653367E-02 -5.88650816E-03  9.89706499E-05 -3.56589956E-04  4.88233387E-03
  1.30000000E-01  9.22302570E-02 -2.33140043E-03 -9.52693759E-04  4.41074037E-01 -1.43071091E-02 -5.71553313E-03  9.58915579E-05 -3.46258058E-04  4.74036443E-03
  1.40000000E-01  9.66279823E-02 -2.47268038E-03 -1.00899421E-03  4.39397055E-01 -1.40607339E-02 -5.59200676E-03  9.34370786E-05 -3.38045299E-04  4.63525609E-03
  1.50000000E-01  1.01013568E-01 -2.61205585E-03 -1.06429665E-03  4.38305085E-01 -1.38950949E-02 -5.50286226E-03  9.15318463E-05 -3.31784211E-04  4.55908590E-03
  1.60000000E-01  1.05391159E-01 -2.75017860E-03 -1.11887955E-03  4.37584268E-01 -1.37867463E-02 -5.43817944E-03  9.00744864E-05 -3.27238655E-04  4.50514342E-03
  1.70000000E-01  1.09763398E-01 -2.88750432E-03 -1.17293793E-03  4.37099940E-01 -1.37185622E-02 -5.39067147E-03  8.89821071E-05 -3.24133646E-04  4.46796714E-03
  1.80000000E-01  1.14131975E-01 -3.02434902E-03 -1.22660711E-03  4.36766955E-01 -1.36782858E-02 -5.35510468E-03  8.81746116E-05 -3.22178308E-04  4.44328176E-03
  1.90000000E-01  1.18497980E-01 -3.16093050E-03 -1.27998032E-03  4.36531222E-01 -1.36572785E-02 -5.32778209E-03  8.75853278E-05 -3.21117513E-04  4.42778707E-03
  2.00000000E-01  1.22862114E-01 -3.29739825E-03 -1.33312153E-03 -9.80603684E-01  1.10879519E-03  1.13406803E-04 -1.43414855E-04 -1.93860475E-04  7.37775941E-04
  2.10000000E-01  1.05970402E-01 -3.21247993E-03 -1.30478151E-03 -7.66723744E-01  5.34707998E-03  1.95564395E-03 -7.21062555E-05 -1.35984185E-04 -5.98731377E-04
  2.20000000E-01  9.93725644E-02 -3.13781770E-03 -1.27601389E-03 -5.40889651E-01  8.85258251E-03  3.38043245E-03 -8.18209169E-05 -4.09631040E-06 -1.91723068E-03
  2.30000000E-01  9.50928383E-02 -3.03176436E-03 -1.23508562E-03 -3.63018560E-01  1.02290769E-02  4.03958421E-03 -6.15441542E-05  5.74316243E-05 -2.59002484E-03
  2.40000000E-01  9.23520082E-02 -2.92259112E-03 -1.19139402E-03 -2.36663790E-01  9.95191856E-03  3.99749386E-03 -5.10820186E-05  1.01143622E-04 -2.77107685E-03
  2.50000000E-01  9.06171442E-02 -2.82445773E-03 -1.15162953E-03 -1.51747301E-01  8.71921079E-03  3.54550936E-03 -4.38707585E-05  1.22349404E-04 -2.62000617E-03
  2.60000000E-01  8.95242536E-02 -2.74342916E-03 -1.11843436E-03 -9.64098551E-02  7.12622606E-03  2.92652725E-03 -3.80578975E-05  1.26876130E-04 -2.29501017E-03
  2.70000000E-01  8.88368423E-02 -2.68013182E-03 -1.09226400E-03 -6.09842362E-02  5.54661733E-03  2.29696870E-03 -3.27114347E-05  1.20396740E-04 -1.90942211E-03
  2.80000000E-01  8.84041280E-02 -2.63256369E-03 -1.07244211E-03 -3.85304006E-02  4.16609659E-03  1.73769465E-03 -2.75552758E-05  1.07695818E-04 -1.53120614E-03
  2.90000000E-01  8.81310932E-02 -2.59780533E-03 -1.05786153E-03 -2.43681356E-02  3.04698037E-03  1.27868809E-03 -2.26478406E-05  9.23024189E-05 -1.19472448E-03
  3.00000000E-01  8.79582231E-02 -2.57293111E-03 -1.04736968E-03 -1.54492798E-02  2.18378660E-03  9.21098140E-04 -1.81473849E-05  7.65723573E-05 -9.12805253E-04
  3.10000000E-01  8.78483246E-02 -2.55540921E-03 -1.03994665E-03 -9.82834991E-03  1.54078952E-03  6.52525412E-04 -1.41890789E-05  6.19144284E-05 -6.86012705E-04
  3.20000000E-01  8.77781458E-02 -2.54321630E-03 -1.03476426E-03 -6.27785397E-03  1.07376646E-03  4.56132068E-04 -1.08416374E-05  4.90435147E-05 -5.08834032E-04
  3.30000000E-01  8.77331197E-02 -2.53481375E-03 -1.03118491E-03 -4.02787705E-03  7.40847457E-04  3.15372220E-04 -8.10738970E-06  3.82075707E-05 -3.73426758E-04
  3.40000000E-01  8.77040908E-02 -2.52906987E-03 -1.02873498E-03 -2.59655476E-03  5.06845055E-04  2.16024583E-04 -5.94028128E-06  2.93681284E-05 -2.71688116E-04
  3.50000000E-01  8.76852819E-02 -2.52517143E-03 -1.02707148E-03 -1.68219422E-03  3.44130120E-04  1.46744240E-04 -4.26691754E-06  2.23316437E-05 -1.96266686E-04
  3.60000000E-01  8.76730318E-02 -2.52254371E-03 -1.02595043E-03 -1.09551869E-03  2.31930832E-04  9.89003129E-05 -3.00393239E-06  1.68378369E-05 -1.40954434E-04
  3.70000000E-01  8.76650099E-02 -2.52078540E-03 -1.02520065E-03 -7.17406110E-04  1.55084844E-04  6.61324645E-05 -2.06977609E-06  1.26144225E-05 -1.00743167E-04
  3.80000000E-01  8.76597264E-02 -2.51961878E-03 -1.02470317E-03 -4.72602679E-04  1.02750985E-04  4.38585088E-05 -1.39140476E-06  9.40766134E-06 -7.17186255E-05
  3.90000000E-01  8.76562244E-02 -2.51885294E-03 -1.02437595E-03 -3.13371957E-04  6.72931131E-05  2.88340469E-05 -9.07172391E-07  6.99671003E-06 -5.08916114E-05
  4.00000000E-01  8.76538869E-02 -2.51835730E-03 -1.02416273E-03 -2.09304432E-04  4.33867109E-05  1.87899914E-05 -5.67255200E-07  5.19793543E-06 -3.60191439E-05
  4.10000000E-01  8.76523142E-02 -2.51804296E-03 -1.02402505E-03 -1.40946520E-04  2.73626059E-05  1.21392045E-05 -3.32699915E-07  3.86359522E-06 -2.54410827E-05
  4.20000000E-01  8.76512465E-02 -2.51784946E-03 -1.02393691E-03 -9.58021967E-05  1.66793859E-05  7.77499960E-06 -1.73854333E-07  2.87775338E-06 -1.79420106E-05
  4.30000000E-01  8.76505142E-02 -2.51773608E-03 -1.02388099E-03 -6.58125312E-05  9.61616092E-06  4.92956889E-06 -6.86187635E-08  2.15116202E-06 -1.26398571E-05
  4.40000000E-01  8.76500060E-02 -2.51767523E-03 -1.02384592E-03 -4.57597195E-05  5.01071534E-06  3.08279048E-06 -8.24275736E-10  1.61613798E-06 -8.89900841E-06
  4.50000000E-01  8.76496487E-02 -2.51764815E-03 -1.02382432E-03 -3.22523458E-05  2.05907394E-06  1.89100102E-06  4.11843590E-08  1.22196524E-06 -6.26410737E-06
  4.60000000E-01  8.76493937E-02 -2.51764232E-03 -1.02381137E-03 -2.30777057E-05  2.08136307E-07  1.13031200E-06  6.56964088E-08  9.30999958E-07 -4.41049537E-06
  4.70000000E-01  8.76492088E-02 -2.51764949E-03 -1.02380387E-03 -1.67865434E-05 -9.13271196E-07  6.53647961E-07  7.85341155E-08  7.15505829E-07 -3.10761391E-06
  4.80000000E-01  8.76490724E-02 -2.51766423E-03 -1.02379972E-03 -1.24258117E-05 -1.55386870E-06  3.63321006E-07  8.37389254E-08  5.55163653E-07 -2.19226667E-06
  4.90000000E-01  8.76489699E-02 -2.51768297E-03 -1.02379754E-03 -9.36610369E-06 -1.88083904E-06  1.93965143E-07  8.40837128E-08  4.35149998E-07 -1.54924970E-06
  5.00000000E-01  8.76488916E-02 -2.51770342E-03 -1.02379644E-03 -7.18986008E-06 -2.00656455E-06  1.01897390E-07  8.14482489E-08  3.44680604E-07 -1.09741779E-06
