  0.00000000E+00  0.00000000E+00  0.00000000E+00  0.00000000E+00  1.90257480E+00  2.49030151E-04  4.12927561E-04  2.37702552E-04  8.64615588E-05 -4.40366946E-04
  1.00000000E-02  1.90257480E-02  2.49030151E-06  4.12927561E-06  1.46668935E+00 -5.11691547E-03 -5.35604572E-03  1.86681461E-04  9.65705152E-03 -5.30965663E-03
  2.00000000E-02  3.15132142E-02 -7.55085813E-05 -7.82760480E-05  1.16627122E+00 -7.59335667E-03 -8.05727632E-03  1.38873519E-04  1.43535242E-02 -7.59147945E-03
  3.00000000E-02  4.16738358E-02 -1.63824354E-04 -1.72354964E-04  9.47216144E-01 -8.86055380E-03 -9.45091571E-03  1.11781230E-04  1.68849500E-02 -8.78049393E-03
  4.00000000E-02  5.00507219E-02 -2.58765878E-04 -2.73832318E-04  7.94566654E-01 -9.17089089E-03 -9.81725698E-03  9.90029499E-05  1.76649143E-02 -9.08594104E-03
  5.00000000E-02  5.72331410E-02 -3.52026472E-04 -3.73836594E-04  6.90737501E-01 -8.90904571E-03 -9.56548050E-03  9.36922011E-05  1.73671319E-02 -8.86126325E-03
  6.00000000E-02  6.36213702E-02 -4.39807703E-04 -4.68232517E-04  6.21047462E-01 -8.38495931E-03 -9.02492150E-03  9.17415823E-05  1.65292842E-02 -8.38192473E-03
  7.00000000E-02  6.94833946E-02 -5.21036864E-04 -5.55778937E-04  5.74608337E-01 -7.79497407E-03 -8.40481717E-03  9.07163820E-05  1.55066749E-02 -7.82757059E-03
  8.00000000E-02  7.49972824E-02 -5.96036679E-04 -6.36726587E-04  5.43776469E-01 -7.24407680E-03 -7.81825979E-03  8.95150979E-05  1.45000797E-02 -7.29716605E-03
  9.00000000E-02  8.02808877E-02 -6.65722960E-04 -7.11976398E-04  5.23338114E-01 -6.77702888E-03 -7.31485972E-03  8.78507423E-05  1.36059355E-02 -6.83575527E-03
  1.00000000E-01  8.54120771E-02 -7.31158010E-04 -7.82607995E-04  5.09792663E-01 -6.40421957E-03 -6.90775402E-03  8.58203187E-05  1.28583443E-02 -6.45673738E-03
  1.10000000E-01  9.04422765E-02 -7.93336159E-04 -8.49650007E-04  5.00809912E-01 -6.11889356E-03 -6.59152280E-03  8.36193076E-05  1.22575650E-02 -6.15697647E-03
  1.20000000E-01  9.54054618E-02 -8.53098464E-04 -9.13984078E-04  4.94845902E-01 -5.90743208E-03 -6.35301401E-03  8.14401189E-05  1.17878954E-02 -5.92606987E-03
  1.30000000E-01  1.00324101E-01 -9.11115478E-04 -9.76321675E-04  4.90879775E-01 -5.75490149E-03 -6.17723212E-03  7.94274566E-05  1.14279193E-02 -5.75156822E-03
  1.40000000E-01  1.05213068E-01 -9.67901840E-04 -1.03721509E-03  4.88236976E-01 -5.64766387E-03 -6.05019278E-03  7.76642725E-05  1.11559633E-02 -5.62150859E-03
  1.50000000E-01  1.10082224E-01 -1.02384229E-03 -1.09708182E-03  4.86471668E-01 -5.57434103E-03 -5.96004399E-03  7.61819505E-05  1.09526319E-02 -5.52550735E-03
  1.60000000E-01  1.14938114E-01 -1.07921909E-03 -1.15623151E-03  4.85288957E-01 -5.52593897E-03 -5.89728807E-03  7.49775406E-05  1.08016873E-02 -5.45509620E-03
  1.70000000E-01  1.19785090E-01 -1.13423647E-03 -1.21489061E-03  4.84493572E-01 -5.49559375E-03 -5.85458816E-03  7.40265806E-05  1.06900998E-02 -5.40362788E-03
  1.80000000E-01  1.24626049E-01 -1.18904068E-03 -1.27322300E-03  4.83956042E-01 -5.47819471E-03 -5.82641695E-03  7.32948758E-05  1.06077147E-02 -5.36601671E-03
  1.90000000E-01  1.29462921E-01 -1.24373563E-03 -1.33134631E-03  4.83590411E-01 -5.47000405E-03 -5.80868471E-03  7.27457876E-05  1.05467835E-02 -5.33844631E-03
  2.00000000E-01  1.34296997E-01 -1.29839472E-03 -1.38934450E-03 -9.82918942E-01 -9.35276854E-05 -3.28740216E-04 -1.39180243E-04  1.00733334E-03 -6.46290642E-05
  2.10000000E-01  1.17135261E-01 -1.27244761E-03 -1.36523218E-03 -7.82830075E-01  1.56838007E-03  1.45521630E-03 -6.47249233E-05 -2.29615903E-03  1.50542845E-03
  2.20000000E-01  1.10307405E-01 -1.24845427E-03 -1.34176023E-03 -5.69551408E-01  3.05475348E-03  3.12288695E-03 -6.65131222E-05 -4.90557584E-03  2.75717938E-03
  2.30000000E-01  1.05678284E-01 -1.21047487E-03 -1.30219301E-03 -3.96936969E-01  3.74128352E-03  3.92961044E-03 -4.30983431E-05 -6.37300649E-03  3.40759919E-03
  2.40000000E-01  1.02571987E-01 -1.16962938E-03 -1.25886329E-03 -2.70300808E-01  3.77597616E-03  4.03333182E-03 -3.21183871E-05 -6.66803672E-03  3.47994329E-03
  2.50000000E-01  1.00502159E-01 -1.13169616E-03 -1.21801136E-03 -1.81743431E-01  3.41074353E-03  3.69487259E-03 -2.63115617E-05 -6.21901352E-03  3.19056156E-03
  2.60000000E-01  9.91275118E-02 -1.09941489E-03 -1.18275493E-03 -1.21360407E-01  2.86801235E-03  3.14975768E-03 -2.30464746E-05 -5.39802904E-03  2.72970319E-03
  2.70000000E-01  9.82158229E-02 -1.07344842E-03 -1.15398293E-03 -8.07556804E-02  2.29491303E-03  2.55674084E-03 -2.07094648E-05 -4.46246901E-03  2.22665880E-03
  2.80000000E-01  9.76112897E-02 -1.05336479E-03 -1.13138060E-03 -5.36571007E-02  1.77127008E-03  2.00434765E-03 -1.85312399E-05 -3.56270160E-03  1.75483640E-03
  2.90000000E-01  9.72102116E-02 -1.03827030E-03 -1.11409909E-03 -3.56429562E-02  1.33044961E-03  1.53180963E-03 -1.62678689E-05 -2.77177052E-03  1.34789461E-03
  3.00000000E-01  9.69438528E-02 -1.02716991E-03 -1.10114369E-03 -2.36886246E-02  9.78465964E-04  1.14874485E-03 -1.39356928E-05 -2.11433793E-03  1.01515727E-03
  3.10000000E-01  9.67667382E-02 -1.01914517E-03 -1.09157156E-03 -1.57589865E-02  7.07561358E-04  8.49370509E-04 -1.16422989E-05 -1.58825348E-03  7.52920138E-04
  3.20000000E-01  9.66487965E-02 -1.01342407E-03 -1.08457473E-03 -1.04970680E-02  5.04576390E-04  6.21413911E-04 -9.49860813E-06 -1.17861661E-03  5.51683581E-04
  3.30000000E-01  9.65701354E-02 -1.00939324E-03 -1.07950037E-03 -7.00239217E-03  3.55531763E-04  4.51105528E-04 -7.58338755E-06 -8.66091673E-04  4.00317861E-04
  3.40000000E-01  9.65175849E-02 -1.00658314E-03 -1.07584086E-03 -4.67875522E-03  2.47802364E-04  3.25643548E-04 -5.93641869E-06 -6.31365150E-04  2.88205371E-04
  3.50000000E-01  9.64824155E-02 -1.00464376E-03 -1.07321173E-03 -3.13169919E-03  1.70908307E-04  2.34178352E-04 -4.56465700E-06 -4.57229005E-04  2.06165886E-04
  3.60000000E-01  9.64588338E-02 -1.00331915E-03 -1.07132728E-03 -2.10019534E-03  1.16589017E-04  1.68008158E-04 -3.45236490E-06 -3.29310223E-04  1.46709439E-04
  3.70000000E-01  9.64429893E-02 -1.00242486E-03 -1.06997805E-03 -1.41138381E-03  7.85553749E-05  1.20402372E-04 -2.57078555E-06 -2.36091499E-04  1.03954053E-04
  3.80000000E-01  9.64323196E-02 -1.00182947E-03 -1.06901205E-03 -9.50672282E-04  5.21356657E-05  8.62848710E-05 -1.88564628E-06 -1.68605430E-04  7.34029775E-05
  3.90000000E-01  9.64251164E-02 -1.00144021E-03 -1.06831979E-03 -6.42002091E-04  3.39221346E-05  6.18961389E-05 -1.36224858E-06 -1.20014894E-04  5.16857989E-05
  4.00000000E-01  9.64202397E-02 -1.00119206E-03 -1.06782277E-03 -4.34823987E-04  2.14634453E-05  4.44882507E-05 -9.68497075E-07 -8.51890683E-05  3.63140394E-05
  4.10000000E-01  9.64169274E-02 -1.00103972E-03 -1.06746493E-03 -2.95496550E-04  1.30113128E-05  3.20715239E-05 -6.76397954E-07 -6.03248509E-05  2.54718036E-05
  4.20000000E-01  9.64146691E-02 -1.00095187E-03 -1.06720630E-03 -2.01599783E-04  7.33463480E-06  2.32130626E-05 -4.62535472E-07 -4.26308116E-05  1.78462856E-05
  4.30000000E-01  9.64131225E-02 -1.00090690E-03 -1.06701846E-03 -1.38171105E-04  3.57423552E-06  1.68865942E-05 -3.07934059E-07 -3.00742793E-05  1.24954983E-05
  4.40000000E-01  9.64120580E-02 -1.00088996E-03 -1.06688123E-03 -9.52105524E-05  1.12387521E-06  1.23602649E-05 -1.97596134E-07 -2.11847066E-05  8.74766397E-06
  4.50000000E-01  9.64113207E-02 -1.00089098E-03 -1.06678026E-03 -6.60252799E-05 -4.36623784E-07  9.11453149E-06 -1.19906287E-07 -1.49039526E-05  6.12612521E-06
  4.60000000E-01  9.64108063E-02 -1.00090315E-03 -1.06670534E-03 -4.61292220E-05 -1.39337564E-06  6.78135546E-06 -6.60193017E-08 -1.04740679E-05  4.29408524E-06
  4.70000000E-01  9.64104445E-02 -1.00092186E-03 -1.06664919E-03 -3.25108000E-05 -1.94823342E-06  5.09958077E-06 -2.92975948E-08 -7.35420393E-06  3.01440209E-06
  4.80000000E-01  9.64101875E-02 -1.00094412E-03 -1.06660660E-03 -2.31450993E-05 -2.23832699E-06  3.88290812E-06 -4.82360759E-09 -5.15968075E-06  2.12058796E-06
  4.90000000E-01  9.64100029E-02 -1.00096795E-03 -1.06657386E-03 -1.66682425E-05 -2.35358408E-06  2.99724134E-06  1.10043539E-08 -3.61765085E-06  1.49603753E-06
  5.00000000E-01  9.64098686E-02 -1.00099207E-03 -1.06654831E-03 -1.21599050E-05 -2.35473907E-06  2.34682882E-06  2.07983297E-08 -2.53504467E-06  1.05924344E-06
