  0.00000000E+00  0.00000000E+00  0.00000000E+00  0.00000000E+00  1.90257480E+00  2.49030151E-04  4.12927561E-04  2.37702552E-04  8.64615588E-05 -4.40366946E-04
  1.00000000E-02  1.90257480E-02  2.49030151E-06  4.12927561E-06  1.43551417E+00  6.25742852E-03 -7.05653492E-03 -8.27130442E-05 -6.47909945E-04 -3.51045967E-02
  2.00000000E-02  3.10455866E-02  9.51065785E-05 -1.03783386E-04  1.12118498E+00  9.05417394E-03 -1.03287758E-02 -4.09436954E-04 -6.62234827E-04 -5.02432686E-02
  3.00000000E-02  4.06857905E-02  1.99632045E-04 -2.23432348E-04  8.95179037E-01  1.04665737E-02 -1.19206776E-02 -6.56665142E-04 -5.45330013E-04 -5.75912819E-02
  4.00000000E-02  4.85075511E-02  3.11359781E-04 -3.50598633E-04  7.41125130E-01  1.07312452E-02 -1.21806937E-02 -8.27599452E-04 -3.52506006E-04 -5.87843587E-02
  5.00000000E-02  5.51485329E-02  4.19995590E-04 -4.73705651E-04  6.39155350E-01  1.03215499E-02 -1.16702968E-02 -9.29184691E-04 -1.40460671E-04 -5.63965523E-02
  6.00000000E-02  6.10302375E-02  5.21162613E-04 -5.87856634E-04  5.72775727E-01  9.61211634E-03 -1.08371529E-02 -9.72725920E-04  3.63139242E-05 -5.24854159E-02
  7.00000000E-02  6.64260966E-02  6.13736608E-04 -6.92062444E-04  5.29959121E-01  8.84079911E-03 -9.95708395E-03 -9.73332925E-04  1.57585467E-04 -4.83235381E-02
  8.00000000E-02  7.15116048E-02  6.98288013E-04 -7.87232938E-04  5.02465057E-01  8.13165592E-03 -9.16912798E-03 -9.46270951E-04  2.24058378E-04 -4.45608187E-02
  9.00000000E-02  7.63987850E-02  7.76058857E-04 -8.74984438E-04  4.84835908E-01  7.53435901E-03 -8.52486499E-03 -9.04524647E-04  2.46719552E-04 -4.14468481E-02
  1.00000000E-01  8.11589984E-02  8.48415962E-04 -9.57011773E-04  4.73526336E-01  7.05687276E-03 -8.02808225E-03 -8.57723358E-04  2.39287726E-04 -3.90097633E-02
  1.10000000E-01  8.58377139E-02  9.16597258E-04 -1.03480868E-03  4.66258059E-01  6.68722345E-03 -7.66074999E-03 -8.12154515E-04  2.14117779E-04 -3.71741890E-02
  1.20000000E-01  9.04639531E-02  9.81621246E-04 -1.10957952E-03  4.61575036E-01  6.40627430E-03 -7.39788018E-03 -7.71346754E-04  1.80541883E-04 -3.58293968E-02
  1.30000000E-01  9.50562883E-02  1.04427924E-03 -1.18224397E-03  4.58548715E-01  6.19436284E-03 -7.21498613E-03 -7.36826477E-04  1.44828530E-04 -3.48643745E-02
  1.40000000E-01  9.96266439E-02  1.10516331E-03 -1.25347936E-03  4.56586796E-01  6.03421885E-03 -7.09116714E-03 -7.08825476E-04  1.10680305E-04 -3.41828045E-02
  1.50000000E-01  1.04182702E-01  1.16470478E-03 -1.32377194E-03  4.55310835E-01  5.91187687E-03 -7.00987858E-03 -6.86838815E-04  7.99381317E-05 -3.37074004E-02
  1.60000000E-01  1.08729431E-01  1.22321184E-03 -1.39346428E-03  4.54478397E-01  5.81660568E-03 -6.95863252E-03 -6.70020074E-04  5.32325502E-05 -3.33791065E-02
  1.70000000E-01  1.13270053E-01  1.28090154E-03 -1.46279438E-03  4.53933693E-01  5.74043731E-03 -6.92830330E-03 -6.57430626E-04  3.04876565E-05 -3.31542736E-02
  1.80000000E-01  1.17806666E-01  1.33792507E-03 -1.53192577E-03  4.53576272E-01  5.67759803E-03 -6.91237399E-03 -6.48180296E-04  1.12711289E-05 -3.30013992E-02
  1.90000000E-01  1.22340642E-01  1.39438686E-03 -1.60096986E-03  4.53341144E-01  5.62397867E-03 -6.90626828E-03 -6.41494420E-04 -4.98552019E-06 -3.28981437E-02
  2.00000000E-01  1.26872877E-01  1.45035855E-03 -1.67000201E-03 -9.82347186E-01 -6.81052123E-05  4.81117261E-04 -5.83539625E-04  8.68761267E-04  2.36107002E-03
  2.10000000E-01  1.09870964E-01  1.42121708E-03 -1.62825391E-03 -7.72537019E-01 -2.12183160E-03  2.68313527E-03 -3.05469492E-04  7.21232799E-04  1.24401440E-02
  2.20000000E-01  1.03194645E-01  1.38973013E-03 -1.59041247E-03 -5.51930283E-01 -3.32380182E-03  4.61180926E-03 -1.00371911E-04  8.01893077E-04  2.07815739E-02
  2.30000000E-01  9.87783754E-02  1.35048226E-03 -1.53465101E-03 -3.75777078E-01 -3.96370895E-03  5.39164930E-03  1.01251645E-04  6.02183922E-04  2.43187454E-02
  2.40000000E-01  9.59013706E-02  1.30764563E-03 -1.47683531E-03 -2.49202486E-01 -3.92854952E-03  5.29833622E-03  2.34497089E-04  3.82535957E-04  2.39163020E-02
  2.50000000E-01  9.40422187E-02  1.26853594E-03 -1.42431852E-03 -1.62840305E-01 -3.50416602E-03  4.68637232E-03  3.08749562E-04  1.73380482E-04  2.11779038E-02
  2.60000000E-01  9.28456266E-02  1.23561619E-03 -1.38051461E-03 -1.05563792E-01 -2.91689126E-03  3.86715798E-03  3.34981436E-04  7.56527299E-06  1.74938681E-02
  2.70000000E-01  9.20763712E-02  1.20938365E-03 -1.34593911E-03 -6.81788280E-02 -2.31371532E-03  3.04006763E-03  3.26716736E-04 -1.04014652E-04  1.37601112E-02
  2.80000000E-01  9.15815078E-02  1.18926238E-03 -1.31967388E-03 -4.39886290E-02 -1.77220236E-03  2.30739808E-03  2.96934216E-04 -1.65721815E-04  1.04414810E-02
  2.90000000E-01  9.12625725E-02  1.17424792E-03 -1.30026325E-03 -2.84016580E-02 -1.32268028E-03  1.70643421E-03  2.56321000E-04 -1.88926489E-04  7.71162373E-03
  3.00000000E-01  9.10564907E-02  1.16326873E-03 -1.28620373E-03 -1.83713133E-02 -9.68192442E-04  1.23780367E-03  2.12650399E-04 -1.86274413E-04  5.57824331E-03
  3.10000000E-01  9.09229293E-02  1.15535924E-03 -1.27616884E-03 -1.19131640E-02 -6.98506752E-04  8.85031085E-04  1.70918429E-04 -1.68667875E-04  3.97027619E-03
  3.20000000E-01  9.08360884E-02  1.14972261E-03 -1.26908239E-03 -7.74782708E-03 -4.98622294E-04  6.26140859E-04  1.33868409E-04 -1.44206139E-04  2.79017751E-03
  3.30000000E-01  9.07794368E-02  1.14573580E-03 -1.26411544E-03 -5.05471319E-03 -3.53316230E-04  4.39652821E-04  1.02624362E-04 -1.18233899E-04  1.94135543E-03
  3.40000000E-01  9.07423553E-02  1.14292917E-03 -1.26065135E-03 -3.30848990E-03 -2.49205994E-04  3.07139925E-04  7.72695895E-05 -9.38689226E-05  1.34019555E-03
  3.50000000E-01  9.07180015E-02  1.14095766E-03 -1.25824251E-03 -2.17276278E-03 -1.75410647E-04  2.13905998E-04  5.73006813E-05 -7.26372768E-05  9.19534211E-04
  3.60000000E-01  9.07019525E-02  1.13957253E-03 -1.25656962E-03 -1.43177681E-03 -1.23508150E-04  1.48761630E-04  4.19462157E-05 -5.50370373E-05  6.27937595E-04
  3.70000000E-01  9.06913397E-02  1.13859697E-03 -1.25540773E-03 -9.46813428E-04 -8.71953662E-05  1.03452822E-04  3.03689998E-05 -4.09691175E-05  4.27293651E-04
  3.80000000E-01  9.06842964E-02  1.13790658E-03 -1.25459974E-03 -6.28423575E-04 -6.18674069E-05  7.20258844E-05  2.17804896E-05 -3.00345428E-05  2.90026217E-04
  3.90000000E-01  9.06796041E-02  1.13741454E-03 -1.25403662E-03 -4.18746721E-04 -4.42203075E-05  5.02548849E-05  1.54952744E-05 -2.17223150E-05  1.96533735E-04
  4.00000000E-01  9.06764650E-02  1.13706057E-03 -1.25364293E-03 -2.80235485E-04 -3.19197092E-05  3.51718761E-05  1.09482136E-05 -1.55175240E-05  1.33070276E-04
  4.10000000E-01  9.06743552E-02  1.13680288E-03 -1.25336662E-03 -1.88447318E-04 -2.33263576E-05  2.47115565E-05  7.69058396E-06 -1.09561134E-05  9.00963289E-05
  4.20000000E-01  9.06729297E-02  1.13661258E-03 -1.25317181E-03 -1.27422046E-04 -1.72997238E-05  1.74506039E-05  5.37608645E-06 -7.64662337E-06  6.10450942E-05
  4.30000000E-01  9.06719606E-02  1.13646972E-03 -1.25303361E-03 -8.67078676E-05 -1.30490173E-05  1.24052091E-05  3.74333333E-06 -5.27317234E-06  4.14246500E-05
  4.40000000E-01  9.06712971E-02  1.13636048E-03 -1.25293478E-03 -5.94412046E-05 -1.00305673E-05  8.89362926E-06  2.59850593E-06 -3.58890581E-06  2.81774907E-05
  4.50000000E-01  9.06708390E-02  1.13627527E-03 -1.25286340E-03 -4.11028908E-05 -7.86498726E-06  6.44400842E-06  1.79995640E-06 -2.40553527E-06  1.92303967E-05
  4.60000000E-01  9.06705196E-02  1.13620745E-03 -1.25281121E-03 -2.87097728E-05 -6.28972131E-06  4.72979007E-06  1.24539547E-06 -1.58216349E-06  1.31816629E-05
  4.70000000E-01  9.06702945E-02  1.13615243E-03 -1.25277249E-03 -2.02877100E-05 -5.12380469E-06  3.52235650E-06  8.61692584E-07 -1.01498538E-06  9.08564555E-06
  4.80000000E-01  9.06701337E-02  1.13610702E-03 -1.25274330E-03 -1.45270653E-05 -4.24371684E-06  2.66297628E-06  5.97003489E-07 -6.28497495E-07  6.30535515E-06
  4.90000000E-01  9.06700173E-02  1.13606898E-03 -1.25272097E-03 -1.05568696E-05 -3.56441930E-06  2.04371594E-06  4.14837475E-07 -3.68376858E-07  4.41213833E-06
  5.00000000E-01  9.06699316E-02  1.13603673E-03 -1.25270363E-03 -7.79635736E-06 -3.02826509E-06  1.59172628E-06  2.89668015E-07 -1.95906461E-07  3.11768436E-06
