  0.00000000E+00  0.00000000E+00 -4.89000000E+01  0.00000000E+00 -3.20298127E-06  2.31979736E-01  3.84461582E-08
  1.00000000E-03 -3.20298127E-09 -4.88997680E+01  0.00000000E+00 -3.11935300E-06  2.28356532E-01  8.01553642E-08
  2.00000000E-03 -6.28052013E-09 -4.88995415E+01  0.00000000E+00 -2.99064040E-06  2.24826156E-01  1.60007738E-07
  3.00000000E-03 -9.20680424E-09 -4.88993184E+01  0.00000000E+00 -2.87511498E-06  2.21374291E-01  2.22894488E-07
  4.00000000E-03 -1.20241565E-08 -4.88990988E+01  0.00000000E+00 -2.76578528E-06  2.18005809E-01  2.77778214E-07
  5.00000000E-03 -1.47352769E-08 -4.88988824E+01  0.00000000E+00 -2.66020621E-06  2.14721081E-01  3.27895729E-07
  6.00000000E-03 -1.73426936E-08 -4.88986694E+01  0.00000000E+00 -2.55756745E-06  2.11518982E-01  3.74426048E-07
  7.00000000E-03 -1.98489417E-08 -4.88984594E+01  0.00000000E+00 -2.45758754E-06  2.08397906E-01  4.17878252E-07
  8.00000000E-03 -2.22565393E-08 -4.88982526E+01  0.00000000E+00 -2.36016282E-06  2.05356106E-01  4.58527018E-07
  9.00000000E-03 -2.45679897E-08 -4.88980488E+01  0.00000000E+00 -2.26524829E-06  2.02391806E-01  4.96561832E-07
  1.00000000E-02 -2.67857808E-08 -4.88978479E+01  0.00000000E+00 -2.17281731E-06  1.99503244E-01  5.32138103E-07
  1.10000000E-02 -2.89123826E-08 -4.88976498E+01  0.00000000E+00 -2.08284807E-06  1.96688682E-01  5.65394826E-07
  1.20000000E-02 -3.09502460E-08 -4.88974545E+01  0.00000000E+00 -1.99531900E-06  1.93946413E-01  5.96460775E-07
  1.30000000E-02 -3.29018005E-08 -4.88972619E+01  0.00000000E+00 -1.91020732E-06  1.91274757E-01  6.25456957E-07
  1.40000000E-02 -3.47694520E-08 -4.88970720E+01  0.00000000E+00 -1.82748857E-06  1.88672069E-01  6.52497626E-07
  1.50000000E-02 -3.65555812E-08 -4.88968846E+01  0.00000000E+00 -1.74713656E-06  1.86136734E-01  6.77690863E-07
  1.60000000E-02 -3.82625417E-08 -4.88966998E+01  0.00000000E+00 -1.66912342E-06  1.83667166E-01  7.01138994E-07
  1.70000000E-02 -3.98926586E-08 -4.88965173E+01  0.00000000E+00 -1.59341963E-06  1.81261813E-01  7.22938899E-07
  1.80000000E-02 -4.14482263E-08 -4.88963373E+01  0.00000000E+00 -1.51999419E-06  1.78919152E-01  7.43182356E-07
  1.90000000E-02 -4.29315078E-08 -4.88961595E+01  0.00000000E+00 -1.44881470E-06  1.76637689E-01  7.61956301E-07
  2.00000000E-02 -4.43447327E-08 -4.88959840E+01  0.00000000E+00 -1.37984748E-06  1.74415963E-01  7.79343081E-07
  2.10000000E-02 -4.56900966E-08 -4.88958107E+01  0.00000000E+00 -1.31305767E-06  1.72252542E-01  7.95420700E-07
  2.20000000E-02 -4.69697594E-08 -4.88956396E+01  0.00000000E+00 -1.24840936E-06  1.70146022E-01  8.10263075E-07
  2.30000000E-02 -4.81858446E-08 -4.88954705E+01  0.00000000E+00 -1.18586570E-06  1.68095030E-01  8.23940251E-07
  2.40000000E-02 -4.93404384E-08 -4.88953034E+01  0.00000000E+00 -1.12538898E-06  1.66098221E-01  8.36518564E-07
  2.50000000E-02 -5.04355890E-08 -4.88951383E+01  0.00000000E+00 -1.06694076E-06  1.64154278E-01  8.48060906E-07
  2.60000000E-02 -5.14733057E-08 -4.88949751E+01  0.00000000E+00 -1.01048199E-06  1.62261915E-01  8.58626857E-07
  2.70000000E-02 -5.24555583E-08 -4.88948138E+01  0.00000000E+00 -9.55973047E-07  1.60419870E-01  8.68272878E-07
  2.80000000E-02 -5.33842769E-08 -4.88946543E+01  0.00000000E+00 -9.03373900E-07  1.58626910E-01  8.77052477E-07
  2.90000000E-02 -5.42613512E-08 -4.88944966E+01  0.00000000E+00 -8.52644151E-07  1.56881830E-01  8.85016352E-07
  3.00000000E-02 -5.50886305E-08 -4.88943406E+01  0.00000000E+00 -8.03743128E-07  1.55183450E-01  8.92212576E-07
  3.10000000E-02 -5.58679231E-08 -4.88941862E+01  0.00000000E+00 -7.56629991E-07  1.53530618E-01  8.98686676E-07
  3.20000000E-02 -5.66009965E-08 -4.88940335E+01  0.00000000E+00 -7.11263786E-07  1.51922205E-01  9.04481810E-07
  3.30000000E-02 -5.72895772E-08 -4.88938824E+01  0.00000000E+00 -6.67603520E-07  1.50357110E-01  9.09638885E-07
  3.40000000E-02 -5.79353506E-08 -4.88937328E+01  0.00000000E+00 -6.25608248E-07  1.48834256E-01  9.14196649E-07
  3.50000000E-02 -5.85399612E-08 -4.88935848E+01  0.00000000E+00 -5.85237114E-07  1.47352590E-01  9.18191842E-07
  3.60000000E-02 -5.91050127E-08 -4.88934381E+01  0.00000000E+00 -5.46449423E-07  1.45911083E-01  9.21659264E-07
  3.70000000E-02 -5.96320683E-08 -4.88932930E+01  0.00000000E+00 -5.09204700E-07  1.44508732E-01  9.24631892E-07
  3.80000000E-02 -6.01226507E-08 -4.88931491E+01  0.00000000E+00 -4.73462734E-07  1.43144553E-01  9.27140967E-07
  3.90000000E-02 -6.05782424E-08 -4.88930067E+01  0.00000000E+00 -4.39183634E-07  1.41817589E-01  9.29216102E-07
  4.00000000E-02 -6.10002865E-08 -4.88928655E+01  0.00000000E+00 -4.06327873E-07  1.40526903E-01  9.30885336E-07
  4.10000000E-02 -6.13901865E-08 -4.88927256E+01  0.00000000E+00 -3.74856323E-07  1.39271580E-01  9.32175246E-07
  4.20000000E-02 -6.17493070E-08 -4.88925870E+01  0.00000000E+00 -3.44730296E-07  1.38050728E-01  9.33110980E-07
  4.30000000E-02 -6.20789743E-08 -4.88924496E+01  0.00000000E+00 -3.15911582E-07  1.36863474E-01  9.33716374E-07
  4.40000000E-02 -6.23804765E-08 -4.88923133E+01  0.00000000E+00 -2.88362472E-07  1.35708967E-01  9.34014002E-07
  4.50000000E-02 -6.26550645E-08 -4.88921782E+01  0.00000000E+00 -2.62045809E-07  1.34586377E-01  9.34025225E-07
  4.60000000E-02 -6.29039519E-08 -4.88920441E+01  0.00000000E+00 -2.36924966E-07  1.33494892E-01  9.33770268E-07
  4.70000000E-02 -6.31283165E-08 -4.88919112E+01  0.00000000E+00 -2.12963925E-07  1.32433721E-01  9.33268278E-07
  4.80000000E-02 -6.33292999E-08 -4.88917793E+01  0.00000000E+00 -1.90127254E-07  1.31402092E-01  9.32537375E-07
  4.90000000E-02 -6.35080088E-08 -4.88916484E+01  0.00000000E+00 -1.68380147E-07  1.30399250E-01  9.31594703E-07
  5.00000000E-02 -6.36655154E-08 -4.88915185E+01  0.00000000E+00 -1.47688437E-07  1.29424460E-01  9.30456472E-07
  5.10000000E-02 -6.38028580E-08 -4.88913896E+01  0.00000000E+00 -1.28018589E-07  1.28477004E-01  9.29138017E-07
  5.20000000E-02 -6.39210417E-08 -4.88912616E+01  0.00000000E+00 -1.09337741E-07  1.27556182E-01  9.27653843E-07
  5.30000000E-02 -6.40210390E-08 -4.88911345E+01  0.00000000E+00 -9.16136919E-08  1.26661311E-01  9.26017656E-07
  5.40000000E-02 -6.41037906E-08 -4.88910083E+01  0.00000000E+00 -7.48149150E-08  1.25791725E-01  9.24242407E-07
  5.50000000E-02 -6.41702062E-08 -4.88908829E+01  0.00000000E+00 -5.89105634E-08  1.24946774E-01  9.22340326E-07
  5.60000000E-02 -6.42211645E-08 -4.88907584E+01  0.00000000E+00 -4.38704707E-08  1.24125823E-01  9.20322975E-07
  5.70000000E-02 -6.42575150E-08 -4.88906347E+01  0.00000000E+00 -2.96651559E-08  1.23328255E-01  9.18201261E-07
  5.80000000E-02 -6.42800775E-08 -4.88905117E+01  0.00000000E+00 -1.62658232E-08  1.22553467E-01  9.15985475E-07
  5.90000000E-02 -6.42896436E-08 -4.88903896E+01  0.00000000E+00 -3.64436915E-09  1.21800871E-01  9.13685325E-07
  6.00000000E-02 -6.42869773E-08 -4.88902681E+01  0.00000000E+00  8.22663794E-09  1.21069893E-01  9.11309978E-07
  6.10000000E-02 -6.42728151E-08 -4.88901474E+01  0.00000000E+00  1.93739435E-08  1.20359974E-01  9.08868052E-07
  6.20000000E-02 -6.42478675E-08 -4.88900274E+01  0.00000000E+00  2.98236132E-08  1.19670570E-01  9.06367677E-07
  6.30000000E-02 -6.42128191E-08 -4.88899081E+01  0.00000000E+00  3.96010440E-08  1.19001149E-01  9.03816508E-07
  6.40000000E-02 -6.41683293E-08 -4.88897894E+01  0.00000000E+00  4.87309706E-08  1.18351194E-01  9.01221751E-07
  6.50000000E-02 -6.41150334E-08 -4.88896714E+01  0.00000000E+00  5.72374583E-08  1.17720198E-01  8.98590174E-07
  6.60000000E-02 -6.40535427E-08 -4.88895540E+01  0.00000000E+00  6.51439247E-08  1.17107669E-01  8.95928141E-07
  6.70000000E-02 -6.39844455E-08 -4.88894372E+01  0.00000000E+00  7.24731504E-08  1.16513129E-01  8.93241631E-07
  6.80000000E-02 -6.39083078E-08 -4.88893210E+01  0.00000000E+00  7.92472604E-08  1.15936109E-01  8.90536253E-07
  6.90000000E-02 -6.38256735E-08 -4.88892053E+01  0.00000000E+00  8.54877685E-08  1.15376153E-01  8.87817275E-07
  7.00000000E-02 -6.37370654E-08 -4.88890902E+01  0.00000000E+00  9.12155594E-08  1.14832817E-01  8.85089620E-07
  7.10000000E-02 -6.36429860E-08 -4.88889757E+01  0.00000000E+00  9.64509166E-08  1.14305667E-01  8.82357906E-07
  7.20000000E-02 -6.35439174E-08 -4.88888616E+01  0.00000000E+00  1.01213517E-07  1.13794283E-01  8.79626448E-07
  7.30000000E-02 -6.34403226E-08 -4.88887481E+01  0.00000000E+00  1.05522453E-07  1.13298252E-01  8.76899283E-07
  7.40000000E-02 -6.33326456E-08 -4.88886350E+01  0.00000000E+00  1.09396241E-07  1.12817174E-01  8.74180175E-07
  7.50000000E-02 -6.32213125E-08 -4.88885225E+01  0.00000000E+00  1.12852825E-07  1.12350658E-01  8.71472624E-07
  7.60000000E-02 -6.31067314E-08 -4.88884104E+01  0.00000000E+00  1.15909595E-07  1.11898323E-01  8.68779903E-07
  7.70000000E-02 -6.29892934E-08 -4.88882987E+01  0.00000000E+00  1.18583395E-07  1.11459800E-01  8.66105050E-07
  7.80000000E-02 -6.28693731E-08 -4.88881874E+01  0.00000000E+00  1.20890541E-07  1.11034726E-01  8.63450881E-07
  7.90000000E-02 -6.27473290E-08 -4.88880766E+01  0.00000000E+00  1.22846817E-07  1.10622750E-01  8.60820010E-07
  8.00000000E-02 -6.26235040E-08 -4.88879662E+01  0.00000000E+00  1.24467503E-07  1.10223528E-01  8.58214844E-07
  8.10000000E-02 -6.24982262E-08 -4.88878562E+01  0.00000000E+00  1.25767378E-07  1.09836727E-01  8.55637626E-07
  8.20000000E-02 -6.23718089E-08 -4.88877465E+01  0.00000000E+00  1.26760734E-07  1.09462021E-01  8.53090405E-07
  8.30000000E-02 -6.22445515E-08 -4.88876373E+01  0.00000000E+00  1.27461385E-07  1.09099093E-01  8.50575071E-07
  8.40000000E-02 -6.21167398E-08 -4.88875283E+01  0.00000000E+00  1.27882681E-07  1.08747634E-01  8.48093350E-07
  8.50000000E-02 -6.19886464E-08 -4.88874198E+01  0.00000000E+00  1.28037515E-07  1.08407343E-01  8.45646832E-07
  8.60000000E-02 -6.18605315E-08 -4.88873115E+01  0.00000000E+00  1.27938344E-07  1.08077927E-01  8.43236950E-07
  8.70000000E-02 -6.17326427E-08 -4.88872036E+01  0.00000000E+00  1.27597192E-07  1.07759100E-01  8.40865009E-07
  8.80000000E-02 -6.16052161E-08 -4.88870960E+01  0.00000000E+00  1.27025661E-07  1.07450584E-01  8.38532198E-07
  8.90000000E-02 -6.14784762E-08 -4.88869887E+01  0.00000000E+00  1.26234944E-07  1.07152108E-01  8.36239570E-07
  9.00000000E-02 -6.13526366E-08 -4.88868817E+01  0.00000000E+00  1.25235840E-07  1.06863409E-01  8.33988074E-07
  9.10000000E-02 -6.12279004E-08 -4.88867750E+01  0.00000000E+00  1.24038759E-07  1.06584229E-01  8.31778555E-07
  9.20000000E-02 -6.11044601E-08 -4.88866686E+01  0.00000000E+00  1.22653731E-07  1.06314318E-01  8.29611748E-07
  9.30000000E-02 -6.09824989E-08 -4.88865624E+01  0.00000000E+00  1.21090432E-07  1.06053432E-01  8.27488304E-07
  9.40000000E-02 -6.08621901E-08 -4.88864565E+01  0.00000000E+00  1.19358167E-07  1.05801334E-01  8.25408782E-07
  9.50000000E-02 -6.07436981E-08 -4.88863508E+01  0.00000000E+00  1.17465900E-07  1.05557792E-01  8.23373644E-07
  9.60000000E-02 -6.06271783E-08 -4.88862453E+01  0.00000000E+00  1.15422276E-07  1.05322581E-01  8.21383299E-07
  9.70000000E-02 -6.05127779E-08 -4.88861401E+01  0.00000000E+00  1.13235588E-07  1.05095482E-01  8.19438054E-07
  9.80000000E-02 -6.04006356E-08 -4.88860352E+01  0.00000000E+00  1.10913828E-07  1.04876280E-01  8.17538158E-07
  9.90000000E-02 -6.02908827E-08 -4.88859304E+01  0.00000000E+00  1.08464689E-07  1.04664769E-01  8.15683802E-07
  1.00000000E-01 -6.01836426E-08 -4.88858258E+01  0.00000000E+00  1.05895548E-07  1.04460745E-01  8.13875095E-07
  1.01000000E-01 -6.00790316E-08 -4.88857215E+01  0.00000000E+00  1.03213510E-07  1.04264011E-01  8.12112112E-07
  1.02000000E-01 -5.99771591E-08 -4.88856173E+01  0.00000000E+00  1.00425392E-07  1.04074375E-01  8.10394853E-07
  1.03000000E-01 -5.98781278E-08 -4.88855133E+01  0.00000000E+00  9.75377456E-08  1.03891649E-01  8.08723277E-07
  1.04000000E-01 -5.97820338E-08 -4.88854095E+01  0.00000000E+00  9.45568545E-08  1.03715653E-01  8.07097293E-07
  1.05000000E-01 -5.96889674E-08 -4.88853059E+01  0.00000000E+00  9.14887567E-08  1.03546207E-01  8.05516771E-07
  1.06000000E-01 -5.95990127E-08 -4.88852024E+01  0.00000000E+00  8.83392419E-08  1.03383140E-01  8.03981528E-07
  1.07000000E-01 -5.95122482E-08 -4.88850991E+01  0.00000000E+00  8.51138584E-08  1.03226283E-01  8.02491353E-07
  1.08000000E-01 -5.94287471E-08 -4.88849960E+01  0.00000000E+00  8.18179249E-08  1.03075472E-01  8.01045998E-07
  1.09000000E-01 -5.93485771E-08 -4.88848930E+01  0.00000000E+00  7.84565445E-08  1.02930549E-01  7.99645169E-07
  1.10000000E-01 -5.92718013E-08 -4.88847901E+01  0.00000000E+00  7.50346062E-08  1.02791357E-01  7.98288561E-07
  1.11000000E-01 -5.91984776E-08 -4.88846874E+01  0.00000000E+00  7.15567797E-08  1.02657745E-01  7.96975825E-07
  1.12000000E-01 -5.91286598E-08 -4.88845848E+01  0.00000000E+00  6.80275490E-08  1.02529566E-01  7.95706587E-07
  1.13000000E-01 -5.90623968E-08 -4.88844824E+01  0.00000000E+00  6.44511847E-08  1.02406677E-01  7.94480458E-07
  1.14000000E-01 -5.89997338E-08 -4.88843800E+01  0.00000000E+00  6.08317922E-08  1.02288939E-01  7.93297015E-07
  1.15000000E-01 -5.89407117E-08 -4.88842778E+01  0.00000000E+00  5.71732844E-08  1.02176215E-01  7.92155827E-07
  1.16000000E-01 -5.88853677E-08 -4.88841757E+01  0.00000000E+00  5.34794015E-08  1.02068372E-01  7.91056426E-07
  1.17000000E-01 -5.88337352E-08 -4.88840736E+01  0.00000000E+00  4.97537154E-08  1.01965283E-01  7.89998346E-07
  1.18000000E-01 -5.87858444E-08 -4.88839717E+01  0.00000000E+00  4.59996385E-08  1.01866822E-01  7.88981094E-07
  1.19000000E-01 -5.87417218E-08 -4.88838699E+01  0.00000000E+00  4.22204175E-08  1.01772866E-01  7.88004169E-07
  1.20000000E-01 -5.87013910E-08 -4.88837682E+01  0.00000000E+00  3.84191607E-08  1.01683297E-01  7.87067049E-07
  1.21000000E-01 -5.86648724E-08 -4.88836665E+01  0.00000000E+00  3.45988217E-08  1.01597999E-01  7.86169211E-07
  1.22000000E-01 -5.86321838E-08 -4.88835650E+01  0.00000000E+00  3.07622152E-08  1.01516860E-01  7.85310113E-07
  1.23000000E-01 -5.86033399E-08 -4.88834635E+01  0.00000000E+00  2.69120280E-08  1.01439769E-01  7.84489209E-07
  1.24000000E-01 -5.85783529E-08 -4.88833621E+01  0.00000000E+00  2.30508082E-08  1.01366620E-01  7.83705948E-07
  1.25000000E-01 -5.85572327E-08 -4.88832608E+01  0.00000000E+00  1.91809775E-08  1.01297308E-01  7.82959765E-07
  1.26000000E-01 -5.85399867E-08 -4.88831595E+01  0.00000000E+00  1.53048473E-08  1.01231734E-01  7.82250091E-07
  1.27000000E-01 -5.85266199E-08 -4.88830583E+01  0.00000000E+00  1.14246011E-08  1.01169797E-01  7.81576358E-07
  1.28000000E-01 -5.85171354E-08 -4.88829572E+01  0.00000000E+00  7.54232022E-09  1.01111403E-01  7.80937990E-07
  1.29000000E-01 -5.85115342E-08 -4.88828561E+01  0.00000000E+00  3.65996794E-09  1.01056457E-01  7.80334405E-07
  1.30000000E-01 -5.85098154E-08 -4.88827551E+01  0.00000000E+00 -2.20585071E-10  1.01004869E-01  7.79765030E-07
  1.31000000E-01 -5.85119763E-08 -4.88826541E+01  0.00000000E+00 -4.09757139E-09  1.00956551E-01  7.79229272E-07
  1.32000000E-01 -5.85180124E-08 -4.88825532E+01  0.00000000E+00 -7.96932177E-09  1.00911416E-01  7.78726559E-07
  1.33000000E-01 -5.85279176E-08 -4.88824523E+01  0.00000000E+00 -1.18342616E-08  1.00869380E-01  7.78256303E-07
  1.34000000E-01 -5.85416843E-08 -4.88823514E+01  0.00000000E+00 -1.56908908E-08  1.00830361E-01  7.77817918E-07
  1.35000000E-01 -5.85593035E-08 -4.88822506E+01  0.00000000E+00 -1.95378086E-08  1.00794281E-01  7.77410831E-07
  1.36000000E-01 -5.85807648E-08 -4.88821498E+01  0.00000000E+00 -2.33736921E-08  1.00761062E-01  7.77034457E-07
  1.37000000E-01 -5.86060564E-08 -4.88820491E+01  0.00000000E+00 -2.71972912E-08  1.00730628E-01  7.76688220E-07
  1.38000000E-01 -5.86351655E-08 -4.88819484E+01  0.00000000E+00 -3.10074321E-08  1.00702906E-01  7.76371547E-07
  1.39000000E-01 -5.86680780E-08 -4.88818477E+01  0.00000000E+00 -3.48030212E-08  1.00677824E-01  7.76083864E-07
  1.40000000E-01 -5.87047788E-08 -4.88817470E+01  0.00000000E+00 -3.85830190E-08  1.00655314E-01  7.75824602E-07
  1.41000000E-01 -5.87452518E-08 -4.88816464E+01  0.00000000E+00 -4.23464691E-08  1.00635308E-01  7.75593202E-07
  1.42000000E-01 -5.87894800E-08 -4.88815458E+01  0.00000000E+00 -4.60924646E-08  1.00617739E-01  7.75389098E-07
  1.43000000E-01 -5.88374455E-08 -4.88814451E+01  0.00000000E+00 -4.98201661E-08  1.00602545E-01  7.75211736E-07
  1.44000000E-01 -5.88891295E-08 -4.88813446E+01  0.00000000E+00 -5.35287931E-08  1.00589661E-01  7.75060567E-07
  1.45000000E-01 -5.89445126E-08 -4.88812440E+01  0.00000000E+00 -5.72176093E-08  1.00579028E-01  7.74935048E-07
  1.46000000E-01 -5.90035746E-08 -4.88811434E+01  0.00000000E+00 -6.08859524E-08  1.00570586E-01  7.74834634E-07
  1.47000000E-01 -5.90662947E-08 -4.88810428E+01  0.00000000E+00 -6.45331906E-08  1.00564278E-01  7.74758793E-07
  1.48000000E-01 -5.91326515E-08 -4.88809423E+01  0.00000000E+00 -6.81587529E-08  1.00560048E-01  7.74706993E-07
  1.49000000E-01 -5.92026231E-08 -4.88808417E+01  0.00000000E+00 -7.17621136E-08  1.00557842E-01  7.74678715E-07
  1.50000000E-01 -5.92761869E-08 -4.88807412E+01  0.00000000E+00 -7.53427830E-08  1.00557606E-01  7.74673445E-07
  1.51000000E-01 -5.93533200E-08 -4.88806406E+01  0.00000000E+00 -7.89003232E-08  1.00559288E-01  7.74690664E-07
  1.52000000E-01 -5.94339991E-08 -4.88805400E+01  0.00000000E+00 -8.24343383E-08  1.00562839E-01  7.74729878E-07
  1.53000000E-01 -5.95182004E-08 -4.88804395E+01  0.00000000E+00 -8.59444598E-08  1.00568209E-01  7.74790581E-07
  1.54000000E-01 -5.96059000E-08 -4.88803389E+01  0.00000000E+00 -8.94303638E-08  1.00575350E-01  7.74872292E-07
  1.55000000E-01 -5.96970733E-08 -4.88802383E+01  0.00000000E+00 -9.28917669E-08  1.00584218E-01  7.74974518E-07
  1.56000000E-01 -5.97916957E-08 -4.88801377E+01  0.00000000E+00 -9.63284034E-08  1.00594765E-01  7.75096791E-07
  1.57000000E-01 -5.98897425E-08 -4.88800371E+01  0.00000000E+00 -9.97400624E-08  1.00606949E-01  7.75238635E-07
  1.58000000E-01 -5.99911884E-08 -4.88799365E+01  0.00000000E+00 -1.03126537E-07  1.00620726E-01  7.75399590E-07
  1.59000000E-01 -6.00960081E-08 -4.88798359E+01  0.00000000E+00 -1.06487673E-07  1.00636055E-01  7.75579200E-07
  1.60000000E-01 -6.02041764E-08 -4.88797352E+01  0.00000000E+00 -1.09823328E-07  1.00652895E-01  7.75777017E-07
  1.61000000E-01 -6.03156675E-08 -4.88796346E+01  0.00000000E+00 -1.13133392E-07  1.00671208E-01  7.75992604E-07
  1.62000000E-01 -6.04304559E-08 -4.88795339E+01  0.00000000E+00 -1.16417782E-07  1.00690954E-01  7.76225517E-07
  1.63000000E-01 -6.05485159E-08 -4.88794332E+01  0.00000000E+00 -1.19676434E-07  1.00712096E-01  7.76475337E-07
  1.64000000E-01 -6.06698217E-08 -4.88793325E+01  0.00000000E+00 -1.22909304E-07  1.00734597E-01  7.76741642E-07
  1.65000000E-01 -6.07943474E-08 -4.88792317E+01  0.00000000E+00 -1.26116383E-07  1.00758424E-01  7.77024022E-07
  1.66000000E-01 -6.09220673E-08 -4.88791310E+01  0.00000000E+00 -1.29297669E-07  1.00783540E-01  7.77322065E-07
  1.67000000E-01 -6.10529557E-08 -4.88790302E+01  0.00000000E+00 -1.32453181E-07  1.00809912E-01  7.77635378E-07
  1.68000000E-01 -6.11869866E-08 -4.88789293E+01  0.00000000E+00 -1.35582958E-07  1.00837509E-01  7.77963568E-07
  1.69000000E-01 -6.13241344E-08 -4.88788285E+01  0.00000000E+00 -1.38687054E-07  1.00866297E-01  7.78306255E-07
  1.70000000E-01 -6.14643735E-08 -4.88787276E+01  0.00000000E+00 -1.41765548E-07  1.00896246E-01  7.78663061E-07
  1.71000000E-01 -6.16076783E-08 -4.88786267E+01  0.00000000E+00 -1.44818522E-07  1.00927327E-01  7.79033612E-07
  1.72000000E-01 -6.17540233E-08 -4.88785258E+01  0.00000000E+00 -1.47846078E-07  1.00959508E-01  7.79417544E-07
  1.73000000E-01 -6.19033832E-08 -4.88784248E+01  0.00000000E+00 -1.50848336E-07  1.00992763E-01  7.79814511E-07
  1.74000000E-01 -6.20557327E-08 -4.88783238E+01  0.00000000E+00 -1.53825417E-07  1.01027064E-01  7.80224155E-07
  1.75000000E-01 -6.22110466E-08 -4.88782227E+01  0.00000000E+00 -1.56777468E-07  1.01062383E-01  7.80646137E-07
  1.76000000E-01 -6.23693001E-08 -4.88781217E+01  0.00000000E+00 -1.59704636E-07  1.01098693E-01  7.81080122E-07
  1.77000000E-01 -6.25304683E-08 -4.88780205E+01  0.00000000E+00 -1.62607079E-07  1.01135971E-01  7.81525780E-07
  1.78000000E-01 -6.26945266E-08 -4.88779194E+01  0.00000000E+00 -1.65484977E-07  1.01174190E-01  7.81982789E-07
  1.79000000E-01 -6.28614506E-08 -4.88778182E+01  0.00000000E+00 -1.68338506E-07  1.01213326E-01  7.82450833E-07
  1.80000000E-01 -6.30312158E-08 -4.88777170E+01  0.00000000E+00 -1.71167853E-07  1.01253356E-01  7.82929606E-07
  1.81000000E-01 -6.32037984E-08 -4.88776157E+01  0.00000000E+00 -1.73973217E-07  1.01294256E-01  7.83418800E-07
  1.82000000E-01 -6.33791743E-08 -4.88775144E+01  0.00000000E+00 -1.76754806E-07  1.01336005E-01  7.83918127E-07
  1.83000000E-01 -6.35573199E-08 -4.88774130E+01  0.00000000E+00 -1.79512826E-07  1.01378581E-01  7.84427288E-07
  1.84000000E-01 -6.37382117E-08 -4.88773116E+01  0.00000000E+00 -1.82247495E-07  1.01421962E-01  7.84946005E-07
  1.85000000E-01 -6.39218265E-08 -4.88772102E+01  0.00000000E+00 -1.84959041E-07  1.01466128E-01  7.85474003E-07
  1.86000000E-01 -6.41081413E-08 -4.88771087E+01  0.00000000E+00 -1.87647690E-07  1.01511059E-01  7.86011002E-07
  1.87000000E-01 -6.42971334E-08 -4.88770071E+01  0.00000000E+00 -1.90313677E-07  1.01556734E-01  7.86556741E-07
  1.88000000E-01 -6.44887800E-08 -4.88769056E+01  0.00000000E+00 -1.92957240E-07  1.01603137E-01  7.87110959E-07
  1.89000000E-01 -6.46830590E-08 -4.88768039E+01  0.00000000E+00 -1.95578621E-07  1.01650247E-01  7.87673404E-07
  1.90000000E-01 -6.48799484E-08 -4.88767023E+01  0.00000000E+00 -1.98178064E-07  1.01698046E-01  7.88243828E-07
  1.91000000E-01 -6.50794261E-08 -4.88766005E+01  0.00000000E+00 -2.00755822E-07  1.01746518E-01  7.88821985E-07
  1.92000000E-01 -6.52814708E-08 -4.88764988E+01  0.00000000E+00 -2.03312147E-07  1.01795645E-01  7.89407643E-07
  1.93000000E-01 -6.54860612E-08 -4.88763969E+01  0.00000000E+00 -2.05847290E-07  1.01845411E-01  7.90000566E-07
  1.94000000E-01 -6.56931760E-08 -4.88762951E+01  0.00000000E+00 -2.08361515E-07  1.01895799E-01  7.90600525E-07
  1.95000000E-01 -6.59027946E-08 -4.88761932E+01  0.00000000E+00 -2.10855077E-07  1.01946794E-01  7.91207303E-07
  1.96000000E-01 -6.61148965E-08 -4.88760912E+01  0.00000000E+00 -2.13328236E-07  1.01998380E-01  7.91820687E-07
  1.97000000E-01 -6.63294613E-08 -4.88759892E+01  0.00000000E+00 -2.15781258E-07  1.02050543E-01  7.92440458E-07
  1.98000000E-01 -6.65464691E-08 -4.88758871E+01  0.00000000E+00 -2.18214404E-07  1.02103267E-01  7.93066416E-07
  1.99000000E-01 -6.67659001E-08 -4.88757850E+01  0.00000000E+00 -2.20627936E-07  1.02156540E-01  7.93698361E-07
  2.00000000E-01 -6.69877348E-08 -4.88756828E+01  0.00000000E+00  4.03115764E-06 -1.73813916E-01 -1.26963935E-06
  2.01000000E-01 -6.08306843E-08 -4.88759946E+01  0.00000000E+00  3.56636406E-06 -1.70220507E-01 -2.01618501E-06
  2.02000000E-01 -5.74967171E-08 -4.88761630E+01  0.00000000E+00  4.03826044E-06 -1.66014506E-01 -1.01796677E-06
  2.03000000E-01 -5.32225084E-08 -4.88763269E+01  0.00000000E+00  3.76187137E-06 -1.61444187E-01 -1.22616190E-06
  2.04000000E-01 -4.95988316E-08 -4.88764861E+01  0.00000000E+00  3.61530624E-06 -1.56914111E-01 -1.18776785E-06
  2.05000000E-01 -4.60568079E-08 -4.88766407E+01  0.00000000E+00  3.46888518E-06 -1.52476491E-01 -1.14771089E-06
  2.06000000E-01 -4.26611333E-08 -4.88767910E+01  0.00000000E+00  3.32642356E-06 -1.48155088E-01 -1.10830887E-06
  2.07000000E-01 -3.94059405E-08 -4.88769370E+01  0.00000000E+00  3.18875447E-06 -1.43955202E-01 -1.07025570E-06
  2.08000000E-01 -3.62860206E-08 -4.88770788E+01  0.00000000E+00  3.05608601E-06 -1.39876100E-01 -1.03371323E-06
  2.09000000E-01 -3.32962688E-08 -4.88772167E+01  0.00000000E+00  2.92835506E-06 -1.35915100E-01 -9.98677374E-07
  2.10000000E-01 -3.04317792E-08 -4.88773506E+01  0.00000000E+00  2.80541597E-06 -1.32068945E-01 -9.65094427E-07
  2.11000000E-01 -2.76878328E-08 -4.88774807E+01  0.00000000E+00  2.68710033E-06 -1.28334262E-01 -9.32898000E-07
  2.12000000E-01 -2.50598903E-08 -4.88776072E+01  0.00000000E+00  2.57323717E-06 -1.24707714E-01 -9.02020523E-07
  2.13000000E-01 -2.25435847E-08 -4.88777301E+01  0.00000000E+00  2.46365961E-06 -1.21186047E-01 -8.72396769E-07
  2.14000000E-01 -2.01347139E-08 -4.88778495E+01  0.00000000E+00  2.35820684E-06 -1.17766103E-01 -8.43964734E-07
  2.15000000E-01 -1.78292334E-08 -4.88779656E+01  0.00000000E+00  2.25672457E-06 -1.14444826E-01 -8.16665823E-07
  2.16000000E-01 -1.56232500E-08 -4.88780784E+01  0.00000000E+00  2.15906487E-06 -1.11219253E-01 -7.90444735E-07
  2.17000000E-01 -1.35130150E-08 -4.88781880E+01  0.00000000E+00  2.06508597E-06 -1.08086519E-01 -7.65249259E-07
  2.18000000E-01 -1.14949184E-08 -4.88782945E+01  0.00000000E+00  1.97465193E-06 -1.05043849E-01 -7.41030142E-07
  2.19000000E-01 -9.56548353E-09 -4.88783980E+01  0.00000000E+00  1.88763238E-06 -1.02088557E-01 -7.17740870E-07
  2.20000000E-01 -7.72136093E-09 -4.88784986E+01  0.00000000E+00  1.80390218E-06 -9.92180400E-02 -6.95337523E-07
  2.21000000E-01 -5.95932385E-09 -4.88785964E+01  0.00000000E+00  1.72334121E-06 -9.64297802E-02 -6.73778600E-07
  2.22000000E-01 -4.27626313E-09 -4.88786914E+01  0.00000000E+00  1.64583409E-06 -9.37213377E-02 -6.53024889E-07
  2.23000000E-01 -2.66918260E-09 -4.88787838E+01  0.00000000E+00  1.57126997E-06 -9.10903494E-02 -6.33039309E-07
  2.24000000E-01 -1.13519468E-09 -4.88788736E+01  0.00000000E+00  1.49954229E-06 -8.85345265E-02 -6.13786804E-07
  2.25000000E-01  3.28483771E-10 -4.88789608E+01  0.00000000E+00  1.43054858E-06 -8.60516515E-02 -5.95234196E-07
  2.26000000E-01  1.72453550E-09 -4.88790457E+01  0.00000000E+00  1.36419029E-06 -8.36395761E-02 -5.77350087E-07
  2.27000000E-01  3.05554665E-09 -4.88791281E+01  0.00000000E+00  1.30037258E-06 -8.12962188E-02 -5.60104754E-07
  2.28000000E-01  4.32401037E-09 -4.88792082E+01  0.00000000E+00  1.23900417E-06 -7.90195626E-02 -5.43470045E-07
  2.29000000E-01  5.53233033E-09 -4.88792861E+01  0.00000000E+00  1.17999718E-06 -7.68076527E-02 -5.27419281E-07
  2.30000000E-01  6.68282403E-09 -4.88793618E+01  0.00000000E+00  1.12326699E-06 -7.46585946E-02 -5.11927188E-07
  2.31000000E-01  7.77772592E-09 -4.88794354E+01  0.00000000E+00  1.06873207E-06 -7.25705523E-02 -4.96969785E-07
  2.32000000E-01  8.81919053E-09 -4.88795069E+01  0.00000000E+00  1.01631387E-06 -7.05417456E-02 -4.82524337E-07
  2.33000000E-01  9.80929530E-09 -4.88795764E+01  0.00000000E+00  9.65936688E-07 -6.85704492E-02 -4.68569270E-07
  2.34000000E-01  1.07500434E-08 -4.88796440E+01  0.00000000E+00  9.17527568E-07 -6.66549903E-02 -4.55084101E-07
  2.35000000E-01  1.16433664E-08 -4.88797097E+01  0.00000000E+00  8.71016156E-07 -6.47937468E-02 -4.42049383E-07
  2.36000000E-01  1.24911269E-08 -4.88797736E+01  0.00000000E+00  8.26334616E-07 -6.29851462E-02 -4.29446640E-07
  2.37000000E-01  1.32951207E-08 -4.88798357E+01  0.00000000E+00  7.83417529E-07 -6.12276635E-02 -4.17258313E-07
  2.38000000E-01  1.40570797E-08 -4.88798960E+01  0.00000000E+00  7.42201787E-07 -5.95198196E-02 -4.05467712E-07
  2.39000000E-01  1.47786736E-08 -4.88799547E+01  0.00000000E+00  7.02626508E-07 -5.78601804E-02 -3.94058960E-07
  2.40000000E-01  1.54615125E-08 -4.88800117E+01  0.00000000E+00  6.64632953E-07 -5.62473546E-02 -3.83016953E-07
  2.41000000E-01  1.61071486E-08 -4.88800671E+01  0.00000000E+00  6.28164437E-07 -5.46799929E-02 -3.72327315E-07
  2.42000000E-01  1.67170788E-08 -4.88801210E+01  0.00000000E+00  5.93166262E-07 -5.31567862E-02 -3.61976357E-07
  2.43000000E-01  1.72927460E-08 -4.88801734E+01  0.00000000E+00  5.59585621E-07 -5.16764650E-02 -3.51951041E-07
  2.44000000E-01  1.78355413E-08 -4.88802244E+01  0.00000000E+00  5.27371556E-07 -5.02377971E-02 -3.42238940E-07
  2.45000000E-01  1.83468058E-08 -4.88802739E+01  0.00000000E+00  4.96474865E-07 -4.88395874E-02 -3.32828213E-07
  2.46000000E-01  1.88278323E-08 -4.88803220E+01  0.00000000E+00  4.66848051E-07 -4.74806763E-02 -3.23707559E-07
  2.47000000E-01  1.92798670E-08 -4.88803688E+01  0.00000000E+00  4.38445256E-07 -4.61599384E-02 -3.14866202E-07
  2.48000000E-01  1.97041108E-08 -4.88804143E+01  0.00000000E+00  4.11222203E-07 -4.48762819E-02 -3.06293860E-07
  2.49000000E-01  2.01017215E-08 -4.88804586E+01  0.00000000E+00  3.85136140E-07 -4.36286471E-02 -2.97980708E-07
  2.50000000E-01  2.04738146E-08 -4.88805016E+01  0.00000000E+00  3.60145783E-07 -4.24160056E-02 -2.89917371E-07
  2.51000000E-01  2.08214652E-08 -4.88805434E+01  0.00000000E+00  3.36211264E-07 -4.12373593E-02 -2.82094881E-07
  2.52000000E-01  2.11457092E-08 -4.88805840E+01  0.00000000E+00  3.13294084E-07 -4.00917395E-02 -2.74504671E-07
  2.53000000E-01  2.14475447E-08 -4.88806235E+01  0.00000000E+00  2.91357067E-07 -3.89782059E-02 -2.67138549E-07
  2.54000000E-01  2.17279333E-08 -4.88806620E+01  0.00000000E+00  2.70364307E-07 -3.78958459E-02 -2.59988677E-07
  2.55000000E-01  2.19878012E-08 -4.88806993E+01  0.00000000E+00  2.50281130E-07 -3.68437734E-02 -2.53047551E-07
  2.56000000E-01  2.22280408E-08 -4.88807356E+01  0.00000000E+00  2.31074049E-07 -3.58211284E-02 -2.46307993E-07
  2.57000000E-01  2.24495113E-08 -4.88807710E+01  0.00000000E+00  2.12710723E-07 -3.48270757E-02 -2.39763119E-07
  2.58000000E-01  2.26530403E-08 -4.88808053E+01  0.00000000E+00  1.95159925E-07 -3.38608049E-02 -2.33406346E-07
  2.59000000E-01  2.28394248E-08 -4.88808387E+01  0.00000000E+00  1.78391488E-07 -3.29215287E-02 -2.27231352E-07
  2.60000000E-01  2.30094321E-08 -4.88808711E+01  0.00000000E+00  1.62376287E-07 -3.20084831E-02 -2.21232084E-07
  2.61000000E-01  2.31638008E-08 -4.88809027E+01  0.00000000E+00  1.47086193E-07 -3.11209259E-02 -2.15402729E-07
  2.62000000E-01  2.33032420E-08 -4.88809333E+01  0.00000000E+00  1.32494042E-07 -3.02581366E-02 -2.09737714E-07
  2.63000000E-01  2.34284399E-08 -4.88809632E+01  0.00000000E+00  1.18573604E-07 -2.94194156E-02 -2.04231686E-07
  2.64000000E-01  2.35400533E-08 -4.88809922E+01  0.00000000E+00  1.05299550E-07 -2.86040833E-02 -1.98879509E-07
  2.65000000E-01  2.36387158E-08 -4.88810204E+01  0.00000000E+00  9.26474244E-08 -2.78114801E-02 -1.93676247E-07
  2.66000000E-01  2.37250372E-08 -4.88810478E+01  0.00000000E+00  8.05936113E-08 -2.70409650E-02 -1.88617155E-07
  2.67000000E-01  2.37996039E-08 -4.88810744E+01  0.00000000E+00  6.91153124E-08 -2.62919157E-02 -1.83697675E-07
  2.68000000E-01  2.38629801E-08 -4.88811004E+01  0.00000000E+00  5.81905130E-08 -2.55637277E-02 -1.78913421E-07
  2.69000000E-01  2.39157082E-08 -4.88811256E+01  0.00000000E+00  4.77979632E-08 -2.48558140E-02 -1.74260176E-07
  2.70000000E-01  2.39583099E-08 -4.88811501E+01  0.00000000E+00  3.79171476E-08 -2.41676043E-02 -1.69733879E-07
  2.71000000E-01  2.39912866E-08 -4.88811739E+01  0.00000000E+00  2.85282622E-08 -2.34985448E-02 -1.65330626E-07
  2.72000000E-01  2.40151204E-08 -4.88811970E+01  0.00000000E+00  1.96121928E-08 -2.28480974E-02 -1.61046654E-07
  2.73000000E-01  2.40302746E-08 -4.88812196E+01  0.00000000E+00  1.11504883E-08 -2.22157395E-02 -1.56878339E-07
  2.74000000E-01  2.40371942E-08 -4.88812415E+01  0.00000000E+00  3.12534393E-09 -2.16009634E-02 -1.52822189E-07
  2.75000000E-01  2.40363070E-08 -4.88812628E+01  0.00000000E+00 -4.48042779E-09 -2.10032759E-02 -1.48874838E-07
  2.76000000E-01  2.40280237E-08 -4.88812835E+01  0.00000000E+00 -1.16834053E-08 -2.04221978E-02 -1.45033042E-07
  2.77000000E-01  2.40127388E-08 -4.88813036E+01  0.00000000E+00 -1.84995926E-08 -1.98572639E-02 -1.41293670E-07
  2.78000000E-01  2.39908311E-08 -4.88813232E+01  0.00000000E+00 -2.49444277E-08 -1.93080217E-02 -1.37653703E-07
  2.79000000E-01  2.39626642E-08 -4.88813422E+01  0.00000000E+00 -3.10328048E-08 -1.87740320E-02 -1.34110228E-07
  2.80000000E-01  2.39285872E-08 -4.88813607E+01  0.00000000E+00 -3.67790913E-08 -1.82548679E-02 -1.30660432E-07
  2.81000000E-01  2.38889350E-08 -4.88813787E+01  0.00000000E+00 -4.21971482E-08 -1.77501148E-02 -1.27301598E-07
  2.82000000E-01  2.38440288E-08 -4.88813962E+01  0.00000000E+00 -4.73003426E-08 -1.72593695E-02 -1.24031103E-07
  2.83000000E-01  2.37941769E-08 -4.88814132E+01  0.00000000E+00 -5.21015654E-08 -1.67822407E-02 -1.20846414E-07
  2.84000000E-01  2.37396747E-08 -4.88814298E+01  0.00000000E+00 -5.66132517E-08 -1.63183478E-02 -1.17745079E-07
  2.85000000E-01  2.36808056E-08 -4.88814458E+01  0.00000000E+00 -6.08473889E-08 -1.58673212E-02 -1.14724732E-07
  2.86000000E-01  2.36178412E-08 -4.88814615E+01  0.00000000E+00 -6.48155334E-08 -1.54288017E-02 -1.11783082E-07
  2.87000000E-01  2.35510416E-08 -4.88814767E+01  0.00000000E+00 -6.85288300E-08 -1.50024402E-02 -1.08917916E-07
  2.88000000E-01  2.34806561E-08 -4.88814915E+01  0.00000000E+00 -7.19980186E-08 -1.45878976E-02 -1.06127091E-07
  2.89000000E-01  2.34069235E-08 -4.88815059E+01  0.00000000E+00 -7.52334497E-08 -1.41848442E-02 -1.03408535E-07
  2.90000000E-01  2.33300723E-08 -4.88815199E+01  0.00000000E+00 -7.82451037E-08 -1.37929597E-02 -1.00760240E-07
  2.91000000E-01  2.32503214E-08 -4.88815334E+01  0.00000000E+00 -8.10425912E-08 -1.34119329E-02 -9.81802651E-08
  2.92000000E-01  2.31678800E-08 -4.88815467E+01  0.00000000E+00 -8.36351766E-08 -1.30414612E-02 -9.56667287E-08
  2.93000000E-01  2.30829486E-08 -4.88815595E+01  0.00000000E+00 -8.60317835E-08 -1.26812507E-02 -9.32178094E-08
  2.94000000E-01  2.29957185E-08 -4.88815720E+01  0.00000000E+00 -8.82410104E-08 -1.23310156E-02 -9.08317420E-08
  2.95000000E-01  2.29063729E-08 -4.88815842E+01  0.00000000E+00 -9.02711358E-08 -1.19904783E-02 -8.85068158E-08
  2.96000000E-01  2.28150867E-08 -4.88815960E+01  0.00000000E+00 -9.21301309E-08 -1.16593689E-02 -8.62413751E-08
  2.97000000E-01  2.27220270E-08 -4.88816075E+01  0.00000000E+00 -9.38256789E-08 -1.13374251E-02 -8.40338101E-08
  2.98000000E-01  2.26273536E-08 -4.88816187E+01  0.00000000E+00 -9.53651665E-08 -1.10243919E-02 -8.18825659E-08
  2.99000000E-01  2.25312187E-08 -4.88816295E+01  0.00000000E+00 -9.67557131E-08 -1.07200217E-02 -7.97861302E-08
  3.00000000E-01  2.24337677E-08 -4.88816401E+01  0.00000000E+00 -9.80041646E-08 -1.04240736E-02 -7.77430387E-08
  3.01000000E-01  2.23351393E-08 -4.88816504E+01  0.00000000E+00 -9.91171177E-08 -1.01363136E-02 -7.57518676E-08
  3.02000000E-01  2.22354657E-08 -4.88816604E+01  0.00000000E+00 -1.00100909E-07 -9.85651411E-03 -7.38112402E-08
  3.03000000E-01  2.21348729E-08 -4.88816701E+01  0.00000000E+00 -1.00961645E-07 -9.58445405E-03 -7.19198158E-08
  3.04000000E-01  2.20334809E-08 -4.88816795E+01  0.00000000E+00 -1.01705193E-07 -9.31991846E-03 -7.00762957E-08
  3.05000000E-01  2.19314039E-08 -4.88816887E+01  0.00000000E+00 -1.02337200E-07 -9.06269844E-03 -6.82794180E-08
  3.06000000E-01  2.18287507E-08 -4.88816977E+01  0.00000000E+00 -1.02863093E-07 -8.81259091E-03 -6.65279586E-08
  3.07000000E-01  2.17256247E-08 -4.88817064E+01  0.00000000E+00 -1.03288094E-07 -8.56939848E-03 -6.48207275E-08
  3.08000000E-01  2.16221241E-08 -4.88817148E+01  0.00000000E+00 -1.03617220E-07 -8.33292926E-03 -6.31565682E-08
  3.09000000E-01  2.15183423E-08 -4.88817230E+01  0.00000000E+00 -1.03855292E-07 -8.10299674E-03 -6.15343603E-08
  3.10000000E-01  2.14143680E-08 -4.88817310E+01  0.00000000E+00 -1.04006947E-07 -7.87941961E-03 -5.99530120E-08
  3.11000000E-01  2.13102852E-08 -4.88817388E+01  0.00000000E+00 -1.04076636E-07 -7.66202163E-03 -5.84114639E-08
  3.12000000E-01  2.12061737E-08 -4.88817463E+01  0.00000000E+00 -1.04068637E-07 -7.45063147E-03 -5.69086869E-08
  3.13000000E-01  2.11021091E-08 -4.88817537E+01  0.00000000E+00 -1.03987059E-07 -7.24508258E-03 -5.54436789E-08
  3.14000000E-01  2.09981628E-08 -4.88817608E+01  0.00000000E+00 -1.03835846E-07 -7.04521307E-03 -5.40154680E-08
  3.15000000E-01  2.08944026E-08 -4.88817678E+01  0.00000000E+00 -1.03618784E-07 -6.85086554E-03 -5.26231082E-08
  3.16000000E-01  2.07908923E-08 -4.88817745E+01  0.00000000E+00 -1.03339511E-07 -6.66188701E-03 -5.12656782E-08
  3.17000000E-01  2.06876924E-08 -4.88817811E+01  0.00000000E+00 -1.03001512E-07 -6.47812872E-03 -4.99422857E-08
  3.18000000E-01  2.05848599E-08 -4.88817875E+01  0.00000000E+00 -1.02608136E-07 -6.29944610E-03 -4.86520595E-08
  3.19000000E-01  2.04824485E-08 -4.88817937E+01  0.00000000E+00 -1.02162594E-07 -6.12569856E-03 -4.73941532E-08
  3.20000000E-01  2.03805087E-08 -4.88817997E+01  0.00000000E+00 -1.01667962E-07 -5.95674947E-03 -4.61677445E-08
  3.21000000E-01  2.02790880E-08 -4.88818056E+01  0.00000000E+00 -1.01127195E-07 -5.79246595E-03 -4.49720316E-08
  3.22000000E-01  2.01782312E-08 -4.88818113E+01  0.00000000E+00 -1.00543120E-07 -5.63271887E-03 -4.38062368E-08
  3.23000000E-01  2.00779801E-08 -4.88818168E+01  0.00000000E+00 -9.99184471E-08 -5.47738265E-03 -4.26696008E-08
  3.24000000E-01  1.99783740E-08 -4.88818222E+01  0.00000000E+00 -9.92557753E-08 -5.32633523E-03 -4.15613866E-08
  3.25000000E-01  1.98794496E-08 -4.88818275E+01  0.00000000E+00 -9.85575954E-08 -5.17945793E-03 -4.04808737E-08
  3.26000000E-01  1.97812411E-08 -4.88818326E+01  0.00000000E+00 -9.78262857E-08 -5.03663537E-03 -3.94273654E-08
  3.27000000E-01  1.96837804E-08 -4.88818376E+01  0.00000000E+00 -9.70641261E-08 -4.89775537E-03 -3.84001811E-08
  3.28000000E-01  1.95870974E-08 -4.88818424E+01  0.00000000E+00 -9.62732996E-08 -4.76270889E-03 -3.73986578E-08
  3.29000000E-01  1.94912195E-08 -4.88818471E+01  0.00000000E+00 -9.54558958E-08 -4.63138988E-03 -3.64221499E-08
  3.30000000E-01  1.93961723E-08 -4.88818517E+01  0.00000000E+00 -9.46139070E-08 -4.50369527E-03 -3.54700307E-08
  3.31000000E-01  1.93019794E-08 -4.88818561E+01  0.00000000E+00 -9.37492455E-08 -4.37952484E-03 -3.45416875E-08
  3.32000000E-01  1.92086625E-08 -4.88818604E+01  0.00000000E+00 -9.28637329E-08 -4.25878113E-03 -3.36365257E-08
  3.33000000E-01  1.91162415E-08 -4.88818646E+01  0.00000000E+00 -9.19591114E-08 -4.14136943E-03 -3.27539655E-08
  3.34000000E-01  1.90247347E-08 -4.88818687E+01  0.00000000E+00 -9.10370500E-08 -4.02719761E-03 -3.18934400E-08
  3.35000000E-01  1.89341587E-08 -4.88818727E+01  0.00000000E+00 -9.00991331E-08 -3.91617612E-03 -3.10544012E-08
  3.36000000E-01  1.88445285E-08 -4.88818765E+01  0.00000000E+00 -8.91468786E-08 -3.80821790E-03 -3.02363121E-08
  3.37000000E-01  1.87558578E-08 -4.88818803E+01  0.00000000E+00 -8.81817313E-08 -3.70323828E-03 -2.94386516E-08
  3.38000000E-01  1.86681586E-08 -4.88818839E+01  0.00000000E+00 -8.72050728E-08 -3.60115496E-03 -2.86609096E-08
  3.39000000E-01  1.85814419E-08 -4.88818875E+01  0.00000000E+00 -8.62182172E-08 -3.50188792E-03 -2.79025912E-08
  3.40000000E-01  1.84957171E-08 -4.88818909E+01  0.00000000E+00 -8.52224160E-08 -3.40535933E-03 -2.71632133E-08
  3.41000000E-01  1.84109925E-08 -4.88818943E+01  0.00000000E+00 -8.42188621E-08 -3.31149355E-03 -2.64423057E-08
  3.42000000E-01  1.83272755E-08 -4.88818976E+01  0.00000000E+00 -8.32086899E-08 -3.22021702E-03 -2.57394101E-08
  3.43000000E-01  1.82445719E-08 -4.88819007E+01  0.00000000E+00 -8.21929794E-08 -3.13145821E-03 -2.50540792E-08
  3.44000000E-01  1.81628867E-08 -4.88819038E+01  0.00000000E+00 -8.11727574E-08 -3.04514760E-03 -2.43858775E-08
  3.45000000E-01  1.80822241E-08 -4.88819068E+01  0.00000000E+00 -8.01489970E-08 -2.96121756E-03 -2.37343818E-08
  3.46000000E-01  1.80025870E-08 -4.88819097E+01  0.00000000E+00 -7.91226271E-08 -2.87960235E-03 -2.30991769E-08
  3.47000000E-01  1.79239775E-08 -4.88819126E+01  0.00000000E+00 -7.80945256E-08 -2.80023805E-03 -2.24798604E-08
  3.48000000E-01  1.78463971E-08 -4.88819153E+01  0.00000000E+00 -7.70655258E-08 -2.72306251E-03 -2.18760396E-08
  3.49000000E-01  1.77698460E-08 -4.88819180E+01  0.00000000E+00 -7.60364163E-08 -2.64801530E-03 -2.12873314E-08
  3.50000000E-01  1.76943242E-08 -4.88819206E+01  0.00000000E+00 -7.50079465E-08 -2.57503765E-03 -2.07133624E-08
  3.51000000E-01  1.76198305E-08 -4.88819232E+01  0.00000000E+00 -7.39808248E-08 -2.50407243E-03 -2.01537684E-08
  3.52000000E-01  1.75463632E-08 -4.88819256E+01  0.00000000E+00 -7.29557188E-08 -2.43506409E-03 -1.96081952E-08
  3.53000000E-01  1.74739200E-08 -4.88819280E+01  0.00000000E+00 -7.19332638E-08 -2.36795861E-03 -1.90762956E-08
  3.54000000E-01  1.74024980E-08 -4.88819304E+01  0.00000000E+00 -7.09140542E-08 -2.30270346E-03 -1.85577336E-08
  3.55000000E-01  1.73320935E-08 -4.88819326E+01  0.00000000E+00 -6.98986538E-08 -2.23924758E-03 -1.80521799E-08
  3.56000000E-01  1.72627026E-08 -4.88819349E+01  0.00000000E+00 -6.88875923E-08 -2.17754131E-03 -1.75593139E-08
  3.57000000E-01  1.71943205E-08 -4.88819370E+01  0.00000000E+00 -6.78813695E-08 -2.11753636E-03 -1.70788227E-08
  3.58000000E-01  1.71269423E-08 -4.88819391E+01  0.00000000E+00 -6.68804531E-08 -2.05918579E-03 -1.66104020E-08
  3.59000000E-01  1.70605623E-08 -4.88819411E+01  0.00000000E+00 -6.58852838E-08 -2.00244393E-03 -1.61537542E-08
  3.60000000E-01  1.69951746E-08 -4.88819431E+01  0.00000000E+00 -6.48962729E-08 -1.94726641E-03 -1.57085901E-08
  3.61000000E-01  1.69307728E-08 -4.88819450E+01  0.00000000E+00 -6.39138093E-08 -1.89361005E-03 -1.52746257E-08
  3.62000000E-01  1.68673502E-08 -4.88819469E+01  0.00000000E+00 -6.29382493E-08 -1.84143289E-03 -1.48515875E-08
  3.63000000E-01  1.68048998E-08 -4.88819487E+01  0.00000000E+00 -6.19699339E-08 -1.79069411E-03 -1.44392046E-08
  3.64000000E-01  1.67434140E-08 -4.88819505E+01  0.00000000E+00 -6.10091745E-08 -1.74135404E-03 -1.40372160E-08
  3.65000000E-01  1.66828852E-08 -4.88819522E+01  0.00000000E+00 -6.00562625E-08 -1.69337408E-03 -1.36453656E-08
  3.66000000E-01  1.66233054E-08 -4.88819538E+01  0.00000000E+00 -5.91114679E-08 -1.64671671E-03 -1.32634045E-08
  3.67000000E-01  1.65646663E-08 -4.88819555E+01  0.00000000E+00 -5.81750391E-08 -1.60134546E-03 -1.28910899E-08
  3.68000000E-01  1.65069595E-08 -4.88819570E+01  0.00000000E+00 -5.72472099E-08 -1.55722484E-03 -1.25281833E-08
  3.69000000E-01  1.64501762E-08 -4.88819586E+01  0.00000000E+00 -5.63281903E-08 -1.51432036E-03 -1.21744543E-08
  3.70000000E-01  1.63943075E-08 -4.88819601E+01  0.00000000E+00 -5.54181742E-08 -1.47259848E-03 -1.18296772E-08
  3.71000000E-01  1.63393443E-08 -4.88819615E+01  0.00000000E+00 -5.45173381E-08 -1.43202657E-03 -1.14936322E-08
  3.72000000E-01  1.62852774E-08 -4.88819629E+01  0.00000000E+00 -5.36258442E-08 -1.39257292E-03 -1.11661043E-08
  3.73000000E-01  1.62320973E-08 -4.88819643E+01  0.00000000E+00 -5.27438397E-08 -1.35420669E-03 -1.08468839E-08
  3.74000000E-01  1.61797945E-08 -4.88819656E+01  0.00000000E+00 -5.18714542E-08 -1.31689789E-03 -1.05357670E-08
  3.75000000E-01  1.61283592E-08 -4.88819669E+01  0.00000000E+00 -5.10088039E-08 -1.28061736E-03 -1.02325550E-08
  3.76000000E-01  1.60777817E-08 -4.88819682E+01  0.00000000E+00 -5.01559941E-08 -1.24533674E-03 -9.93705303E-09
  3.77000000E-01  1.60280522E-08 -4.88819694E+01  0.00000000E+00 -4.93131139E-08 -1.21102846E-03 -9.64907214E-09
  3.78000000E-01  1.59791605E-08 -4.88819706E+01  0.00000000E+00 -4.84802474E-08 -1.17766570E-03 -9.36842565E-09
  3.79000000E-01  1.59310967E-08 -4.88819718E+01  0.00000000E+00 -4.76574551E-08 -1.14522240E-03 -9.09493574E-09
  3.80000000E-01  1.58838506E-08 -4.88819729E+01  0.00000000E+00 -4.68447997E-08 -1.11367320E-03 -8.82842404E-09
  3.81000000E-01  1.58374121E-08 -4.88819740E+01  0.00000000E+00 -4.60423243E-08 -1.08299345E-03 -8.56872055E-09
  3.82000000E-01  1.57917711E-08 -4.88819751E+01  0.00000000E+00 -4.52500636E-08 -1.05315918E-03 -8.31565809E-09
  3.83000000E-01  1.57469171E-08 -4.88819761E+01  0.00000000E+00 -4.44680478E-08 -1.02414707E-03 -8.06907213E-09
  3.84000000E-01  1.57028401E-08 -4.88819771E+01  0.00000000E+00 -4.36962928E-08 -9.95934459E-04 -7.82880420E-09
  3.85000000E-01  1.56595297E-08 -4.88819781E+01  0.00000000E+00 -4.29348099E-08 -9.68499303E-04 -7.59469819E-09
  3.86000000E-01  1.56169756E-08 -4.88819791E+01  0.00000000E+00 -4.21835998E-08 -9.41820168E-04 -7.36660279E-09
  3.87000000E-01  1.55751676E-08 -4.88819800E+01  0.00000000E+00 -4.14426563E-08 -9.15876211E-04 -7.14437004E-09
  3.88000000E-01  1.55340954E-08 -4.88819809E+01  0.00000000E+00 -4.07119669E-08 -8.90647165E-04 -6.92785567E-09
  3.89000000E-01  1.54937488E-08 -4.88819818E+01  0.00000000E+00 -3.99915091E-08 -8.66113322E-04 -6.71691951E-09
  3.90000000E-01  1.54541175E-08 -4.88819826E+01  0.00000000E+00 -3.92812608E-08 -8.42255516E-04 -6.51142281E-09
  3.91000000E-01  1.54151914E-08 -4.88819835E+01  0.00000000E+00 -3.85811887E-08 -8.19055113E-04 -6.31123179E-09
  3.92000000E-01  1.53769602E-08 -4.88819843E+01  0.00000000E+00 -3.78912509E-08 -7.96493990E-04 -6.11621725E-09
  3.93000000E-01  1.53394139E-08 -4.88819851E+01  0.00000000E+00 -3.72114077E-08 -7.74554524E-04 -5.92625033E-09
  3.94000000E-01  1.53025425E-08 -4.88819858E+01  0.00000000E+00 -3.65416087E-08 -7.53219581E-04 -5.74120710E-09
  3.95000000E-01  1.52663357E-08 -4.88819866E+01  0.00000000E+00 -3.58818028E-08 -7.32472496E-04 -5.56096556E-09
  3.96000000E-01  1.52307838E-08 -4.88819873E+01  0.00000000E+00 -3.52319325E-08 -7.12297067E-04 -5.38540698E-09
  3.97000000E-01  1.51958769E-08 -4.88819880E+01  0.00000000E+00 -3.45919329E-08 -6.92677536E-04 -5.21441718E-09
  3.98000000E-01  1.51616049E-08 -4.88819887E+01  0.00000000E+00 -3.39617406E-08 -6.73598581E-04 -5.04788246E-09
  3.99000000E-01  1.51279583E-08 -4.88819893E+01  0.00000000E+00 -3.33412858E-08 -6.55045302E-04 -4.88569322E-09
  4.00000000E-01  1.50949272E-08 -4.88819900E+01  0.00000000E+00 -3.27304958E-08 -6.37003212E-04 -4.72774175E-09
  4.01000000E-01  1.50625021E-08 -4.88819906E+01  0.00000000E+00 -3.21292949E-08 -6.19458220E-04 -4.57392340E-09
  4.02000000E-01  1.50306734E-08 -4.88819912E+01  0.00000000E+00 -3.15376046E-08 -6.02396626E-04 -4.42413607E-09
  4.03000000E-01  1.49994317E-08 -4.88819918E+01  0.00000000E+00 -3.09553411E-08 -5.85805107E-04 -4.27828087E-09
  4.04000000E-01  1.49687675E-08 -4.88819924E+01  0.00000000E+00 -3.03824229E-08 -5.69670708E-04 -4.13625928E-09
  4.05000000E-01  1.49386715E-08 -4.88819929E+01  0.00000000E+00 -2.98187630E-08 -5.53980830E-04 -3.99797682E-09
  4.06000000E-01  1.49091346E-08 -4.88819935E+01  0.00000000E+00 -2.92642722E-08 -5.38723223E-04 -3.86334159E-09
  4.07000000E-01  1.48801475E-08 -4.88819940E+01  0.00000000E+00 -2.87188600E-08 -5.23885974E-04 -3.73226271E-09
  4.08000000E-01  1.48517014E-08 -4.88819945E+01  0.00000000E+00 -2.81824348E-08 -5.09457497E-04 -3.60465210E-09
  4.09000000E-01  1.48237872E-08 -4.88819950E+01  0.00000000E+00 -2.76549029E-08 -4.95426528E-04 -3.48042362E-09
  4.10000000E-01  1.47963960E-08 -4.88819955E+01  0.00000000E+00 -2.71361691E-08 -4.81782112E-04 -3.35949342E-09
  4.11000000E-01  1.47695192E-08 -4.88819960E+01  0.00000000E+00 -2.66261356E-08 -4.68513597E-04 -3.24177989E-09
  4.12000000E-01  1.47431481E-08 -4.88819965E+01  0.00000000E+00 -2.61247044E-08 -4.55610624E-04 -3.12720347E-09
  4.13000000E-01  1.47172741E-08 -4.88819969E+01  0.00000000E+00 -2.56317787E-08 -4.43063119E-04 -3.01568549E-09
  4.14000000E-01  1.46918888E-08 -4.88819974E+01  0.00000000E+00 -2.51472548E-08 -4.30861286E-04 -2.90715112E-09
  4.15000000E-01  1.46669838E-08 -4.88819978E+01  0.00000000E+00 -2.46710354E-08 -4.18995601E-04 -2.80152534E-09
  4.16000000E-01  1.46425509E-08 -4.88819982E+01  0.00000000E+00 -2.42030189E-08 -4.07456800E-04 -2.69873550E-09
  4.17000000E-01  1.46185819E-08 -4.88819986E+01  0.00000000E+00 -2.37431034E-08 -3.96235876E-04 -2.59871145E-09
  4.18000000E-01  1.45950687E-08 -4.88819990E+01  0.00000000E+00 -2.32911850E-08 -3.85324068E-04 -2.50138473E-09
  4.19000000E-01  1.45720035E-08 -4.88819994E+01  0.00000000E+00 -2.28471629E-08 -3.74712860E-04 -2.40668735E-09
  4.20000000E-01  1.45493783E-08 -4.88819997E+01  0.00000000E+00 -2.24109332E-08 -3.64393968E-04 -2.31455429E-09
  4.21000000E-01  1.45271855E-08 -4.88820001E+01  0.00000000E+00 -2.19823939E-08 -3.54359338E-04 -2.22492114E-09
  4.22000000E-01  1.45054174E-08 -4.88820004E+01  0.00000000E+00 -2.15614395E-08 -3.44601136E-04 -2.13772618E-09
  4.23000000E-01  1.44840664E-08 -4.88820008E+01  0.00000000E+00 -2.11479669E-08 -3.35111747E-04 -2.05290893E-09
  4.24000000E-01  1.44631252E-08 -4.88820011E+01  0.00000000E+00 -2.07418766E-08 -3.25883762E-04 -1.97040802E-09
  4.25000000E-01  1.44425864E-08 -4.88820014E+01  0.00000000E+00 -2.03430635E-08 -3.16909979E-04 -1.89016661E-09
  4.26000000E-01  1.44224427E-08 -4.88820017E+01  0.00000000E+00 -1.99514240E-08 -3.08183395E-04 -1.81212863E-09
  4.27000000E-01  1.44026871E-08 -4.88820021E+01  0.00000000E+00 -1.95668554E-08 -2.99697197E-04 -1.73623866E-09
  4.28000000E-01  1.43833125E-08 -4.88820023E+01  0.00000000E+00 -1.91892566E-08 -2.91444763E-04 -1.66244270E-09
  4.29000000E-01  1.43643121E-08 -4.88820026E+01  0.00000000E+00 -1.88185257E-08 -2.83419651E-04 -1.59068794E-09
  4.30000000E-01  1.43456789E-08 -4.88820029E+01  0.00000000E+00 -1.84545614E-08 -2.75615599E-04 -1.52092358E-09
  4.31000000E-01  1.43274063E-08 -4.88820032E+01  0.00000000E+00 -1.80972609E-08 -2.68026515E-04 -1.45310019E-09
  4.32000000E-01  1.43094877E-08 -4.88820034E+01  0.00000000E+00 -1.77465271E-08 -2.60646476E-04 -1.38716760E-09
  4.33000000E-01  1.42919166E-08 -4.88820037E+01  0.00000000E+00 -1.74022585E-08 -2.53469723E-04 -1.32307924E-09
  4.34000000E-01  1.42746864E-08 -4.88820040E+01  0.00000000E+00 -1.70643553E-08 -2.46490655E-04 -1.26078869E-09
  4.35000000E-01  1.42577910E-08 -4.88820042E+01  0.00000000E+00 -1.67327211E-08 -2.39703825E-04 -1.20024998E-09
  4.36000000E-01  1.42412241E-08 -4.88820044E+01  0.00000000E+00 -1.64072561E-08 -2.33103938E-04 -1.14141979E-09
  4.37000000E-01  1.42249796E-08 -4.88820047E+01  0.00000000E+00 -1.60878636E-08 -2.26685841E-04 -1.08425467E-09
  4.38000000E-01  1.42090514E-08 -4.88820049E+01  0.00000000E+00 -1.57744496E-08 -2.20444527E-04 -1.02871209E-09
  4.39000000E-01  1.41934337E-08 -4.88820051E+01  0.00000000E+00 -1.54669161E-08 -2.14375126E-04 -9.74751833E-10
  4.40000000E-01  1.41781206E-08 -4.88820053E+01  0.00000000E+00 -1.51651695E-08 -2.08472900E-04 -9.22333378E-10
  4.41000000E-01  1.41631063E-08 -4.88820055E+01  0.00000000E+00 -1.48691152E-08 -2.02733244E-04 -8.71418106E-10
  4.42000000E-01  1.41483852E-08 -4.88820057E+01  0.00000000E+00 -1.45786615E-08 -1.97151680E-04 -8.21967452E-10
  4.43000000E-01  1.41339517E-08 -4.88820059E+01  0.00000000E+00 -1.42937172E-08 -1.91723851E-04 -7.73944020E-10
  4.44000000E-01  1.41198005E-08 -4.88820061E+01  0.00000000E+00 -1.40141878E-08 -1.86445523E-04 -7.27312984E-10
  4.45000000E-01  1.41059261E-08 -4.88820063E+01  0.00000000E+00 -1.37399873E-08 -1.81312576E-04 -6.82037061E-10
  4.46000000E-01  1.40923232E-08 -4.88820065E+01  0.00000000E+00 -1.34710230E-08 -1.76321005E-04 -6.38083390E-10
  4.47000000E-01  1.40789866E-08 -4.88820066E+01  0.00000000E+00 -1.32072080E-08 -1.71466916E-04 -5.95417700E-10
  4.48000000E-01  1.40659113E-08 -4.88820068E+01  0.00000000E+00 -1.29484562E-08 -1.66746520E-04 -5.54006875E-10
  4.49000000E-01  1.40530923E-08 -4.88820070E+01  0.00000000E+00 -1.26946806E-08 -1.62156136E-04 -5.13818874E-10
  4.50000000E-01  1.40405245E-08 -4.88820071E+01  0.00000000E+00 -1.24457946E-08 -1.57692180E-04 -4.74823346E-10
  4.51000000E-01  1.40282031E-08 -4.88820073E+01  0.00000000E+00 -1.22017169E-08 -1.53351170E-04 -4.36988277E-10
  4.52000000E-01  1.40161234E-08 -4.88820074E+01  0.00000000E+00 -1.19623615E-08 -1.49129720E-04 -4.00285306E-10
  4.53000000E-01  1.40042808E-08 -4.88820076E+01  0.00000000E+00 -1.17276457E-08 -1.45024534E-04 -3.64685497E-10
  4.54000000E-01  1.39926705E-08 -4.88820077E+01  0.00000000E+00 -1.14974917E-08 -1.41032411E-04 -3.30159260E-10
  4.55000000E-01  1.39812880E-08 -4.88820079E+01  0.00000000E+00 -1.12718173E-08 -1.37150236E-04 -2.96679898E-10
  4.56000000E-01  1.39701291E-08 -4.88820080E+01  0.00000000E+00 -1.10505428E-08 -1.33374979E-04 -2.64220582E-10
  4.57000000E-01  1.39591892E-08 -4.88820081E+01  0.00000000E+00 -1.08335917E-08 -1.29703696E-04 -2.32754494E-10
  4.58000000E-01  1.39484640E-08 -4.88820083E+01  0.00000000E+00 -1.06208843E-08 -1.26133522E-04 -2.02257092E-10
  4.59000000E-01  1.39379495E-08 -4.88820084E+01  0.00000000E+00 -1.04123477E-08 -1.22661672E-04 -1.72702064E-10
  4.60000000E-01  1.39276414E-08 -4.88820085E+01  0.00000000E+00 -1.02079059E-08 -1.19285437E-04 -1.44065737E-10
  4.61000000E-01  1.39175358E-08 -4.88820086E+01  0.00000000E+00 -1.00074834E-08 -1.16002183E-04 -1.16324504E-10
  4.62000000E-01  1.39076285E-08 -4.88820087E+01  0.00000000E+00 -9.81100987E-09 -1.12809349E-04 -8.94546073E-11
  4.63000000E-01  1.38979157E-08 -4.88820089E+01  0.00000000E+00 -9.61841242E-09 -1.09704444E-04 -6.34337531E-11
  4.64000000E-01  1.38883936E-08 -4.88820090E+01  0.00000000E+00 -9.42961921E-09 -1.06685046E-04 -3.82400591E-11
  4.65000000E-01  1.38790584E-08 -4.88820091E+01  0.00000000E+00 -9.24456090E-09 -1.03748800E-04 -1.38521205E-11
  4.66000000E-01  1.38699063E-08 -4.88820092E+01  0.00000000E+00 -9.06317060E-09 -1.00893414E-04  9.75200841E-12
  4.67000000E-01  1.38609339E-08 -4.88820093E+01  0.00000000E+00 -8.88537812E-09 -9.81166612E-05  3.25916294E-11
  4.68000000E-01  1.38521374E-08 -4.88820094E+01  0.00000000E+00 -8.71111884E-09 -9.54163761E-05  5.46876100E-11
  4.69000000E-01  1.38435134E-08 -4.88820095E+01  0.00000000E+00 -8.54032603E-09 -9.27904518E-05  7.60590617E-11
  4.70000000E-01  1.38350585E-08 -4.88820096E+01  0.00000000E+00 -8.37293323E-09 -9.02368401E-05  9.67242417E-11
  4.71000000E-01  1.38267692E-08 -4.88820096E+01  0.00000000E+00 -8.20887899E-09 -8.77535490E-05  1.16702590E-10
  4.72000000E-01  1.38186424E-08 -4.88820097E+01  0.00000000E+00 -8.04810172E-09 -8.53386415E-05  1.36012541E-10
  4.73000000E-01  1.38106747E-08 -4.88820098E+01  0.00000000E+00 -7.89053680E-09 -8.29902339E-05  1.54670521E-10
  4.74000000E-01  1.38028629E-08 -4.88820099E+01  0.00000000E+00 -7.73612479E-09 -8.07064944E-05  1.72694428E-10
  4.75000000E-01  1.37952040E-08 -4.88820100E+01  0.00000000E+00 -7.58480635E-09 -7.84856416E-05  1.90100994E-10
  4.76000000E-01  1.37876948E-08 -4.88820101E+01  0.00000000E+00 -7.43652270E-09 -7.63259434E-05  2.06906648E-10
  4.77000000E-01  1.37803325E-08 -4.88820101E+01  0.00000000E+00 -7.29121514E-09 -7.42257152E-05  2.23127121E-10
  4.78000000E-01  1.37731139E-08 -4.88820102E+01  0.00000000E+00 -7.14882709E-09 -7.21833190E-05  2.38777836E-10
  4.79000000E-01  1.37660363E-08 -4.88820103E+01  0.00000000E+00 -7.00930232E-09 -7.01971616E-05  2.53873949E-10
  4.80000000E-01  1.37590967E-08 -4.88820103E+01  0.00000000E+00 -6.87258684E-09 -6.82656941E-05  2.68430819E-10
  4.81000000E-01  1.37522925E-08 -4.88820104E+01  0.00000000E+00 -6.73862576E-09 -6.63874101E-05  2.82462351E-10
  4.82000000E-01  1.37456209E-08 -4.88820105E+01  0.00000000E+00 -6.60736613E-09 -6.45608445E-05  2.95982928E-10
  4.83000000E-01  1.37390791E-08 -4.88820105E+01  0.00000000E+00 -6.47875378E-09 -6.27845729E-05  3.09005366E-10
  4.84000000E-01  1.37326647E-08 -4.88820106E+01  0.00000000E+00 -6.35273916E-09 -6.10572100E-05  3.21543688E-10
  4.85000000E-01  1.37263749E-08 -4.88820107E+01  0.00000000E+00 -6.22927251E-09 -5.93774085E-05  3.33611499E-10
  4.86000000E-01  1.37202074E-08 -4.88820107E+01  0.00000000E+00 -6.10830258E-09 -5.77438585E-05  3.45220770E-10
  4.87000000E-01  1.37141596E-08 -4.88820108E+01  0.00000000E+00 -5.98978085E-09 -5.61552861E-05  3.56384029E-10
  4.88000000E-01  1.37082291E-08 -4.88820108E+01  0.00000000E+00 -5.87366019E-09 -5.46104523E-05  3.67113651E-10
  4.89000000E-01  1.37024135E-08 -4.88820109E+01  0.00000000E+00 -5.75989226E-09 -5.31081525E-05  3.77421102E-10
  4.90000000E-01  1.36967105E-08 -4.88820109E+01  0.00000000E+00 -5.64843259E-09 -5.16472152E-05  3.87318457E-10
  4.91000000E-01  1.36911177E-08 -4.88820110E+01  0.00000000E+00 -5.53923221E-09 -5.02265010E-05  3.96815614E-10
  4.92000000E-01  1.36856331E-08 -4.88820110E+01  0.00000000E+00 -5.43224862E-09 -4.88449021E-05  4.05924234E-10
  4.93000000E-01  1.36802544E-08 -4.88820111E+01  0.00000000E+00 -5.32743993E-09 -4.75013412E-05  4.14656087E-10
  4.94000000E-01  1.36749793E-08 -4.88820111E+01  0.00000000E+00 -5.22475730E-09 -4.61947705E-05  4.23018919E-10
  4.95000000E-01  1.36698059E-08 -4.88820112E+01  0.00000000E+00 -5.12416387E-09 -4.49241714E-05  4.31025305E-10
  4.96000000E-01  1.36647320E-08 -4.88820112E+01  0.00000000E+00 -5.02561807E-09 -4.36885530E-05  4.38684905E-10
  4.97000000E-01  1.36597557E-08 -4.88820113E+01  0.00000000E+00 -4.92907457E-09 -4.24869519E-05  4.46005779E-10
  4.98000000E-01  1.36548749E-08 -4.88820113E+01  0.00000000E+00 -4.83449686E-09 -4.13184311E-05  4.52998612E-10
  4.99000000E-01  1.36500877E-08 -4.88820113E+01  0.00000000E+00 -4.74184433E-09 -4.01820797E-05  4.59672016E-10
  5.00000000E-01  1.36453922E-08 -4.88820114E+01  0.00000000E+00 -4.65107839E-09 -3.90770115E-05  4.66034994E-10
