  0.00000000E+00  0.00000000E+00 -4.89900000E+01  0.00000000E+00  3.96730952E-05  2.50693419E-02 -2.33846513E-05
  5.00000000E-03  1.98365476E-07 -4.89898747E+01  0.00000000E+00  3.52892654E-05  2.33316086E-02 -2.13373877E-05
  1.00000000E-02  3.63852228E-07 -4.89897623E+01  0.00000000E+00  2.87444131E-05  2.18281331E-02 -1.82597169E-05
  1.50000000E-02  4.91212163E-07 -4.89896570E+01  0.00000000E+00  2.30892269E-05  2.04791787E-02 -1.56415364E-05
  2.00000000E-02  5.92520332E-07 -4.89895579E+01  0.00000000E+00  1.83197115E-05  1.92835541E-02 -1.34627685E-05
  2.50000000E-02  6.72195101E-07 -4.89894645E+01  0.00000000E+00  1.43452787E-05  1.82293462E-02 -1.16776762E-05
  3.00000000E-02  7.33985412E-07 -4.89893760E+01  0.00000000E+00  1.10600256E-05  1.73025745E-02 -1.02283485E-05
  3.50000000E-02  7.81072407E-07 -4.89892918E+01  0.00000000E+00  8.36314858E-06  1.64896241E-02 -9.06176734E-06
  4.00000000E-02  8.16145958E-07 -4.89892114E+01  0.00000000E+00  6.16469396E-06  1.57779648E-02 -8.13142433E-06
  4.50000000E-02  8.41473291E-07 -4.89891343E+01  0.00000000E+00  4.38624861E-06  1.51562699E-02 -7.39746812E-06
  5.00000000E-02  8.58958421E-07 -4.89890600E+01  0.00000000E+00  2.96015539E-06  1.46143681E-02 -6.82609578E-06
  5.50000000E-02  8.70193965E-07 -4.89889883E+01  0.00000000E+00  1.82836865E-06  1.41431527E-02 -6.38878133E-06
  6.00000000E-02  8.76506341E-07 -4.89889188E+01  0.00000000E+00  9.41295468E-07  1.37344871E-02 -6.06153093E-06
  6.50000000E-02  8.78995135E-07 -4.89888511E+01  0.00000000E+00  2.56720539E-07  1.33811134E-02 -5.82421734E-06
  7.00000000E-02  8.78567301E-07 -4.89887851E+01  0.00000000E+00 -2.61160071E-07  1.30765696E-02 -5.66000366E-06
  7.50000000E-02  8.75966799E-07 -4.89887205E+01  0.00000000E+00 -6.42603873E-07  1.28151110E-02 -5.55484363E-06
  8.00000000E-02  8.71800170E-07 -4.89886571E+01  0.00000000E+00 -9.13085659E-07  1.25916394E-02 -5.49705515E-06
  8.50000000E-02  8.66558537E-07 -4.89885947E+01  0.00000000E+00 -1.09397213E-06  1.24016371E-02 -5.47695393E-06
  9.00000000E-02  8.60636461E-07 -4.89885331E+01  0.00000000E+00 -1.20311398E-06  1.22411063E-02 -5.48654039E-06
  9.50000000E-02  8.54348036E-07 -4.89884723E+01  0.00000000E+00 -1.25536352E-06  1.21065140E-02 -5.51923238E-06
  1.00000000E-01  8.47940595E-07 -4.89884121E+01  0.00000000E+00 -1.26302496E-06  1.19947417E-02 -5.56963737E-06
  1.05000000E-01  8.41606316E-07 -4.89883524E+01  0.00000000E+00 -1.23624451E-06  1.19030393E-02 -5.63335881E-06
  1.10000000E-01  8.35492045E-07 -4.89882932E+01  0.00000000E+00 -1.18334707E-06  1.18289843E-02 -5.70683173E-06
  1.15000000E-01  8.29707553E-07 -4.89882342E+01  0.00000000E+00 -1.11112543E-06  1.17704439E-02 -5.78718365E-06
  1.20000000E-01  8.24332480E-07 -4.89881755E+01  0.00000000E+00 -1.02508799E-06  1.17255426E-02 -5.87211688E-06
  1.25000000E-01  8.19422134E-07 -4.89881170E+01  0.00000000E+00 -9.29670128E-07  1.16926311E-02 -5.95980947E-06
  1.30000000E-01  8.15012328E-07 -4.89880586E+01  0.00000000E+00 -8.28414013E-07  1.16702610E-02 -6.04883171E-06
  1.35000000E-01  8.11123398E-07 -4.89880003E+01  0.00000000E+00 -7.24121018E-07  1.16571600E-02 -6.13807608E-06
  1.40000000E-01  8.07763525E-07 -4.89879420E+01  0.00000000E+00 -6.18980598E-07  1.16522114E-02 -6.22669860E-06
  1.45000000E-01  8.04931473E-07 -4.89878838E+01  0.00000000E+00 -5.14678933E-07  1.16544354E-02 -6.31406979E-06
  1.50000000E-01  8.02618833E-07 -4.89878255E+01  0.00000000E+00 -4.12490270E-07  1.16629726E-02 -6.39973377E-06
  1.55000000E-01  8.00811853E-07 -4.89877672E+01  0.00000000E+00 -3.13353413E-07  1.16770693E-02 -6.48337429E-06
  1.60000000E-01  7.99492928E-07 -4.89877088E+01  0.00000000E+00 -2.17935724E-07  1.16960647E-02 -6.56478660E-06
  1.65000000E-01  7.98641794E-07 -4.89876502E+01  0.00000000E+00 -1.26686369E-07  1.17193797E-02 -6.64385408E-06
  1.70000000E-01  7.98236485E-07 -4.89875916E+01  0.00000000E+00 -3.98805667E-08  1.17465068E-02 -6.72052916E-06
  1.75000000E-01  7.98254097E-07 -4.89875328E+01  0.00000000E+00  4.23437731E-08  1.17770013E-02 -6.79481753E-06
  1.80000000E-01  7.98671377E-07 -4.89874738E+01  0.00000000E+00  1.19955893E-07  1.18104737E-02 -6.86676535E-06
  1.85000000E-01  7.99465186E-07 -4.89874147E+01  0.00000000E+00  1.93007405E-07  1.18465827E-02 -6.93644875E-06
  1.90000000E-01  8.00612852E-07 -4.89873554E+01  0.00000000E+00  2.61612004E-07  1.18850294E-02 -7.00396542E-06
  1.95000000E-01  8.02092424E-07 -4.89872958E+01  0.00000000E+00  3.25929021E-07  1.19255523E-02 -7.06942785E-06
  2.00000000E-01  8.03882861E-07 -4.89872361E+01  0.00000000E+00 -4.55009243E-05 -1.72518097E-02  2.16668229E-05
  2.05000000E-01  4.61811107E-07 -4.89873953E+01  0.00000000E+00 -3.93066078E-05 -1.55694016E-02  2.22673527E-05
  2.10000000E-01  2.80763859E-07 -4.89874690E+01  0.00000000E+00 -3.29451983E-05 -1.38242588E-02  1.66581107E-05
  2.15000000E-01  1.31941392E-07 -4.89875337E+01  0.00000000E+00 -2.62955953E-05 -1.20736121E-02  1.43547066E-05
  2.20000000E-01  1.70874228E-08 -4.89875897E+01  0.00000000E+00 -2.06528503E-05 -1.05202513E-02  1.17931217E-05
  2.25000000E-01 -7.20699665E-08 -4.89876384E+01  0.00000000E+00 -1.59342606E-05 -9.15852972E-03  9.58332330E-06
  2.30000000E-01 -1.39944795E-07 -4.89876808E+01  0.00000000E+00 -1.20598481E-05 -7.97360659E-03  7.70021307E-06
  2.35000000E-01 -1.90558005E-07 -4.89877177E+01  0.00000000E+00 -8.91120870E-06 -6.94448761E-03  6.11352919E-06
  2.40000000E-01 -2.27242450E-07 -4.89877499E+01  0.00000000E+00 -6.37263656E-06 -6.05076474E-03  4.78665844E-06
  2.45000000E-01 -2.52759202E-07 -4.89877779E+01  0.00000000E+00 -4.34121273E-06 -5.27420571E-03  3.68449330E-06
  2.50000000E-01 -2.69386706E-07 -4.89878023E+01  0.00000000E+00 -2.72878666E-06 -4.59898339E-03  2.77500346E-06
  2.55000000E-01 -2.78999574E-07 -4.89878236E+01  0.00000000E+00 -1.46102192E-06 -4.01147598E-03  2.02968341E-06
  2.60000000E-01 -2.83135272E-07 -4.89878422E+01  0.00000000E+00 -4.75681351E-07 -3.49997733E-03  1.42349617E-06
  2.65000000E-01 -2.83050327E-07 -4.89878584E+01  0.00000000E+00  2.79140794E-07 -3.05441740E-03  9.34636706E-07
  2.70000000E-01 -2.79767568E-07 -4.89878726E+01  0.00000000E+00  8.46621490E-07 -2.66611863E-03  5.44234851E-07
  2.75000000E-01 -2.74115759E-07 -4.89878850E+01  0.00000000E+00  1.26259803E-06 -2.32758968E-03  2.36046756E-07
  2.80000000E-01 -2.66762827E-07 -4.89878957E+01  0.00000000E+00  1.55675109E-06 -2.03235243E-03 -3.84442606E-09
  2.85000000E-01 -2.58243689E-07 -4.89879052E+01  0.00000000E+00  1.75360512E-06 -1.77479660E-03 -1.87309282E-07
  2.90000000E-01 -2.48983529E-07 -4.89879134E+01  0.00000000E+00  1.87337157E-06 -1.55005736E-03 -3.24430234E-07
  2.95000000E-01 -2.39317255E-07 -4.89879206E+01  0.00000000E+00  1.93265877E-06 -1.35391160E-03 -4.23735528E-07
  3.00000000E-01 -2.29505743E-07 -4.89879269E+01  0.00000000E+00  1.94506887E-06 -1.18268990E-03 -4.92409126E-07
  3.05000000E-01 -2.19749373E-07 -4.89879323E+01  0.00000000E+00  1.92169967E-06 -1.03320138E-03 -5.36477397E-07
  3.10000000E-01 -2.10199298E-07 -4.89879371E+01  0.00000000E+00  1.87156608E-06 -9.02669398E-04 -5.60973945E-07
  3.15000000E-01 -2.00966802E-07 -4.89879413E+01  0.00000000E+00  1.80195391E-06 -7.88676379E-04 -5.70084282E-07
  3.20000000E-01 -1.92131062E-07 -4.89879450E+01  0.00000000E+00  1.71871662E-06 -6.89116311E-04 -5.67272089E-07
  3.25000000E-01 -1.83745573E-07 -4.89879482E+01  0.00000000E+00  1.62652392E-06 -6.02153807E-04 -5.55388905E-07
  3.30000000E-01 -1.75843435E-07 -4.89879510E+01  0.00000000E+00  1.52906984E-06 -5.26188741E-04 -5.36768993E-07
  3.35000000E-01 -1.68441721E-07 -4.89879534E+01  0.00000000E+00  1.42924676E-06 -4.59825639E-04 -5.13311070E-07
  3.40000000E-01 -1.61545045E-07 -4.89879556E+01  0.00000000E+00  1.32929057E-06 -4.01847173E-04 -4.86548462E-07
  3.45000000E-01 -1.55148482E-07 -4.89879574E+01  0.00000000E+00  1.23090173E-06 -3.51191162E-04 -4.57709104E-07
  3.50000000E-01 -1.49239946E-07 -4.89879590E+01  0.00000000E+00  1.13534596E-06 -3.06930607E-04 -4.27766708E-07
  3.55000000E-01 -1.43802105E-07 -4.89879605E+01  0.00000000E+00  1.04353791E-06 -2.68256341E-04 -3.97484232E-07
  3.60000000E-01 -1.38813936E-07 -4.89879617E+01  0.00000000E+00  9.56110391E-07 -2.34461942E-04 -3.67450726E-07
  3.65000000E-01 -1.34251953E-07 -4.89879628E+01  0.00000000E+00  8.73471658E-07 -2.04930598E-04 -3.38112436E-07
  3.70000000E-01 -1.30091191E-07 -4.89879638E+01  0.00000000E+00  7.95852611E-07 -1.79123683E-04 -3.09799005E-07
  3.75000000E-01 -1.26305976E-07 -4.89879646E+01  0.00000000E+00  7.23345560E-07 -1.56570790E-04 -2.82745448E-07
  3.80000000E-01 -1.22870516E-07 -4.89879653E+01  0.00000000E+00  6.55935962E-07 -1.36861058E-04 -2.57110546E-07
  3.85000000E-01 -1.19759360E-07 -4.89879659E+01  0.00000000E+00  5.93528306E-07 -1.19635604E-04 -2.32992177E-07
  3.90000000E-01 -1.16947737E-07 -4.89879665E+01  0.00000000E+00  5.35967099E-07 -1.04580927E-04 -2.10440031E-07
  3.95000000E-01 -1.14411805E-07 -4.89879670E+01  0.00000000E+00  4.83053823E-07 -9.14231505E-05 -1.89466155E-07
  4.00000000E-01 -1.12128819E-07 -4.89879674E+01  0.00000000E+00  4.34560513E-07 -7.99230005E-05 -1.70053611E-07
  4.05000000E-01 -1.10077250E-07 -4.89879678E+01  0.00000000E+00  3.90240580E-07 -6.98714262E-05 -1.52163587E-07
  4.10000000E-01 -1.08236847E-07 -4.89879681E+01  0.00000000E+00  3.49837329E-07 -6.10857731E-05 -1.35741182E-07
  4.15000000E-01 -1.06588668E-07 -4.89879684E+01  0.00000000E+00  3.13090617E-07 -5.34064438E-05 -1.20720102E-07
  4.20000000E-01 -1.05115082E-07 -4.89879686E+01  0.00000000E+00  2.79741960E-07 -4.66939831E-05 -1.07026428E-07
  4.25000000E-01 -1.03799744E-07 -4.89879689E+01  0.00000000E+00  2.49538398E-07 -4.08265318E-05 -9.45816269E-08
  4.30000000E-01 -1.02627561E-07 -4.89879690E+01  0.00000000E+00  2.22235345E-07 -3.56976041E-05 -8.33049268E-08
  4.35000000E-01 -1.01584642E-07 -4.89879692E+01  0.00000000E+00  1.97598617E-07 -3.12141450E-05 -7.31151689E-08
  4.40000000E-01 -1.00658240E-07 -4.89879694E+01  0.00000000E+00  1.75405807E-07 -2.72948351E-05 -6.39322323E-08
  4.45000000E-01 -9.98366933E-08 -4.89879695E+01  0.00000000E+00  1.55447139E-07 -2.38686088E-05 -5.56781137E-08
  4.50000000E-01 -9.91093542E-08 -4.89879696E+01  0.00000000E+00  1.37525886E-07 -2.08733602E-05 -4.82777217E-08
  4.55000000E-01 -9.84665279E-08 -4.89879697E+01  0.00000000E+00  1.21458479E-07 -1.82548126E-05 -4.16594367E-08
  4.60000000E-01 -9.78994041E-08 -4.89879698E+01  0.00000000E+00  1.07074368E-07 -1.59655303E-05 -3.57554431E-08
  4.65000000E-01 -9.73999925E-08 -4.89879698E+01  0.00000000E+00  9.42158080E-08 -1.39640567E-05 -3.05017632E-08
  4.70000000E-01 -9.69610599E-08 -4.89879699E+01  0.00000000E+00  8.27373654E-08 -1.22141593E-05 -2.58384549E-08
  4.75000000E-01 -9.65760691E-08 -4.89879700E+01  0.00000000E+00  7.25053461E-08 -1.06841713E-05 -2.17098920E-08
  4.80000000E-01 -9.62391225E-08 -4.89879700E+01  0.00000000E+00  6.33969374E-08 -9.34641518E-06 -1.80644061E-08
  4.85000000E-01 -9.59449088E-08 -4.89879701E+01  0.00000000E+00  5.52999232E-08 -8.17670006E-06 -1.48542968E-08
  4.90000000E-01 -9.56886517E-08 -4.89879701E+01  0.00000000E+00  4.81121372E-08 -7.15388199E-06 -1.20358233E-08
  4.95000000E-01 -9.54660605E-08 -4.89879701E+01  0.00000000E+00  4.17405708E-08 -6.25947974E-06 -9.56926460E-09
  5.00000000E-01 -9.52732865E-08 -4.89879702E+01  0.00000000E+00  3.61007899E-08 -5.47733964E-06 -7.41815939E-09