  0.00000000E+00  0.00000000E+00 -4.89950000E+01  0.00000000E+00 -3.93711671E-05  1.27140716E-02  3.69955225E-05
  5.00000000E-03 -1.96855835E-07 -4.89949364E+01  0.00000000E+00 -3.36678032E-05  1.18320922E-02  3.14983569E-05
  1.00000000E-02 -3.50936441E-07 -4.89948795E+01  0.00000000E+00 -2.77927966E-05  1.10618205E-02  2.62815880E-05
  1.50000000E-02 -4.75212908E-07 -4.89948261E+01  0.00000000E+00 -2.27660635E-05  1.03688463E-02  2.17581649E-05
  2.00000000E-02 -5.76476393E-07 -4.89947760E+01  0.00000000E+00 -1.85678707E-05  9.75572944E-03  1.79735232E-05
  2.50000000E-02 -6.58820264E-07 -4.89947287E+01  0.00000000E+00 -1.51019423E-05  9.21663251E-03  1.48582356E-05
  3.00000000E-02 -7.25665155E-07 -4.89946840E+01  0.00000000E+00 -1.22613272E-05  8.74399426E-03  1.23152779E-05
  3.50000000E-02 -7.79870253E-07 -4.89946415E+01  0.00000000E+00 -9.94646013E-06  8.33039480E-03  1.02510639E-05
  4.00000000E-02 -8.23815386E-07 -4.89946008E+01  0.00000000E+00 -8.07029474E-06  7.96906791E-03  8.58336929E-06
  4.50000000E-02 -8.59476446E-07 -4.89945619E+01  0.00000000E+00 -6.55854897E-06  7.65397013E-03  7.24249638E-06
  5.00000000E-02 -8.88489827E-07 -4.89945244E+01  0.00000000E+00 -5.34850830E-06  7.37973352E-03  6.17024796E-06
  5.50000000E-02 -9.12207266E-07 -4.89944882E+01  0.00000000E+00 -4.38751052E-06  7.14159545E-03  5.31835415E-06
  6.00000000E-02 -9.31742325E-07 -4.89944531E+01  0.00000000E+00 -3.63147441E-06  6.93533088E-03  4.64690293E-06
  6.50000000E-02 -9.48009606E-07 -4.89944189E+01  0.00000000E+00 -3.04358350E-06  6.75719236E-03  4.12294122E-06
  7.00000000E-02 -9.61757797E-07 -4.89943856E+01  0.00000000E+00 -2.59314553E-06  6.60385761E-03  3.71928120E-06
  7.50000000E-02 -9.73597429E-07 -4.89943530E+01  0.00000000E+00 -2.25461799E-06  6.47238341E-03  3.41350132E-06
  8.00000000E-02 -9.84024200E-07 -4.89943209E+01  0.00000000E+00 -2.00678172E-06  6.36016465E-03  3.18711768E-06
  8.50000000E-02 -9.93438518E-07 -4.89942894E+01  0.00000000E+00 -1.83204266E-06  6.26489779E-03  3.02489984E-06
  9.00000000E-02 -1.00216188E-06 -4.89942583E+01  0.00000000E+00 -1.71584325E-06  6.18454797E-03  2.91430678E-06
  9.50000000E-02 -1.01045060E-06 -4.89942276E+01  0.00000000E+00 -1.64616696E-06  6.11731942E-03  2.84502191E-06
  1.00000000E-01 -1.01850725E-06 -4.89941972E+01  0.00000000E+00 -1.61312119E-06  6.06162887E-03  2.80856981E-06
  1.05000000E-01 -1.02649024E-06 -4.89941670E+01  0.00000000E+00 -1.60858715E-06  6.01608157E-03  2.79799948E-06
  1.10000000E-01 -1.03452184E-06 -4.89941370E+01  0.00000000E+00 -1.62592523E-06  5.97944985E-03  2.80762270E-06
  1.15000000E-01 -1.04269481E-06 -4.89941072E+01  0.00000000E+00 -1.65972774E-06  5.95065383E-03  2.83279714E-06
  1.20000000E-01 -1.05107795E-06 -4.89940776E+01  0.00000000E+00 -1.70561114E-06  5.92874427E-03  2.86974673E-06
  1.25000000E-01 -1.05972072E-06 -4.89940480E+01  0.00000000E+00 -1.76004207E-06  5.91288720E-03  2.91541228E-06
  1.30000000E-01 -1.06865701E-06 -4.89940184E+01  0.00000000E+00 -1.82019092E-06  5.90235035E-03  2.96732746E-06
  1.35000000E-01 -1.07790833E-06 -4.89939890E+01  0.00000000E+00 -1.88380965E-06  5.89649095E-03  3.02351562E-06
  1.40000000E-01 -1.08748643E-06 -4.89939595E+01  0.00000000E+00 -1.94912922E-06  5.89474508E-03  3.08240377E-06
  1.45000000E-01 -1.09739537E-06 -4.89939300E+01  0.00000000E+00 -2.01477401E-06  5.89661814E-03  3.14275114E-06
  1.50000000E-01 -1.10763336E-06 -4.89939005E+01  0.00000000E+00 -2.07969008E-06  5.90167646E-03  3.20358957E-06
  1.55000000E-01 -1.11819410E-06 -4.89938710E+01  0.00000000E+00 -2.14308574E-06  5.90953988E-03  3.26417399E-06
  1.60000000E-01 -1.12906801E-06 -4.89938414E+01  0.00000000E+00 -2.20438175E-06  5.91987526E-03  3.32394113E-06
  1.65000000E-01 -1.14024316E-06 -4.89938118E+01  0.00000000E+00 -2.26317013E-06  5.93239070E-03  3.38247533E-06
  1.70000000E-01 -1.15170598E-06 -4.89937821E+01  0.00000000E+00 -2.31917999E-06  5.94683050E-03  3.43948012E-06
  1.75000000E-01 -1.16344191E-06 -4.89937524E+01  0.00000000E+00 -2.37224933E-06  5.96297069E-03  3.49475465E-06
  1.80000000E-01 -1.17543583E-06 -4.89937225E+01  0.00000000E+00 -2.42230165E-06  5.98061514E-03  3.54817420E-06
  1.85000000E-01 -1.18767247E-06 -4.89936925E+01  0.00000000E+00 -2.46932696E-06  5.99959212E-03  3.59967423E-06
  1.90000000E-01 -1.20013667E-06 -4.89936625E+01  0.00000000E+00 -2.51336601E-06  6.01975127E-03  3.64923708E-06
  1.95000000E-01 -1.21281359E-06 -4.89936324E+01  0.00000000E+00 -2.55449764E-06  6.04096099E-03  3.69688126E-06
  2.00000000E-01 -1.22568891E-06 -4.89936021E+01  0.00000000E+00  3.75024860E-05 -8.80231037E-03 -3.32824929E-05
  2.05000000E-01 -9.38034022E-07 -4.89936832E+01  0.00000000E+00  3.21252018E-05 -7.94160281E-03 -2.97927703E-05
  2.10000000E-01 -7.90851223E-07 -4.89937208E+01  0.00000000E+00  2.70644619E-05 -7.05202650E-03 -2.40068526E-05
  2.15000000E-01 -6.68180763E-07 -4.89937538E+01  0.00000000E+00  2.15842616E-05 -6.15575429E-03 -1.94913653E-05
  2.20000000E-01 -5.73959956E-07 -4.89937823E+01  0.00000000E+00  1.69753414E-05 -5.36084698E-03 -1.54343040E-05
  2.25000000E-01 -5.00605550E-07 -4.89938072E+01  0.00000000E+00  1.31238865E-05 -4.66416421E-03 -1.20288176E-05
  2.30000000E-01 -4.44614754E-07 -4.89938287E+01  0.00000000E+00  9.95878422E-06 -4.05820022E-03 -9.21523382E-06
  2.35000000E-01 -4.02733589E-07 -4.89938475E+01  0.00000000E+00  7.38298483E-06 -3.53218475E-03 -6.91445285E-06
  2.40000000E-01 -3.72258163E-07 -4.89938639E+01  0.00000000E+00  5.30313431E-06 -3.07562983E-03 -5.04778716E-06
  2.45000000E-01 -3.50942118E-07 -4.89938781E+01  0.00000000E+00  3.63626404E-06 -2.67915912E-03 -3.54454167E-06
  2.50000000E-01 -3.36927973E-07 -4.89938905E+01  0.00000000E+00  2.31115475E-06 -2.33463251E-03 -2.34347350E-06
  2.55000000E-01 -3.28684973E-07 -4.89939013E+01  0.00000000E+00  1.26758134E-06 -2.03504531E-03 -1.39240254E-06
  2.60000000E-01 -3.24956000E-07 -4.89939107E+01  0.00000000E+00  4.54989284E-07 -1.77437963E-03 -6.47249542E-07
  2.65000000E-01 -3.24712534E-07 -4.89939190E+01  0.00000000E+00 -1.68876411E-07 -1.54746052E-03 -7.09715394E-08
  2.70000000E-01 -3.27116580E-07 -4.89939261E+01  0.00000000E+00 -6.39226960E-07 -1.34983041E-03  3.67444167E-07
  2.75000000E-01 -3.31488591E-07 -4.89939324E+01  0.00000000E+00 -9.85328009E-07 -1.17764274E-03  6.93879442E-07
  2.80000000E-01 -3.37280484E-07 -4.89939378E+01  0.00000000E+00 -1.23144261E-06 -1.02757273E-03  9.29870217E-07
  2.85000000E-01 -3.44052983E-07 -4.89939426E+01  0.00000000E+00 -1.39763388E-06 -8.96742449E-04  1.09328334E-06
  2.90000000E-01 -3.51456631E-07 -4.89939468E+01  0.00000000E+00 -1.50044542E-06 -7.82657598E-04  1.19889629E-06
  2.95000000E-01 -3.59215887E-07 -4.89939504E+01  0.00000000E+00 -1.55347657E-06 -6.83154077E-04  1.25889145E-06
  3.00000000E-01 -3.67115847E-07 -4.89939536E+01  0.00000000E+00 -1.56786792E-06 -5.96352553E-04  1.28327629E-06
  3.05000000E-01 -3.74991165E-07 -4.89939563E+01  0.00000000E+00 -1.55271044E-06 -5.20619719E-04  1.28023948E-06
  3.10000000E-01 -3.82716824E-07 -4.89939587E+01  0.00000000E+00 -1.51538991E-06 -4.54535141E-04  1.25645218E-06
  3.15000000E-01 -3.90200472E-07 -4.89939608E+01  0.00000000E+00 -1.46187632E-06 -3.96862811E-04  1.21732238E-06
  3.20000000E-01 -3.97376070E-07 -4.89939627E+01  0.00000000E+00 -1.39696691E-06 -3.46526679E-04  1.16720915E-06
  3.25000000E-01 -4.04198631E-07 -4.89939643E+01  0.00000000E+00 -1.32448985E-06 -3.02589556E-04  1.10960289E-06
  3.30000000E-01 -4.10639887E-07 -4.89939657E+01  0.00000000E+00 -1.24747486E-06 -2.64234903E-04  1.04727667E-06
  3.35000000E-01 -4.16684724E-07 -4.89939669E+01  0.00000000E+00 -1.16829576E-06 -2.30751075E-04  9.82413044E-07
  3.40000000E-01 -4.22328255E-07 -4.89939680E+01  0.00000000E+00 -1.08878944E-06 -2.01517682E-04  9.16710138E-07
  3.45000000E-01 -4.27573437E-07 -4.89939689E+01  0.00000000E+00 -1.01035507E-06 -1.75993757E-04  8.51470243E-07
  3.50000000E-01 -4.32429126E-07 -4.89939697E+01  0.00000000E+00 -9.34036506E-07 -1.53707497E-04  7.87673618E-07
  3.55000000E-01 -4.36908512E-07 -4.89939705E+01  0.00000000E+00 -8.60590769E-07 -1.34247346E-04  7.26039863E-07
  3.60000000E-01 -4.41027852E-07 -4.89939711E+01  0.00000000E+00 -7.90544667E-07 -1.17254245E-04  6.67078824E-07
  3.65000000E-01 -4.44805460E-07 -4.89939716E+01  0.00000000E+00 -7.24241603E-07 -1.02414897E-04  6.11132699E-07
  3.70000000E-01 -4.48260910E-07 -4.89939721E+01  0.00000000E+00 -6.61880125E-07 -8.94558988E-05  5.58410791E-07
  3.75000000E-01 -4.51414407E-07 -4.89939725E+01  0.00000000E+00 -6.03545551E-07 -7.81386408E-05  5.09018078E-07
  3.80000000E-01 -4.54286298E-07 -4.89939729E+01  0.00000000E+00 -5.49235867E-07 -6.82548572E-05  4.62978626E-07
  3.85000000E-01 -4.56896704E-07 -4.89939732E+01  0.00000000E+00 -4.98882803E-07 -5.96227540E-05  4.20254711E-07
  3.90000000E-01 -4.59265235E-07 -4.89939735E+01  0.00000000E+00 -4.52368932E-07 -5.20836331E-05  3.80762345E-07
  3.95000000E-01 -4.61410795E-07 -4.89939737E+01  0.00000000E+00 -4.09541467E-07 -4.54989494E-05  3.44383832E-07
  4.00000000E-01 -4.63351434E-07 -4.89939739E+01  0.00000000E+00 -3.70223302E-07 -3.97477453E-05  3.10977858E-07
  4.05000000E-01 -4.65104255E-07 -4.89939741E+01  0.00000000E+00 -3.34221814E-07 -3.47244124E-05  2.80387540E-07
  4.10000000E-01 -4.66685360E-07 -4.89939743E+01  0.00000000E+00 -3.01335782E-07 -3.03367401E-05  2.52446791E-07
  4.15000000E-01 -4.68109824E-07 -4.89939744E+01  0.00000000E+00 -2.71360793E-07 -2.65042127E-05  2.26985306E-07
  4.20000000E-01 -4.69391690E-07 -4.89939745E+01  0.00000000E+00 -2.44093399E-07 -2.31565236E-05  2.03832417E-07
  4.25000000E-01 -4.70543989E-07 -4.89939746E+01  0.00000000E+00 -2.19334246E-07 -2.02322791E-05  1.82820021E-07
  4.30000000E-01 -4.71578762E-07 -4.89939747E+01  0.00000000E+00 -1.96890397E-07 -1.76778669E-05  1.63784766E-07
  4.35000000E-01 -4.72507105E-07 -4.89939748E+01  0.00000000E+00 -1.76576980E-07 -1.54464683E-05  1.46569629E-07
  4.40000000E-01 -4.73339206E-07 -4.89939749E+01  0.00000000E+00 -1.58218320E-07 -1.34971969E-05  1.31025017E-07
  4.45000000E-01 -4.74084401E-07 -4.89939749E+01  0.00000000E+00 -1.41648647E-07 -1.17943458E-05  1.17009500E-07
  4.50000000E-01 -4.74751220E-07 -4.89939750E+01  0.00000000E+00 -1.26712433E-07 -1.03067310E-05  1.04390174E-07
  4.55000000E-01 -4.75347442E-07 -4.89939750E+01  0.00000000E+00 -1.13264481E-07 -9.00711804E-06  9.30427701E-08
  4.60000000E-01 -4.75880144E-07 -4.89939751E+01  0.00000000E+00 -1.01169876E-07 -7.87172125E-06  8.28517193E-08
  4.65000000E-01 -4.76355757E-07 -4.89939751E+01  0.00000000E+00 -9.03036942E-08 -6.87976683E-06  7.37098272E-08
  4.70000000E-01 -4.76780110E-07 -4.89939752E+01  0.00000000E+00 -8.05507947E-08 -6.01311091E-06  6.55182134E-08
  4.75000000E-01 -4.77158482E-07 -4.89939752E+01  0.00000000E+00 -7.18053565E-08 -5.25590667E-06  5.81859091E-08
  4.80000000E-01 -4.77495645E-07 -4.89939752E+01  0.00000000E+00 -6.39702788E-08 -4.59431304E-06  5.16294503E-08
  4.85000000E-01 -4.77795909E-07 -4.89939752E+01  0.00000000E+00 -5.69567414E-08 -4.01624044E-06  4.57726546E-08
  4.90000000E-01 -4.78063158E-07 -4.89939753E+01  0.00000000E+00 -5.06834598E-08 -3.51112924E-06  4.05457343E-08
  4.95000000E-01 -4.78300893E-07 -4.89939753E+01  0.00000000E+00 -4.50764615E-08 -3.06975601E-06  3.58851042E-08
  5.00000000E-01 -4.78512257E-07 -4.89939753E+01  0.00000000E+00 -4.00684431E-08 -2.68406439E-06  3.17329737E-08
