  0.00000000E+00  0.00000000E+00  0.00000000E+00  0.00000000E+00  1.90257477E+00  2.49017077E-04  4.12928357E-04  2.37679203E-04  8.64724209E-05 -4.40339229E-04
  1.00000000E-02  1.90257477E-02  2.49017077E-06  4.12928357E-06  1.44259413E+00  1.72401962E-02 -1.26142008E-02  2.25214823E-04 -2.21880051E-03  4.94817640E-03
  2.00000000E-02  3.11517858E-02  2.59848028E-04 -1.87148370E-04  1.13108627E+00  2.44725911E-02 -1.82958017E-02  2.23787931E-04 -3.29624918E-03  7.54226971E-03
  3.00000000E-02  4.09051091E-02  5.40735913E-04 -3.98514391E-04  9.06427485E-01  2.78261883E-02 -2.10031533E-02  2.33838864E-04 -3.86011611E-03  8.91137663E-03
  4.00000000E-02  4.88460901E-02  8.35765782E-04 -6.22082682E-04  7.52557536E-01  2.81427096E-02 -2.13740738E-02  2.48767516E-04 -4.02735099E-03  9.28170192E-03
  5.00000000E-02  5.56023157E-02  1.11877548E-03 -8.37678023E-04  6.50098760E-01  2.67486007E-02 -2.04131043E-02  2.61359437E-04 -3.93349658E-03  9.06982295E-03
  6.00000000E-02  6.15910094E-02  1.37929095E-03 -1.03700422E-03  5.82946908E-01  2.46835041E-02 -1.89045665E-02  2.68159128E-04 -3.71776822E-03  8.57582034E-03
  7.00000000E-02  6.70847192E-02  1.61580051E-03 -1.21850719E-03  5.39317394E-01  2.25738377E-02 -1.73269747E-02  2.68664188E-04 -3.46698805E-03  7.99625910E-03
  8.00000000E-02  7.22597456E-02  1.83099055E-03 -1.38388898E-03  5.11093839E-01  2.07231056E-02 -1.59180719E-02  2.64077014E-04 -3.22955301E-03  7.43965551E-03
  9.00000000E-02  7.72295662E-02  2.02896795E-03 -1.53602519E-03  4.92865528E-01  1.92328446E-02 -1.47635150E-02  2.56162289E-04 -3.02712522E-03  6.95537531E-03
  1.00000000E-01  8.20670800E-02  2.21384509E-03 -1.67788755E-03  4.81091662E-01  1.80977525E-02 -1.38669043E-02  2.46658371E-04 -2.86521919E-03  6.55713808E-03
  1.10000000E-01  8.68191272E-02  2.38914715E-03 -1.81207354E-03  4.73478364E-01  1.72664182E-02 -1.31951397E-02  2.36894341E-04 -2.74125192E-03  6.24115975E-03
  1.20000000E-01  9.15158444E-02  2.55765466E-03 -1.94066612E-03  4.68547119E-01  1.66751938E-02 -1.27039523E-02  2.27728686E-04 -2.64941570E-03  5.99635861E-03
  1.30000000E-01  9.61766594E-02  2.72145048E-03 -2.06524970E-03  4.65346914E-01  1.62644943E-02 -1.23505348E-02  2.19649563E-04 -2.58327073E-03  5.80975589E-03
  1.40000000E-01  1.00814127E-01  2.88204192E-03 -2.18698796E-03  4.63266019E-01  1.59849410E-02 -1.20986309E-02  2.12846092E-04 -2.53696082E-03  5.66898378E-03
  1.50000000E-01  1.05436383E-01  3.04049357E-03 -2.30671475E-03  4.61910476E-01  1.57983351E-02 -1.19197216E-02  2.07309335E-04 -2.50557270E-03  5.56336608E-03
  1.60000000E-01  1.10048710E-01  3.19754389E-03 -2.42501742E-03  4.61026117E-01  1.56764318E-02 -1.17923661E-02  2.02930032E-04 -2.48515420E-03  5.48424451E-03
  1.70000000E-01  1.14654550E-01  3.35369869E-03 -2.54230430E-03  4.60448570E-01  1.55989596E-02 -1.17009351E-02  1.99540250E-04 -2.47267997E-03  5.42480725E-03
  1.80000000E-01  1.19256148E-01  3.50930093E-03 -2.65885650E-03  4.60071280E-01  1.55516829E-02 -1.16342859E-02  1.96961926E-04 -2.46589967E-03  5.37981896E-03
  1.90000000E-01  1.23854974E-01  3.66458137E-03 -2.77486611E-03  4.59824999E-01  1.55247616E-02 -1.15846013E-02  1.95028997E-04 -2.46316931E-03  5.34534033E-03
  2.00000000E-01  1.28451993E-01  3.81969438E-03 -2.89046370E-03 -9.83145662E-01 -2.03514243E-03  7.14856368E-04 -5.15105617E-05 -5.66914881E-05  5.39378518E-04
  2.10000000E-01  1.11405683E-01  3.71154344E-03 -2.82181785E-03 -7.75091272E-01 -6.86588786E-03  4.57921995E-03 -1.69677759E-05  5.70496624E-04 -1.16087348E-03
  2.20000000E-01  1.04695042E-01  3.61873083E-03 -2.75670383E-03 -5.56100049E-01 -1.08672486E-02  7.54470373E-03 -4.96295132E-05  1.32000742E-03 -2.61170911E-03
  2.30000000E-01  1.00228997E-01  3.49005154E-03 -2.66642938E-03 -3.80552480E-01 -1.23817145E-02  8.85325735E-03 -5.75439221E-05  1.60538713E-03 -3.38640036E-03
  2.40000000E-01  9.73012105E-02  3.35866207E-03 -2.57135404E-03 -2.53852869E-01 -1.19391620E-02  8.68407796E-03 -6.87680159E-05  1.63334771E-03 -3.52646885E-03
  2.50000000E-01  9.53961798E-02  3.24148321E-03 -2.48535915E-03 -1.66925739E-01 -1.03858495E-02  7.65994685E-03 -7.63699005E-05  1.48583115E-03 -3.26464097E-03
  2.60000000E-01  9.41615581E-02  3.14539128E-03 -2.41388034E-03 -1.08911741E-01 -8.43118324E-03  6.29895249E-03 -7.87953164E-05  1.25807153E-03 -2.80847684E-03
  2.70000000E-01  9.33625107E-02  3.07085278E-03 -2.35769579E-03 -7.07888455E-02 -6.51730741E-03  4.93143835E-03 -7.62500282E-05  1.01397937E-03 -2.29878025E-03
  2.80000000E-01  9.28452367E-02  3.01524908E-03 -2.31521898E-03 -4.59487473E-02 -4.86042177E-03  3.72545669E-03 -6.99506588E-05  7.88933091E-04 -1.81589120E-03
  2.90000000E-01  9.25099497E-02  2.97492929E-03 -2.28399432E-03 -2.98318848E-02 -3.52905354E-03  2.74081798E-03 -6.14104103E-05  5.98132973E-04 -1.39720398E-03
  3.00000000E-01  9.22922152E-02  2.94629560E-03 -2.26150933E-03 -1.93914870E-02 -2.51137169E-03  1.97673093E-03 -5.19923770E-05  4.44767420E-04 -1.05379774E-03
  3.10000000E-01  9.21505023E-02  2.92627029E-03 -2.24556246E-03 -1.26278201E-02 -1.76051408E-03  1.40451667E-03 -4.27143673E-05  3.25905620E-04 -7.82602724E-04
  3.20000000E-01  9.20580424E-02  2.91241944E-03 -2.23437836E-03 -8.24129861E-03 -1.22067029E-03  9.86891501E-04 -3.42212051E-05  2.36154689E-04 -5.74182103E-04
  3.30000000E-01  9.19975620E-02  2.90291195E-03 -2.22659757E-03 -5.39160564E-03 -8.39921808E-04  6.87822706E-04 -2.68429613E-05  1.69671444E-04 -4.17216656E-04
  3.40000000E-01  9.19578945E-02  2.89641648E-03 -2.22121469E-03 -3.53649614E-03 -5.75192064E-04  4.76643136E-04 -2.06809904E-05  1.21125911E-04 -3.00817690E-04
  3.50000000E-01  9.19318050E-02  2.89198820E-03 -2.21750416E-03 -2.32612148E-03 -3.93052464E-04  3.29057046E-04 -1.56907693E-05  8.60620114E-05 -2.15534855E-04
  3.60000000E-01  9.19145957E-02  2.88896838E-03 -2.21495152E-03 -1.53453936E-03 -2.68672090E-04  2.26679184E-04 -1.17479520E-05  6.09448148E-05 -1.53642581E-04
  3.70000000E-01  9.19032082E-02  2.88690356E-03 -2.21319661E-03 -1.01558544E-03 -1.84161796E-04  1.56028834E-04 -8.69488945E-06  4.30657405E-05 -1.09066758E-04
  3.80000000E-01  9.18956471E-02  2.88548449E-03 -2.21198958E-03 -6.74511657E-04 -1.26908674E-04  1.07440806E-04 -6.37004612E-06  3.03991077E-05 -7.71597738E-05
  3.90000000E-01  9.18906074E-02  2.88450167E-03 -2.21115811E-03 -4.49763964E-04 -8.81559634E-05  7.40944315E-05 -4.62449128E-06  2.14563851E-05 -5.44353368E-05
  4.00000000E-01  9.18872335E-02  2.88381388E-03 -2.21058390E-03 -3.01262767E-04 -6.19035964E-05  5.12320976E-05 -3.32951239E-06  1.51579549E-05 -3.83170997E-05
  4.10000000E-01  9.18849634E-02  2.88332610E-03 -2.21018589E-03 -2.02852422E-04 -4.40816872E-05  3.55635533E-05 -2.37868651E-06  1.07284828E-05 -2.69230188E-05
  4.20000000E-01  9.18834269E-02  2.88297439E-03 -2.20990859E-03 -1.37426541E-04 -3.19310092E-05  2.48224634E-05 -1.68682301E-06  7.61535027E-06 -1.88906874E-05
  4.30000000E-01  9.18823798E-02  2.88271584E-03 -2.20971407E-03 -9.37729032E-05 -2.35954703E-05  1.74516822E-05 -1.18739789E-06  5.42697851E-06 -1.32410056E-05
  4.40000000E-01  9.18816603E-02  2.88252156E-03 -2.20957641E-03 -6.45269510E-05 -1.78192369E-05  1.23851912E-05 -8.29463042E-07  3.88715590E-06 -9.27445865E-06
  4.50000000E-01  9.18811613E-02  2.88237225E-03 -2.20947789E-03 -4.48410067E-05 -1.37623474E-05  8.89267048E-06 -5.74611268E-07  2.80171741E-06 -6.49366215E-06
  4.60000000E-01  9.18808113E-02  2.88225491E-03 -2.20940643E-03 -3.15172852E-05 -1.08637665E-05  6.47143152E-06 -3.94269304E-07  2.03452852E-06 -4.54634386E-06
  4.70000000E-01  9.18805627E-02  2.88216077E-03 -2.20935382E-03 -2.24416413E-05 -8.75092942E-06  4.77934096E-06 -2.67411196E-07  1.49032152E-06 -3.18381422E-06
  4.80000000E-01  9.18803837E-02  2.88208382E-03 -2.20931449E-03 -1.62130983E-05 -7.17682547E-06  3.58522605E-06 -1.78706502E-07  1.10250889E-06 -2.23098083E-06
  4.90000000E-01  9.18802527E-02  2.88201992E-03 -2.20928461E-03 -1.19009219E-05 -5.97776803E-06  2.73329260E-06 -1.17066227E-07  8.24578359E-07 -1.56484106E-06
  5.00000000E-01  9.18801552E-02  2.88196614E-03 -2.20926153E-03 -8.88506619E-06 -5.04392536E-06  2.11830775E-06 -7.45245889E-08  6.24043038E-07 -1.09914273E-06
