  0.00000000E+00  0.00000000E+00  0.00000000E+00  0.00000000E+00  1.90257477E+00  2.49017077E-04  4.12928357E-04  2.37679203E-04  8.64724209E-05 -4.40339229E-04
  1.00000000E-02  1.90257477E-02  2.49017077E-06  4.12928357E-06  1.38483242E+00  2.29141709E-02 -1.28397587E-02  1.33918663E-04 -1.44155913E-04 -4.35478076E-03
  2.00000000E-02  3.02853602E-02  3.44957648E-04 -1.90531738E-04  1.04849778E+00  3.22622574E-02 -1.81644549E-02  3.26333965E-05 -3.03504430E-04 -6.08086905E-03
  3.00000000E-02  3.90886648E-02  7.14320655E-04 -3.98799769E-04  8.12071921E-01  3.64422631E-02 -2.04730324E-02 -3.55814682E-05 -4.19922953E-04 -6.93636035E-03
  4.00000000E-02  4.60272547E-02  1.09964331E-03 -6.15072980E-04  6.56677261E-01  3.65812336E-02 -2.04486549E-02 -7.69204824E-05 -5.10357022E-04 -7.12878394E-03
  5.00000000E-02  5.18170540E-02  1.46615050E-03 -8.19437641E-04  5.58544267E-01  3.44966263E-02 -1.91666434E-02 -9.93039959E-05 -5.49859894E-04 -6.88603157E-03
  6.00000000E-02  5.69118317E-02  1.80069373E-03 -1.00469402E-03  4.98105598E-01  3.15976903E-02 -1.74509108E-02 -1.08510920E-04 -5.56768825E-04 -6.45315724E-03
  7.00000000E-02  6.15906943E-02  2.10217595E-03 -1.17062446E-03  4.61467186E-01  2.87183929E-02 -1.57803825E-02 -1.09344585E-04 -5.43251245E-04 -5.97757927E-03
  8.00000000E-02  6.60221741E-02  2.37496339E-03 -1.32007565E-03  4.39466773E-01  2.62468546E-02 -1.43698292E-02 -1.05452515E-04 -5.20081862E-04 -5.53944662E-03
  9.00000000E-02  7.03068398E-02  2.62507425E-03 -1.45672117E-03  4.26319039E-01  2.42967873E-02 -1.32745669E-02 -9.93475204E-05 -4.94829603E-04 -5.17412934E-03
  1.00000000E-01  7.45042915E-02  2.85829179E-03 -1.58399053E-03  4.18470711E-01  2.28412783E-02 -1.24703605E-02 -9.26738769E-05 -4.71755582E-04 -4.88819252E-03
  1.10000000E-01  7.86497570E-02  3.07942702E-03 -1.70467310E-03  4.13777793E-01  2.17969186E-02 -1.19031791E-02 -8.63902160E-05 -4.52742886E-04 -4.67395838E-03
  1.20000000E-01  8.27640703E-02  3.29217441E-03 -1.82086899E-03  4.10960454E-01  2.10693520E-02 -1.15151541E-02 -8.09259937E-05 -4.38443895E-04 -4.51885719E-03
  1.30000000E-01  8.68595882E-02  3.49923010E-03 -1.93408040E-03  4.09259243E-01  2.05740446E-02 -1.12559849E-02 -7.64233504E-05 -4.28544650E-04 -4.40999344E-03
  1.40000000E-01  9.09436746E-02  3.70249401E-03 -2.04534440E-03  4.08224459E-01  2.02431764E-02 -1.10863133E-02 -7.28677946E-05 -4.22367729E-04 -4.33600841E-03
  1.50000000E-01  9.50207452E-02  3.90327143E-03 -2.15535918E-03  4.07589574E-01  2.00258079E-02 -1.09772328E-02 -7.01491445E-05 -4.19151786E-04 -4.28766897E-03
  1.60000000E-01  9.90934666E-02  4.10244267E-03 -2.26458611E-03  4.07196109E-01  1.98852931E-02 -1.09083914E-02 -6.81203438E-05 -4.18201699E-04 -4.25779889E-03
  1.70000000E-01  1.03163460E-01  4.30059302E-03 -2.37332581E-03  4.06949385E-01  1.97960669E-02 -1.08658898E-02 -6.66370582E-05 -4.18921787E-04 -4.24104095E-03
  1.80000000E-01  1.07231721E-01  4.49810756E-03 -2.48177220E-03  4.06792482E-01  1.97406826E-02 -1.08404440E-02 -6.55747006E-05 -4.20843507E-04 -4.23347509E-03
  1.90000000E-01  1.11298861E-01  4.69523747E-03 -2.59004941E-03  4.06690956E-01  1.97074315E-02 -1.08259567E-02 -6.48322360E-05 -4.23621937E-04 -4.23229950E-03
  2.00000000E-01  1.15365263E-01  4.89214553E-03 -2.69823654E-03 -9.77902606E-01 -3.57028045E-03  2.15113367E-03 -2.20275702E-04 -1.65936561E-04  4.62671417E-04
  2.10000000E-01  9.86632689E-02  4.74005416E-03 -2.61183976E-03 -7.53859185E-01 -9.83188259E-03  5.77585743E-03 -1.10082914E-04 -9.25888571E-05  1.52228549E-03
  2.20000000E-01  9.22448942E-02  4.61042732E-03 -2.53595756E-03 -5.20968574E-01 -1.47775488E-02  8.52100325E-03 -7.02485693E-05  1.03670111E-04  2.65419739E-03
  2.30000000E-01  8.81996615E-02  4.43792351E-03 -2.43702180E-03 -3.39958933E-01 -1.64465611E-02  9.43147064E-03 -1.42367442E-05  1.72690354E-04  3.04774939E-03
  2.40000000E-01  8.57051203E-02  4.26511283E-03 -2.33815476E-03 -2.14291061E-01 -1.55806116E-02  8.87547212E-03  1.93500250E-05  2.12843139E-04  2.99469048E-03
  2.50000000E-01  8.41905491E-02  4.11363646E-03 -2.25218003E-03 -1.32196789E-01 -1.33277818E-02  7.53788345E-03  3.74476722E-05  2.20106757E-04  2.66013395E-03
  2.60000000E-01  8.32790526E-02  3.99162280E-03 -2.18348914E-03 -8.04767475E-02 -1.06323936E-02  5.96775390E-03  4.44425758E-05  2.05496137E-04  2.20765646E-03
  2.70000000E-01  8.27328853E-02  3.89877580E-03 -2.13166225E-03 -4.86236713E-02 -8.06683051E-03  4.49244537E-03  4.43305132E-05  1.79153898E-04  1.74590362E-03
  2.80000000E-01  8.24059140E-02  3.83093531E-03 -2.09411433E-03 -2.92813164E-02 -5.89618360E-03  3.25858876E-03  4.02306843E-05  1.48612971E-04  1.33251102E-03
  2.90000000E-01  8.22098126E-02  3.78282671E-03 -2.06769773E-03 -1.76319229E-02 -4.18957276E-03  2.29936151E-03  3.43383499E-05  1.18681134E-04  9.89943637E-04
  3.00000000E-01  8.20917403E-02  3.74946404E-03 -2.04950025E-03 -1.06428379E-02 -2.91350846E-03  1.59004919E-03  2.80561930E-05  9.19756935E-05  7.20228961E-04
  3.10000000E-01  8.20202574E-02  3.72670927E-03 -2.03714632E-03 -6.45207470E-03 -1.99331680E-03  1.08402300E-03  2.21831707E-05  6.95812526E-05  5.15431117E-04
  3.20000000E-01  8.19766904E-02  3.71137706E-03 -2.02883622E-03 -3.93427814E-03 -1.34737103E-03  7.32338391E-04  1.70996245E-05  5.16251814E-05  3.64039989E-04
  3.30000000E-01  8.19499366E-02  3.70113308E-03 -2.02327126E-03 -2.41569977E-03 -9.03033705E-04  4.92496231E-04  1.29209620E-05  3.77116306E-05  2.54395410E-04
  3.40000000E-01  8.19333725E-02  3.69432443E-03 -2.01954551E-03 -1.49491185E-03 -6.02008011E-04  3.31061092E-04  9.61196918E-06  2.72162432E-05  1.76244271E-04
  3.50000000E-01  8.19230274E-02  3.68980948E-03 -2.01704207E-03 -9.33053284E-04 -4.00365457E-04  2.23294075E-04  7.06438965E-06  1.94669033E-05  1.21242790E-04
  3.60000000E-01  8.19165061E-02  3.68681404E-03 -2.01534797E-03 -5.87797353E-04 -2.66381758E-04  1.51639380E-04  5.14520827E-06  1.38418600E-05  8.29265703E-05
  3.70000000E-01  8.19123544E-02  3.68482014E-03 -2.01418985E-03 -3.74046136E-04 -1.77830966E-04  1.04003762E-04  3.72373815E-06  9.81310684E-06  5.64541736E-05
  3.80000000E-01  8.19096827E-02  3.68348458E-03 -2.01338799E-03 -2.40668117E-04 -1.19474025E-04  7.22313344E-05  2.68471613E-06  6.95683403E-06  3.82879977E-05
  3.90000000E-01  8.19079429E-02  3.68258163E-03 -2.01282454E-03 -1.56757945E-04 -8.10327027E-05  5.09036302E-05  1.93289487E-06  4.94635548E-06  2.58908252E-05
  4.00000000E-01  8.19067949E-02  3.68196351E-03 -2.01242214E-03 -1.03513033E-04 -5.56689863E-05  3.64593229E-05  1.39295480E-06  3.53742329E-06  1.74690180E-05
  4.10000000E-01  8.19060260E-02  3.68153364E-03 -2.01212977E-03 -6.94156853E-05 -3.88766111E-05  2.65720197E-05  1.00718928E-06  2.55168177E-06  1.17689907E-05
  4.20000000E-01  8.19055023E-02  3.68122883E-03 -2.01191348E-03 -4.73619511E-05 -2.76955834E-05  1.97224382E-05  7.32420675E-07  1.86128004E-06  7.92259939E-06
  4.30000000E-01  8.19051390E-02  3.68100778E-03 -2.01175051E-03 -3.29402692E-05 -2.01923001E-05  1.49136463E-05  5.36920366E-07  1.37589567E-06  5.33309111E-06
  4.40000000E-01  8.19048817E-02  3.68084337E-03 -2.01162542E-03 -2.33927068E-05 -1.50987907E-05  1.14859620E-05  3.97696885E-07  1.03243248E-06  3.59276241E-06
  4.50000000E-01  8.19046955E-02  3.68071785E-03 -2.01152769E-03 -1.69837248E-05 -1.15869493E-05  9.00309787E-06  2.98268410E-07  7.87184805E-07  2.42446990E-06
  4.60000000E-01  8.19045577E-02  3.68061954E-03 -2.01145008E-03 -1.26139234E-05 -9.11692583E-06  7.17379686E-06  2.26916683E-07  6.10056063E-07  1.64060750E-06
  4.70000000E-01  8.19044534E-02  3.68054072E-03 -2.01138749E-03 -9.58221008E-06 -7.33808433E-06  5.80133173E-06  1.75361538E-07  4.80393050E-07  1.11461961E-06
  4.80000000E-01  8.19043727E-02  3.68047624E-03 -2.01133634E-03 -7.43838310E-06 -6.02299621E-06  4.75193473E-06  1.37777743E-07  3.84039754E-07  7.61379586E-07
  4.90000000E-01  8.19043091E-02  3.68042258E-03 -2.01129406E-03 -5.89118632E-06 -5.02383266E-06  3.93432546E-06  1.10078808E-07  3.11284009E-07  5.23762609E-07
  5.00000000E-01  8.19042579E-02  3.68037734E-03 -2.01125881E-03 -4.75064673E-06 -4.24408163E-06  3.28594293E-06  8.94023050E-08  2.55440790E-07  3.63507447E-07
