  0.00000000E+00  0.00000000E+00  0.00000000E+00  0.00000000E+00  1.90257480E+00  2.49030151E-04  4.12927561E-04  2.37702552E-04  8.64615588E-05 -4.40366946E-04
  1.00000000E-02  1.90257480E-02  2.49030151E-06  4.12927561E-06  1.43550980E+00 -4.97720982E-03 -3.36830472E-03  2.63097876E-04 -1.07135720E-02  2.71274467E-02
  2.00000000E-02  3.10455210E-02 -7.34129965E-05 -4.84599330E-05  1.12101313E+00 -7.43260239E-03 -5.11116718E-03  2.95603759E-04 -1.53889431E-02  3.94889209E-02
  3.00000000E-02  4.06831689E-02 -1.60015983E-04 -1.08285917E-04  8.94880237E-01 -8.69485452E-03 -5.99166270E-03  3.34929567E-04 -1.76317383E-02  4.56006279E-02
  4.00000000E-02  4.85013068E-02 -2.53275789E-04 -1.72605022E-04  7.40714386E-01 -8.97267735E-03 -6.16990061E-03  3.71908825E-04 -1.79685997E-02  4.67668230E-02
  5.00000000E-02  5.51376215E-02 -3.44391677E-04 -2.35195217E-04  6.38666947E-01 -8.67138703E-03 -5.93954016E-03  3.98026472E-04 -1.71951498E-02  4.50229733E-02
  6.00000000E-02  6.10140537E-02 -4.29599095E-04 -2.93438817E-04  5.72244178E-01 -8.10579882E-03 -5.53209720E-03  4.10601180E-04 -1.59598180E-02  4.20084724E-02
  7.00000000E-02  6.64043817E-02 -5.07829143E-04 -3.46722574E-04  5.29415869E-01 -7.47706655E-03 -5.09255554E-03  4.10798368E-04 -1.46596364E-02  3.87453187E-02
  8.00000000E-02  7.14843988E-02 -5.79456147E-04 -3.95450421E-04  5.01934010E-01 -6.89135689E-03 -4.69487216E-03  4.01920741E-04 -1.34950750E-02  3.57639743E-02
  9.00000000E-02  7.63663296E-02 -6.45441167E-04 -4.40410726E-04  4.84332146E-01 -6.39261198E-03 -4.36729580E-03  3.87711979E-04 -1.25408207E-02  3.32762091E-02
  1.00000000E-01  8.11216418E-02 -7.06873563E-04 -4.82445802E-04  4.73057067E-01 -5.98961740E-03 -4.11292837E-03  3.71361558E-04 -1.18023813E-02  3.13151215E-02
  1.10000000E-01  8.57958370E-02 -7.64754764E-04 -5.22303248E-04  4.65824592E-01 -5.67407759E-03 -3.92327098E-03  3.55172749E-04 -1.12535143E-02  2.98282553E-02
  1.20000000E-01  9.04179206E-02 -8.19917841E-04 -5.60587671E-04  4.61174973E-01 -5.43128767E-03 -3.78600858E-03  3.40530142E-04 -1.08577497E-02  2.87322231E-02
  1.30000000E-01  9.50064222E-02 -8.73016768E-04 -5.97761445E-04  4.58177725E-01 -5.24570289E-03 -3.68892358E-03  3.28082464E-04 -1.05792301E-02  2.79412496E-02
  1.40000000E-01  9.95732132E-02 -9.24545873E-04 -6.34165256E-04  4.56239898E-01 -5.10345359E-03 -3.62153337E-03  3.17993226E-04 -1.03872910E-02  2.73797693E-02
  1.50000000E-01  1.04125923E-01 -9.74869162E-04 -6.70043639E-04  4.54983170E-01 -4.99318091E-03 -3.57553080E-03  3.10131051E-04 -1.02576085E-02  2.69864193E-02
  1.60000000E-01  1.08669471E-01 -1.02424961E-03 -7.05568934E-04  4.54165634E-01 -4.90606192E-03 -3.54464151E-03  3.04216710E-04 -1.01718097E-02  2.67138281E-02
  1.70000000E-01  1.13207040E-01 -1.07287463E-03 -7.40860902E-04  4.53632188E-01 -4.83548008E-03 -3.52428058E-03  2.99918740E-04 -1.01164722E-02  2.65266655E-02
  1.80000000E-01  1.17740694E-01 -1.12087652E-03 -7.76001903E-04  4.53283087E-01 -4.77659023E-03 -3.51117647E-03  2.96913164E-04 -1.00820250E-02  2.63992332E-02
  1.90000000E-01  1.22271780E-01 -1.16834798E-03 -8.11048148E-04  4.53053995E-01 -4.72590398E-03 -3.50303327E-03  2.94909802E-04 -1.00617717E-02  2.63131927E-02
  2.00000000E-01  1.26801174E-01 -1.21535359E-03 -8.46037764E-04 -9.82503975E-01 -3.39142728E-04 -1.12543984E-04 -1.00518712E-05  1.07235987E-03 -1.01328070E-03
  2.10000000E-01  1.09798345E-01 -1.19681121E-03 -8.30210758E-04 -7.73063655E-01  1.53877762E-03  1.29191047E-03  2.27861352E-05  3.80424855E-03 -9.20484651E-03
  2.20000000E-01  1.03114910E-01 -1.17203383E-03 -8.10269381E-04 -5.51983145E-01  2.49069743E-03  2.18395697E-03 -5.67650899E-05  6.64660263E-03 -1.61323618E-02
  2.30000000E-01  9.87004809E-02 -1.14236725E-03 -7.83969579E-04 -3.75718742E-01  3.07969112E-03  2.62437115E-03 -8.67288857E-05  7.65548031E-03 -1.91716581E-02
  2.40000000E-01  9.58246155E-02 -1.10862538E-03 -7.55523796E-04 -2.49020126E-01  3.09652438E-03  2.60224998E-03 -1.15196378E-04  7.47685570E-03 -1.90224150E-02
  2.50000000E-01  9.39679073E-02 -1.07757597E-03 -7.29611902E-04 -1.62581490E-01  2.78402329E-03  2.31511048E-03 -1.31961834E-04  6.57318428E-03 -1.69539931E-02
  2.60000000E-01  9.27742856E-02 -1.05129824E-03 -7.07896495E-04 -1.05273300E-01  2.32813439E-03  1.92036675E-03 -1.36501548E-04  5.38573323E-03 -1.40820010E-02
  2.70000000E-01  9.20080935E-02 -1.03029634E-03 -6.90666546E-04 -6.78905964E-02  1.85079727E-03  1.51815654E-03 -1.30910688E-04  4.19731080E-03 -1.11321361E-02
  2.80000000E-01  9.15161011E-02 -1.01417505E-03 -6.77496032E-04 -4.37243581E-02  1.41751060E-03  1.15994049E-03 -1.18424325E-04  3.15220095E-03 -8.48729605E-03
  2.90000000E-01  9.11996887E-02 -1.00216638E-03 -6.67687707E-04 -2.81725995E-02  1.05505373E-03  8.64802927E-04 -1.02274277E-04  2.30155271E-03 -6.29655379E-03
  3.00000000E-01  9.09957215E-02 -9.93428126E-04 -6.60515366E-04 -1.81810740E-02  7.67560045E-04  6.33595872E-04 -8.50702208E-05  1.64411980E-03 -4.57407274E-03
  3.10000000E-01  9.08638684E-02 -9.87189994E-04 -6.55335442E-04 -1.17604349E-02  5.47894189E-04  4.58629166E-04 -6.86063746E-05  1.15445746E-03 -3.26858476E-03
  3.20000000E-01  9.07783672E-02 -9.82809381E-04 -6.51623984E-04 -7.62858334E-03  3.84631971E-04  3.29406909E-04 -5.39216390E-05  7.99648375E-04 -2.30551950E-03
  3.30000000E-01  9.07227406E-02 -9.79779372E-04 -6.48976026E-04 -4.96378167E-03  2.65848630E-04  2.35592158E-04 -4.14700285E-05  5.47906606E-04 -1.60946295E-03
  3.40000000E-01  9.06864268E-02 -9.77714803E-04 -6.47089179E-04 -3.24055226E-03  1.80887583E-04  1.68279614E-04 -3.13099861E-05  3.72196492E-04 -1.11429239E-03
  3.50000000E-01  9.06626374E-02 -9.76330732E-04 -6.45742945E-04 -2.12292229E-03  1.20976989E-04  1.20345135E-04 -2.32668719E-05  2.51129714E-04 -7.66380166E-04
  3.60000000E-01  9.06469964E-02 -9.75420515E-04 -6.44779166E-04 -1.39582167E-03  7.92544598E-05  8.63502994E-05 -1.70533316E-05  1.68564226E-04 -5.24326419E-04
  3.70000000E-01  9.06366737E-02 -9.74836583E-04 -6.44085637E-04 -9.21288111E-04  5.05329377E-05  6.22730771E-05 -1.23487893E-05  1.12712917E-04 -3.57236308E-04
  3.80000000E-01  9.06298334E-02 -9.74474862E-04 -6.43583293E-04 -6.10590982E-04  3.09865737E-05  4.52036711E-05 -8.84615704E-06  7.51747951E-05 -2.42612936E-04
  3.90000000E-01  9.06252810E-02 -9.74262728E-04 -6.43216603E-04 -4.06497577E-04  1.78445015E-05  3.30684966E-05 -6.27522205E-06  5.00711987E-05 -1.64372546E-04
  4.00000000E-01  9.06222365E-02 -9.74149993E-04 -6.42946594E-04 -2.71980130E-04  9.13173653E-06  2.44033757E-05 -4.41102210E-06  3.33465486E-05 -1.11176974E-04
  4.10000000E-01  9.06201893E-02 -9.74102240E-04 -6.42745886E-04 -1.83009729E-04  3.46277630E-06  1.81797019E-05 -3.07349875E-06  2.22340355E-05 -7.51205710E-05
  4.20000000E-01  9.06188040E-02 -9.74095957E-04 -6.42595207E-04 -1.23945899E-04 -1.31618046E-07  1.36801058E-05 -2.12273512E-06  1.48627072E-05 -5.07384530E-05
  4.30000000E-01  9.06178599E-02 -9.74115245E-04 -6.42480904E-04 -8.45781696E-05 -2.33112586E-06  1.04060831E-05 -1.45249162E-06  9.97628124E-06 -3.42787766E-05
  4.40000000E-01  9.06172110E-02 -9.74149554E-04 -6.42393213E-04 -5.82218659E-05 -3.59959011E-06  8.00756979E-06 -9.83577759E-07  6.73591918E-06 -2.31798185E-05
  4.50000000E-01  9.06167605E-02 -9.74191892E-04 -6.42325130E-04 -4.04882486E-05 -4.25558148E-06  6.23776766E-06 -6.57852038E-07  4.58399146E-06 -1.57000736E-05
  4.60000000E-01  9.06164443E-02 -9.74237728E-04 -6.42271602E-04 -2.84880367E-05 -4.51262328E-06  4.92180174E-06 -4.33160856E-07  3.15107890E-06 -1.06597304E-05
  4.70000000E-01  9.06162194E-02 -9.74284139E-04 -6.42228963E-04 -2.03138406E-05 -4.51479069E-06  3.93560680E-06 -2.79264023E-07  2.19308015E-06 -7.26168495E-06
  4.80000000E-01  9.06160572E-02 -9.74329298E-04 -6.42194538E-04 -1.47029668E-05 -4.35917029E-06  3.18902603E-06 -1.74660934E-07  1.54899534E-06 -4.96853578E-06
  4.90000000E-01  9.06159382E-02 -9.74372111E-04 -6.42166381E-04 -1.08170951E-05 -4.11097783E-06  2.61624149E-06 -1.04181909E-07  1.11275378E-06 -3.41854619E-06
  5.00000000E-01  9.06158494E-02 -9.74411980E-04 -6.42143082E-04 -8.09796318E-06 -3.81390154E-06  2.17010568E-06 -5.71952620E-08  8.14502986E-07 -2.36849842E-06
