  0.00000000E+00  0.00000000E+00  0.00000000E+00  0.00000000E+00  1.90257477E+00  2.49017077E-04  4.12928357E-04  2.37679203E-04  8.64724209E-05 -4.40339229E-04
  1.00000000E-02  1.90257477E-02  2.49017077E-06  4.12928357E-06  1.45147197E+00  1.44763160E-03 -1.39985994E-02  1.92679550E-04  4.14395140E-03 -1.09734330E-05
  2.00000000E-02  3.12849534E-02  2.29595593E-05 -2.07914350E-04  1.14481571E+00  1.90994388E-03 -2.03770971E-02  1.40957061E-04  6.23829860E-03  2.45329409E-04
  3.00000000E-02  4.11998293E-02  4.43705596E-05 -4.43577809E-04  9.23037981E-01  2.07798452E-03 -2.34820428E-02  1.07060114E-04  7.42133059E-03  3.96987230E-04
  4.00000000E-02  4.93213204E-02  6.59906079E-05 -6.93922965E-04  7.70420000E-01  2.02935752E-03 -2.40307694E-02  8.57754540E-05  7.84849948E-03  4.64997948E-04
  5.00000000E-02  5.62624305E-02  8.60410482E-05 -9.36974293E-04  6.68124276E-01  1.87108635E-03 -2.31002624E-02  7.22764003E-05  7.81213677E-03  4.80861641E-04
  6.00000000E-02  6.24321946E-02  1.03960556E-04 -1.16332438E-03  6.00503503E-01  1.68138873E-03 -2.15332665E-02  6.36303927E-05  7.52468958E-03  4.68217590E-04
  7.00000000E-02  6.80991258E-02  1.19825955E-04 -1.37082207E-03  5.56097954E-01  1.50338634E-03 -1.98485575E-02  5.79144807E-05  7.13292463E-03  4.42985929E-04
  8.00000000E-02  7.34380776E-02  1.33969806E-04 -1.56088410E-03  5.26998737E-01  1.35472773E-03 -1.83108951E-02  5.40110033E-05  6.72462031E-03  4.14322903E-04
  9.00000000E-02  7.85625689E-02  1.46773791E-04 -1.73630474E-03  5.07915561E-01  1.23842527E-03 -1.70233100E-02  5.12655415E-05  6.34681921E-03  3.86967323E-04
  1.00000000E-01  8.35463086E-02  1.58576531E-04 -1.90009991E-03  4.95369858E-01  1.15067746E-03 -1.59998926E-02  4.92800599E-05  6.01874716E-03  3.63150639E-04
  1.10000000E-01  8.84372787E-02  1.69644567E-04 -2.05498175E-03  4.87093025E-01  1.08555133E-03 -1.52131472E-02  4.78256910E-05  5.74474972E-03  3.43335248E-04
  1.20000000E-01  9.32668248E-02  1.80174449E-04 -2.20317950E-03  4.81609907E-01  1.03721297E-03 -1.46211283E-02  4.67927395E-05  5.52167718E-03  3.27400050E-04
  1.30000000E-01  9.80555082E-02  1.90304887E-04 -2.34643068E-03  4.77961279E-01  1.00074476E-03 -1.41813092E-02  4.60995059E-05  5.34329026E-03  3.14795476E-04
  1.40000000E-01  1.02816878E-01  2.00129994E-04 -2.48604468E-03  4.75521959E-01  9.72409510E-04 -1.38564926E-02  4.56688097E-05  5.20239611E-03  3.04882986E-04
  1.50000000E-01  1.07559901E-01  2.09712413E-04 -2.62298552E-03  4.73883022E-01  9.49512004E-04 -1.36165766E-02  4.54384727E-05  5.09192155E-03  2.97113652E-04
  1.60000000E-01  1.12290536E-01  2.19093045E-04 -2.75795171E-03  4.72776052E-01  9.30185496E-04 -1.34383099E-02  4.53476255E-05  5.00577017E-03  2.91087486E-04
  1.70000000E-01  1.17012762E-01  2.28298267E-04 -2.89144347E-03  4.72024002E-01  9.13172158E-04 -1.33042857E-02  4.53556925E-05  4.93869067E-03  2.86438519E-04
  1.80000000E-01  1.21729242E-01  2.37344922E-04 -3.02381621E-03  4.71509595E-01  8.97643699E-04 -1.32017461E-02  4.54316991E-05  4.88633434E-03  2.82855144E-04
  1.90000000E-01  1.26441766E-01  2.46243717E-04 -3.15532097E-03  4.71154832E-01  8.83062718E-04 -1.31214765E-02  4.55526209E-05  4.84520567E-03  2.80085416E-04
  2.00000000E-01  1.31151540E-01  2.55001439E-04 -3.28613439E-03 -9.80107539E-01 -2.29441902E-04  1.35191355E-04 -1.71549972E-04  8.63948334E-04  2.87993022E-04
  2.10000000E-01  1.14094153E-01  2.47144497E-04 -3.21849914E-03 -7.75509588E-01 -5.19876327E-04  4.36271255E-03 -9.63565685E-05 -6.26368611E-04  1.50442252E-04
  2.20000000E-01  1.07362047E-01  2.40493562E-04 -3.15373441E-03 -5.59297605E-01 -7.24621031E-04  7.77573673E-03 -9.21131270E-05 -1.75910919E-03 -2.94563480E-05
  2.30000000E-01  1.02850131E-01  2.32223628E-04 -3.05891192E-03 -3.85647257E-01 -8.00610704E-04  9.40631964E-03 -6.11966047E-05 -2.50109172E-03 -1.28007623E-04
  2.40000000E-01  9.98619099E-02  2.23837573E-04 -2.95669581E-03 -2.59731557E-01 -7.48091871E-04  9.41086733E-03 -4.20627838E-05 -2.73646927E-03 -1.74233276E-04
  2.50000000E-01  9.78941729E-02  2.16619248E-04 -2.86256440E-03 -1.72813418E-01 -6.30418384E-04  8.44500795E-03 -2.89311624E-05 -2.64240204E-03 -1.82522695E-04
  2.60000000E-01  9.66006294E-02  2.10903432E-04 -2.78294361E-03 -1.14341905E-01 -4.94623499E-04  7.06313535E-03 -1.99933434E-05 -2.36679681E-03 -1.69207019E-04
  2.70000000E-01  9.57495679E-02  2.06636171E-04 -2.71922162E-03 -7.55322633E-02 -3.68658208E-04  5.62766334E-03 -1.38476640E-05 -2.01692205E-03 -1.46156597E-04
  2.80000000E-01  9.51882935E-02  2.03579415E-04 -2.67012235E-03 -4.99352746E-02 -2.64743780E-04  4.33086393E-03 -9.54714089E-06 -1.65938530E-03 -1.20631973E-04
  2.90000000E-01  9.48169257E-02  2.01451550E-04 -2.63329771E-03 -3.30868122E-02 -1.85237109E-04  3.24905527E-03 -6.48903718E-06 -1.33030988E-03 -9.65238490E-05
  3.00000000E-01  9.45702999E-02  1.99996712E-04 -2.60621620E-03 -2.19900986E-02 -1.27533687E-04  2.39166153E-03 -4.29432639E-06 -1.04567917E-03 -7.55606947E-05
  3.10000000E-01  9.44058824E-02  1.99009892E-04 -2.58658655E-03 -1.46656838E-02 -8.72439555E-05  1.73557687E-03 -2.71904025E-06 -8.09413556E-04 -5.82238402E-05
  3.20000000E-01  9.42958477E-02  1.98338901E-04 -2.57251121E-03 -9.81637208E-03 -5.99062994E-05  1.24591789E-03 -1.59861619E-06 -6.18921953E-04 -4.43507855E-05
  3.30000000E-01  9.42219305E-02  1.97876527E-04 -2.56250032E-03 -6.59450887E-03 -4.17316160E-05  8.87042537E-04 -8.16015196E-07 -4.68610359E-04 -3.34983843E-05
  3.40000000E-01  9.41720947E-02  1.97550084E-04 -2.55542427E-03 -4.44606870E-03 -2.98038580E-05  6.27516272E-04 -2.84175537E-07 -3.51942382E-04 -2.51441579E-05
  3.50000000E-01  9.41383763E-02  1.97311684E-04 -2.55044674E-03 -3.00817921E-03 -2.20197432E-05  4.41700958E-04  6.33585234E-08 -2.62550240E-04 -1.87870670E-05
  3.60000000E-01  9.41154839E-02  1.97130407E-04 -2.54695881E-03 -2.04241169E-03 -1.69315803E-05  3.09665067E-04  2.77690534E-07 -1.94761114E-04 -1.39903394E-05
  3.70000000E-01  9.40998886E-02  1.96986532E-04 -2.54452234E-03 -1.39152084E-03 -1.35778113E-05  2.16394027E-04  3.97904778E-07 -1.43784164E-04 -1.03933205E-05
  3.80000000E-01  9.40892279E-02  1.96867523E-04 -2.54282475E-03 -9.51395686E-04 -1.13316040E-05  1.50813420E-04  4.53495280E-07 -1.05714235E-04 -7.70820704E-06
  3.90000000E-01  9.40819145E-02  1.96765438E-04 -2.54164452E-03 -6.52836344E-04 -9.78004491E-06  1.04877525E-04  4.66315617E-07 -7.74470303E-05 -5.71051146E-06
  4.00000000E-01  9.40768790E-02  1.96675395E-04 -2.54082543E-03 -4.49674442E-04 -8.64787002E-06  7.28082993E-05  4.52198596E-07 -5.65604073E-05 -4.22788529E-06
  4.10000000E-01  9.40733980E-02  1.96594578E-04 -2.54025769E-03 -3.10998095E-04 -7.74974606E-06  5.04962459E-05  4.22335970E-07 -4.11912523E-05 -3.12947945E-06
  4.20000000E-01  9.40709814E-02  1.96521571E-04 -2.53986429E-03 -2.16041309E-04 -7.00461383E-06  3.50149675E-05  3.84417371E-07 -2.99224580E-05 -2.31674242E-06
  4.30000000E-01  9.40692958E-02  1.96455250E-04 -2.53959154E-03 -1.50810400E-04 -6.36252036E-06  2.42876407E-05  3.43547057E-07 -2.16857996E-05 -1.71588148E-06
  4.40000000E-01  9.40681139E-02  1.96394835E-04 -2.53940230E-03 -1.05847743E-04 -5.77836683E-06  1.68569622E-05  3.02965717E-07 -1.56819258E-05 -1.27187654E-06
  4.50000000E-01  9.40672802E-02  1.96339973E-04 -2.53927089E-03 -7.47435400E-05 -5.23858314E-06  1.17092864E-05  2.64604934E-07 -1.13162902E-05 -9.43837110E-07
  4.60000000E-01  9.40666883E-02  1.96290286E-04 -2.53917953E-03 -5.31419970E-05 -4.74032363E-06  8.14254403E-06  2.29499583E-07 -8.14891135E-06 -7.01450102E-07
  4.70000000E-01  9.40662649E-02  1.96245374E-04 -2.53911594E-03 -3.80754478E-05 -4.28157572E-06  5.67220550E-06  1.98090568E-07 -5.85558120E-06 -5.22286410E-07
  4.80000000E-01  9.40659595E-02  1.96204852E-04 -2.53907157E-03 -2.75168000E-05 -3.85874394E-06  3.96310276E-06  1.70441274E-07 -4.19827381E-06 -3.89774194E-07
  4.90000000E-01  9.40657371E-02  1.96168378E-04 -2.53904048E-03 -2.00778746E-05 -3.46763117E-06  2.78174264E-06  1.46388266E-07 -3.00278636E-06 -2.91681508E-07
  5.00000000E-01  9.40655735E-02  1.96135658E-04 -2.53901857E-03 -1.48055515E-05 -3.10760826E-06  1.96738753E-06  1.25643337E-07 -2.14197536E-06 -2.18986045E-07
