  0.00000000E+00  0.00000000E+00  0.00000000E+00  0.00000000E+00  1.90257477E+00  2.49017077E-04  4.12928357E-04  2.37679203E-04  8.64724209E-05 -4.40339229E-04
  1.00000000E-02  1.90257477E-02  2.49017077E-06  4.12928357E-06  1.30614490E+00 -1.26973424E-02  1.69154788E-02 -9.67170518E-05 -1.26657498E-02  1.11394123E-02
  2.00000000E-02  2.91050473E-02 -1.89215050E-04  2.55796823E-04  9.40626993E-01 -1.71038233E-02  2.29464656E-02 -3.92996544E-04 -1.69052666E-02  1.48777333E-02
  3.00000000E-02  3.66837277E-02 -3.82285688E-04  5.15416413E-04  6.92628728E-01 -1.86129722E-02  2.52485206E-02 -5.86280545E-04 -1.83338519E-02  1.60455654E-02
  4.00000000E-02  4.23700237E-02 -5.75961155E-04  7.79411895E-04  5.39124697E-01 -1.79625661E-02  2.47397651E-02 -6.88331690E-04 -1.76364228E-02  1.53495161E-02
  5.00000000E-02  4.69937505E-02 -7.52334785E-04  1.02426577E-03  4.49772595E-01 -1.62904996E-02  2.28032415E-02 -7.21403848E-04 -1.59607976E-02  1.37692520E-02
  6.00000000E-02  5.10447159E-02 -9.06879448E-04  1.24261556E-03  4.00131996E-01 -1.44097885E-02  2.04763381E-02 -7.07323877E-04 -1.40982618E-02  1.20553348E-02
  7.00000000E-02  5.47978329E-02 -1.04157378E-03  1.43574443E-03  3.73576640E-01 -1.27473748E-02  1.83309384E-02 -6.66454390E-04 -1.24655520E-02  1.05844123E-02
  8.00000000E-02  5.84008225E-02 -1.16073546E-03  1.60832681E-03  3.59820790E-01 -1.14519645E-02  1.65955747E-02 -6.14884816E-04 -1.12046577E-02  9.47596701E-03
  9.00000000E-02  6.19302512E-02 -1.26877805E-03  1.76560574E-03  3.52893359E-01 -1.05199400E-02  1.53010952E-02 -5.63464650E-04 -1.03074411E-02  8.71095233E-03
  1.00000000E-01  6.54245476E-02 -1.36931733E-03  1.91214430E-03  3.49491273E-01 -9.88492183E-03  1.43878767E-02 -5.18222444E-04 -9.70558240E-03  8.21760874E-03
  1.10000000E-01  6.89024499E-02 -1.46499146E-03  2.05145697E-03  3.47858058E-01 -9.46804507E-03  1.37693187E-02 -4.81597004E-04 -9.31965699E-03  7.91735433E-03
  1.20000000E-01  7.23728644E-02 -1.55758752E-03  2.18605737E-03  3.47090900E-01 -9.20040680E-03  1.33630206E-02 -4.53735204E-04 -9.08078161E-03  7.74422845E-03
  1.30000000E-01  7.58399376E-02 -1.64825340E-03  2.31765608E-03  3.46739521E-01 -9.02976763E-03  1.31023529E-02 -4.33551096E-04 -8.93685397E-03  7.64988278E-03
  1.40000000E-01  7.93055759E-02 -1.73769788E-03  2.44737627E-03  3.46585289E-01 -8.91979710E-03  1.29381216E-02 -4.19494241E-04 -8.85171698E-03  7.60193990E-03
  1.50000000E-01  8.27706577E-02 -1.82634600E-03  2.57593633E-03  3.46524433E-01 -8.84669604E-03  1.28360939E-02 -4.10008900E-04 -8.80177138E-03  7.58011915E-03
  1.60000000E-01  8.62355977E-02 -1.91444745E-03  2.70378713E-03  3.46508503E-01 -8.79554455E-03  1.27734190E-02 -4.03761977E-04 -8.77231835E-03  7.57239464E-03
  1.70000000E-01  8.97006031E-02 -2.00214714E-03  2.83120795E-03  3.46515025E-01 -8.75729338E-03  1.27352982E-02 -3.99714753E-04 -8.75453761E-03  7.57197110E-03
  1.80000000E-01  9.31657859E-02 -2.08952882E-03  2.95837033E-03  3.46533465E-01 -8.72658589E-03  1.27123570E-02 -3.97110031E-04 -8.74329471E-03  7.57517677E-03
  1.90000000E-01  9.66312128E-02 -2.17664114E-03  3.08537919E-03  3.46558718E-01 -8.70030242E-03  1.26987498E-02 -3.95423238E-04 -8.73567377E-03  7.58011193E-03
  2.00000000E-01  1.00096926E-01 -2.26351275E-03  3.21229865E-03 -9.61162795E-01  3.41548070E-03 -4.17865096E-03 -3.21680882E-04  3.88799734E-03 -3.72359817E-03
  2.10000000E-01  8.39466907E-02 -2.16877902E-03  3.08612514E-03 -7.16239343E-01  6.42412368E-03 -8.10131652E-03 -9.42404289E-05  6.57011778E-03 -6.09474310E-03
  2.20000000E-01  7.80089146E-02 -2.08949457E-03  2.98549865E-03 -4.70403293E-01  8.20038712E-03 -1.10616702E-02  7.58303424E-05  8.50762360E-03 -7.85445650E-03
  2.30000000E-01  7.45340619E-02 -1.99860938E-03  2.86008018E-03 -2.85709212E-01  8.46975516E-03 -1.17105401E-02  2.13547579E-04  8.69581328E-03 -7.89455726E-03
  2.40000000E-01  7.26004402E-02 -1.91256499E-03  2.73973043E-03 -1.64582039E-01  7.50550523E-03 -1.06465506E-02  2.83107877E-04  7.67380844E-03 -6.85522963E-03
  2.50000000E-01  7.15602556E-02 -1.84233119E-03  2.63858487E-03 -9.10496522E-02  5.99308095E-03 -8.74384663E-03  2.98718229E-04  6.10881866E-03 -5.35668941E-03
  2.60000000E-01  7.10174210E-02 -1.78996250E-03  2.56065992E-03 -4.87696819E-02  4.43335691E-03 -6.67934930E-03  2.77959870E-04  4.50726241E-03 -3.86636195E-03
  2.70000000E-01  7.07411241E-02 -1.75342755E-03  2.50418892E-03 -2.54488169E-02  3.09181607E-03 -4.83336693E-03  2.37523323E-04  3.13578621E-03 -2.62033799E-03
  2.80000000E-01  7.06032402E-02 -1.72921710E-03  2.46508516E-03 -1.30105231E-02  2.05654529E-03 -3.35431756E-03  1.90330171E-04  2.08126248E-03 -1.68567798E-03
  2.90000000E-01  7.05353265E-02 -1.71382800E-03  2.43893723E-03 -6.55847164E-03  1.31510781E-03 -2.25230467E-03  1.44835979E-04  1.32898522E-03 -1.03704591E-03
  3.00000000E-01  7.05020020E-02 -1.70438411E-03  2.42192425E-03 -3.28672210E-03  8.12828999E-04 -1.47296919E-03  1.05563991E-04  8.21797986E-04 -6.13394238E-04
  3.10000000E-01  7.04854935E-02 -1.69876721E-03  2.41109123E-03 -1.65577300E-03  4.87037914E-04 -9.43072231E-04  7.41530893E-05  4.94814172E-04 -3.50203962E-04
  3.20000000E-01  7.04770906E-02 -1.69552579E-03  2.40431000E-03 -8.50744989E-04  2.83004432E-04 -5.93571526E-04  5.04450468E-05  2.91570535E-04 -1.93608207E-04
  3.30000000E-01  7.04726082E-02 -1.69371591E-03  2.40012178E-03 -4.53347685E-04  1.58877897E-04 -3.68490050E-04  3.33665714E-05  1.69005560E-04 -1.03950164E-04
  3.40000000E-01  7.04700618E-02 -1.69274776E-03  2.39756229E-03 -2.54474078E-04  8.52060574E-05 -2.26237454E-04  2.15333613E-05  9.69161115E-05 -5.43858379E-05
  3.50000000E-01  7.04685114E-02 -1.69226406E-03  2.39601118E-03 -1.51876561E-04  4.24377839E-05 -1.37656784E-04  1.36022600E-05  5.53549326E-05 -2.78593187E-05
  3.60000000E-01  7.04675056E-02 -1.69205353E-03  2.39507751E-03 -9.63778102E-05  1.81476057E-05 -8.31379143E-05  8.43702182E-06  3.17467261E-05 -1.40798318E-05
  3.70000000E-01  7.04668193E-02 -1.69199350E-03  2.39451873E-03 -6.45206028E-05  4.69431750E-06 -4.98878114E-05  5.15605796E-06  1.84559256E-05 -7.10980079E-06
  3.80000000E-01  7.04663334E-02 -1.69201382E-03  2.39418610E-03 -4.50702977E-05 -2.50058105E-06 -2.97500413E-05  3.11657469E-06  1.09880972E-05 -3.65888134E-06
  3.90000000E-01  7.04659799E-02 -1.69207480E-03  2.39398929E-03 -3.25293138E-05 -6.12030092E-06 -1.76167395E-05  1.87196495E-06  6.76505638E-06 -1.97113771E-06
  4.00000000E-01  7.04657174E-02 -1.69215411E-03  2.39387379E-03 -2.40909347E-05 -7.74322150E-06 -1.03294105E-05  1.12387040E-06  4.33847312E-06 -1.14263670E-06
  4.10000000E-01  7.04655186E-02 -1.69223965E-03  2.39380693E-03 -1.82327309E-05 -8.26552235E-06 -5.96042658E-06  6.79414701E-07  2.90755221E-06 -7.23959946E-07
  4.20000000E-01  7.04653656E-02 -1.69232492E-03  2.39376917E-03 -1.40700255E-05 -8.19550942E-06 -3.34267725E-06  4.17343641E-07  2.03399104E-06 -4.98954840E-07
  4.30000000E-01  7.04652457E-02 -1.69240652E-03  2.39374883E-03 -1.10555665E-05 -7.81798992E-06 -1.77463144E-06  2.63232443E-07  1.47865919E-06 -3.66698551E-07
  4.40000000E-01  7.04651502E-02 -1.69248282E-03  2.39373893E-03 -8.83442120E-06 -7.28542041E-06 -8.36527650E-07  1.72322550E-07  1.11041376E-06 -2.81062867E-07
  4.50000000E-01  7.04650730E-02 -1.69255301E-03  2.39373525E-03 -7.16929609E-06 -6.68542009E-06 -2.82597639E-07  1.18148519E-07  8.56258497E-07 -2.21020510E-07
  4.60000000E-01  7.04650096E-02 -1.69261686E-03  2.39373520E-03 -5.89874730E-06 -6.07257717E-06  3.77011815E-08  8.52687306E-08  6.74539458E-07 -1.76667112E-07
  4.70000000E-01  7.04649570E-02 -1.69267452E-03  2.39373718E-03 -4.91185561E-06 -5.47668299E-06  2.15501527E-07  6.47600374E-08  5.40679394E-07 -1.42928611E-07
  4.80000000E-01  7.04649128E-02 -1.69272631E-03  2.39374022E-03 -4.13188682E-06 -4.91182308E-06  3.06198866E-07  5.14946989E-08  4.39603896E-07 -1.16854129E-07
  4.90000000E-01  7.04648754E-02 -1.69277261E-03  2.39374374E-03 -3.50534751E-06 -4.38724493E-06  3.44429573E-07  4.25290462E-08  3.61692498E-07 -9.64969604E-08
  5.00000000E-01  7.04648435E-02 -1.69281386E-03  2.39374737E-03 -2.99461047E-06 -3.90696031E-06  3.52000961E-07  3.61671826E-08  3.00576381E-07 -8.04598267E-08
