  0.00000000E+00  0.00000000E+00  0.00000000E+00  0.00000000E+00  1.90257477E+00  2.49017077E-04  4.12928357E-04  2.37679203E-04  8.64724209E-05 -4.40339229E-04
  1.00000000E-02  1.90257477E-02  2.49017077E-06  4.12928357E-06  1.37807337E+00  2.30074954E-02  1.80992082E-02  2.89668824E-04 -1.25338048E-02  2.84617297E-03
  2.00000000E-02  3.01839744E-02  3.46357516E-04  2.73552764E-04  1.03862177E+00  3.16613423E-02  2.49979903E-02  3.53422516E-04 -1.75934455E-02  4.16574215E-03
  3.00000000E-02  3.88729341E-02  7.06240173E-04  5.58026577E-04  8.00547207E-01  3.51463955E-02  2.78904037E-02  4.11305640E-04 -1.98082244E-02  4.73457202E-03
  4.00000000E-02  4.56880334E-02  1.07512939E-03  8.51392681E-04  6.44718380E-01  3.46787621E-02  2.77038480E-02  4.56219789E-04 -1.97831150E-02  4.69044770E-03
  5.00000000E-02  5.13560730E-02  1.41957885E-03  1.12749838E-03  5.46885754E-01  3.21559604E-02  2.58726856E-02  4.80536123E-04 -1.85718691E-02  4.36367060E-03
  6.00000000E-02  5.63357674E-02  1.72852444E-03  1.37706943E-03  4.87104149E-01  2.90120417E-02  2.35009699E-02  4.84290722E-04 -1.69393009E-02  3.94147497E-03
  7.00000000E-02  6.09079009E-02  2.00292527E-03  1.60022055E-03  4.51228757E-01  2.60558210E-02  2.12239471E-02  4.72028154E-04 -1.53381440E-02  3.53701147E-03
  8.00000000E-02  6.52408115E-02  2.24870238E-03  1.80107490E-03  4.29956529E-01  2.36267215E-02  1.93209312E-02  4.49990161E-04 -1.39743148E-02  3.19853720E-03
  9.00000000E-02  6.94340156E-02  2.47282409E-03  1.98476914E-03  4.17439111E-01  2.17879788E-02  1.78577964E-02  4.23947134E-04 -1.29036476E-02  2.93632422E-03
  1.00000000E-01  7.35458197E-02  2.68151017E-03  2.15603143E-03  4.10105048E-01  2.04719830E-02  1.67953238E-02  3.98136556E-04 -1.21072858E-02  2.74292254E-03
  1.10000000E-01  7.76101998E-02  2.87965002E-03  2.31867230E-03  4.05815054E-01  1.95677853E-02  1.60560296E-02  3.75098564E-04 -1.15369118E-02  2.60471623E-03
  1.20000000E-01  8.16469004E-02  3.07080688E-03  2.47553613E-03  4.03304439E-01  1.89653983E-02  1.55590429E-02  3.55954120E-04 -1.11392824E-02  2.50773689E-03
  1.30000000E-01  8.56673917E-02  3.25744893E-03  2.62864162E-03  4.01831901E-01  1.85735052E-02  1.52350025E-02  3.40870625E-04 -1.08672797E-02  2.44015479E-03
  1.40000000E-01  8.96783480E-02  3.44122452E-03  2.77937145E-03  4.00965082E-01  1.83232020E-02  1.50301185E-02  3.29464161E-04 -1.06834429E-02  2.39283511E-03
  1.50000000E-01  9.36836648E-02  3.62320502E-03  2.92864821E-03  4.00452395E-01  1.81655789E-02  1.49051960E-02  3.21119644E-04 -1.05598609E-02  2.35911759E-03
  1.60000000E-01  9.76856253E-02  3.80407269E-03  3.07707556E-03  4.00147446E-01  1.80673619E-02  1.48328622E-02  3.15177365E-04 -1.04766233E-02  2.33434134E-03
  1.70000000E-01  1.01685575E-01  3.98425523E-03  3.22504251E-03  3.99964903E-01  1.80066128E-02  1.47945778E-02  3.11038464E-04 -1.04199655E-02  2.31534521E-03
  1.80000000E-01  1.05684311E-01  4.16401761E-03  3.37279687E-03  3.99854867E-01  1.79692031E-02  1.47780687E-02  3.08207395E-04 -1.03805952E-02  2.30003417E-03
  1.90000000E-01  1.09682310E-01  4.34352259E-03  3.52049501E-03  3.99788039E-01  1.79461946E-02  1.47753472E-02  3.06298502E-04 -1.03523531E-02  2.28704504E-03
  2.00000000E-01  1.13679856E-01  4.52286950E-03  3.66823487E-03 -9.78319543E-01 -5.12892892E-03 -3.86756577E-03 -5.35745465E-06  1.96480570E-03 -3.50775267E-04
  2.10000000E-01  9.70061227E-02  4.35620459E-03  3.53634465E-03 -7.51667666E-01 -1.08921579E-02 -8.31793716E-03 -1.28828992E-05  5.37515628E-03 -1.22140392E-03
  2.20000000E-01  9.06227054E-02  4.21846687E-03  3.43091342E-03 -5.17371555E-01 -1.52053296E-02 -1.20194180E-02 -9.25668968E-05  7.86727404E-03 -1.80022506E-03
  2.30000000E-01  8.66204704E-02  4.04484771E-03  3.29221184E-03 -3.35464765E-01 -1.63146502E-02 -1.30248258E-02 -1.34746336E-04  8.75583107E-03 -2.04034587E-03
  2.40000000E-01  8.41753567E-02  3.87615461E-03  3.15693654E-03 -2.09726446E-01 -1.49974591E-02 -1.20983909E-02 -1.64231021E-04  8.27425050E-03 -1.92692519E-03
  2.50000000E-01  8.27067839E-02  3.73276597E-03  3.04058481E-03 -1.28040293E-01 -1.24539947E-02 -1.01567043E-02 -1.75469119E-04  7.05135749E-03 -1.63051862E-03
  2.60000000E-01  8.18348117E-02  3.62094335E-03  2.94872620E-03 -7.69494278E-02 -9.62731458E-03 -7.94451990E-03 -1.70497153E-04  5.59664341E-03 -1.27987894E-03
  2.70000000E-01  8.13207718E-02  3.53880360E-03  2.88034192E-03 -4.57743299E-02 -7.05886979E-03 -5.89922017E-03 -1.53968288E-04  4.21754742E-03 -9.50799056E-04
  2.80000000E-01  8.10189039E-02  3.48105713E-03  2.83157622E-03 -2.70619438E-02 -4.97141700E-03 -4.21025598E-03 -1.31121610E-04  3.05578973E-03 -6.77033305E-04
  2.90000000E-01  8.08418464E-02  3.44178022E-03  2.79791848E-03 -1.59508217E-02 -3.39391489E-03 -2.91321869E-03 -1.06415581E-04  2.14731491E-03 -4.66109085E-04
  3.00000000E-01  8.07378938E-02  3.41572858E-03  2.77527148E-03 -9.39712782E-03 -2.26177372E-03 -1.96670878E-03 -8.29567548E-05  1.47273880E-03 -3.12184231E-04
  3.10000000E-01  8.06766910E-02  3.39877155E-03  2.76033694E-03 -5.54509660E-03 -1.47989417E-03 -1.30162636E-03 -6.24981401E-05  9.90599407E-04 -2.04357450E-04
  3.20000000E-01  8.06405002E-02  3.38788201E-03  2.75064609E-03 -3.28326517E-03 -9.55521239E-04 -8.47644984E-04 -4.57243539E-05  6.55922437E-04 -1.31215627E-04
  3.30000000E-01  8.06189767E-02  3.38094866E-03  2.74443954E-03 -1.95378839E-03 -6.11684039E-04 -5.44721075E-04 -3.26115848E-05  4.28868399E-04 -8.28801647E-05
  3.40000000E-01  8.06060862E-02  3.37655101E-03  2.74050695E-03 -1.17022237E-03 -3.90048030E-04 -3.46215659E-04 -2.27453134E-05  2.77611933E-04 -5.16220083E-05
  3.50000000E-01  8.05983018E-02  3.37375871E-03  2.73803732E-03 -7.06512255E-04 -2.48951313E-04 -2.18016359E-04 -1.55521123E-05  1.78311387E-04 -3.17729613E-05
  3.60000000E-01  8.05935553E-02  3.37197468E-03  2.73649816E-03 -4.30641346E-04 -1.59867944E-04 -1.36194055E-04 -1.04449425E-05  1.13878970E-04 -1.93629271E-05
  3.70000000E-01  8.05906282E-02  3.37082142E-03  2.73554533E-03 -2.65479356E-04 -1.03875176E-04 -8.44685070E-05 -6.90000358E-06  7.24578180E-05 -1.17062632E-05
  3.80000000E-01  8.05887992E-02  3.37006263E-03  2.73495927E-03 -1.65870956E-04 -6.86942801E-05 -5.20229677E-05 -4.48714125E-06  4.60209874E-05 -7.03552152E-06
  3.90000000E-01  8.05876385E-02  3.36955159E-03  2.73460127E-03 -1.05291800E-04 -4.65208633E-05 -3.17972911E-05 -2.87277740E-06  2.92377656E-05 -4.21333373E-06
  4.00000000E-01  8.05868885E-02  3.36919725E-03  2.73438442E-03 -6.80942317E-05 -3.24412313E-05 -1.92515122E-05 -1.80903221E-06  1.86214467E-05 -2.52135440E-06
  4.10000000E-01  8.05863936E-02  3.36894323E-03  2.73425464E-03 -4.50003187E-05 -2.33879510E-05 -1.15011305E-05 -1.11775299E-06  1.19189200E-05 -1.51303715E-06
  4.20000000E-01  8.05860590E-02  3.36875462E-03  2.73417838E-03 -3.04779411E-05 -1.74679934E-05 -6.72970616E-06 -6.74305112E-07  7.68820004E-06 -9.14538040E-07
  4.30000000E-01  8.05858269E-02  3.36860954E-03  2.73413494E-03 -2.12084918E-05 -1.34996968E-05 -3.80232587E-06 -3.93410239E-07  5.01340590E-06 -5.59875356E-07
  4.40000000E-01  8.05856611E-02  3.36849438E-03  2.73411155E-03 -1.51882560E-05 -1.07596927E-05 -2.01746781E-06 -2.17794594E-07  3.31621071E-06 -3.49449054E-07
  4.50000000E-01  8.05855393E-02  3.36840049E-03  2.73410030E-03 -1.11991156E-05 -8.80487584E-06 -9.41142688E-07 -1.09595634E-07  2.23301245E-06 -2.23999389E-07
  4.60000000E-01  8.05854473E-02  3.36832221E-03  2.73409627E-03 -8.49505923E-06 -7.36051674E-06 -3.02881372E-07 -4.41193723E-08  1.53588150E-06 -1.48515086E-07
  4.70000000E-01  8.05853759E-02  3.36825583E-03  2.73409643E-03 -6.61556377E-06 -6.25562512E-06  6.54908828E-08 -5.44749679E-09  1.08217195E-06 -1.02425105E-07
  4.80000000E-01  8.05853191E-02  3.36819880E-03  2.73409893E-03 -5.27382097E-06 -5.38195503E-06  2.68934088E-07  1.65769631E-08  7.82645486E-07 -7.36888267E-08
  4.90000000E-01  8.05852731E-02  3.36814935E-03  2.73410264E-03 -4.28938684E-06 -4.67173743E-06  3.72688597E-07  2.83763990E-08  5.81424049E-07 -5.52727019E-08
  5.00000000E-01  8.05852351E-02  3.36810618E-03  2.73410688E-03 -3.54742141E-06 -4.08160308E-06  4.17165652E-07  3.39787307E-08  4.43439184E-07 -4.30666518E-08
