  0.00000000E+00  0.00000000E+00  0.00000000E+00  0.00000000E+00  1.90257480E+00  2.49030151E-04  4.12927561E-04  2.37702552E-04  8.64615588E-05 -4.40366946E-04
  1.00000000E-02  1.90257480E-02  2.49030151E-06  4.12927561E-06  1.49283251E+00 -1.21149252E-02 -4.91315185E-03  2.01055226E-04  4.60179691E-03 -5.20885496E-04
  2.00000000E-02  3.19053616E-02 -1.80478728E-04 -7.16326400E-05  1.20557595E+00 -1.80278782E-02 -7.42186759E-03  1.68200986E-04  6.94911514E-03 -4.42571605E-04
  3.00000000E-02  4.25248383E-02 -3.90322274E-04 -1.58394895E-04  9.93854760E-01 -2.11510696E-02 -8.74069428E-03  1.52427169E-04  8.28157393E-03 -3.42072813E-04
  4.00000000E-02  5.14047799E-02 -6.17448927E-04 -2.52395971E-04  8.43808354E-01 -2.20296762E-02 -9.10486269E-03  1.47767165E-04  8.78478167E-03 -2.15143686E-04
  5.00000000E-02  5.90926314E-02 -8.42138721E-04 -3.45265440E-04  7.39583113E-01 -2.15399026E-02 -8.88961091E-03  1.48107659E-04  8.76282233E-03 -1.03140391E-04
  6.00000000E-02  6.59673364E-02 -1.05508888E-03 -4.33085290E-04  6.67931011E-01 -2.03936116E-02 -8.40208107E-03  1.49642499E-04  8.45685350E-03 -1.20552875E-05
  7.00000000E-02  7.22883860E-02 -1.25329354E-03 -5.14668451E-04  6.18922376E-01 -1.90506845E-02 -7.83928674E-03  1.50381205E-04  8.03153761E-03  5.52037779E-05
  8.00000000E-02  7.82325666E-02 -1.43708575E-03 -5.90247347E-04  5.85472970E-01 -1.77641311E-02 -7.30822589E-03  1.49671087E-04  7.58572313E-03  1.01118112E-04
  9.00000000E-02  8.39200492E-02 -1.60829429E-03 -6.60674302E-04  5.62653113E-01 -1.66487327E-02 -6.85601737E-03  1.47584919E-04  7.17195273E-03  1.30313298E-04
  1.00000000E-01  8.94324811E-02 -1.76920463E-03 -7.26973433E-04  5.47077250E-01 -1.57381994E-02 -6.49502158E-03  1.44504926E-04  6.81224137E-03  1.47977734E-04
  1.10000000E-01  9.48253743E-02 -1.92203396E-03 -7.90118670E-04  5.36434963E-01 -1.50242023E-02 -6.21992684E-03  1.40890445E-04  6.51192539E-03  1.58188706E-04
  1.20000000E-01  1.00136512E-01 -2.06870599E-03 -8.50942464E-04  5.29154029E-01 -1.44802489E-02 -6.01807538E-03  1.37149412E-04  6.26785692E-03  1.64201064E-04
  1.30000000E-01  1.05391648E-01 -2.21078872E-03 -9.10113961E-04  5.24165412E-01 -1.40748718E-02 -5.87513868E-03  1.33584219E-04  6.07313699E-03  1.68285313E-04
  1.40000000E-01  1.10608359E-01 -2.34951055E-03 -9.68150664E-04  5.20742155E-01 -1.37781170E-02 -5.77782364E-03  1.30357156E-04  5.91995720E-03  1.71759263E-04
  1.50000000E-01  1.15798664E-01 -2.48580794E-03 -1.02544233E-03  5.18389301E-01 -1.35642514E-02 -5.71488868E-03  1.27549884E-04  5.80063157E-03  1.75432548E-04
  1.60000000E-01  1.20970793E-01 -2.62038113E-03 -1.08227654E-03  5.16769414E-01 -1.34124333E-02 -5.67735550E-03  1.25197199E-04  5.70823325E-03  1.79771909E-04
  1.70000000E-01  1.26130388E-01 -2.75374637E-03 -1.13886243E-03  5.15652221E-01 -1.33063885E-02 -5.65831136E-03  1.23261404E-04  5.63703913E-03  1.85034717E-04
  1.80000000E-01  1.31281324E-01 -2.88628004E-03 -1.19535032E-03  5.14880279E-01 -1.32337454E-02 -5.65257396E-03  1.21705652E-04  5.58231253E-03  1.91291149E-04
  1.90000000E-01  1.36426267E-01 -3.01825427E-03 -1.25184737E-03  5.14345771E-01 -1.31852664E-02 -5.65632754E-03  1.20483219E-04  5.54022022E-03  1.98497587E-04
  2.00000000E-01  1.41567052E-01 -3.14986454E-03 -1.30842942E-03 -9.78729773E-01 -7.01047173E-04 -2.00776785E-04 -1.05226448E-04  1.00050357E-03  4.41705912E-04
  2.10000000E-01  1.24314377E-01 -3.09445392E-03 -1.28315943E-03 -7.87319496E-01  3.28108302E-03  1.53415056E-03 -4.71869883E-05 -6.30696451E-04  5.13596338E-04
  2.20000000E-01  1.17398233E-01 -3.04173244E-03 -1.25914329E-03 -5.82170260E-01  6.75508276E-03  3.17164315E-03 -5.85714676E-05 -1.99048188E-03  2.43689280E-04
  2.30000000E-01  1.12602277E-01 -2.95681161E-03 -1.21923939E-03 -4.13924872E-01  8.45901533E-03  3.91614403E-03 -4.50057141E-05 -2.82069526E-03  1.60723471E-04
  2.40000000E-01  1.09304255E-01 -2.86370180E-03 -1.17635545E-03 -2.88495056E-01  8.67518997E-03  3.98914526E-03 -4.08310588E-05 -3.09000430E-03  6.86968262E-05
  2.50000000E-01  1.07046454E-01 -2.77586902E-03 -1.13609899E-03 -1.99022127E-01  7.95459477E-03  3.63885395E-03 -3.94034061E-05 -2.98557380E-03 -1.47760140E-06
  2.60000000E-01  1.05503597E-01 -2.69992605E-03 -1.10146191E-03 -1.36605232E-01  6.79392234E-03  3.09449776E-03 -3.85708461E-05 -2.67646654E-03 -4.89723012E-05
  2.70000000E-01  1.04449629E-01 -2.63779019E-03 -1.07323871E-03 -9.35604010E-02  5.52827686E-03  2.50906452E-03 -3.71644132E-05 -2.28374003E-03 -7.71139697E-05
  2.80000000E-01  1.03729249E-01 -2.58883565E-03 -1.05107523E-03 -6.40448657E-02  4.34544892E-03  1.96691802E-03 -3.48195854E-05 -1.88241896E-03 -9.03285649E-05
  2.90000000E-01  1.03236378E-01 -2.55129530E-03 -1.03411678E-03 -4.38575225E-02  3.32968668E-03  1.50472870E-03 -3.16424620E-05 -1.51294519E-03 -9.29635128E-05
  3.00000000E-01  1.02898740E-01 -2.52307724E-03 -1.02138044E-03 -3.00604037E-02  2.50274681E-03  1.13078025E-03 -2.79372171E-05 -1.19308103E-03 -8.87324740E-05
  3.10000000E-01  1.02667121E-01 -2.50218447E-03 -1.01194238E-03 -2.06280906E-02  1.85359020E-03  8.38767615E-04 -2.40362020E-05 -9.27118622E-04 -8.05364290E-05
  3.20000000E-01  1.02508002E-01 -2.48689435E-03 -1.00501477E-03 -1.41743429E-02  1.35708091E-03  6.16372491E-04 -2.02160068E-05 -7.12143717E-04 -7.04821218E-05
  3.30000000E-01  1.02398527E-01 -2.47580609E-03 -9.99963020E-04 -9.75355131E-03  9.84542858E-04  4.50021891E-04 -1.66697211E-05 -5.41950308E-04 -5.99945421E-05
  3.40000000E-01  1.02323096E-01 -2.46782335E-03 -9.96294554E-04 -6.72141733E-03  7.09040519E-04  3.27205095E-04 -1.35096249E-05 -4.09313985E-04 -4.99615832E-05
  3.50000000E-01  1.02271042E-01 -2.46211046E-03 -9.93636587E-04 -4.63890463E-03  5.07550784E-04  2.37374001E-04 -1.07828634E-05 -3.07205633E-04 -4.08761837E-05
  3.60000000E-01  1.02235066E-01 -2.45804240E-03 -9.91712002E-04 -3.20661640E-03  3.61460198E-04  1.72096656E-04 -8.49029250E-06 -2.29360958E-04 -3.29584080E-05
  3.70000000E-01  1.02210161E-01 -2.45515825E-03 -9.90317422E-04 -2.22015144E-03  2.56257402E-04  1.24864291E-04 -6.60351998E-06 -1.70480513E-04 -2.62519097E-05
  3.80000000E-01  1.02192892E-01 -2.45312169E-03 -9.89304941E-04 -1.53978148E-03  1.80910367E-04  9.07729335E-05 -5.07828758E-06 -1.26232165E-04 -2.06951580E-05
  3.90000000E-01  1.02180896E-01 -2.45168932E-03 -9.88567669E-04 -1.06985770E-03  1.27182491E-04  6.61911099E-05 -3.86402289E-06 -9.31589746E-05 -1.61711507E-05
  4.00000000E-01  1.02172547E-01 -2.45068614E-03 -9.88028667E-04 -7.44814835E-04  8.90072737E-05  4.84625731E-05 -2.91006569E-06 -6.85510369E-05 -1.25402275E-05
  4.10000000E-01  1.02166724E-01 -2.44998694E-03 -9.87632684E-04 -5.19648024E-04  6.19684575E-05  3.56598972E-05 -2.16934132E-06 -5.03127012E-05 -9.66040101E-06
  4.20000000E-01  1.02162653E-01 -2.44950245E-03 -9.87340098E-04 -3.63424124E-04  4.28768429E-05  2.63921504E-05 -1.60021782E-06 -3.68405027E-05 -7.39892535E-06
  4.30000000E-01  1.02159800E-01 -2.44916914E-03 -9.87122515E-04 -2.54854105E-04  2.94374417E-05  1.96612718E-05 -1.16715813E-06 -2.69179761E-05 -5.63799495E-06
  4.40000000E-01  1.02157795E-01 -2.44894196E-03 -9.86959557E-04 -1.79267479E-04  2.00034555E-05  1.47551017E-05 -8.40625152E-07 -1.96286331E-05 -4.27674921E-06
  4.50000000E-01  1.02156380E-01 -2.44878910E-03 -9.86836537E-04 -1.26541913E-04  1.33993930E-05  1.11643361E-05 -5.96575641E-07 -1.42859479E-05 -3.23107642E-06
  4.60000000E-01  1.02155378E-01 -2.44868813E-03 -9.86742847E-04 -8.96844836E-05  8.79224868E-06  8.52430123E-06 -4.15768149E-07 -1.03781331E-05 -2.43222630E-06
  4.70000000E-01  1.02154665E-01 -2.44862324E-03 -9.86670805E-04 -6.38581047E-05  5.59048177E-06  6.57381708E-06 -2.83019184E-07 -7.52521997E-06 -1.82488850E-06
  4.80000000E-01  1.02154156E-01 -2.44858334E-03 -9.86614819E-04 -4.57126976E-05  3.37958651E-06  5.12421768E-06 -1.86490343E-07 -5.44608881E-06 -1.36513135E-06
  4.90000000E-01  1.02153790E-01 -2.44856060E-03 -9.86570825E-04 -3.29250011E-05  1.86676345E-06  4.03942411E-06 -1.17047554E-07 -3.93337958E-06 -1.01842804E-06
  5.00000000E-01  1.02153524E-01 -2.44854950E-03 -9.86535854E-04 -2.38816661E-05  8.43964521E-07  3.22148053E-06 -6.77075420E-08 -2.83454104E-06 -7.57881993E-07
