  0.00000000E+00  0.00000000E+00  0.00000000E+00  0.00000000E+00  1.90257477E+00  2.49017077E-04  4.12928357E-04  2.37679203E-04  8.64724209E-05 -4.40339229E-04
  1.00000000E-02  1.90257477E-02  2.49017077E-06  4.12928357E-06  1.25547100E+00 -2.11657107E-02  2.68500264E-03  2.50556397E-04  8.40634300E-03 -4.51201696E-03
  2.00000000E-02  2.83449388E-02 -3.16240575E-04  4.23396814E-05  8.75455733E-01 -2.81254895E-02  3.70914956E-03  2.70700598E-04  1.05542218E-02 -5.59246822E-03
  3.00000000E-02  3.51994198E-02 -6.32294364E-04  8.45519115E-05  6.23792650E-01 -3.03633681E-02  4.19396618E-03  2.95725095E-04  1.09391758E-02 -5.83237848E-03
  4.00000000E-02  4.01790309E-02 -9.47117438E-04  1.28915656E-04  4.74435531E-01 -2.91229686E-02  4.24639948E-03  3.16178157E-04  1.00818293E-02 -5.41033544E-03
  5.00000000E-02  4.41766006E-02 -1.23214513E-03  1.71641818E-04  3.92558617E-01 -2.62762562E-02  4.05498594E-03  3.22083294E-04  8.75062677E-03 -4.76776289E-03
  6.00000000E-02  4.76928022E-02 -1.48067413E-03  2.11234610E-04  3.50565303E-01 -2.31651554E-02  3.76279442E-03  3.13414364E-04  7.46370811E-03 -4.13176434E-03
  7.00000000E-02  5.09884887E-02 -1.69677018E-03  2.47401596E-04  3.30313746E-01 -2.04737903E-02  3.45796010E-03  2.94648480E-04  6.45106228E-03 -3.61521875E-03
  8.00000000E-02  5.41903683E-02 -1.88805126E-03  2.80457025E-04  3.21131012E-01 -1.84215096E-02  3.18455484E-03  2.71632478E-04  5.75050679E-03 -3.24159609E-03
  9.00000000E-02  5.73557648E-02 -2.06200495E-03  3.10935548E-04  3.17231804E-01 -1.69800807E-02  2.95881803E-03  2.49039286E-04  5.31073616E-03 -2.99164316E-03
  1.00000000E-01  6.05085868E-02 -2.22459861E-03  3.39395044E-04  3.15693199E-01 -1.60251894E-02  2.78179486E-03  2.29677339E-04  5.05619591E-03 -2.83345803E-03
  1.10000000E-01  6.36578258E-02 -2.38007605E-03  3.66327877E-04  3.15134445E-01 -1.54192939E-02  2.64754590E-03  2.14605028E-04  4.91941396E-03 -2.73691738E-03
  1.20000000E-01  6.68063764E-02 -2.53123951E-03  3.92132091E-04  3.14948354E-01 -1.50467349E-02  2.54792960E-03  2.03704855E-04  4.85112416E-03 -2.67897799E-03
  1.30000000E-01  6.99549295E-02 -2.67984406E-03  4.17113305E-04  3.14889355E-01 -1.48224862E-02  2.47496746E-03  1.96275729E-04  4.81958244E-03 -2.64397401E-03
  1.40000000E-01  7.31035281E-02 -2.82694768E-03  4.41498169E-04  3.14868355E-01 -1.46890733E-02  2.42181219E-03  1.91453128E-04  4.80621043E-03 -2.62204735E-03
  1.50000000E-01  7.62521066E-02 -2.97317135E-03  4.65450515E-04  3.14857866E-01 -1.46098616E-02  2.38300323E-03  1.88445945E-04  4.80105349E-03 -2.60733485E-03
  1.60000000E-01  7.94006329E-02 -3.11887391E-03  4.89086502E-04  3.14851595E-01 -1.45624738E-02  2.35438440E-03  1.86626008E-04  4.79921385E-03 -2.59651268E-03
  1.70000000E-01  8.25491175E-02 -3.26426171E-03  5.12487252E-04  3.14848989E-01 -1.45336535E-02  2.33289355E-03  1.85542379E-04  4.79850515E-03 -2.58776563E-03
  1.80000000E-01  8.56975943E-02 -3.40945414E-03  5.35708733E-04  3.14850228E-01 -1.45157033E-02  2.31632856E-03  1.84894790E-04  4.79806929E-03 -2.58012858E-03
  1.90000000E-01  8.88461028E-02 -3.55452142E-03  5.58789194E-04  3.14855094E-01 -1.45041956E-02  2.30313514E-03  1.84495109E-04  4.79763379E-03 -2.57309598E-03
  2.00000000E-01  9.19946781E-02 -3.69950584E-03  5.81754578E-04 -9.41359894E-01  6.60430262E-03 -2.42583547E-04 -8.24585234E-05 -3.48944613E-03  1.73697668E-03
  2.10000000E-01  7.63000042E-02 -3.52792032E-03  5.66600149E-04 -6.87183089E-01  1.12312246E-02 -9.22788566E-04 -6.58407068E-05 -5.07015117E-03  2.53670826E-03
  2.20000000E-01  7.06990573E-02 -3.39247347E-03  5.53971239E-04 -4.35268241E-01  1.42738010E-02 -1.38745936E-03 -1.07674988E-04 -5.71078276E-03  2.80113517E-03
  2.30000000E-01  6.76059492E-02 -3.23452258E-03  5.37773291E-04 -2.51560865E-01  1.44738141E-02 -1.59890608E-03 -1.23093161E-04 -5.41113129E-03  2.71406325E-03
  2.40000000E-01  6.60088774E-02 -3.08878437E-03  5.20726997E-04 -1.35800146E-01  1.26516076E-02 -1.55870818E-03 -1.31002803E-04 -4.43055698E-03  2.28129031E-03
  2.50000000E-01  6.52296795E-02 -2.97137933E-03  5.05340904E-04 -6.92270458E-02  9.97563010E-03 -1.37163347E-03 -1.27243454E-04 -3.25266059E-03  1.73284857E-03
  2.60000000E-01  6.48702746E-02 -2.88500291E-03  4.92559943E-04 -3.35293128E-02  7.29263903E-03 -1.12581507E-03 -1.13577346E-04 -2.18811475E-03  1.21755701E-03
  2.70000000E-01  6.47134701E-02 -2.82549148E-03  4.82530884E-04 -1.54975632E-02  5.03225823E-03 -8.78564796E-04 -9.40601499E-05 -1.36703098E-03  8.03749240E-04
  2.80000000E-01  6.46486532E-02 -2.78647080E-03  4.74981488E-04 -6.87616386E-03  3.31957908E-03 -6.59743722E-04 -7.29410674E-05 -7.99624321E-04  5.04028552E-04
  2.90000000E-01  6.46229986E-02 -2.76183840E-03  4.69478156E-04 -2.96559837E-03  2.11377289E-03 -4.80484797E-04 -5.33837003E-05 -4.39875778E-04  3.02850543E-04
  3.00000000E-01  6.46128954E-02 -2.74672971E-03  4.65569603E-04 -1.27890366E-03  1.30963139E-03 -3.41156874E-04 -3.71119725E-05 -2.27962033E-04  1.75675677E-04
  3.10000000E-01  6.46085399E-02 -2.73765410E-03  4.62854674E-04 -5.82138916E-04  7.94972260E-04 -2.36968860E-04 -2.46342376E-05 -1.11251068E-04  9.91269827E-05
  3.20000000E-01  6.46062023E-02 -2.73227767E-03  4.61005925E-04 -3.00137996E-04  4.75674491E-04 -1.61366338E-04 -1.56772892E-05 -5.10302291E-05  5.48786789E-05
  3.30000000E-01  6.46046109E-02 -2.72911742E-03  4.59770274E-04 -1.81713724E-04  2.82007391E-04 -1.07838772E-04 -9.59590767E-06 -2.19592575E-05  3.01230923E-05
  3.40000000E-01  6.46033859E-02 -2.72726568E-03  4.58959524E-04 -1.24781537E-04  1.66274770E-04 -7.07293610E-05 -5.66160009E-06 -8.88878268E-06  1.66042436E-05
  3.50000000E-01  6.46024227E-02 -2.72618159E-03  4.58437778E-04 -9.11128681E-05  9.76443784E-05 -4.54822865E-05 -3.22273133E-06 -3.45343049E-06  9.32357026E-06
  3.60000000E-01  6.46016800E-02 -2.72554830E-03  4.58109190E-04 -6.76021735E-05  5.69936261E-05 -2.86048366E-05 -1.76753877E-06 -1.37462015E-06  5.40586024E-06
  3.70000000E-01  6.46011215E-02 -2.72518162E-03  4.57907529E-04 -5.00090162E-05  3.28086425E-05 -1.75101391E-05 -9.28572814E-07 -6.34054173E-07  3.26630255E-06
  3.80000000E-01  6.46007094E-02 -2.72497446E-03  4.57787901E-04 -3.67810750E-05  1.83016406E-05 -1.03356669E-05 -4.59575657E-07 -3.64951375E-07  2.06107893E-06
  3.90000000E-01  6.46004077E-02 -2.72486398E-03  4.57720417E-04 -2.70214262E-05  9.52954884E-06 -5.77486276E-06 -2.04583773E-07 -2.37774469E-07  1.35206873E-06
  4.00000000E-01  6.46001863E-02 -2.72481254E-03  4.57685472E-04 -1.99719043E-05  4.19701835E-06 -2.93296943E-06 -6.94685571E-08 -1.48391218E-07  9.14564384E-07
  4.10000000E-01  6.46000218E-02 -2.72479723E-03  4.57670352E-04 -1.49553629E-05  9.48234583E-07 -1.20360815E-06  2.40576375E-10 -7.40572915E-08  6.32666436E-07
  4.20000000E-01  6.45998973E-02 -2.72480400E-03  4.57666963E-04 -1.14053486E-05 -1.01559810E-06 -1.80545711E-07  3.49652388E-08 -1.43361577E-08  4.44909716E-07
  4.30000000E-01  6.45998010E-02 -2.72482397E-03  4.57670273E-04 -8.88244721E-06 -2.16381528E-06  3.98998504E-07  5.12042943E-08  2.90798830E-08  3.17019785E-07
  4.40000000E-01  6.45997248E-02 -2.72485135E-03  4.57677160E-04 -7.06576504E-06 -2.79353519E-06  7.04415280E-07  5.76993742E-08  5.69148874E-08  2.28691559E-07
  4.50000000E-01  6.45996633E-02 -2.72488243E-03  4.57685732E-04 -5.73135128E-06 -3.09094627E-06  8.42241055E-07  5.90391977E-08  7.19306016E-08  1.67128673E-07
  4.60000000E-01  6.45996126E-02 -2.72491483E-03  4.57694843E-04 -4.72755362E-06 -3.17710531E-06  8.81839769E-07  5.76456029E-08  7.75909731E-08  1.23895706E-07
  4.70000000E-01  6.45995704E-02 -2.72494703E-03  4.57703860E-04 -3.95345394E-06 -3.12890754E-06  8.64239272E-07  5.48203434E-08  7.71059345E-08  9.32855451E-08
  4.80000000E-01  6.45995347E-02 -2.72497808E-03  4.57712414E-04 -3.34231553E-06 -2.99966889E-06  8.15013513E-07  5.12859332E-08  7.30049825E-08  7.13933283E-08
  4.90000000E-01  6.45995043E-02 -2.72500743E-03  4.57720318E-04 -2.84979587E-06 -2.82401969E-06  7.50298966E-07  4.74578479E-08  6.70727854E-08  5.55417227E-08
  5.00000000E-01  6.45994783E-02 -2.72503479E-03  4.57727497E-04 -2.44600733E-06 -2.62433526E-06  6.79659255E-07  4.35813541E-08  6.04609569E-08  4.38979752E-08
