  0.00000000E+00  0.00000000E+00  0.00000000E+00  0.00000000E+00  1.90257480E+00  2.49030151E-04  4.12927561E-04  2.37702552E-04  8.64615588E-05 -4.40366946E-04
  1.00000000E-02  1.90257480E-02  2.49030151E-06  4.12927561E-06  1.47789456E+00  1.36304168E-02  9.93163638E-03  1.88361240E-04  8.73205881E-03 -1.44227111E-02
  2.00000000E-02  3.16812924E-02  2.05701403E-04  1.51039184E-04  1.18328443E+00  2.02297959E-02  1.46172103E-02  1.48718374E-04  1.31041356E-02 -2.13899876E-02
  3.00000000E-02  4.20410860E-02  4.40996257E-04  3.20639156E-04  9.67490647E-01  2.37938865E-02  1.71234068E-02  1.28625266E-04  1.55285778E-02 -2.52311196E-02
  4.00000000E-02  5.06370235E-02  6.96755576E-04  5.04404207E-04  8.16023435E-01  2.48780578E-02  1.78658292E-02  1.22241760E-04  1.63853835E-02 -2.65539614E-02
  5.00000000E-02  5.80399218E-02  9.50957010E-04  6.86774612E-04  7.12053013E-01  2.44288705E-02  1.75213113E-02  1.22080545E-04  1.62372035E-02 -2.62700777E-02
  6.00000000E-02  6.46405999E-02  1.19299978E-03  8.60265135E-04  6.41524291E-01  2.32209049E-02  1.66381374E-02  1.23698567E-04  1.55669450E-02 -2.51584965E-02
  7.00000000E-02  7.07031991E-02  1.41916900E-03  1.02223064E-03  5.93970713E-01  2.17620191E-02  1.55752326E-02  1.24662367E-04  1.46954971E-02 -2.37353319E-02
  8.00000000E-02  7.64051384E-02  1.62949476E-03  1.17266844E-03  5.61996373E-01  2.03375569E-02  1.45347615E-02  1.24137949E-04  1.38107008E-02 -2.23007077E-02
  9.00000000E-02  8.18652304E-02  1.82574802E-03  1.31281370E-03  5.40514472E-01  1.90822014E-02  1.36128810E-02  1.22205926E-04  1.30081197E-02 -2.10057833E-02
  1.00000000E-01  8.71629656E-02  2.01029326E-03  1.44433311E-03  5.26076544E-01  1.80407265E-02  1.28422906E-02  1.19227463E-04  1.23261370E-02 -1.99098029E-02
  1.10000000E-01  9.23515414E-02  2.18549315E-03  1.56890306E-03  5.16362564E-01  1.72100410E-02  1.22216765E-02  1.15669980E-04  1.17709947E-02 -1.90208283E-02
  1.20000000E-01  9.74665972E-02  2.35344013E-03  1.68801676E-03  5.09817222E-01  1.65651759E-02  1.17339480E-02  1.11929213E-04  1.13326841E-02 -1.83213019E-02
  1.30000000E-01  1.02532043E-01  2.51586756E-03  1.80291760E-03  5.05399190E-01  1.60740658E-02  1.13566902E-02  1.08287121E-04  1.09945053E-02 -1.77833248E-02
  1.40000000E-01  1.07563944E-01  2.67415267E-03  1.91459821E-03  5.02411198E-01  1.57051074E-02  1.10675827E-02  1.04916415E-04  1.07383191E-02 -1.73770988E-02
  1.50000000E-01  1.12573116E-01  2.82935895E-03  2.02382850E-03  5.00385958E-01  1.54305054E-02  1.08468476E-02  1.01901534E-04  1.05471999E-02 -1.70750868E-02
  1.60000000E-01  1.17566850E-01  2.98229100E-03  2.13119330E-03  4.99009901E-01  1.52273198E-02  1.06780601E-02  9.92651104E-05  1.04065553E-02 -1.68537041E-02
  1.70000000E-01  1.22550069E-01  3.13354827E-03  2.23712996E-03  4.98072294E-01  1.50773668E-02  1.05481299E-02  9.69911523E-05  1.03043994E-02 -1.66936741E-02
  1.80000000E-01  1.27526103E-01  3.28357217E-03  2.34196161E-03  4.97431279E-01  1.49666248E-02  1.04469139E-02  9.50426631E-05  1.02312036E-02 -1.65797301E-02
  1.90000000E-01  1.32497211E-01  3.43268471E-03  2.44592467E-03  4.96991212E-01  1.48844946E-02  1.03667116E-02  9.33738141E-05  1.01795682E-02 -1.65000513E-02
  2.00000000E-01  1.37464923E-01  3.58111900E-03  2.54919077E-03 -9.80846000E-01  1.21095921E-03  8.60933640E-04 -1.07092375E-04  1.27875297E-03 -1.69612818E-03
  2.10000000E-01  1.20267277E-01  3.52486092E-03  2.51027122E-03 -7.84759742E-01 -3.36836347E-03 -2.27624103E-03 -5.07318146E-05 -1.70391899E-03  2.90471548E-03
  2.20000000E-01  1.13400111E-01  3.46828067E-03  2.47182293E-03 -5.75009611E-01 -7.17036162E-03 -4.79109706E-03 -4.76397873E-05 -4.34606617E-03  7.19628210E-03
  2.30000000E-01  1.08698765E-01  3.37756706E-03  2.41133768E-03 -4.04362600E-01 -9.13045359E-03 -6.16998104E-03 -3.12794219E-05 -5.78190012E-03  9.43408690E-03
  2.40000000E-01  1.05508374E-01  3.27646207E-03  2.34274345E-03 -2.78276862E-01 -9.45966120E-03 -6.42640920E-03 -2.52805493E-05 -6.15310900E-03  9.98536473E-03
  2.50000000E-01  1.03356034E-01  3.18021942E-03  2.27719722E-03 -1.89332138E-01 -8.75197985E-03 -5.96994849E-03 -2.37144249E-05 -5.81755480E-03  9.40777014E-03
  2.60000000E-01  1.01907437E-01  3.09623803E-03  2.21978004E-03 -1.28065510E-01 -7.54118008E-03 -5.16088575E-03 -2.37148180E-05 -5.11330415E-03  8.24535101E-03
  2.70000000E-01  1.00933115E-01  3.02688022E-03  2.17221650E-03 -8.63940740E-02 -6.19176244E-03 -4.24814074E-03 -2.36306162E-05 -4.27903283E-03  6.88257879E-03
  2.80000000E-01  1.00277531E-01  2.97170969E-03  2.13429881E-03 -5.82351707E-02 -4.91220716E-03 -3.37611353E-03 -2.28036226E-05 -3.45810759E-03  5.54914902E-03
  2.90000000E-01  9.98359739E-02  2.92898539E-03  2.10489781E-03 -3.92651748E-02 -3.79997977E-03 -2.61388786E-03 -2.11752865E-05 -2.72352717E-03  4.36083879E-03
  3.00000000E-01  9.95381722E-02  2.89654673E-03  2.08257006E-03 -2.64986775E-02 -2.88438352E-03 -1.98369032E-03 -1.89605151E-05 -2.10327026E-03  3.36084890E-03
  3.10000000E-01  9.93370179E-02  2.87228088E-03  2.06588415E-03 -1.79057349E-02 -2.15796884E-03 -1.48204606E-03 -1.64443318E-05 -1.59957643E-03  2.55118232E-03
  3.20000000E-01  9.92009253E-02  2.85433326E-03  2.05357191E-03 -1.21171363E-02 -1.59663035E-03 -1.09349767E-03 -1.38792835E-05 -1.20177085E-03  1.91342383E-03
  3.30000000E-01  9.91086969E-02  2.84117365E-03  2.04457967E-03 -8.21293122E-03 -1.17120736E-03 -7.98647168E-04 -1.14478586E-05 -8.94038844E-04  1.42125883E-03
  3.40000000E-01  9.90460886E-02  2.83158869E-03  2.03806746E-03 -5.57593839E-03 -8.53491664E-04 -5.78407963E-04 -9.26032572E-06 -6.59746939E-04  1.04736929E-03
  3.50000000E-01  9.90035142E-02  2.82464235E-03  2.03338457E-03 -3.79213318E-03 -6.18873192E-04 -4.15943812E-04 -7.36789150E-06 -4.83592114E-04  7.66814736E-04
  3.60000000E-01  9.89745119E-02  2.81962671E-03  2.03003745E-03 -2.58357181E-03 -4.47123934E-04 -2.97303355E-04 -5.77980589E-06 -3.52476118E-04  5.58365753E-04
  3.70000000E-01  9.89547190E-02  2.81601422E-03  2.02765762E-03 -1.76344362E-03 -3.22246976E-04 -2.11383308E-04 -4.47899002E-06 -2.55683362E-04  4.04730759E-04
  3.80000000E-01  9.89411852E-02  2.81341614E-03  2.02597339E-03 -1.20601159E-03 -2.31925133E-04 -1.49591788E-04 -3.43420066E-06 -1.84714071E-04  2.92244011E-04
  3.90000000E-01  9.89319122E-02  2.81154849E-03  2.02478643E-03 -8.26516161E-04 -1.66856308E-04 -1.05415727E-04 -2.60852919E-06 -1.32975035E-04  2.10338481E-04
  4.00000000E-01  9.89255445E-02  2.81020528E-03  2.02395315E-03 -5.67731385E-04 -1.20118023E-04 -7.39947930E-05 -1.96480191E-06 -9.54373347E-05  1.50976473E-04
  4.10000000E-01  9.89211611E-02  2.80923779E-03  2.02337031E-03 -3.90960646E-04 -8.66161613E-05 -5.17484204E-05 -1.46865267E-06 -6.83150718E-05  1.08121750E-04
  4.20000000E-01  9.89181354E-02  2.80853913E-03  2.02296406E-03 -2.69996895E-04 -6.26344267E-05 -3.60608463E-05 -1.08999295E-06 -4.87876637E-05  7.72869318E-05
  4.30000000E-01  9.89160402E-02  2.80803270E-03  2.02268189E-03 -1.87064986E-04 -4.54797378E-05 -2.50346401E-05 -8.03456939E-07 -3.47714103E-05  5.51634026E-05
  4.40000000E-01  9.89145842E-02  2.80766368E-03  2.02248667E-03 -1.30091090E-04 -3.32101817E-05 -1.73022908E-05 -5.88252223E-07 -2.47376798E-05  3.93281241E-05
  4.50000000E-01  9.89135682E-02  2.80739292E-03  2.02235231E-03 -9.08622966E-05 -2.44263185E-05 -1.18891185E-05 -4.27698187E-07 -1.75715717E-05  2.80166005E-05
  4.60000000E-01  9.89128557E-02  2.80719258E-03  2.02226048E-03 -6.37840469E-05 -1.81251157E-05 -8.10413600E-06 -3.08639322E-07 -1.24639282E-05  1.99499969E-05
  4.70000000E-01  9.89123533E-02  2.80704283E-03  2.02219837E-03 -4.50399389E-05 -1.35917161E-05 -5.46372730E-06 -2.20843887E-07 -8.82994626E-06  1.42052055E-05
  4.80000000E-01  9.89119966E-02  2.80692958E-03  2.02215693E-03 -3.20228272E-05 -1.03147316E-05 -3.62843094E-06 -1.56445383E-07 -6.24849421E-06  1.01181955E-05
  4.90000000E-01  9.89117415E-02  2.80684282E-03  2.02212983E-03 -2.29490896E-05 -7.93019618E-06 -2.35948621E-06 -1.09453667E-07 -4.41724892E-06  7.21271970E-06
  5.00000000E-01  9.89115573E-02  2.80677544E-03  2.02211258E-03 -1.65966695E-05 -6.18092593E-06 -1.48873045E-06 -7.53447590E-08 -3.11976589E-06  5.14808456E-06
