  0.00000000E+00  0.00000000E+00  0.00000000E+00  0.00000000E+00  1.90257480E+00  2.49030151E-04  4.12927561E-04  2.37702552E-04  8.64615588E-05 -4.40366946E-04
  1.00000000E-02  1.90257480E-02  2.49030151E-06  4.12927561E-06  1.49049860E+00  1.01832597E-04  1.04524998E-02  1.88315041E-04 -3.95244314E-03 -4.02635631E-03
  2.00000000E-02  3.18703529E-02  2.77263971E-06  1.58852134E-04  1.20195451E+00  4.30413697E-05  1.53164722E-02  1.42750266E-04 -6.06568019E-03 -5.83403162E-03
  3.00000000E-02  4.24471776E-02  2.90909727E-06  3.36336718E-04  9.89489783E-01 -3.41365519E-05  1.78726047E-02  1.15156562E-04 -7.28684292E-03 -6.85002771E-03
  4.00000000E-02  5.12797518E-02  2.18184215E-06  5.27843427E-04  8.39157386E-01 -1.15961548E-04  1.85867660E-02  1.00476996E-04 -7.76651679E-03 -7.22065149E-03
  5.00000000E-02  5.89196637E-02  6.13101692E-07  7.17281895E-04  7.34940464E-01 -1.87584193E-04  1.81768322E-02  9.31271491E-05 -7.77868237E-03 -7.17877989E-03
  6.00000000E-02  6.57479837E-02 -1.62085346E-06  8.97000548E-04  6.63458345E-01 -2.45108265E-04  1.72222572E-02  8.95833224E-05 -7.53250186E-03 -6.91671642E-03
  7.00000000E-02  7.20251565E-02 -4.35955647E-06  1.06445024E-03  6.14689441E-01 -2.89353291E-04  1.60976042E-02  8.76595816E-05 -7.17322720E-03 -6.56504540E-03
  8.00000000E-02  7.79282064E-02 -7.47431451E-06  1.21980302E-03  5.81493608E-01 -3.23410875E-04  1.50106172E-02  8.61927374E-05 -6.78899857E-03 -6.20198012E-03
  9.00000000E-02  8.35771633E-02 -1.08787112E-05  1.36447426E-03  5.58911596E-01 -3.50803128E-04  1.40575099E-02  8.46878318E-05 -6.42660354E-03 -5.86795835E-03
  1.00000000E-01  8.90533692E-02 -1.45237037E-05  1.50028382E-03  5.43544103E-01 -3.74517188E-04  1.32686220E-02  8.30581990E-05 -6.10713098E-03 -5.57973661E-03
  1.10000000E-01  9.44119728E-02 -1.83874459E-05  1.62902560E-03  5.33076970E-01 -3.96672526E-04  1.26396849E-02  8.13110562E-05 -5.83678050E-03 -5.34099736E-03
  1.20000000E-01  9.96904068E-02 -2.24649479E-05  1.75227776E-03  5.25939345E-01 -4.18692619E-04  1.21508579E-02  7.95072467E-05 -5.61419790E-03 -5.14861550E-03
  1.30000000E-01  1.04914112E-01 -2.67619745E-05  1.87134221E-03  5.21065945E-01 -4.41429518E-04  1.17775127E-02  7.77468455E-05 -5.43429397E-03 -4.99665172E-03
  1.40000000E-01  1.10100405E-01 -3.12899542E-05  1.98725061E-03  5.17734272E-01 -4.65280391E-04  1.14956780E-02  7.60977064E-05 -5.29062917E-03 -4.87846579E-03
  1.50000000E-01  1.15261089E-01 -3.60620124E-05  2.10079822E-03  5.15453856E-01 -4.90368146E-04  1.12844144E-02  7.45917893E-05 -5.17676574E-03 -4.78761757E-03
  1.60000000E-01  1.20404225E-01 -4.10911327E-05  2.21258604E-03  5.13891351E-01 -5.16652699E-04  1.11265075E-02  7.32495341E-05 -5.08687480E-03 -4.71841155E-03
  1.70000000E-01  1.25535326E-01 -4.63890824E-05  2.32306158E-03  5.12819875E-01 -5.44016804E-04  1.10083530E-02  7.20756891E-05 -5.01596083E-03 -4.66607234E-03
  1.80000000E-01  1.30658168E-01 -5.19660710E-05  2.43255434E-03  5.12084749E-01 -5.72312756E-04  1.09194806E-02  7.10581020E-05 -4.95985952E-03 -4.62672106E-03
  1.90000000E-01  1.35775340E-01 -5.78306783E-05  2.54130479E-03  5.11580355E-01 -6.01388008E-04  1.08519824E-02  7.01780485E-05 -4.91518762E-03 -4.59727428E-03
  2.00000000E-01  1.40888621E-01 -6.39899347E-05  2.64948712E-03 -9.79466389E-01 -4.81396969E-05  6.33767635E-04 -1.38460597E-04 -1.14426038E-03 -5.55625280E-04
  2.10000000E-01  1.23638724E-01 -6.17050901E-05  2.60473372E-03 -7.86893910E-01  1.26248768E-05 -2.49627056E-03 -6.83917608E-05  3.29964221E-04  6.83714528E-04
  2.20000000E-01  1.16732647E-01 -6.12750184E-05  2.56412082E-03 -5.81232419E-01  2.78818261E-04 -5.25915910E-03 -6.59446930E-05  1.52352938E-03  1.76201008E-03
  2.30000000E-01  1.11948630E-01 -5.71558689E-05  2.49771479E-03 -4.12520992E-01  3.39929465E-04 -6.68784717E-03 -4.08036124E-05  2.29727017E-03  2.37790054E-03
  2.40000000E-01  1.08666977E-01 -5.34510182E-05  2.42369288E-03 -2.86951863E-01  3.55257898E-04 -6.93127589E-03 -2.77002374E-05  2.58018197E-03  2.56047941E-03
  2.50000000E-01  1.06425304E-01 -4.98217971E-05  2.35316298E-03 -1.97531581E-01  3.31308108E-04 -6.41723414E-03 -2.03363204E-05  2.53218729E-03  2.45016098E-03
  2.60000000E-01  1.04897090E-01 -4.66284650E-05  2.29156084E-03 -1.35272119E-01  2.87986468E-04 -5.53268220E-03 -1.63605455E-05  2.29709923E-03  2.18207056E-03
  2.70000000E-01  1.03855666E-01 -4.39652085E-05  2.24065678E-03 -9.24275561E-02  2.38563170E-04 -4.54399302E-03 -1.41045419E-05  1.97989036E-03  1.85248020E-03
  2.80000000E-01  1.03145613E-01 -4.18266933E-05  2.20016030E-03 -6.31167127E-02  1.90668821E-04 -3.60455444E-03 -1.25845943E-05  1.64682073E-03  1.52060743E-03
  2.90000000E-01  1.02661000E-01 -4.01594768E-05  2.16881195E-03 -4.31175893E-02  1.48055289E-04 -2.78669476E-03 -1.13046388E-05  1.33475068E-03  1.21784317E-03
  3.00000000E-01  1.02329820E-01 -3.88919916E-05  2.14503430E-03 -2.94829136E-02  1.12097524E-04 -2.11265443E-03 -1.00638770E-05  1.06092486E-03  9.57455781E-04
  3.10000000E-01  1.02103164E-01 -3.79508051E-05  2.12727795E-03 -2.01849529E-02  8.28449112E-05 -1.57748627E-03 -8.81635274E-06  8.30667674E-04  7.42070533E-04
  3.20000000E-01  1.01947805E-01 -3.72686191E-05  2.11417893E-03 -1.38389640E-02  5.96884250E-05 -1.16380144E-03 -7.58362837E-06  6.42706636E-04  5.68721684E-04
  3.30000000E-01  1.01841145E-01 -3.67875173E-05  2.10460934E-03 -9.50261593E-03  4.17553227E-05 -8.50331959E-04 -6.40626121E-06  4.92566654E-04  4.31979343E-04
  3.40000000E-01  1.01767801E-01 -3.64596296E-05  2.09767337E-03 -6.53546006E-03  2.81275410E-05 -6.16396570E-04 -5.32087039E-06  3.74593988E-04  3.25741541E-04
  3.50000000E-01  1.01717282E-01 -3.62464931E-05  2.09267908E-03 -4.50221952E-03  1.79519058E-05 -4.43889820E-04 -4.35173590E-06  2.83076126E-04  2.44172418E-04
  3.60000000E-01  1.01682426E-01 -3.61178522E-05  2.08910272E-03 -3.10684675E-03  1.04871716E-05 -3.17891334E-04 -3.50995319E-06  2.12799567E-04  1.82127348E-04
  3.70000000E-01  1.01658334E-01 -3.60503041E-05  2.08655380E-03 -2.14776312E-03  5.11597237E-06 -2.26576734E-04 -2.79577092E-06  1.59276224E-04  1.35287929E-04
  3.80000000E-01  1.01641652E-01 -3.60260004E-05  2.08474460E-03 -1.48753118E-03  1.33862842E-06 -1.60825375E-04 -2.20184626E-06  1.18785875E-04  1.00145228E-04
  3.90000000E-01  1.01630078E-01 -3.60315008E-05  2.08346510E-03 -1.03231146E-03 -1.24126873E-06 -1.13738618E-04 -1.71630505E-06  8.83250650E-05  7.39127709E-05
  4.00000000E-01  1.01622031E-01 -3.60568130E-05  2.08256315E-03 -7.17938380E-04 -2.93371629E-06 -8.01744765E-05 -1.32517215E-06  6.55154792E-05  5.44149885E-05
  4.10000000E-01  1.01616423E-01 -3.60946124E-05  2.08192923E-03 -5.00472374E-04 -3.97850163E-06 -5.63436649E-05 -1.01409676E-06  4.85013614E-05  3.99751153E-05
  4.20000000E-01  1.01612506E-01 -3.61396214E-05  2.08148494E-03 -3.49780492E-04 -4.56031317E-06 -3.94793429E-05 -7.69453347E-07  3.58513005E-05  2.93138551E-05
  4.30000000E-01  1.01609762E-01 -3.61881335E-05  2.08117447E-03 -2.45168343E-04 -4.82185536E-06 -2.75774397E-05 -5.78958180E-07  2.64713362E-05  2.14630392E-05
  4.40000000E-01  1.01607833E-01 -3.62376598E-05  2.08095821E-03 -1.72403360E-04 -4.87024791E-06 -1.91960696E-05 -4.31943103E-07  1.95316654E-05  1.56947816E-05
  4.50000000E-01  1.01606473E-01 -3.62866043E-05  2.08080815E-03 -1.21683300E-04 -4.78083905E-06 -1.33034626E-05 -3.19398970E-07  1.44067479E-05  1.14648194E-05
  4.60000000E-01  1.01605510E-01 -3.63339656E-05  2.08070458E-03 -8.62476266E-05 -4.60515859E-06 -9.16611696E-06 -2.33884530E-07  1.06274494E-05  8.36803611E-06
  4.70000000E-01  1.01604824E-01 -3.63791388E-05  2.08063361E-03 -6.14270260E-05 -4.37830110E-06 -6.26508011E-06 -1.69364173E-07  7.84345861E-06  6.10404600E-06
  4.80000000E-01  1.01604334E-01 -3.64217875E-05  2.08058546E-03 -4.39918972E-05 -4.11779311E-06 -4.23508076E-06 -1.21013172E-07  5.79415385E-06  4.45084940E-06
  4.90000000E-01  1.01603981E-01 -3.64616629E-05  2.08055326E-03 -3.17051421E-05 -3.83851042E-06 -2.81986624E-06 -8.50225036E-08  4.28624465E-06  3.24484074E-06
  5.00000000E-01  1.01603726E-01 -3.64986516E-05  2.08053214E-03 -2.30148091E-05 -3.55152043E-06 -1.83854747E-06 -5.84162944E-08  3.17675516E-06  2.36574324E-06
