  0.00000000E+00  0.00000000E+00  0.00000000E+00  0.00000000E+00  1.90257477E+00  2.49017077E-04  4.12928357E-04  2.37679203E-04  8.64724209E-05 -4.40339229E-04
  1.00000000E-02  1.90257477E-02  2.49017077E-06  4.12928357E-06  1.42814442E+00 -2.21921295E-02  1.56794121E-02  7.92024935E-05 -1.78187594E-04  1.01717054E-02
  2.00000000E-02  3.09350402E-02 -3.31636857E-04  2.37255824E-04  1.11041502E+00 -3.18637273E-02  2.22285113E-02 -8.13250350E-05 -1.39942308E-04  1.52504209E-02
  3.00000000E-02  4.04505434E-02 -6.98632119E-04  4.92286432E-04  8.82697290E-01 -3.64454871E-02  2.52985429E-02 -1.95893756E-04 -5.06641303E-05  1.79224640E-02
  4.00000000E-02  4.81389276E-02 -1.08599579E-03  7.60622019E-04  7.28226720E-01 -3.70157649E-02  2.56236713E-02 -2.71806185E-04  8.54448527E-05  1.86962587E-02
  5.00000000E-02  5.46488420E-02 -1.45900483E-03  1.01848437E-03  6.26624305E-01 -3.53095838E-02  2.43981508E-02 -3.16570686E-04  2.05758953E-04  1.82722810E-02
  6.00000000E-02  6.04070730E-02 -1.80356976E-03  1.25633828E-03  5.60966714E-01 -3.26814101E-02  2.25614051E-02 -3.37016441E-04  2.96461116E-04  1.72760944E-02
  7.00000000E-02  6.56884522E-02 -2.11724299E-03  1.47276860E-03  5.18961086E-01 -2.99542079E-02  2.06804129E-02 -3.40290227E-04  3.53021582E-04  1.61069775E-02
  8.00000000E-02  7.06680349E-02 -2.40314906E-03  1.67016777E-03  4.92225490E-01 -2.75324604E-02  1.90298364E-02 -3.32696345E-04  3.80162174E-04  1.49871810E-02
  9.00000000E-02  7.54566118E-02 -2.66636493E-03  1.85221325E-03  4.75242811E-01 -2.55578449E-02  1.77014879E-02 -3.19279872E-04  3.86403003E-04  1.40180530E-02
  1.00000000E-01  8.01241265E-02 -2.91207030E-03  2.02258639E-03  4.64453577E-01 -2.40317151E-02  1.66906745E-02 -3.03700111E-04  3.79998463E-04  1.32297369E-02
  1.10000000E-01  8.47147161E-02 -3.14475680E-03  2.18443907E-03  4.57587780E-01 -2.28937081E-02  1.59513273E-02 -2.88314131E-04  3.67489237E-04  1.26150211E-02
  1.20000000E-01  8.92562649E-02 -3.36800385E-03  2.34025560E-03  4.53206720E-01 -2.20657251E-02  1.54265485E-02 -2.74456693E-04  3.53272452E-04  1.21503386E-02
  1.30000000E-01  9.37664268E-02 -3.58452118E-03  2.49189719E-03  4.50401102E-01 -2.14732897E-02  1.50631782E-02 -2.62720040E-04  3.40012322E-04  1.18075647E-02
  1.40000000E-01  9.82564097E-02 -3.79629190E-03  2.64071212E-03  4.48596427E-01 -2.10538935E-02  1.48172272E-02 -2.53228342E-04  3.29081958E-04  1.15598943E-02
  1.50000000E-01  1.02733351E-01 -4.00473386E-03  2.78765464E-03  4.47429310E-01 -2.07586451E-02  1.46547068E-02 -2.45835939E-04  3.20993281E-04  1.13843102E-02
  1.60000000E-01  1.07201808E-01 -4.21084407E-03  2.93338911E-03  4.46669432E-01 -2.05509589E-02  1.45504708E-02 -2.40267357E-04  3.15742741E-04  1.12622167E-02
  1.70000000E-01  1.11664703E-01 -4.41531522E-03  3.07837264E-03  4.46170435E-01 -2.04042584E-02  1.44864523E-02 -2.36206991E-04  3.13055904E-04  1.11791774E-02
  1.80000000E-01  1.16123912E-01 -4.61862430E-03  3.22291707E-03  4.45839050E-01 -2.02996339E-02  1.44499327E-02 -2.33350041E-04  3.12546808E-04  1.11242941E-02
  1.90000000E-01  1.20580646E-01 -4.82109752E-03  3.36723379E-03  4.45615666E-01 -2.02238281E-02  1.44320879E-02 -2.31427356E-04  3.13811818E-04  1.10895063E-02
  2.00000000E-01  1.25035686E-01 -5.02295677E-03  3.51146545E-03 -9.81875338E-01  1.81594350E-03 -1.94189251E-03 -3.26186934E-04  4.48767834E-04  5.15887956E-04
  2.10000000E-01  1.08079477E-01 -4.89459848E-03  3.41017662E-03 -7.70792569E-01  8.36648521E-03 -6.24271950E-03 -1.78007001E-04  2.53267607E-04 -2.77277091E-03
  2.20000000E-01  1.01426966E-01 -4.77818092E-03  3.32624529E-03 -5.47427802E-01  1.33744689E-02 -9.90028551E-03 -8.58552834E-05  2.22096544E-04 -5.89973416E-03
  2.30000000E-01  9.70695113E-02 -4.61939631E-03  3.20895461E-03 -3.70388552E-01  1.54579359E-02 -1.12051538E-02  1.02175793E-05  1.02357246E-04 -7.33645947E-03
  2.40000000E-01  9.42508221E-02 -4.45439962E-03  3.09037873E-03 -2.43720925E-01  1.50181907E-02 -1.07639421E-02  7.33619777E-05 -6.57892033E-07 -7.50698262E-03
  2.50000000E-01  9.24469509E-02 -4.30641644E-03  2.98494537E-03 -1.57840154E-01  1.31414867E-02 -9.33271732E-03  1.08868713E-04 -8.40218946E-05 -6.86466349E-03
  2.60000000E-01  9.12979533E-02 -4.18438509E-03  2.89877432E-03 -1.01313040E-01  1.07257186E-02 -7.55335916E-03  1.22751305E-04 -1.38931636E-04 -5.84168009E-03
  2.70000000E-01  9.05674584E-02 -4.08920674E-03  2.83213752E-03 -6.47352848E-02  8.33475395E-03 -5.82244339E-03  1.21597971E-04 -1.66416119E-04 -4.73082250E-03
  2.80000000E-01  9.01029944E-02 -4.01781403E-03  2.78256766E-03 -4.12931104E-02  6.24846501E-03 -4.33108499E-03  1.11277546E-04 -1.71965207E-04 -3.69644773E-03
  2.90000000E-01  8.98072741E-02 -3.96576082E-03  2.74671360E-03 -2.63440211E-02  4.56006485E-03 -3.13734854E-03  9.63764637E-05 -1.62494489E-04 -2.81193060E-03
  3.00000000E-01  8.96185794E-02 -3.92860217E-03  2.72130880E-03 -1.68299111E-02  3.26026871E-03 -2.22777659E-03  8.01088248E-05 -1.44374735E-04 -2.09558056E-03
  3.10000000E-01  8.94978508E-02 -3.90249847E-03  2.70357889E-03 -1.07750376E-02  2.29420201E-03 -1.55840748E-03  6.44859345E-05 -1.22561588E-04 -1.53681842E-03
  3.20000000E-01  8.94203748E-02 -3.88438678E-03  2.69134166E-03 -6.91695052E-03  1.59434532E-03 -1.07809884E-03  5.05915677E-05 -1.00437066E-04 -1.11272570E-03
  3.30000000E-01  8.93704957E-02 -3.87194261E-03  2.68296222E-03 -4.45367275E-03  1.09694392E-03 -7.39812069E-04  3.88650307E-05 -8.00182135E-05 -7.97405990E-04
  3.40000000E-01  8.93382754E-02 -3.86346018E-03  2.67725553E-03 -2.87701067E-03  7.48525789E-04 -5.04811124E-04  2.93414020E-05 -6.22965400E-05 -5.66666017E-04
  3.50000000E-01  8.93173886E-02 -3.85771701E-03  2.67338243E-03 -1.86503383E-03  5.07186474E-04 -3.43198571E-04  2.18321492E-05 -4.75748659E-05 -3.99928353E-04
  3.60000000E-01  8.93037981E-02 -3.85385184E-03  2.67075850E-03 -1.21358362E-03  3.41490373E-04 -2.32856284E-04  1.60483944E-05 -3.57427355E-05 -2.80648925E-04
  3.70000000E-01  8.92949195E-02 -3.85126542E-03  2.66898165E-03 -7.92935491E-04  2.28527173E-04 -1.57884568E-04  1.16774641E-05 -2.64760891E-05 -1.96015632E-04
  3.80000000E-01  8.92890934E-02 -3.84954497E-03  2.66777766E-03 -5.20459419E-04  1.51952157E-04 -1.07101169E-04  8.42546120E-06 -1.93686710E-05 -1.36367060E-04
  3.90000000E-01  8.92852512E-02 -3.84840832E-03  2.66696057E-03 -3.43380200E-04  1.00298593E-04 -7.27408613E-05  6.03720290E-06 -1.40105223E-05 -9.45601937E-05
  4.00000000E-01  8.92827028E-02 -3.84766360E-03  2.66640496E-03 -2.27896358E-04  6.56078397E-05 -4.94866103E-05  4.30228296E-06 -1.00293412E-05 -6.53932687E-05
  4.10000000E-01  8.92810013E-02 -3.84718098E-03  2.66602637E-03 -1.52298343E-04  4.24095817E-05 -3.37333932E-05  3.05347432E-06 -7.10792558E-06 -4.51228942E-05
  4.20000000E-01  8.92798563E-02 -3.84687287E-03  2.66576780E-03 -1.02604435E-04  2.69785946E-05 -2.30514310E-05  2.16148191E-06 -4.98748965E-06 -3.10806265E-05
  4.30000000E-01  8.92790787E-02 -3.84668024E-03  2.66559070E-03 -6.97851548E-05  1.67806887E-05 -1.58015720E-05  1.52845651E-06 -3.46345402E-06 -2.13788723E-05
  4.40000000E-01  8.92785449E-02 -3.84656342E-03  2.66546893E-03 -4.79938180E-05  1.00855824E-05 -1.08683550E-05  1.08159780E-06 -2.37793270E-06 -1.46907971E-05
  4.50000000E-01  8.92781740E-02 -3.84649604E-03  2.66538491E-03 -3.34345564E-05  5.72731328E-06 -7.50134483E-06  7.67489166E-07 -1.61136740E-06 -1.00886016E-05
  4.60000000E-01  8.92779124E-02 -3.84646056E-03  2.66532673E-03 -2.36362551E-05  2.92393411E-06 -5.19404026E-06  5.47387774E-07 -1.07461015E-06 -6.92633135E-06
  4.70000000E-01  8.92777250E-02 -3.84644534E-03  2.66528633E-03 -1.69856539E-05  1.15239710E-06 -3.60490587E-06  3.93466917E-07 -7.02029307E-07 -4.75589158E-06
  4.80000000E-01  8.92775884E-02 -3.84644267E-03  2.66525823E-03 -1.24263655E-05  6.22226525E-08 -2.50388639E-06  2.85903534E-07 -4.45824395E-07 -3.26739520E-06
  4.90000000E-01  8.92774870E-02 -3.84644750E-03  2.66523869E-03 -9.26441787E-06 -5.81665995E-07 -1.73592820E-06  2.10674525E-07 -2.71502367E-07 -2.24708744E-06
  5.00000000E-01  8.92774101E-02 -3.84645654E-03  2.66522517E-03 -7.04230181E-06 -9.37124368E-07 -1.19639292E-06  1.57920384E-07 -1.54376495E-07 -1.54784066E-06
