  0.00000000E+00  0.00000000E+00  0.00000000E+00  0.00000000E+00  1.90257477E+00  2.49017077E-04  4.12928357E-04  2.37679203E-04  8.64724209E-05 -4.40339229E-04
  1.00000000E-02  1.90257477E-02  2.49017077E-06  4.12928357E-06  1.38432324E+00  2.06749118E-02 -2.56756028E-03  1.21068461E-04  7.23563687E-04 -1.29920076E-02
  2.00000000E-02  3.02777225E-02  3.11368763E-04 -3.64487624E-05  1.04759495E+00  2.91991478E-02 -3.83152910E-03  4.77708249E-06  9.88397112E-04 -1.83963749E-02
  3.00000000E-02  3.90700305E-02  6.45981420E-04 -8.10838974E-05  8.10860115E-01  3.30686660E-02 -4.40976232E-03 -7.51852406E-05  1.09608625E-03 -2.09732145E-02
  4.00000000E-02  4.59949575E-02  9.96015672E-04 -1.28072687E-04  6.55232244E-01  3.32761519E-02 -4.46807467E-03 -1.24836019E-04  1.08335178E-03 -2.13460346E-02
  5.00000000E-02  5.17691406E-02  1.32981462E-03 -1.73044995E-04  5.56959237E-01  3.14547930E-02 -4.23857338E-03 -1.52188164E-04  1.01091425E-03 -2.04133687E-02
  6.00000000E-02  5.68473679E-02  1.63525576E-03 -2.14283223E-04  4.96462677E-01  2.88734661E-02 -3.89527384E-03 -1.63302252E-04  9.18789046E-04 -1.89415551E-02
  7.00000000E-02  6.15095119E-02  1.91108378E-03 -2.51519463E-04  4.59828696E-01  2.62881589E-02 -3.54201360E-03 -1.63700280E-04  8.30208014E-04 -1.73964897E-02
  8.00000000E-02  6.59246290E-02  2.16103883E-03 -2.85173298E-04  4.37870885E-01  2.40546494E-02 -3.22889362E-03 -1.57804264E-04  7.55439759E-04 -1.60144138E-02
  9.00000000E-02  7.01935487E-02  2.39041778E-03 -3.15896634E-04  4.24784109E-01  2.22814244E-02 -2.97278898E-03 -1.48903161E-04  6.97038537E-04 -1.48823210E-02
  1.00000000E-01  7.43759559E-02  2.60436590E-03 -3.44344001E-04  4.17000674E-01  2.09490767E-02 -2.77320482E-03 -1.39172919E-04  6.53808906E-04 -1.40067446E-02
  1.10000000E-01  7.85070455E-02  2.80719493E-03 -3.71078129E-04  4.12367190E-01  1.99858219E-02 -2.62212885E-03 -1.29919713E-04  6.23097414E-04 -1.33565814E-02
  1.20000000E-01  8.26075500E-02  3.00223687E-03 -3.96544037E-04  4.09598965E-01  1.93087068E-02 -2.50949046E-03 -1.21801369E-04  6.01990344E-04 -1.28884195E-02
  1.30000000E-01  8.66896985E-02  3.19193837E-03 -4.21075750E-04  4.07934948E-01  1.88426353E-02 -2.42579636E-03 -1.15041228E-04  5.87869544E-04 -1.25595240E-02
  1.40000000E-01  9.07607279E-02  3.37803436E-03 -4.44915243E-04  4.06925832E-01  1.85269198E-02 -2.36315359E-03 -1.09617455E-04  5.78669855E-04 -1.23333088E-02
  1.50000000E-01  9.48249407E-02  3.56172498E-03 -4.68233565E-04  4.06306524E-01  1.83156709E-02 -2.31545126E-03 -1.05377748E-04  5.72866994E-04 -1.21807825E-02
  1.60000000E-01  9.88849093E-02  3.74382545E-03 -4.91149566E-04  4.05920351E-01  1.81756690E-02 -2.27816803E-03 -1.02120350E-04  5.69366508E-04 -1.20800739E-02
  1.70000000E-01  1.02942182E-01  3.92488213E-03 -5.13744830E-04  4.05674410E-01  1.80835846E-02 -2.24806223E-03 -9.96418419E-05  5.67402941E-04 -1.20152361E-02
  1.80000000E-01  1.06997696E-01  4.10525755E-03 -5.36074923E-04  4.05513348E-01  1.80233874E-02 -2.22286123E-03 -9.77605745E-05  5.66452635E-04 -1.19749268E-02
  1.90000000E-01  1.11052025E-01  4.28519044E-03 -5.58177531E-04  4.05404003E-01  1.79842375E-02 -2.20099708E-03 -9.63255431E-05  5.66163608E-04 -1.19512279E-02
  2.00000000E-01  1.15105518E-01  4.46483707E-03 -5.80078181E-04 -9.78122021E-01 -2.96153033E-03 -1.05931801E-04 -2.39598941E-04 -1.64537747E-04  1.31757768E-03
  2.10000000E-01  9.84066675E-02  4.33049292E-03 -5.70662172E-04 -7.54197423E-01 -8.72496423E-03  8.04767670E-04 -1.23865857E-04 -3.64497973E-04  4.93541963E-03
  2.20000000E-01  9.19843163E-02  4.21442611E-03 -5.58060998E-04 -5.20641373E-01 -1.31784245E-02  1.38948998E-03 -7.26203742E-05 -4.73545475E-04  7.95754884E-03
  2.30000000E-01  8.79456828E-02  4.06037456E-03 -5.41242487E-04 -3.39422448E-01 -1.47364781E-02  1.72428541E-03 -8.64242451E-06 -5.20267956E-04  9.13897524E-03
  2.40000000E-01  8.54575530E-02  3.90521952E-03 -5.22325656E-04 -2.13607255E-01 -1.40063584E-02  1.72864656E-03  3.07449976E-05 -4.86468233E-04  8.88339470E-03
  2.50000000E-01  8.39505564E-02  3.76880653E-03 -5.05017384E-04 -1.31466701E-01 -1.20187067E-02  1.54403838E-03  5.20667732E-05 -4.12981541E-04  7.78858008E-03
  2.60000000E-01  8.30465921E-02  3.65855772E-03 -4.90500041E-04 -7.97750058E-02 -9.62000180E-03  1.28022871E-03  6.00640929E-05 -3.27367195E-04  6.37067116E-03
  2.70000000E-01  8.25073005E-02  3.57435123E-03 -4.79016803E-04 -4.79958393E-02 -7.32550983E-03  1.00855756E-03  5.93267609E-05 -2.46768329E-04  4.95931650E-03
  2.80000000E-01  8.21862380E-02  3.51256859E-03 -4.70289583E-04 -2.87486750E-02 -5.37613232E-03  7.66205019E-04  5.36000650E-05 -1.78979300E-04  3.72157182E-03
  2.90000000E-01  8.19949870E-02  3.46855415E-03 -4.63839295E-04 -1.71983752E-02 -3.83719101E-03  5.67163196E-04  4.56114404E-05 -1.25912713E-04  2.71573332E-03
  3.00000000E-01  8.18807548E-02  3.43787695E-03 -4.59162872E-04 -1.03015182E-02 -2.68150247E-03  4.12231327E-04  3.71505264E-05 -8.64045012E-05  1.93912588E-03
  3.10000000E-01  8.18122239E-02  3.41684037E-03 -4.55815219E-04 -6.19061385E-03 -1.84420283E-03  2.96000903E-04  2.92582772E-05 -5.80647595E-05  1.36107146E-03
  3.20000000E-01  8.17708723E-02  3.40258484E-03 -4.53436362E-04 -3.73848474E-03 -1.25344648E-03  2.11032292E-04  2.24386439E-05 -3.83117980E-05  9.42395756E-04
  3.30000000E-01  8.17457481E-02  3.39300415E-03 -4.51750882E-04 -2.27182627E-03 -8.44834367E-04  1.50022801E-04  1.68468079E-05 -2.48553840E-05  6.45433362E-04
  3.40000000E-01  8.17303631E-02  3.38659887E-03 -4.50555701E-04 -1.39083912E-03 -5.66383271E-04  1.06730417E-04  1.24355038E-05 -1.58590211E-05  4.38212314E-04
  3.50000000E-01  8.17208597E-02  3.38232729E-03 -4.49704859E-04 -8.58740897E-04 -3.78710272E-04  7.62176365E-05  9.05740555E-06 -9.93962678E-06  2.95466587E-04
  3.60000000E-01  8.17149327E-02  3.37947856E-03 -4.49095247E-04 -5.35290942E-04 -2.53216654E-04  5.47675695E-05  6.53043925E-06 -6.09947239E-06  1.98139604E-04
  3.70000000E-01  8.17111971E-02  3.37757386E-03 -4.48654821E-04 -3.37254328E-04 -1.69747606E-04  3.96752904E-05  4.67516111E-06 -3.64104799E-06  1.32321354E-04
  3.80000000E-01  8.17088147E-02  3.37629373E-03 -4.48333530E-04 -2.15048617E-04 -1.14405790E-04  2.90176369E-05  3.33316857E-06 -2.08817811E-06  8.81002075E-05
  3.90000000E-01  8.17072753E-02  3.37542638E-03 -4.48096642E-04 -1.38994834E-04 -7.77525475E-05  2.14469780E-05  2.37373150E-06 -1.12174597E-06  5.85415505E-05
  4.00000000E-01  8.17062656E-02  3.37483212E-03 -4.47920025E-04 -9.12268532E-05 -5.34527289E-05  1.60278102E-05  1.69382404E-06 -5.31015755E-07  3.88618583E-05
  4.10000000E-01  8.17055922E-02  3.37441909E-03 -4.47786843E-04 -6.09225227E-05 -3.72945178E-05  1.21136801E-05  1.21496313E-06 -1.78480818E-07  2.57979712E-05
  4.20000000E-01  8.17051344E-02  3.37412694E-03 -4.47685277E-04 -4.14832484E-05 -2.65002009E-05  9.26075989E-06  8.78896990E-07  2.46792843E-08  1.71434332E-05
  4.30000000E-01  8.17048168E-02  3.37391591E-03 -4.47606934E-04 -2.88583651E-05 -1.92410527E-05  7.16383231E-06  6.43262151E-07  1.35332801E-07  1.14167470E-05
  4.40000000E-01  8.17045914E-02  3.37375979E-03 -4.47545780E-04 -2.05441539E-05 -1.43100987E-05  5.60926424E-06  4.77745835E-07  1.89594188E-07  7.62872837E-06
  4.50000000E-01  8.17044275E-02  3.37364135E-03 -4.47497460E-04 -1.49820765E-05 -1.09254914E-05  4.44634811E-06  3.60935919E-07  2.10208883E-07  5.12182429E-06
  4.60000000E-01  8.17043055E-02  3.37354901E-03 -4.47458811E-04 -1.11950145E-05 -8.56406340E-06  3.56794728E-06  2.77863210E-07  2.11371758E-07  3.46044213E-06
  4.70000000E-01  8.17042125E-02  3.37347518E-03 -4.47427524E-04 -8.56578715E-06 -6.88201792E-06  2.89858492E-06  2.18145785E-07  2.01845856E-07  2.35678573E-06
  4.80000000E-01  8.17041399E-02  3.37341477E-03 -4.47401885E-04 -6.70145360E-06 -5.65485367E-06  2.38258534E-06  1.74625614E-07  1.86964401E-07  1.62107372E-06
  4.90000000E-01  8.17040823E-02  3.37336436E-03 -4.47380639E-04 -5.34971508E-06 -4.73504981E-06  1.97946540E-06  1.42387146E-07  1.69908832E-07  1.12831797E-06
  5.00000000E-01  8.17040355E-02  3.37332161E-03 -4.47362860E-04 -4.34705342E-06 -4.02658060E-06  1.66006731E-06  1.18061823E-07  1.52521785E-07  7.96257029E-07
