  0.00000000E+00  0.00000000E+00  0.00000000E+00  0.00000000E+00  1.90257480E+00  2.49030151E-04  4.12927561E-04  2.37702552E-04  8.64615588E-05 -4.40366946E-04
  1.00000000E-02  1.90257480E-02  2.49030151E-06  4.12927561E-06  1.47133466E+00 -1.37467930E-02  7.95880205E-03  9.79712459E-05 -9.79061509E-03 -6.74256414E-03
  2.00000000E-02  3.15828938E-02 -2.04956744E-04  1.21446669E-04  1.17345928E+00 -2.04156963E-02  1.13804898E-02 -4.70252107E-05 -1.48486717E-02 -9.91499505E-03
  3.00000000E-02  4.18281098E-02 -4.42458223E-04  2.52360005E-04  9.56002725E-01 -2.39132239E-02  1.30574307E-02 -1.57126053E-04 -1.77066083E-02 -1.16893304E-02
  4.00000000E-02  5.03008542E-02 -6.99078100E-04  3.91319017E-04  8.04183886E-01 -2.48891605E-02  1.33817870E-02 -2.37099910E-04 -1.87640682E-02 -1.23107861E-02
  5.00000000E-02  5.75835989E-02 -9.52849388E-04  5.26758669E-04  7.00630591E-01 -2.43330380E-02  1.29131999E-02 -2.91278516E-04 -1.86800974E-02 -1.22165602E-02
  6.00000000E-02  6.40721383E-02 -1.19339915E-03  6.53547732E-04  6.30871395E-01 -2.30410376E-02  1.20912828E-02 -3.23707417E-04 -1.79867179E-02 -1.17425534E-02
  7.00000000E-02  7.00320563E-02 -1.41734953E-03  7.70350974E-04  5.84172303E-01 -2.15252534E-02  1.11895984E-02 -3.39151325E-04 -1.70446017E-02 -1.11172198E-02
  8.00000000E-02  7.56402839E-02 -1.62502314E-03  8.77738537E-04  5.52996130E-01 -2.00675301E-02  1.03517538E-02 -3.42323078E-04 -1.60668879E-02 -1.04744176E-02
  9.00000000E-02  8.10143643E-02 -1.81840983E-03  9.77066851E-04  5.32197098E-01 -1.87965311E-02  9.63756737E-03 -3.37424215E-04 -1.51648322E-02 -9.88341061E-03
  1.00000000E-01  8.62323402E-02 -2.00002014E-03  1.06987159E-03  5.18314239E-01 -1.77510962E-02  9.05945954E-03 -3.27859337E-04 -1.43858512E-02 -9.37341520E-03
  1.10000000E-01  9.13460682E-02 -2.17230393E-03  1.15757565E-03  5.09037586E-01 -1.69233746E-02  8.60662832E-03 -3.16133344E-04 -1.37409939E-02 -8.95067184E-03
  1.20000000E-01  9.63900608E-02 -2.33739907E-03  1.24137778E-03  5.02830727E-01 -1.62850729E-02  8.25926901E-03 -3.03949143E-04 -1.32224257E-02 -8.60965578E-03
  1.30000000E-01  1.01387334E-01 -2.49705829E-03  1.32223367E-03  4.98672768E-01 -1.58020023E-02  7.99608308E-03 -2.92368461E-04 -1.28139845E-02 -8.33975632E-03
  1.40000000E-01  1.06353272E-01 -2.65266296E-03  1.40087857E-03  4.95884996E-01 -1.54413359E-02  7.79775468E-03 -2.81967096E-04 -1.24971642E-02 -8.12896929E-03
  1.50000000E-01  1.11298183E-01 -2.80527299E-03  1.47786448E-03  4.94015515E-01 -1.51746697E-02  7.64820201E-03 -2.72989810E-04 -1.22541772E-02 -7.96581860E-03
  1.60000000E-01  1.16228991E-01 -2.95568635E-03  1.55359873E-03  4.92762857E-01 -1.49788378E-02  7.53469982E-03 -2.65470790E-04 -1.20693413E-02 -7.84021466E-03
  1.70000000E-01  1.21150356E-01 -3.10449557E-03  1.62837822E-03  4.91925465E-01 -1.48356451E-02  7.44750569E-03 -2.59322107E-04 -1.19295261E-02 -7.74371766E-03
  1.80000000E-01  1.26065424E-01 -3.25213606E-03  1.70241731E-03  4.91368265E-01 -1.47311633E-02  7.37932825E-03 -2.54393504E-04 -1.18241085E-02 -7.66949453E-03
  1.90000000E-01  1.30976320E-01 -3.39892528E-03  1.77586970E-03  4.91000528E-01 -1.46549233E-02  7.32479808E-03 -2.50510977E-04 -1.17446985E-02 -7.61214056E-03
  2.00000000E-01  1.35884487E-01 -3.54509331E-03  1.84884503E-03 -9.81531312E-01 -1.06388036E-03 -8.15614079E-05 -3.64805883E-04 -2.03199126E-03 -1.03102589E-03
  2.10000000E-01  1.18706514E-01 -3.48777690E-03  1.81099762E-03 -7.82264638E-01  3.34575506E-03 -2.17369480E-03 -2.28947357E-04  1.36582339E-03  1.13944444E-03
  2.20000000E-01  1.11880201E-01 -3.43227117E-03  1.77880000E-03 -5.71643648E-01  7.18438324E-03 -4.01403543E-03 -1.47030620E-04  4.37886528E-03  2.92977523E-03
  2.30000000E-01  1.07216870E-01 -3.34123420E-03  1.72945795E-03 -4.00081744E-01  9.16706593E-03 -4.92515236E-03 -5.16296594E-05  6.12095725E-03  4.00652140E-03
  2.40000000E-01  1.04073862E-01 -3.23965013E-03  1.67565084E-03 -2.73986574E-01  9.49507571E-03 -4.99086272E-03  1.70803849E-05  6.67218449E-03  4.32556039E-03
  2.50000000E-01  1.01964472E-01 -3.14305932E-03  1.62541366E-03 -1.85482928E-01  8.77352410E-03 -4.53583316E-03  6.30211592E-05  6.41779869E-03  4.14242779E-03
  2.60000000E-01  1.00552161E-01 -3.05893184E-03  1.58233048E-03 -1.24848962E-01  7.54437353E-03 -3.84245478E-03  8.95565872E-05  5.72485932E-03  3.68761913E-03
  2.70000000E-01  9.96068412E-02 -2.98963386E-03  1.54737282E-03 -8.38360293E-02  6.17809789E-03 -3.10083498E-03  1.01089243E-04  4.85787432E-03  3.12663207E-03
  2.80000000E-01  9.89735456E-02 -2.93468426E-03  1.52007257E-03 -5.62735692E-02  4.88598373E-03 -2.41623090E-03  1.01988851E-04  3.97977458E-03  2.56120988E-03
  2.90000000E-01  9.85486222E-02 -2.89228499E-03  1.49933328E-03 -3.78023329E-02  3.76600461E-03 -1.83433102E-03  9.60474878E-05  3.17737693E-03  2.04546999E-03
  3.00000000E-01  9.82629551E-02 -2.86022484E-03  1.48389947E-03 -2.54316441E-02  2.84676356E-03 -1.36516527E-03  8.62559169E-05  2.48772764E-03  1.60239952E-03
  3.10000000E-01  9.80704921E-02 -2.83635341E-03  1.47259365E-03 -1.71413867E-02  2.11969824E-03 -1.00039341E-03  7.47905514E-05  1.91852514E-03  1.23661760E-03
  3.20000000E-01  9.79405295E-02 -2.81879175E-03  1.46441357E-03 -1.15779492E-02  1.55962523E-03 -7.24119845E-04  6.31139592E-05  1.46198368E-03  9.43042550E-04
  3.30000000E-01  9.78525672E-02 -2.80599587E-03  1.45855374E-03 -7.83767598E-03  1.13652845E-03 -5.18915816E-04  5.21218391E-05  1.10345570E-03  7.12291485E-04
  3.40000000E-01  9.77928918E-02 -2.79674606E-03  1.45439060E-03 -5.31798653E-03  8.21603308E-04 -3.68753614E-04  4.22931935E-05  8.26395499E-04  5.33795395E-04
  3.50000000E-01  9.77523104E-02 -2.79010466E-03  1.45145388E-03 -3.61691349E-03  5.89867438E-04 -2.60142617E-04  3.38214265E-05  6.14967917E-04  3.97440688E-04
  3.60000000E-01  9.77246466E-02 -2.78536466E-03  1.44939551E-03 -2.46597433E-03  4.20886975E-04 -1.82315932E-04  2.67180976E-05  4.55234105E-04  2.94317860E-04
  3.70000000E-01  9.77057416E-02 -2.78200069E-03  1.44796148E-03 -1.68552718E-03  2.98569403E-04 -1.26976568E-04  2.08893018E-05  3.35529085E-04  2.16961667E-04
  3.80000000E-01  9.76927885E-02 -2.77962659E-03  1.44696841E-03 -1.15513004E-03  2.10567360E-04 -8.78851440E-05  1.61884928E-05  2.46414646E-04  1.59323147E-04
  3.90000000E-01  9.76838892E-02 -2.77796093E-03  1.44628502E-03 -7.93858973E-04  1.47581292E-04 -6.04316932E-05  1.24508030E-05  1.80435429E-04  1.16616617E-04
  4.00000000E-01  9.76777570E-02 -2.77680004E-03  1.44581797E-03 -5.47224036E-04  1.02708985E-04 -4.12558062E-05  9.51379054E-06  1.31806614E-04  8.51226772E-05
  4.10000000E-01  9.76735179E-02 -2.77599731E-03  1.44550129E-03 -3.78455649E-04  7.08891080E-05 -2.79329999E-05  7.22877529E-06  9.61008092E-05  6.19900231E-05
  4.20000000E-01  9.76705772E-02 -2.77544752E-03  1.44528857E-03 -2.62689338E-04  4.84304807E-05 -1.87275421E-05  5.46599005E-06  6.99659868E-05  4.50564191E-05
  4.30000000E-01  9.76685291E-02 -2.77507551E-03  1.44514732E-03 -1.83076271E-04  3.26495956E-05 -1.24015751E-05  4.11589748E-06  5.08862537E-05  3.26964630E-05
  4.40000000E-01  9.76670964E-02 -2.77482792E-03  1.44505494E-03 -1.28176198E-04  2.16134631E-05 -8.07745789E-06  3.08831231E-06  3.69866083E-05  2.36970422E-05
  4.50000000E-01  9.76660892E-02 -2.77466697E-03  1.44499578E-03 -9.02058133E-05  1.39411039E-05 -5.13844940E-06  2.31040168E-06  2.68778387E-05  1.71581386E-05
  4.60000000E-01  9.76653770E-02 -2.77456592E-03  1.44495910E-03 -6.38591598E-05  8.63905079E-06 -3.15289183E-06  1.72424554E-06  1.95356588E-05  1.24153595E-05
  4.70000000E-01  9.76648701E-02 -2.77450604E-03  1.44493749E-03 -4.55120745E-05  5.00391162E-06 -1.82099947E-06  1.28435808E-06  1.42079231E-05  8.98033369E-06
  4.80000000E-01  9.76645067E-02 -2.77447417E-03  1.44492594E-03 -3.26841904E-05  2.53670246E-06 -9.34483283E-07  9.55388079E-07  1.03442145E-05  6.49537750E-06
  4.90000000E-01  9.76642440E-02 -2.77446114E-03  1.44492103E-03 -2.36744455E-05  8.89801333E-07 -3.50997339E-07  7.10099465E-07  7.54290023E-06  4.69933732E-06
  5.00000000E-01  9.76640523E-02 -2.77446048E-03  1.44492044E-03 -1.73137933E-05 -1.83264554E-07  2.50922815E-08  5.27664240E-07  5.51162317E-06  3.40204985E-06
