  0.00000000E+00  0.00000000E+00  0.00000000E+00  0.00000000E+00  1.90257480E+00  2.49030151E-04  4.12927561E-04  2.37702552E-04  8.64615588E-05 -4.40366946E-04
  1.00000000E-02  1.90257480E-02  2.49030151E-06  4.12927561E-06  1.45003942E+00 -1.50227793E-02 -1.46888906E-02 -2.80710987E-05  2.38256722E-04 -2.19091030E-02
  2.00000000E-02  3.12634652E-02 -2.24096539E-04 -2.18268721E-04  1.14198403E+00 -2.19198826E-02 -2.17842297E-02 -3.28496168E-04  3.33683022E-04 -3.19229961E-02
  3.00000000E-02  4.11430286E-02 -4.77780881E-04 -4.71587713E-04  9.19074711E-01 -2.53377935E-02 -2.54448883E-02 -5.64703068E-04  3.83204067E-04 -3.70997662E-02
  4.00000000E-02  4.92192291E-02 -7.48248371E-04 -7.44339889E-04  7.65603206E-01 -2.60378794E-02 -2.63669385E-02 -7.40173842E-04  3.81707497E-04 -3.83825849E-02
  5.00000000E-02  5.61079036E-02 -1.01212759E-03 -1.01261952E-03  6.62740330E-01 -2.51388892E-02 -2.56456866E-02 -8.56803372E-04  3.70665919E-04 -3.73370244E-02
  6.00000000E-02  6.22209925E-02 -1.25902154E-03 -1.26547013E-03  5.94826998E-01 -2.35299016E-02 -2.41586347E-02 -9.20756763E-04  3.51570795E-04 -3.51958419E-02
  7.00000000E-02  6.78296959E-02 -1.48627561E-03 -1.49962122E-03  5.50356086E-01 -2.17662278E-02 -2.24650649E-02 -9.42614752E-04  3.28660143E-04 -3.27521436E-02
  8.00000000E-02  7.31109022E-02 -1.69511952E-03 -1.71580402E-03  5.21355745E-01 -2.01389676E-02 -2.08664658E-02 -9.34630400E-04  3.04333415E-04 -3.04370807E-02
  9.00000000E-02  7.81794579E-02 -1.88837290E-03 -1.91647568E-03  5.02474159E-01 -1.87678403E-02 -1.94944580E-02 -9.08156967E-04  2.79978265E-04 -2.84419532E-02
  1.00000000E-01  8.31097916E-02 -2.06919566E-03 -2.10456022E-03  4.90181199E-01 -1.76758453E-02 -1.83827245E-02 -8.72344195E-04  2.56540723E-04 -2.68185932E-02
  1.10000000E-01  8.79501388E-02 -2.24049414E-03 -2.28282880E-03  4.82170850E-01 -1.68389042E-02 -1.75154899E-02 -8.33711500E-04  2.34635244E-04 -2.55474020E-02
  1.20000000E-01  9.27317955E-02 -2.40469848E-03 -2.45364753E-03  4.76944217E-01 -1.62149504E-02 -1.68566137E-02 -7.96454676E-04  2.14532236E-04 -2.45784796E-02
  1.30000000E-01  9.74751045E-02 -2.56372821E-03 -2.61891928E-03  4.73529052E-01 -1.57594438E-02 -1.63653550E-02 -7.62911714E-04  1.96298958E-04 -2.38543263E-02
  1.40000000E-01  1.02193319E-01 -2.71904512E-03 -2.78011654E-03  4.71294815E-01 -1.54323833E-02 -1.60039522E-02 -7.34097470E-04  1.79864132E-04 -2.33209208E-02
  1.50000000E-01  1.06895096E-01 -2.87173365E-03 -2.93834905E-03  4.69832103E-01 -1.52007875E-02 -1.57405481E-02 -7.10182252E-04  1.65064843E-04 -2.29321170E-02
  1.60000000E-01  1.11586104E-01 -3.02258354E-03 -3.09443751E-03  4.68874635E-01 -1.50388243E-02 -1.55497095E-02 -6.90842290E-04  1.51689827E-04 -2.26507245E-02
  1.70000000E-01  1.16270063E-01 -3.17216197E-03 -3.24898041E-03  4.68248847E-01 -1.49269414E-02 -1.54118505E-02 -6.75512306E-04  1.39510841E-04 -2.24478965E-02
  1.80000000E-01  1.20949422E-01 -3.32087197E-03 -3.40240962E-03  4.67841340E-01 -1.48506888E-02 -1.53122595E-02 -6.63547417E-04  1.28306670E-04 -2.23018436E-02
  1.90000000E-01  1.25625798E-01 -3.46899760E-03 -3.55503426E-03  4.67577836E-01 -1.47995730E-02 -1.52400839E-02 -6.54317751E-04  1.17877778E-04 -2.21964273E-02
  2.00000000E-01  1.30300259E-01 -3.61673775E-03 -3.70707422E-03 -9.83296406E-01  1.94141051E-04 -6.86258953E-04 -6.39438858E-04  5.09414166E-05 -4.72584124E-04
  2.10000000E-01  1.13212924E-01 -3.53982777E-03 -3.64116769E-03 -7.77428209E-01  4.63742681E-03  4.13657974E-03 -4.06632569E-04 -5.96522901E-05  6.31386934E-03
  2.20000000E-01  1.06467983E-01 -3.47123707E-03 -3.57568769E-03 -5.60580489E-01  8.63042451E-03  8.13716658E-03 -2.03591355E-04  4.85902890E-06  1.18691829E-02
  2.30000000E-01  1.01946416E-01 -3.36496783E-03 -3.47431309E-03 -3.85922445E-01  1.04740218E-02  1.01380109E-02 -6.48691828E-06 -4.17150403E-05  1.46701191E-02
  2.40000000E-01  9.89604820E-02 -3.25100963E-03 -3.36292876E-03 -2.59228238E-01  1.05316307E-02  1.03489769E-02  1.38337654E-04 -6.06566171E-05  1.49433173E-02
  2.50000000E-01  9.70016707E-02 -3.14540528E-03 -3.25838417E-03 -1.71759883E-01  9.49583834E-03  9.44974282E-03  2.31302700E-04 -7.11795887E-05  1.36424217E-02
  2.60000000E-01  9.57214136E-02 -3.05562586E-03 -3.16838291E-03 -1.12970100E-01  7.97724045E-03  8.03703701E-03  2.78662147E-04 -7.45325294E-05  1.16083812E-02
  2.70000000E-01  9.48856615E-02 -2.98344644E-03 -3.09507607E-03 -7.40400406E-02  6.38058742E-03  6.51160261E-03  2.90642494E-04 -7.22517641E-05  9.40903249E-03
  2.80000000E-01  9.43399114E-02 -2.92762383E-03 -3.03758721E-03 -4.84688375E-02  4.92523547E-03  5.09597380E-03  2.78230655E-04 -6.60336920E-05  7.36270401E-03
  2.90000000E-01  9.39830791E-02 -2.88564824E-03 -2.99370562E-03 -3.17395539E-02  3.70225301E-03  3.88791948E-03  2.51204352E-04 -5.75797616E-05  5.61165842E-03
  3.00000000E-01  9.37493299E-02 -2.85474062E-03 -2.96086670E-03 -2.08109068E-02  2.72718379E-03  2.91042841E-03  2.17225634E-04 -4.83194302E-05  4.19148969E-03
  3.10000000E-01  9.35958641E-02 -2.83234413E-03 -2.93664987E-03 -1.36706984E-02  1.97765836E-03  2.14774254E-03  1.81686656E-04 -3.92795513E-05  3.08164387E-03
  3.20000000E-01  9.34948582E-02 -2.81631517E-03 -2.91898587E-03 -9.00039849E-03  1.41658790E-03  1.56791617E-03  1.47982476E-04 -3.10872782E-05  2.23743245E-03
  3.30000000E-01  9.34282057E-02 -2.80495465E-03 -2.90620584E-03 -5.94029476E-03  1.00483653E-03  1.13543018E-03  1.17957188E-04 -2.40456581E-05  1.60821894E-03
  3.40000000E-01  9.33841032E-02 -2.79696504E-03 -2.89701397E-03 -3.93098629E-03  7.07202865E-04  8.17393749E-04  9.23635270E-05 -1.82299491E-05  1.14656908E-03
  3.50000000E-01  9.33548399E-02 -2.79138118E-03 -2.89043021E-03 -2.60856272E-03  4.94562483E-04  5.85997646E-04  7.12557546E-05 -1.35751359E-05  8.12030024E-04
  3.60000000E-01  9.33353664E-02 -2.78749875E-03 -2.88572722E-03 -1.73606955E-03  3.44027777E-04  4.18973898E-04  5.42890283E-05 -9.94317144E-06  5.71991272E-04
  3.70000000E-01  9.33223682E-02 -2.78481115E-03 -2.88237260E-03 -1.15896672E-03  2.38224706E-04  2.99119314E-04  4.09281089E-05 -7.16884019E-06  4.01130714E-04
  3.80000000E-01  9.33136640E-02 -2.78295792E-03 -2.87998068E-03 -7.76258439E-04  1.64284864E-04  2.13471713E-04  3.05813025E-05 -5.08779691E-06  2.80301334E-04
  3.90000000E-01  9.33078150E-02 -2.78168477E-03 -2.87827420E-03 -5.21791549E-04  1.12847433E-04  1.52439619E-04  2.26787343E-05 -3.55155532E-06  1.95307635E-04
  4.00000000E-01  9.33038694E-02 -2.78081348E-03 -2.87705496E-03 -3.52132122E-04  7.71943118E-05  1.09020291E-04  1.67123178E-05 -2.43382413E-06  1.35782377E-04
  4.10000000E-01  9.33011964E-02 -2.78021980E-03 -2.87618186E-03 -2.38694168E-04  5.25530873E-05  7.81519297E-05  1.22512201E-05 -1.63160940E-06  9.42428200E-05
  4.20000000E-01  9.32993766E-02 -2.77981748E-03 -2.87555468E-03 -1.62618706E-04  3.55643939E-05  5.62022603E-05  8.94286721E-06 -1.06350067E-06  6.53385874E-05
  4.30000000E-01  9.32981308E-02 -2.77954678E-03 -2.87510240E-03 -1.11434426E-04  2.38795766E-05  4.05788933E-05  6.50629786E-06 -6.66692195E-07  4.52728725E-05
  4.40000000E-01  9.32972724E-02 -2.77936641E-03 -2.87477473E-03 -7.68748493E-05  1.58633181E-05  2.94384987E-05  4.72219185E-06 -3.93661177E-07  3.13679441E-05
  4.50000000E-01  9.32966765E-02 -2.77924785E-03 -2.87453605E-03 -5.34479441E-05  1.03792499E-05  2.14746185E-05  3.42214575E-06 -2.09021819E-07  2.17448846E-05
  4.60000000E-01  9.32962591E-02 -2.77917148E-03 -2.87436112E-03 -3.74965379E-05  6.63778866E-06  1.57645264E-05  2.47857627E-06 -8.67859694E-08  1.50908155E-05
  4.70000000E-01  9.32959639E-02 -2.77912381E-03 -2.87423203E-03 -2.65796559E-05  4.09192986E-06  1.16568085E-05  1.79589130E-06 -8.09665947E-09  1.04915550E-05
  4.80000000E-01  9.32957527E-02 -2.77909562E-03 -2.87413600E-03 -1.90642578E-05  2.36676630E-06  8.69056512E-06  1.30312833E-06  4.05784381E-08  7.31236933E-06
  4.90000000E-01  9.32955996E-02 -2.77908058E-03 -2.87406392E-03 -1.38551681E-05  1.20503996E-06  6.53967187E-06  9.48017746E-07  6.88532470E-08  5.11358974E-06
  5.00000000E-01  9.32954871E-02 -2.77907434E-03 -2.87400928E-03 -1.02160676E-05  4.29476210E-07  4.97323595E-06  6.92312718E-07  8.34930659E-08  3.59124501E-06
