  0.00000000E+00  0.00000000E+00  0.00000000E+00  0.00000000E+00  1.90257477E+00  2.49017077E-04  4.12928357E-04  2.37679203E-04  8.64724209E-05 -4.40339229E-04
  1.00000000E-02  1.90257477E-02  2.49017077E-06  4.12928357E-06  1.35955808E+00 -1.04196823E-02  9.55985395E-03  1.71456752E-04  6.16300453E-03  4.08114562E-03
  2.00000000E-02  2.99062450E-02 -1.55050149E-04  1.45462451E-04  1.01306418E+00 -1.47157030E-02  1.33913458E-02  1.03383872E-04  8.63039053E-03  6.00854346E-03
  3.00000000E-02  3.83044173E-02 -3.23687283E-04  2.98533368E-04  7.72004519E-01 -1.66000175E-02  1.51214524E-02  6.31142341E-05  9.71837109E-03  6.90059485E-03
  4.00000000E-02  4.48191642E-02 -4.99109031E-04  4.58398426E-04  6.16262710E-01 -1.66050640E-02  1.51870689E-02  4.29960740E-05  9.74596126E-03  7.00019114E-03
  5.00000000E-02  5.02030822E-02 -6.65184903E-04  6.10597197E-04  5.20210046E-01 -1.55935851E-02  1.43328489E-02  3.35226491E-05  9.17580282E-03  6.63481312E-03
  6.00000000E-02  5.49249194E-02 -8.16063360E-04  7.49654587E-04  4.62783266E-01 -1.42250979E-02  1.31424278E-02  2.95555562E-05  8.38993076E-03  6.09136031E-03
  7.00000000E-02  5.92656181E-02 -9.51471903E-04  8.75126760E-04  4.29193083E-01 -1.28849692E-02  1.19624593E-02  2.79336086E-05  7.61128295E-03  5.53839110E-03
  8.00000000E-02  6.33895981E-02 -1.07362095E-03  9.88851509E-04  4.09845805E-01 -1.17474347E-02  1.09541361E-02  2.71729443E-05  6.94363882E-03  5.05680767E-03
  9.00000000E-02  6.73913197E-02 -1.18540763E-03  1.09335125E-03  3.98816297E-01 -1.08589058E-02  1.01641806E-02  2.66166028E-05  6.41863078E-03  4.67388249E-03
  1.00000000E-01  7.13243351E-02 -1.28955404E-03  1.19104328E-03  3.92565029E-01 -1.02017895E-02  9.58062443E-03  2.60600617E-05  6.02877145E-03  4.38685877E-03
  1.10000000E-01  7.52187291E-02 -1.38828635E-03  1.28393175E-03  3.89026664E-01 -9.73409101E-03  9.16807181E-03  2.54958888E-05  5.75090030E-03  4.18073576E-03
  1.20000000E-01  7.90913039E-02 -1.48328877E-03  1.37354970E-03  3.87016557E-01 -9.41033486E-03  8.88674641E-03  2.49355485E-05  5.55911090E-03  4.03747009E-03
  1.30000000E-01  8.29514190E-02 -1.57577334E-03  1.46101054E-03  3.85863443E-01 -9.19073551E-03  8.70118405E-03  2.44174246E-05  5.43018844E-03  3.94057575E-03
  1.40000000E-01  8.68042878E-02 -1.66658270E-03  1.54709457E-03  3.85190121E-01 -9.04398069E-03  8.58307068E-03  2.39654485E-05  5.34551553E-03  3.87662996E-03
  1.50000000E-01  9.06528224E-02 -1.75628873E-03  1.63233471E-03  3.84785716E-01 -8.94693527E-03  8.51124545E-03  2.35820526E-05  5.29113175E-03  3.83544550E-03
  1.60000000E-01  9.44986575E-02 -1.84527286E-03  1.71708804E-03  3.84532596E-01 -8.88320393E-03  8.47057036E-03  2.32610911E-05  5.25703987E-03  3.80965184E-03
  1.70000000E-01  9.83427179E-02 -1.93378624E-03  1.80159036E-03  3.84365102E-01 -8.84150311E-03  8.45054524E-03  2.29926257E-05  5.23631473E-03  3.79408975E-03
  1.80000000E-01  1.02185531E-01 -2.02199277E-03  1.88599569E-03  3.84246473E-01 -8.81422846E-03  8.44405028E-03  2.27652025E-05  5.22427579E-03  3.78523824E-03
  1.90000000E-01  1.06027403E-01 -2.10999868E-03  1.97040372E-03  3.84156013E-01 -8.79633201E-03  8.44633902E-03  2.25679040E-05  5.21781972E-03  3.78074096E-03
  2.00000000E-01  1.09868511E-01 -2.19787252E-03  2.05487855E-03 -9.73546424E-01  1.74353820E-03 -1.78208025E-03 -1.73846011E-04 -9.24786367E-04 -4.00298617E-04
  2.10000000E-01  9.33445344E-02 -2.12773778E-03  1.98591565E-03 -7.43793751E-01  4.61456030E-03 -4.30246668E-03 -8.28600195E-05 -2.77530763E-03 -1.68456803E-03
  2.20000000E-01  8.70553603E-02 -2.06723707E-03  1.93028905E-03 -5.04520007E-01  6.73417135E-03 -6.35874723E-03 -7.03242731E-05 -3.97212365E-03 -2.75323016E-03
  2.30000000E-01  8.32065289E-02 -1.98929730E-03  1.85642018E-03 -3.21660297E-01  7.41535382E-03 -6.96264617E-03 -3.59003995E-05 -4.42799412E-03 -3.13883954E-03
  2.40000000E-01  8.09042245E-02 -1.91173785E-03  1.78377422E-03 -1.96837336E-01  6.94921652E-03 -6.52993116E-03 -1.75006680E-05 -4.17975761E-03 -3.01054210E-03
  2.50000000E-01  7.95599660E-02 -1.84457637E-03  1.72063849E-03 -1.17163072E-01  5.87468270E-03 -5.53850417E-03 -7.83679985E-06 -3.56165859E-03 -2.59321174E-03
  2.60000000E-01  7.87867066E-02 -1.79120221E-03  1.67021058E-03 -6.83994977E-02  4.62428001E-03 -4.38269836E-03 -3.28603704E-06 -2.82776103E-03 -2.07657829E-03
  2.70000000E-01  7.83465294E-02 -1.75121143E-03  1.63216263E-03 -3.93961454E-02  3.45488027E-03 -3.29769872E-03 -1.37274853E-06 -2.13221044E-03 -1.57768400E-03
  2.80000000E-01  7.80975848E-02 -1.72250962E-03  1.60461064E-03 -2.24897734E-02  2.48058211E-03 -2.38925065E-03 -6.54682488E-07 -1.54604031E-03 -1.15223052E-03
  2.90000000E-01  7.79572189E-02 -1.70257529E-03  1.58526037E-03 -1.27738115E-02  1.72614779E-03 -1.68168162E-03 -3.96887332E-07 -1.08730826E-03 -8.16207564E-04
  3.00000000E-01  7.78780606E-02 -1.68908599E-03  1.57198140E-03 -7.24362436E-03  1.17096935E-03 -1.15749864E-03 -2.75159844E-07 -7.46332395E-04 -5.64419894E-04
  3.10000000E-01  7.78332753E-02 -1.68015218E-03  1.56302733E-03 -4.11426768E-03  7.77449346E-04 -7.83119002E-04 -1.73960121E-07 -5.02335673E-04 -3.82854806E-04
  3.20000000E-01  7.78077794E-02 -1.67434529E-03  1.55706804E-03 -2.34794278E-03  5.06402433E-04 -5.22994520E-04 -6.87911975E-08 -3.32746447E-04 -2.55684840E-04
  3.30000000E-01  7.77931316E-02 -1.67063650E-03  1.55313871E-03 -1.35047378E-03  3.23899961E-04 -3.46022332E-04  3.39070167E-08 -2.17540096E-04 -1.68610512E-04
  3.40000000E-01  7.77846142E-02 -1.66831001E-03  1.55056335E-03 -7.85315337E-04  2.03282171E-04 -2.27546056E-04  1.22999842E-07 -1.40694626E-04 -1.10051022E-04
  3.50000000E-01  7.77795868E-02 -1.66688028E-03  1.54888027E-03 -4.63172563E-04  1.24835486E-04 -1.49184361E-04  1.91504650E-07 -9.01869793E-05 -7.12302852E-05
  3.60000000E-01  7.77765658E-02 -1.66602416E-03  1.54778024E-03 -2.77970179E-04  7.45698993E-05 -9.78013012E-05  2.37709089E-07 -5.73847946E-05 -4.57907346E-05
  3.70000000E-01  7.77747121E-02 -1.66552979E-03  1.54705914E-03 -1.70315532E-04  4.28227474E-05 -6.42851781E-05  2.63649614E-07 -3.62873278E-05 -2.92744963E-05
  3.80000000E-01  7.77735472E-02 -1.66526030E-03  1.54658387E-03 -1.06893074E-04  2.30503670E-05 -4.24707485E-05  2.73226896E-07 -2.28245166E-05 -1.86315165E-05
  3.90000000E-01  7.77727954E-02 -1.66512866E-03  1.54626823E-03 -6.89358791E-05  1.09331817E-05 -2.82508523E-05  2.70778212E-07 -1.42882175E-05 -1.18141304E-05
  4.00000000E-01  7.77722958E-02 -1.66507991E-03  1.54605682E-03 -4.58045119E-05  3.66672033E-06 -1.89457239E-05  2.60240822E-07 -8.90353501E-06 -7.46793275E-06
  4.10000000E-01  7.77719535E-02 -1.66507957E-03  1.54591389E-03 -3.14169224E-05 -5.63048768E-07 -1.28221372E-05  2.44795351E-07 -5.52114817E-06 -4.70754414E-06
  4.20000000E-01  7.77717112E-02 -1.66510635E-03  1.54581629E-03 -2.22615676E-05 -2.89459524E-06 -8.76500692E-06  2.26808485E-07 -3.40394487E-06 -2.95954601E-06
  4.30000000E-01  7.77715344E-02 -1.66514696E-03  1.54574892E-03 -1.62877669E-05 -4.05699901E-06 -6.06331269E-06  2.07924055E-07 -2.08276424E-06 -1.85527407E-06
  4.40000000E-01  7.77714014E-02 -1.66519334E-03  1.54570180E-03 -1.22829026E-05 -4.51773169E-06 -4.24855207E-06  1.89211016E-07 -1.26076167E-06 -1.15906678E-06
  4.50000000E-01  7.77712986E-02 -1.66524082E-03  1.54566839E-03 -9.52023950E-06 -4.56969958E-06 -3.01451911E-06  1.71314266E-07 -7.50983897E-07 -7.20941614E-07
  4.60000000E-01  7.77712172E-02 -1.66528678E-03  1.54564441E-03 -7.55790625E-06 -4.39275907E-06 -2.16200717E-06  1.54583064E-07 -4.36097281E-07 -4.45760650E-07
  4.70000000E-01  7.77711514E-02 -1.66532982E-03  1.54562705E-03 -6.12306523E-06 -4.09639847E-06 -1.56212419E-06  1.39171319E-07 -2.42650367E-07 -2.73321186E-07
  4.80000000E-01  7.77710974E-02 -1.66536930E-03  1.54561443E-03 -5.04445777E-06 -3.74692985E-06 -1.13167558E-06  1.25111277E-07 -1.24746971E-07 -1.65592077E-07
  4.90000000E-01  7.77710523E-02 -1.66540502E-03  1.54560527E-03 -4.21267364E-06 -3.38384570E-06 -8.16849299E-07  1.12364086E-07 -5.37454372E-08 -9.85753573E-08
  5.00000000E-01  7.77710143E-02 -1.66543705E-03  1.54559867E-03 -3.55647377E-06 -3.02982472E-06 -5.82623728E-07  1.00852823E-07 -1.17876651E-08 -5.71387993E-08
