  0.00000000E+00  0.00000000E+00  0.00000000E+00  0.00000000E+00  1.90257477E+00  2.49017077E-04  4.12928357E-04  2.37679203E-04  8.64724209E-05 -4.40339229E-04
  1.00000000E-02  1.90257477E-02  2.49017077E-06  4.12928357E-06  1.31767829E+00 -1.27915442E-02  1.64820068E-02 -2.10381400E-04 -2.46530974E-02  1.12130108E-02
  2.00000000E-02  2.92780481E-02 -1.90628077E-04  2.49294743E-04  9.56378780E-01 -1.74814164E-02  2.23766093E-02 -6.10481010E-04 -3.29071173E-02  1.51236627E-02
  3.00000000E-02  3.70353384E-02 -3.88891602E-04  5.02533848E-04  7.09979695E-01 -1.92341882E-02  2.46569454E-02 -8.77065406E-04 -3.56926416E-02  1.64335526E-02
  4.00000000E-02  4.29031399E-02 -5.89997343E-04  7.60504983E-04  5.56084285E-01 -1.87635553E-02  2.42123759E-02 -1.02249493E-03 -3.43650567E-02  1.58365647E-02
  5.00000000E-02  4.76945057E-02 -7.75279732E-04  1.00040589E-03  4.65348584E-01 -1.71955853E-02  2.23648737E-02 -1.07262181E-03 -3.11130024E-02  1.43108416E-02
  6.00000000E-02  5.18943131E-02 -9.39395735E-04  1.21481712E-03  4.14058318E-01 -1.53528139E-02  2.01223189E-02 -1.05528433E-03 -2.74865544E-02  1.26098328E-02
  7.00000000E-02  5.57784449E-02 -1.08371002E-03  1.40482754E-03  3.85988737E-01 -1.36809141E-02  1.80440715E-02 -9.98265151E-04 -2.43011928E-02  1.11216775E-02
  8.00000000E-02  5.94979844E-02 -1.21215966E-03  1.57487701E-03  3.71012891E-01 -1.23489016E-02  1.63578087E-02 -9.24451259E-04 -2.18371622E-02  9.97849245E-03
  9.00000000E-02  6.31332340E-02 -1.32898861E-03  1.73002379E-03  3.63178765E-01 -1.13698618E-02  1.50983983E-02 -8.49811005E-04 -2.00827186E-02  9.17290535E-03
  1.00000000E-01  6.67258511E-02 -1.43779203E-03  1.87471072E-03  3.59138776E-01 -1.06886006E-02  1.42111773E-02 -7.83549009E-04 -1.89061330E-02  8.64050489E-03
  1.10000000E-01  7.02970389E-02 -1.54127173E-03  2.01238639E-03  3.57073827E-01 -1.02322946E-02  1.36136735E-02 -7.29582672E-04 -1.81524565E-02  8.30649503E-03
  1.20000000E-01  7.38574524E-02 -1.64131315E-03  2.14553560E-03  3.56022286E-01 -9.93437539E-03  1.32261687E-02 -6.88347690E-04 -1.76868783E-02  8.10623834E-03
  1.30000000E-01  7.74124176E-02 -1.73916730E-03  2.27585976E-03  3.55486716E-01 -9.74262335E-03  1.29835380E-02 -6.58404192E-04 -1.74073533E-02  7.99121515E-03
  1.40000000E-01  8.09646069E-02 -1.83563478E-03  2.40448199E-03  3.55213892E-01 -9.61954131E-03  1.28373039E-02 -6.37558895E-04 -1.72430135E-02  7.92809334E-03
  1.50000000E-01  8.45153817E-02 -1.93121478E-03  2.53212386E-03  3.55076148E-01 -9.53973890E-03  1.27534881E-02 -6.23560309E-04 -1.71475724E-02  7.89539045E-03
  1.60000000E-01  8.80654544E-02 -2.02621316E-03  2.65923966E-03  3.55009230E-01 -9.48672530E-03  1.27092611E-02 -6.14450356E-04 -1.70921882E-02  7.87993845E-03
  1.70000000E-01  9.16152121E-02 -2.12081534E-03  2.78611114E-03  3.54980553E-01 -9.45010681E-03  1.26897555E-02 -6.08685337E-04 -1.70595536E-02  7.87399307E-03
  1.80000000E-01  9.51648743E-02 -2.21513332E-03  2.91291116E-03  3.54973279E-01 -9.42347058E-03  1.26855116E-02 -6.05128631E-04 -1.70396006E-02  7.87315914E-03
  1.90000000E-01  9.87145707E-02 -2.30923484E-03  3.03974506E-03  3.54978453E-01 -9.40291462E-03  1.26906131E-02 -6.02985706E-04 -1.70266217E-02  7.87501873E-03
  2.00000000E-01  1.02264381E-01 -2.40316121E-03  3.16667670E-03 -9.63728822E-01  3.15389121E-03 -4.27029390E-03 -4.14028836E-04  7.46761866E-03 -3.44137986E-03
  2.10000000E-01  8.60335565E-02 -2.30883827E-03  3.03916922E-03 -7.21952998E-01  6.31551871E-03 -8.02392340E-03 -1.11371806E-04  1.29201203E-02 -5.99442994E-03
  2.20000000E-01  8.00229057E-02 -2.22987494E-03  2.94016184E-03 -4.77825229E-01  8.38264499E-03 -1.11261918E-02  1.30922816E-04  1.65847767E-02 -7.82733805E-03
  2.30000000E-01  7.64652922E-02 -2.13571286E-03  2.81338858E-03 -2.93616013E-01  8.79416887E-03 -1.17751026E-02  3.22818868E-04  1.69711081E-02 -7.98524822E-03
  2.40000000E-01  7.44501782E-02 -2.04571355E-03  2.69239300E-03 -1.71766997E-01  7.91339722E-03 -1.07204451E-02  4.21660347E-04  1.49768587E-02 -7.02045174E-03
  2.50000000E-01  7.33417533E-02 -1.97098344E-03  2.59046184E-03 -9.69430043E-02  6.42415178E-03 -8.82211591E-03  4.44485621E-04  1.19232433E-02 -5.55917574E-03
  2.60000000E-01  7.27464432E-02 -1.91418815E-03  2.51173233E-03 -5.32620598E-02  4.84323706E-03 -6.75623816E-03  4.14852187E-04  8.79820400E-03 -4.07388728E-03
  2.70000000E-01  7.24322273E-02 -1.87366035E-03  2.45449933E-03 -2.86894333E-02  3.45339509E-03 -4.90390374E-03  3.56062034E-04  6.12161215E-03 -2.81059167E-03
  2.80000000E-01  7.22681961E-02 -1.84607561E-03  2.41472197E-03 -1.52495311E-02  2.35775092E-03 -3.41535453E-03  2.86701889E-04  4.06302722E-03 -1.84663452E-03
  2.90000000E-01  7.21829003E-02 -1.82797632E-03  2.38801117E-03 -8.05287619E-03  1.55487963E-03 -2.30266700E-03  2.19248751E-04  2.59399492E-03 -1.16498141E-03
  3.00000000E-01  7.21383548E-02 -1.81644188E-03  2.37054794E-03 -4.25639896E-03  9.96854216E-04 -1.51302188E-03  1.60571755E-04  1.60323984E-03 -7.10061328E-04
  3.10000000E-01  7.21147732E-02 -1.80926347E-03  2.35936594E-03 -2.27050575E-03  6.24205065E-04 -9.74097927E-04  1.13311390E-04  9.64321993E-04 -4.20219729E-04
  3.20000000E-01  7.21019976E-02 -1.80488466E-03  2.35231958E-03 -1.23304086E-03  3.82925379E-04 -6.17219162E-04  7.74086444E-05  5.67138901E-04 -2.42527476E-04
  3.30000000E-01  7.20948546E-02 -1.80226181E-03  2.34793179E-03 -6.87366689E-04  2.30428197E-04 -3.86397505E-04  5.13874646E-05  3.27660917E-04 -1.37086376E-04
  3.40000000E-01  7.20907093E-02 -1.80072001E-03  2.34522192E-03 -3.95903820E-04  1.35848121E-04 -2.39828741E-04  3.32544698E-05  1.86903993E-04 -7.62366459E-05
  3.50000000E-01  7.20882075E-02 -1.79983443E-03  2.34355648E-03 -2.36489488E-04  7.80560574E-05 -1.48069715E-04  2.10361430E-05  1.05879971E-04 -4.19372774E-05
  3.60000000E-01  7.20866397E-02 -1.79934283E-03  2.34253457E-03 -1.46612514E-04  4.31676992E-05 -9.12311407E-05  1.30407132E-05  5.99880838E-05 -2.29707088E-05
  3.70000000E-01  7.20856230E-02 -1.79908560E-03  2.34190646E-03 -9.41831692E-05  2.23259288E-05 -5.62862454E-05  7.94175369E-06  3.42783581E-05 -1.26310908E-05
  3.80000000E-01  7.20849433E-02 -1.79896655E-03  2.34151832E-03 -6.25246054E-05  1.00143573E-05 -3.48994994E-05  4.76331724E-06  1.99446080E-05 -7.04090658E-06
  3.90000000E-01  7.20844763E-02 -1.79892796E-03  2.34127626E-03 -4.27807419E-05  2.85493534E-06 -2.18316102E-05  2.82166409E-06  1.19330952E-05 -4.02108243E-06
  4.00000000E-01  7.20841472E-02 -1.79893521E-03  2.34112328E-03 -3.01075206E-05 -1.21892761E-06 -1.38320202E-05  1.65643762E-06  7.40517675E-06 -2.37630351E-06
  4.10000000E-01  7.20839095E-02 -1.79896777E-03  2.34102496E-03 -2.17630508E-05 -3.45160113E-06 -8.90754390E-06  9.67854825E-07  4.79306808E-06 -1.46374179E-06
  4.20000000E-01  7.20837336E-02 -1.79901345E-03  2.34096050E-03 -1.61402198E-05 -4.58350948E-06 -5.84729002E-06  5.66185344E-07  3.24090981E-06 -9.42706795E-07
  4.30000000E-01  7.20836003E-02 -1.79906494E-03  2.34091733E-03 -1.22668299E-05 -5.05960612E-06 -3.91756385E-06  3.34281008E-07  2.28404000E-06 -6.34066032E-07
  4.40000000E-01  7.20834970E-02 -1.79911792E-03  2.34088781E-03 -9.53925704E-06 -5.14378589E-06 -2.67885450E-06  2.01353229E-07  1.66969062E-06 -4.43582885E-07
  4.50000000E-01  7.20834153E-02 -1.79916978E-03  2.34086721E-03 -7.57490224E-06 -5.00119007E-06 -1.87043964E-06  1.25421922E-07  1.25888002E-06 -3.21135076E-07
  4.60000000E-01  7.20833494E-02 -1.79921907E-03  2.34085255E-03 -6.12740402E-06 -4.73192337E-06 -1.33448378E-06  8.19889870E-08  9.73638004E-07 -2.39455503E-07
  4.70000000E-01  7.20832953E-02 -1.79926505E-03  2.34084188E-03 -5.03603328E-06 -4.39834085E-06 -9.73084379E-07  5.69492158E-08  7.68939946E-07 -1.83206165E-07
  4.80000000E-01  7.20832504E-02 -1.79930736E-03  2.34083396E-03 -4.19470483E-06 -4.03899199E-06 -7.24907947E-07  4.22697923E-08  6.17853029E-07 -1.43401928E-07
  4.90000000E-01  7.20832127E-02 -1.79934596E-03  2.34082795E-03 -3.53256046E-06 -3.67668426E-06 -5.50865498E-07  3.34141205E-08  5.03644165E-07 -1.14553921E-07
  5.00000000E-01  7.20831807E-02 -1.79938091E-03  2.34082331E-03 -3.00162365E-06 -3.32538828E-06 -4.25564708E-07  2.78351951E-08  4.15529240E-07 -9.31805269E-08
