  0.00000000E+00  0.00000000E+00  0.00000000E+00  0.00000000E+00  1.90257477E+00  2.49017077E-04  4.12928357E-04  2.37679203E-04  8.64724209E-05 -4.40339229E-04
  1.00000000E-02  1.90257477E-02  2.49017077E-06  4.12928357E-06  1.37379411E+00  3.86721861E-03  1.37249917E-02  2.55931544E-04 -1.60392230E-02 -4.90034457E-03
  2.00000000E-02  3.01197856E-02  5.92533646E-05  2.07939518E-04  1.03316365E+00  5.16813445E-03  1.87549003E-02  2.66927075E-04 -2.20533621E-02 -6.66043788E-03
  3.00000000E-02  3.87482698E-02  1.17439288E-04  4.20638063E-04  7.94742000E-01  5.64347824E-03  2.07624274E-02  2.81251093E-04 -2.44746225E-02 -7.42805904E-03
  4.00000000E-02  4.55035815E-02  1.76250790E-04  6.38299973E-04  6.39121463E-01  5.48760368E-03  2.04580069E-02  2.93939372E-04 -2.41287656E-02 -7.43055217E-03
  5.00000000E-02  5.11166935E-02  2.30347454E-04  8.41357940E-04  5.41786251E-01  5.01784456E-03  1.89549067E-02  2.98821112E-04 -2.23613510E-02 -7.00162802E-03
  6.00000000E-02  5.60478799E-02  2.78177104E-04  1.02339151E-03  4.82555633E-01  4.47035843E-03  1.71032479E-02  2.95263354E-04 -2.01651148E-02 -6.41629349E-03
  7.00000000E-02  6.05772832E-02  3.20143257E-04  1.18516569E-03  4.47165245E-01  3.97441670E-03  1.53788521E-02  2.84990320E-04 -1.81028388E-02 -5.83698474E-03
  8.00000000E-02  6.48719837E-02  3.57407716E-04  1.33033223E-03  4.26268814E-01  3.57983705E-03  1.39776622E-02  2.70776300E-04 -1.64091425E-02 -5.33950032E-03
  9.00000000E-02  6.90301896E-02  3.91233188E-04  1.46310290E-03  4.14016797E-01  3.29091456E-03  1.29318631E-02  2.55266226E-04 -1.51266438E-02 -4.94657625E-03
  1.00000000E-01  7.31090975E-02  4.22697721E-04  1.58719254E-03  4.06855547E-01  3.09150562E-03  1.21972399E-02  2.40482474E-04 -1.42081904E-02 -4.65342876E-03
  1.10000000E-01  7.71418468E-02  4.52615733E-04  1.70549182E-03  4.02668499E-01  2.95991595E-03  1.17053238E-02  2.27601682E-04 -1.35765955E-02 -4.44379134E-03
  1.20000000E-01  8.11475965E-02  4.81556944E-04  1.82008548E-03  4.00211642E-01  2.87604180E-03  1.13895456E-02  2.17108127E-04 -1.31552094E-02 -4.29881831E-03
  1.30000000E-01  8.51374286E-02  5.09897991E-04  1.93240204E-03  3.98759988E-01  2.82395816E-03  1.11953633E-02  2.09008035E-04 -1.28803136E-02 -4.20138824E-03
  1.40000000E-01  8.91177703E-02  5.37877155E-04  2.04338477E-03  3.97892978E-01  2.79214385E-03  1.10821072E-02  2.03039763E-04 -1.27037948E-02 -4.13762260E-03
  1.50000000E-01  9.30923650E-02  5.65639521E-04  2.15363956E-03  3.97367028E-01  2.77277326E-03  1.10212423E-02  1.98830512E-04 -1.25914933E-02 -4.09703021E-03
  1.60000000E-01  9.70634055E-02  5.93270401E-04  2.26354766E-03  3.97040934E-01  2.76078131E-03  1.09935878E-02  1.95994432E-04 -1.25201883E-02 -4.07204239E-03
  1.70000000E-01  1.01032184E-01  6.20818254E-04  2.37334526E-03  3.96832612E-01  2.75301718E-03  1.09866515E-02  1.94185188E-04 -1.24745986E-02 -4.05738041E-03
  1.80000000E-01  1.04999469E-01  6.48309606E-04  2.48317709E-03  3.96694133E-01  2.74758819E-03  1.09924882E-02  1.93117472E-04 -1.24449151E-02 -4.04945598E-03
  1.90000000E-01  1.08965718E-01  6.75758342E-04  2.59313116E-03  3.96597365E-01  2.74339437E-03  1.10061336E-02  1.92569802E-04 -1.24249631E-02 -4.04587850E-03
  2.00000000E-01  1.12931208E-01  7.03171317E-04  2.70326072E-03 -9.76042211E-01 -1.03068465E-03 -3.65190004E-03 -9.22517257E-05  3.72430649E-03  1.06313178E-03
  2.10000000E-01  9.63075877E-02  6.73994075E-04  2.59345156E-03 -7.49926357E-01 -1.98323279E-03 -6.76016295E-03 -6.01934367E-05  7.54096053E-03  2.10386993E-03
  2.20000000E-01  8.99389034E-02  6.49399007E-04  2.51030861E-03 -5.13987506E-01 -2.59321868E-03 -9.50426106E-03 -1.07672225E-04  1.05677928E-02  3.11911015E-03
  2.30000000E-01  8.59787226E-02  6.20416891E-04  2.40154551E-03 -3.32146298E-01 -2.69535978E-03 -9.99583876E-03 -1.16449776E-04  1.12882584E-02  3.38782116E-03
  2.40000000E-01  8.35664656E-02  5.92952587E-04  2.29912923E-03 -2.06760840E-01 -2.40635618E-03 -9.07237221E-03 -1.21775560E-04  1.03424976E-02  3.17958212E-03
  2.50000000E-01  8.21257845E-02  5.70334044E-04  2.21302284E-03 -1.25639116E-01 -1.93838315E-03 -7.44227503E-03 -1.19097418E-04  8.55480008E-03  2.70398131E-03
  2.60000000E-01  8.12750020E-02  5.53290077E-04  2.14675058E-03 -7.51445614E-02 -1.44833317E-03 -5.67953970E-03 -1.09449070E-04  6.58212902E-03  2.14627236E-03
  2.70000000E-01  8.07760291E-02  5.41256995E-04  2.09876886E-03 -4.44937514E-02 -1.02125242E-03 -4.10578350E-03 -9.51519679E-05  4.79806701E-03  1.61933547E-03
  2.80000000E-01  8.04843457E-02  5.33179875E-04  2.06557981E-03 -2.61944410E-02 -6.87467777E-04 -2.84598998E-03 -7.87916522E-05  3.35447911E-03  1.17540646E-03
  2.90000000E-01  8.03138978E-02  5.27974120E-04  2.04341887E-03 -1.53851850E-02 -4.45522303E-04 -1.90807789E-03 -6.25237276E-05  2.26884413E-03  8.27712979E-04
  3.00000000E-01  8.02140922E-02  5.24728625E-04  2.02902766E-03 -9.04008569E-03 -2.79860630E-04 -1.24545267E-03 -4.77900809E-05  1.49421325E-03  5.68937467E-04
  3.10000000E-01  8.01554169E-02  5.22758327E-04  2.01988625E-03 -5.32600296E-03 -1.71517019E-04 -7.95578417E-04 -3.53311703E-05  9.63050362E-04  3.83489014E-04
  3.20000000E-01  8.01207273E-02  5.21584875E-04  2.01417984E-03 -3.15218351E-03 -1.03349699E-04 -4.99515234E-04 -2.53452301E-05  6.09989222E-04  2.54405561E-04
  3.30000000E-01  8.01000745E-02  5.20892214E-04  2.01066501E-03 -1.87718346E-03 -6.18903480E-05 -3.09445464E-04 -1.76824131E-05  3.81058952E-04  1.66600876E-04
  3.40000000E-01  8.00876777E-02  5.20480607E-04  2.00852090E-03 -1.12646191E-03 -3.74357952E-05 -1.89813222E-04 -1.20131414E-05  2.35545448E-04  1.07969964E-04
  3.50000000E-01  8.00801667E-02  5.20228522E-04  2.00722093E-03 -6.82094895E-04 -2.34149417E-05 -1.15683015E-04 -7.94871177E-06  1.44518321E-04  6.94031485E-05
  3.60000000E-01  8.00755676E-02  5.20064477E-04  2.00643475E-03 -4.17372469E-04 -1.55714495E-05 -7.02992817E-05 -5.11481811E-06  8.82872264E-05  4.43420729E-05
  3.70000000E-01  8.00727174E-02  5.19947980E-04  2.00595868E-03 -2.58504627E-04 -1.12558278E-05 -4.27567483E-05 -3.18835392E-06  5.38808232E-05  2.82167818E-05
  3.80000000E-01  8.00709267E-02  5.19857000E-04  2.00566882E-03 -1.62376290E-04 -8.88090321E-06 -2.61338573E-05 -1.90967959E-06  3.29686781E-05  1.79216114E-05
  3.90000000E-01  8.00697836E-02  5.19780065E-04  2.00549060E-03 -1.03677875E-04 -7.52919894E-06 -1.61155545E-05 -1.08074310E-06  2.03075093E-05  1.13873038E-05
  4.00000000E-01  8.00690403E-02  5.19711532E-04  2.00537953E-03 -6.74687097E-05 -6.69181624E-06 -1.00410527E-05 -5.56470694E-07  1.26495223E-05  7.25681835E-06
  4.10000000E-01  8.00685467E-02  5.19648801E-04  2.00530949E-03 -4.48747875E-05 -6.10308808E-06 -6.32170482E-06 -2.34019476E-07  8.00812251E-06  4.65158717E-06
  4.20000000E-01  8.00682109E-02  5.19590714E-04  2.00526487E-03 -3.05904169E-05 -5.61843833E-06 -4.02223015E-06 -4.24735811E-08  5.17980367E-06  3.00873693E-06
  4.30000000E-01  8.00679764E-02  5.19536952E-04  2.00523615E-03 -2.14217782E-05 -5.16983271E-06 -2.58980895E-06  6.59271781E-08  3.44056391E-06  1.97070263E-06
  4.40000000E-01  8.00678081E-02  5.19487497E-04  2.00521741E-03 -1.54327904E-05 -4.74070660E-06 -1.68954605E-06  1.22675517E-07  2.35684302E-06  1.31187548E-06
  4.50000000E-01  8.00676837E-02  5.19442236E-04  2.00520502E-03 -1.14413047E-05 -4.32970089E-06 -1.11762284E-06  1.48131741E-07  1.66957746E-06  8.90657941E-07
  4.60000000E-01  8.00675892E-02  5.19400994E-04  2.00519670E-03 -8.72005519E-06 -3.93605333E-06 -7.49109091E-07  1.55214620E-07  1.22396501E-06  6.18515654E-07
  4.70000000E-01  8.00675156E-02  5.19363601E-04  2.00519105E-03 -6.81799987E-06 -3.55872974E-06 -5.07082412E-07  1.51968841E-07  9.27293861E-07  4.40219807E-07
  4.80000000E-01  8.00674570E-02  5.19329901E-04  2.00518719E-03 -5.45291615E-06 -3.20060370E-06 -3.42367095E-07  1.43304664E-07  7.23782127E-07  3.21348682E-07
  4.90000000E-01  8.00674092E-02  5.19299685E-04  2.00518459E-03 -4.44642658E-06 -2.86485375E-06 -2.25892211E-07  1.32150327E-07  5.79626895E-07  2.40432895E-07
  5.00000000E-01  8.00673698E-02  5.19272715E-04  2.00518292E-03 -3.68449482E-06 -2.55397909E-06 -1.40655140E-07  1.20201655E-07  4.74142702E-07  1.84047339E-07
