  0.00000000E+00  0.00000000E+00  0.00000000E+00  0.00000000E+00  1.90257480E+00  2.49030151E-04  4.12927561E-04  2.37702552E-04  8.64615588E-05 -4.40366946E-04
  1.00000000E-02  1.90257480E-02  2.49030151E-06  4.12927561E-06  1.49502048E+00 -9.67466057E-03 -7.85064323E-03  1.93890689E-04  3.78853459E-03 -6.45739944E-03
  2.00000000E-02  3.19381811E-02 -1.43874758E-04 -1.15695011E-04  1.20903326E+00 -1.45651280E-02 -1.19187093E-02  1.41819227E-04  5.78695389E-03 -9.61331175E-03
  3.00000000E-02  4.25985777E-02 -3.13978375E-04 -2.55222435E-04  9.98147196E-01 -1.72086289E-02 -1.41246402E-02  1.06267988E-04  6.95697005E-03 -1.14434084E-02
  4.00000000E-02  5.15256193E-02 -4.99282168E-04 -4.07498491E-04  8.48577426E-01 -1.80549384E-02 -1.48448615E-02  8.26471441E-05  7.44310703E-03 -1.21782316E-02
  5.00000000E-02  5.92635447E-02 -6.84063100E-04 -5.59548212E-04  7.44565064E-01 -1.77876231E-02 -1.46428423E-02  6.69870111E-05  7.49075109E-03 -1.22118090E-02
  6.00000000E-02  6.61891335E-02 -8.60602755E-04 -7.04966540E-04  6.72952149E-01 -1.69621252E-02 -1.39752032E-02  5.66304118E-05  7.29029570E-03 -1.18546353E-02
  7.00000000E-02  7.25605905E-02 -1.02609652E-03 -8.41380377E-04  6.23876757E-01 -1.59418264E-02 -1.31407006E-02  4.97517566E-05  6.97505074E-03 -1.13226715E-02
  8.00000000E-02  7.85539811E-02 -1.18041329E-03 -9.68614869E-04  5.90303157E-01 -1.49326646E-02 -1.23092087E-02  4.51569382E-05  6.62739820E-03 -1.07477874E-02
  9.00000000E-02  8.42891446E-02 -1.32469412E-03 -1.08754950E-03  5.67335231E-01 -1.40339805E-02 -1.15635268E-02  4.21040393E-05  6.29257184E-03 -1.02011084E-02
  1.00000000E-01  8.98476573E-02 -1.46054051E-03 -1.19945635E-03  5.51608355E-01 -1.32811340E-02 -1.09340064E-02  4.01073912E-05  5.99245891E-03 -9.71579009E-03
  1.10000000E-01  9.52851065E-02 -1.58958762E-03 -1.30564882E-03  5.40824362E-01 -1.26749748E-02 -1.04225112E-02  3.88438899E-05  5.73508617E-03 -9.30291033E-03
  1.20000000E-01  1.00639430E-01 -1.71330657E-03 -1.40731645E-03  5.33417461E-01 -1.22001078E-02 -1.00173680E-02  3.80769011E-05  5.52085219E-03 -8.96144955E-03
  1.30000000E-01  1.05936570E-01 -1.83293331E-03 -1.50546442E-03  5.28321280E-01 -1.18353566E-02 -9.70193965E-03  3.76567801E-05  5.34616013E-03 -8.68456554E-03
  1.40000000E-01  1.11194302E-01 -1.94946312E-03 -1.60090667E-03  5.24809015E-01 -1.15592490E-02 -9.45911883E-03  3.74744405E-05  5.20581255E-03 -8.46313016E-03
  1.50000000E-01  1.16424831E-01 -2.06367507E-03 -1.69428375E-03  5.22384558E-01 -1.13525403E-02 -9.27343777E-03  3.74547431E-05  5.09421937E-03 -8.28772154E-03
  1.60000000E-01  1.21636554E-01 -2.17616693E-03 -1.78608973E-03  5.20708661E-01 -1.11990968E-02 -9.13184002E-03  3.75452018E-05  5.00609208E-03 -8.14961773E-03
  1.70000000E-01  1.26835261E-01 -2.28739068E-03 -1.87670014E-03  5.19548887E-01 -1.10859411E-02 -9.02376063E-03  3.77082740E-05  4.93675973E-03 -8.04121973E-03
  1.80000000E-01  1.32024951E-01 -2.39768432E-03 -1.96639735E-03  5.18745653E-01 -1.10029209E-02 -8.94088851E-03  3.79167999E-05  4.88226761E-03 -7.95615830E-03
  1.90000000E-01  1.37208392E-01 -2.50729842E-03 -2.05539187E-03  5.18189172E-01 -1.09422476E-02 -8.87681384E-03  3.81513828E-05  4.83936161E-03 -7.88923604E-03
  2.00000000E-01  1.42387501E-01 -2.61641753E-03 -2.14383964E-03 -9.77489485E-01 -1.26245767E-03 -1.31566880E-03 -1.76462479E-04  1.15449243E-03 -1.59936142E-03
  2.10000000E-01  1.25134213E-01 -2.58064316E-03 -2.11919060E-03 -7.86689684E-01  1.96404552E-03  1.38903586E-03 -1.07221575E-04 -2.66722503E-04  6.28011173E-04
  2.20000000E-01  1.18221315E-01 -2.54487019E-03 -2.09177672E-03 -5.82677651E-01  4.83194756E-03  3.76714044E-03 -9.91868908E-05 -1.40111919E-03  2.43174948E-03
  2.30000000E-01  1.13414599E-01 -2.48221120E-03 -2.04221479E-03 -4.15026030E-01  6.38650200E-03  5.10182357E-03 -6.73224592E-05 -2.16314106E-03  3.59963836E-03
  2.40000000E-01  1.10102597E-01 -2.41057341E-03 -1.98452314E-03 -2.89941619E-01  6.75201307E-03  5.45481529E-03 -4.63171736E-05 -2.45808770E-03  4.02766018E-03
  2.50000000E-01  1.07828602E-01 -2.34122572E-03 -1.92821003E-03 -2.00590446E-01  6.34389704E-03  5.16526764E-03 -3.13947384E-05 -2.43759985E-03  3.95589837E-03
  2.60000000E-01  1.06269454E-01 -2.27982733E-03 -1.87800509E-03 -1.38145422E-01  5.54192587E-03  4.54199002E-03 -2.10280751E-05 -2.23409209E-03  3.59932930E-03
  2.70000000E-01  1.05200225E-01 -2.22841793E-03 -1.83570158E-03 -9.49840280E-02  4.61101567E-03  3.80225522E-03 -1.38805737E-05 -1.94575868E-03  3.11575418E-03
  2.80000000E-01  1.04466191E-01 -2.18696233E-03 -1.80137770E-03 -6.53078958E-02  3.70697617E-03  3.07535083E-03 -8.95943758E-06 -1.63573006E-03  2.60540507E-03
  2.90000000E-01  1.03961493E-01 -2.15441276E-03 -1.77425871E-03 -4.49453366E-02  2.90647268E-03  2.42621953E-03 -5.57232444E-06 -1.34016473E-03  2.12457828E-03
  3.00000000E-01  1.03613853E-01 -2.12935055E-03 -1.75324217E-03 -3.09764505E-02  2.23652985E-03  1.87907486E-03 -3.24737552E-06 -1.07692238E-03  1.70011437E-03
  3.10000000E-01  1.03373932E-01 -2.11033497E-03 -1.73718715E-03 -2.13859265E-02  1.69656324E-03  1.43518484E-03 -1.66432947E-06 -8.52489588E-04  1.34083040E-03
  3.20000000E-01  1.03208026E-01 -2.09606917E-03 -1.72505475E-03 -1.47923365E-02  1.27273596E-03  1.08455418E-03 -6.03349168E-07 -6.66849974E-04  1.04545825E-03
  3.30000000E-01  1.03093070E-01 -2.08546094E-03 -1.71596236E-03 -1.02515305E-02  9.46439061E-04  8.12894648E-04  8.88838553E-08 -5.16651594E-04  8.07732191E-04
  3.40000000E-01  1.03013259E-01 -2.07762804E-03 -1.70919171E-03 -7.11867031E-03  6.98841096E-04  6.05418489E-04  5.20975402E-07 -3.97143177E-04  6.19444087E-04
  3.50000000E-01  1.02957737E-01 -2.07187762E-03 -1.70417491E-03 -4.95308979E-03  5.13028750E-04  4.48667840E-04  7.70888567E-07 -3.03284688E-04  4.72155100E-04
  3.60000000E-01  1.02919034E-01 -2.06767639E-03 -1.70047198E-03 -3.45326331E-03  3.74778376E-04  3.31215658E-04  8.95053415E-07 -2.30332604E-04  3.58067411E-04
  3.70000000E-01  1.02892000E-01 -2.06461986E-03 -1.69774709E-03 -2.41252929E-03  2.72611674E-04  2.43767503E-04  9.34399409E-07 -1.74106571E-04  2.70396537E-04
  3.80000000E-01  1.02873079E-01 -2.06240458E-03 -1.69574665E-03 -1.68898307E-03  1.97520492E-04  1.78978400E-04  9.18503779E-07 -1.31072451E-04  2.03462612E-04
  3.90000000E-01  1.02859807E-01 -2.06080483E-03 -1.69428082E-03 -1.18499830E-03  1.42573539E-04  1.31160795E-04  8.68533974E-07 -9.83264638E-05  1.52635376E-04
  4.00000000E-01  1.02850476E-01 -2.05965383E-03 -1.69320830E-03 -8.33280999E-04  1.02514071E-04  9.59752447E-05  7.99402140E-07 -7.35316773E-05  1.14212607E-04
  4.10000000E-01  1.02843902E-01 -2.05882898E-03 -1.69242447E-03 -5.87356693E-04  7.33978860E-05  7.01469227E-05  7.21381951E-07 -5.48365735E-05  8.52771490E-05
  4.20000000E-01  1.02839258E-01 -2.05824059E-03 -1.69185214E-03 -4.15069134E-04  5.22907604E-05  5.12239471E-05  6.41340735E-07 -4.07920128E-05  6.35564946E-05
  4.30000000E-01  1.02835969E-01 -2.05782321E-03 -1.69143452E-03 -2.94128331E-04  3.70297824E-05  3.73807023E-05  5.63676564E-07 -3.02747745E-05  4.72963313E-05
  4.40000000E-01  1.02833632E-01 -2.05752922E-03 -1.69112993E-03 -2.09055665E-04  2.60256566E-05  2.72661142E-05  4.91025468E-07 -2.24211248E-05  3.51523116E-05
  4.50000000E-01  1.02831967E-01 -2.05732398E-03 -1.69090784E-03 -1.49083621E-04  1.81157673E-05  1.98869000E-05  4.24793032E-07 -1.65711994E-05  2.61004766E-05
  4.60000000E-01  1.02830776E-01 -2.05718238E-03 -1.69074587E-03 -1.06708986E-04  1.24485030E-05  1.45115605E-05  3.65548664E-07 -1.22236440E-05  1.93648333E-05
  4.70000000E-01  1.02829921E-01 -2.05708623E-03 -1.69062763E-03 -7.66943913E-05  8.40518905E-06  1.06014790E-05  3.13313833E-07 -8.99930282E-06  1.43598054E-05
  4.80000000E-01  1.02829304E-01 -2.05702239E-03 -1.69054116E-03 -5.53777826E-05  5.53109142E-06  7.76440983E-06  2.67768159E-07 -6.61256664E-06  1.06450937E-05
  4.90000000E-01  1.02828857E-01 -2.05698145E-03 -1.69047771E-03 -4.01942740E-05  3.49892224E-06  5.70724322E-06  2.28396965E-07 -4.84902839E-06  7.89066082E-06
  5.00000000E-01  1.02828531E-01 -2.05695662E-03 -1.69043092E-03 -2.93443750E-05  2.07402904E-06  4.21327233E-06  1.94591701E-07 -3.54821107E-06  5.84977097E-06
