  0.00000000E+00  0.00000000E+00  0.00000000E+00  0.00000000E+00  1.90257477E+00  2.49017077E-04  4.12928357E-04  2.37679203E-04  8.64724209E-05 -4.40339229E-04
  1.00000000E-02  1.90257477E-02  2.49017077E-06  4.12928357E-06  1.41301480E+00  6.91591027E-03 -4.95225833E-03  1.32152450E-04  5.12564504E-03 -6.38766935E-03
  2.00000000E-02  3.07080959E-02  1.04983739E-04 -7.22192332E-05  1.08798913E+00  9.55547774E-03 -7.28844379E-03  1.70042222E-05  7.37133484E-03 -8.88330249E-03
  3.00000000E-02  3.99628589E-02  2.13736354E-04 -1.56784598E-04  8.56495623E-01  1.06648201E-02 -8.41591671E-03 -6.46713465E-05  8.46065943E-03 -1.00435997E-02
  4.00000000E-02  4.73703475E-02  3.25931267E-04 -2.46581130E-04  7.01130620E-01  1.05985823E-02 -8.59719796E-03 -1.18575715E-04  8.63092007E-03 -1.01645977E-02
  5.00000000E-02  5.36048287E-02  4.31585901E-04 -3.33459516E-04  6.00340663E-01  9.90538412E-03 -8.23458901E-03 -1.50891271E-04  8.27727637E-03 -9.68294630E-03
  6.00000000E-02  5.91042856E-02  5.27173752E-04 -4.13992361E-04  5.36294394E-01  8.99609282E-03 -7.64826399E-03 -1.66634435E-04  7.69934646E-03 -8.96118063E-03
  7.00000000E-02  6.41469982E-02  6.12588223E-04 -4.87543376E-04  4.96113065E-01  8.10908581E-03 -7.03317238E-03 -1.70794889E-04  7.08390066E-03 -8.21679055E-03
  8.00000000E-02  6.89072222E-02  6.89244046E-04 -5.54799642E-04  4.71099214E-01  7.35171252E-03 -6.48610819E-03 -1.67630894E-04  6.52652669E-03 -7.55848928E-03
  9.00000000E-02  7.34931451E-02  7.58974305E-04 -6.16925403E-04  4.55597673E-01  6.75236429E-03 -6.04177593E-03 -1.60412805E-04  6.06443357E-03 -7.02501153E-03
  1.00000000E-01  7.79716141E-02  8.23501207E-04 -6.75121501E-04  4.46014607E-01  6.29992887E-03 -5.70157799E-03 -1.51464354E-04  5.70165614E-03 -6.61622110E-03
  1.10000000E-01  8.23838448E-02  8.84238318E-04 -7.30436291E-04  4.40097589E-01  5.96809485E-03 -5.45206562E-03 -1.42311768E-04  5.42720896E-03 -6.31510232E-03
  1.20000000E-01  8.67552356E-02  9.42260097E-04 -7.83709385E-04  4.36446764E-01  5.72827979E-03 -5.27532437E-03 -1.33835553E-04  5.22496455E-03 -6.09988057E-03
  1.30000000E-01  9.11014491E-02  9.98343819E-04 -8.35578923E-04  4.34196280E-01  5.55535929E-03 -5.15408006E-03 -1.26464423E-04  5.07879329E-03 -5.94977149E-03
  1.40000000E-01  9.54321595E-02  1.05303281E-03 -8.86513502E-04  4.32811745E-01  5.42941988E-03 -5.07374426E-03 -1.20323508E-04  4.97462471E-03 -5.84731855E-03
  1.50000000E-01  9.97533543E-02  1.10669731E-03 -9.36849266E-04  4.31963554E-01  5.33564347E-03 -5.02285700E-03 -1.15360073E-04  4.90114418E-03 -5.77888567E-03
  1.60000000E-01  1.04068749E-01  1.15958486E-03 -9.86823399E-04  4.31448247E-01  5.26345488E-03 -4.99281016E-03 -1.11433156E-04  4.84964626E-03 -5.73428998E-03
  1.70000000E-01  1.08380655E-01  1.21185847E-03 -1.03660127E-03  4.31140039E-01  5.20552924E-03 -4.97733105E-03 -1.08371907E-04  4.81365791E-03 -5.70615523E-03
  1.80000000E-01  1.12690514E-01  1.26362413E-03 -1.08629718E-03  4.30961009E-01  5.15690575E-03 -4.97194380E-03 -1.06007374E-04  4.78848238E-03 -5.68925800E-03
  1.90000000E-01  1.16999229E-01  1.31495007E-03 -1.13598968E-03  4.30862773E-01  5.11428235E-03 -4.97350188E-03 -1.04188338E-04  4.77077313E-03 -5.67996255E-03
  2.00000000E-01  1.21307366E-01  1.36587978E-03 -1.18573249E-03 -9.83443189E-01 -9.46567617E-04  3.11960959E-04 -2.56084203E-04 -2.94335475E-04  8.48970021E-04
  2.10000000E-01  1.04401404E-01  1.32610985E-03 -1.15618557E-03 -7.65806855E-01 -2.76762973E-03  1.91315730E-03 -1.48737134E-04 -1.84142793E-03  2.46758988E-03
  2.20000000E-01  9.78315171E-02  1.28932825E-03 -1.12904801E-03 -5.39802730E-01 -3.89384787E-03  3.34299683E-03 -9.41056454E-05 -3.00699268E-03  3.87904764E-03
  2.30000000E-01  9.35635104E-02  1.24475868E-03 -1.08846885E-03 -3.60653389E-01 -4.35982128E-03  3.91410406E-03 -2.71580960E-05 -3.54863790E-03  4.38832901E-03
  2.40000000E-01  9.08527232E-02  1.19883060E-03 -1.04647227E-03 -2.33821696E-01 -4.12904987E-03  3.83926576E-03  1.75376005E-05 -3.50405254E-03  4.23823819E-03
  2.50000000E-01  8.91486647E-02  1.15869396E-03 -1.00845381E-03 -1.48835335E-01 -3.52859432E-03  3.38652029E-03  4.44942440E-05 -3.11388773E-03  3.69986407E-03
  2.60000000E-01  8.80852432E-02  1.12641029E-03 -9.76852330E-04 -9.36824215E-02 -2.80940915E-03  2.78654365E-03  5.74903420E-05 -2.58104241E-03  3.01675935E-03
  2.70000000E-01  8.74241835E-02  1.10191213E-03 -9.51986776E-04 -5.85778686E-02 -2.12475600E-03  2.18506720E-03  6.06581120E-05 -2.03689018E-03  2.34254799E-03
  2.80000000E-01  8.70139276E-02  1.08408783E-03 -9.33143487E-04 -3.64980732E-02 -1.54602047E-03  1.65541705E-03  5.76297539E-05 -1.55043334E-03  1.75430811E-03
  2.90000000E-01  8.67593459E-02  1.07152130E-03 -9.19237567E-04 -2.27086831E-02 -1.09196086E-03  1.22315986E-03  5.12328427E-05 -1.14824886E-03  1.27804660E-03
  3.00000000E-01  8.66012060E-02  1.06287199E-03 -9.09167254E-04 -1.41303606E-02 -7.53614623E-04  8.87437561E-04  4.34646360E-05 -8.32486117E-04  9.11376342E-04
  3.10000000E-01  8.65027940E-02  1.05702758E-03 -9.01971490E-04 -8.80292142E-03 -5.10828374E-04  6.35427030E-04  3.56056043E-05 -5.93484756E-04  6.39068102E-04
  3.20000000E-01  8.64414020E-02  1.05313323E-03 -8.96877273E-04 -5.49500118E-03 -3.41527803E-04  4.50753293E-04  2.83845997E-05 -4.17419835E-04  4.42186160E-04
  3.30000000E-01  8.64029916E-02  1.05056445E-03 -8.93293108E-04 -3.43922304E-03 -2.26059657E-04  3.17724459E-04  2.21434729E-05 -2.90373561E-04  3.02722059E-04
  3.40000000E-01  8.63788782E-02  1.04888119E-03 -8.90781008E-04 -2.15951177E-03 -1.48662813E-04  2.23058133E-04  1.69757268E-05 -2.00167924E-04  2.05490208E-04
  3.50000000E-01  8.63636817E-02  1.04778155E-03 -8.89023758E-04 -1.36114323E-03 -9.74881228E-05  1.56270107E-04  1.28311188E-05 -1.36937914E-04  1.38545642E-04
  3.60000000E-01  8.63540621E-02  1.04706254E-03 -8.87794997E-04 -8.61755123E-04 -6.40127421E-05  1.09441007E-04  9.58795243E-06 -9.30744635E-05  9.29098717E-05
  3.70000000E-01  8.63479415E-02  1.04658979E-03 -8.86934733E-04 -5.48441571E-04 -4.22991612E-05  7.67559409E-05  7.09908046E-06 -6.29037137E-05  6.20457781E-05
  3.80000000E-01  8.63440236E-02  1.04627537E-03 -8.86330599E-04 -3.51204458E-04 -2.83058725E-05  5.40118094E-05  5.21863337E-06 -4.22975990E-05  4.13036028E-05
  3.90000000E-01  8.63414977E-02  1.04606228E-03 -8.85904201E-04 -2.26566661E-04 -1.93081653E-05  3.82146054E-05  3.81565122E-06 -2.83078466E-05  2.74338153E-05
  4.00000000E-01  8.63398553E-02  1.04591418E-03 -8.85601041E-04 -1.47464550E-04 -1.35192455E-05  2.72506222E-05  2.77947530E-06 -1.88587630E-05  1.81960952E-05
  4.10000000E-01  8.63387761E-02  1.04580794E-03 -8.85383355E-04 -9.70110484E-05 -9.78151273E-06  1.96337112E-05  2.02039121E-06 -1.25054287E-05  1.20622325E-05
  4.20000000E-01  8.63380583E-02  1.04572881E-03 -8.85225102E-04 -6.46420243E-05 -7.34799467E-06  1.43281478E-05  1.46782610E-06 -8.25111281E-06  7.99851095E-06
  4.30000000E-01  8.63375737E-02  1.04566750E-03 -8.85108349E-04 -4.37310986E-05 -5.73747385E-06  1.06135940E-05  1.06751970E-06 -5.41331238E-06  5.31037659E-06
  4.40000000E-01  8.63372410E-02  1.04561817E-03 -8.85020785E-04 -3.01101646E-05 -4.64424487E-06  7.98825719E-06  7.78491277E-07 -3.52753494E-06  3.53365552E-06
  4.50000000E-01  8.63370080E-02  1.04557720E-03 -8.84954030E-04 -2.11495204E-05 -3.87478830E-06  6.11055791E-06  5.70223582E-07 -2.27927121E-06  2.35947180E-06
  4.60000000E-01  8.63368413E-02  1.04554230E-03 -8.84902312E-04 -1.51846470E-05 -3.30865275E-06  4.75026518E-06  4.20247967E-07 -1.45648674E-06  1.58300025E-06
  4.70000000E-01  8.63367192E-02  1.04551204E-03 -8.84861611E-04 -1.11581689E-05 -2.87294493E-06  3.75137898E-06  3.12173056E-07 -9.16767324E-07  1.06878601E-06
  4.80000000E-01  8.63366278E-02  1.04548549E-03 -8.84829092E-04 -8.39568843E-06 -2.52309442E-06  3.00740595E-06  2.34129766E-07 -5.64771352E-07  7.27439896E-07
  4.90000000E-01  8.63365577E-02  1.04546201E-03 -8.84802738E-04 -6.46509572E-06 -2.23136364E-06  2.44518041E-06  1.77574325E-07 -3.36859624E-07  5.00065074E-07
  5.00000000E-01  8.63365027E-02  1.04544115E-03 -8.84781097E-04 -5.08804761E-06 -1.98068409E-06  2.01412753E-06  1.36384832E-07 -1.90670743E-07  3.47896812E-07
