  0.00000000E+00  0.00000000E+00  0.00000000E+00  0.00000000E+00  1.90257480E+00  2.49030151E-04  4.12927561E-04  2.37702552E-04  8.64615588E-05 -4.40366946E-04
  1.00000000E-02  1.90257480E-02  2.49030151E-06  4.12927561E-06  1.43752991E+00  5.70829281E-03  1.68285863E-02  1.59848140E-04  1.61232011E-02 -1.09655697E-03
  2.00000000E-02  3.10758227E-02  8.68695429E-05  2.54493432E-04  1.12349214E+00  8.21913504E-03  2.42712068E-02  8.39736378E-05  2.33320147E-02 -1.31103353E-03
  3.00000000E-02  4.07405552E-02  1.81615104E-04  5.34418602E-04  8.97343203E-01  9.47550780E-03  2.79409097E-02  3.64678814E-05  2.69017002E-02 -1.38981714E-03
  4.00000000E-02  4.85832426E-02  2.82652046E-04  8.32176214E-04  7.42849107E-01  9.72635478E-03  2.86055922E-02  1.00843084E-05  2.76079045E-02 -1.36403255E-03
  5.00000000E-02  5.52392632E-02  3.81169829E-04  1.12155555E-03  6.40354511E-01  9.38502599E-03  2.75167631E-02 -3.29515344E-06  2.66019395E-02 -1.27529830E-03
  6.00000000E-02  6.11303353E-02  4.73313445E-04  1.39127903E-03  5.73504812E-01  8.78464848E-03  2.56619766E-02 -8.92794269E-06  2.48442172E-02 -1.16598530E-03
  7.00000000E-02  6.65311349E-02  5.58158042E-04  1.63862487E-03  5.30333906E-01  8.13355474E-03  2.36582455E-02 -1.04079354E-05  2.29335070E-02 -1.06082858E-03
  8.00000000E-02  7.16186195E-02  6.36238121E-04  1.86518867E-03  5.02608871E-01  7.53968189E-03  2.18248909E-02 -9.92911564E-06  2.11822974E-02 -9.71449835E-04
  9.00000000E-02  7.65060830E-02  7.08665576E-04  2.07427080E-03  4.84852184E-01  7.04580515E-03  2.02888563E-02 -8.73197043E-06  1.97176389E-02 -9.01019362E-04
  1.00000000E-01  8.12658214E-02  7.76654243E-04  2.26947919E-03  4.73489631E-01  6.65839091E-03  1.90697012E-02 -7.44130529E-06  1.85613588E-02 -8.48455915E-04
  1.10000000E-01  8.59439049E-02  8.41301081E-04  2.45408043E-03  4.66215824E-01  6.36666805E-03  1.81357635E-02 -6.31688319E-06  1.76845551E-02 -8.10910764E-04
  1.20000000E-01  9.05696941E-02  9.03509147E-04  2.63076838E-03  4.61553465E-01  6.15370454E-03  1.74369807E-02 -5.45954703E-06  1.70392948E-02 -7.85054393E-04
  1.30000000E-01  9.51619170E-02  9.63981375E-04  2.80164427E-03  4.58559141E-01  6.00217248E-03  1.69219004E-02 -4.88420110E-06  1.65754463E-02 -7.67798207E-04
  1.40000000E-01  9.97325368E-02  1.02324544E-03  2.96828787E-03  4.56631262E-01  5.89686468E-03  1.65452157E-02 -4.56525748E-06  1.62484349E-02 -7.56611372E-04
  1.50000000E-01  1.04289210E-01  1.08168755E-03  3.13185660E-03  4.55386236E-01  5.82547272E-03  1.62701474E-02 -4.46208707E-06  1.60218529E-02 -7.49574448E-04
  1.60000000E-01  1.08836847E-01  1.13958531E-03  3.29318274E-03  4.54579268E-01  5.77851558E-03  1.60682943E-02 -4.53065028E-06  1.58674799E-02 -7.45298811E-04
  1.70000000E-01  1.13378605E-01  1.19713569E-03  3.45285641E-03  4.54053915E-01  5.74892728E-03  1.59184486E-02 -4.73123703E-06  1.57642078E-02 -7.42815259E-04
  1.80000000E-01  1.17916517E-01  1.25447702E-03  3.61129167E-03  4.53710014E-01  5.73156204E-03  1.58051456E-02 -5.03123024E-06  1.56966487E-02 -7.41467263E-04
  1.90000000E-01  1.22451898E-01  1.31170581E-03  3.76877661E-03  4.53483307E-01  5.72273433E-03  1.57173016E-02 -5.40514855E-06  1.56537997E-02 -7.40821490E-04
  2.00000000E-01  1.26985598E-01  1.36888902E-03  3.92551041E-03 -9.83955839E-01 -2.40792012E-04 -5.04980969E-04 -1.82994854E-04 -7.44183831E-04  2.79377369E-04
  2.10000000E-01  1.09958844E-01  1.33666346E-03  3.83934919E-03 -7.74394862E-01 -1.97230922E-03 -5.57857532E-03 -9.32560468E-05 -5.50331574E-03  5.71234808E-04
  2.20000000E-01  1.03262700E-01  1.30828279E-03  3.75819546E-03 -5.53604448E-01 -3.47667079E-03 -9.35976444E-03 -6.73782029E-05 -9.63629431E-03  5.89080606E-04
  2.30000000E-01  9.88306074E-02  1.26599427E-03  3.64569187E-03 -3.77160927E-01 -4.10491256E-03 -1.11631495E-02 -2.64626674E-05 -1.14061165E-02  6.15972276E-04
  2.40000000E-01  9.59412157E-02  1.22180393E-03  3.52504345E-03 -2.50158942E-01 -4.05914913E-03 -1.10803742E-02 -3.04505160E-06 -1.13150829E-02  5.58900091E-04
  2.50000000E-01  9.40746362E-02  1.18144126E-03  3.41465358E-03 -1.63367468E-01 -3.61107726E-03 -9.88448532E-03  9.38711747E-06 -1.00929753E-02  4.67114303E-04
  2.60000000E-01  9.28749189E-02  1.14757085E-03  3.32178818E-03 -1.05737052E-01 -2.99769684E-03 -8.22052246E-03  1.46361751E-05 -8.39374748E-03  3.67271710E-04
  2.70000000E-01  9.21057004E-02  1.12066078E-03  3.24790277E-03 -6.81022738E-02 -2.37166908E-03 -6.50889181E-03  1.56891035E-05 -6.64473243E-03  2.75576634E-04
  2.80000000E-01  9.16128516E-02  1.10007423E-03  3.19137200E-03 -4.37620828E-02 -1.81248042E-03 -4.97178887E-03  1.45708983E-05 -5.07298273E-03  1.99216805E-04
  2.90000000E-01  9.12969317E-02  1.08474537E-03  3.14933963E-03 -2.81047088E-02 -1.35032402E-03 -3.69625925E-03  1.25298558E-05 -3.76810849E-03  1.39657297E-04
  3.00000000E-01  9.10941715E-02  1.07355291E-03  3.11875468E-03 -1.80593846E-02 -9.87276483E-04 -2.69124966E-03  1.02717250E-05 -2.73990237E-03  9.53658400E-05
  3.10000000E-01  9.09638043E-02  1.06549538E-03  3.09686723E-03 -1.16201037E-02 -7.11992676E-04 -1.92770684E-03  8.15515205E-06 -1.95906368E-03  6.36233393E-05
  3.20000000E-01  9.08797997E-02  1.05975188E-03  3.08140788E-03 -7.49100018E-03 -5.08515029E-04 -1.36291808E-03  6.33199000E-06 -1.38205333E-03  4.15486081E-05
  3.30000000E-01  9.08255352E-02  1.05568411E-03  3.07060264E-03 -4.84027046E-03 -3.60905773E-04 -9.53511917E-04  4.83982749E-06 -9.64459391E-04  2.65856539E-05
  3.40000000E-01  9.07903861E-02  1.05281310E-03  3.06311455E-03 -3.13575523E-03 -2.55292758E-04 -6.61349256E-04  3.65915231E-06 -6.67116149E-04  1.66720371E-05
  3.50000000E-01  9.07675511E-02  1.05078824E-03  3.05796187E-03 -2.03744750E-03 -1.80479867E-04 -4.55411884E-04  2.74656422E-06 -4.58113371E-04  1.02416905E-05
  3.60000000E-01  9.07526682E-02  1.04935751E-03  3.05443744E-03 -1.32811207E-03 -1.27851314E-04 -3.11682132E-04  2.05278759E-06 -3.12722639E-04  6.15590360E-06
  3.70000000E-01  9.07429338E-02  1.04834213E-03  3.05203927E-03 -8.68834730E-04 -9.09891624E-05 -2.12175746E-04  1.53150750E-06 -2.12431337E-04  3.61382810E-06
  3.80000000E-01  9.07365418E-02  1.04761655E-03  3.05041504E-03 -5.70657138E-04 -6.52230417E-05 -1.43745885E-04  1.14300273E-06 -1.43724026E-04  2.06731324E-06
  3.90000000E-01  9.07323261E-02  1.04709315E-03  3.04931973E-03 -3.76508602E-04 -4.72129095E-05 -9.69515975E-05  8.54991796E-07 -9.69188343E-05  1.14982244E-06
  4.00000000E-01  9.07295318E-02  1.04671108E-03  3.04858419E-03 -2.49700545E-04 -3.46015251E-05 -6.51050021E-05  6.42139056E-07 -6.51812016E-05  6.21373190E-07
  4.10000000E-01  9.07276688E-02  1.04642812E-03  3.04809237E-03 -1.66595139E-04 -2.57412129E-05 -4.35201654E-05  4.85027148E-07 -4.37421424E-05  3.27965353E-07
  4.20000000E-01  9.07264184E-02  1.04621501E-03  3.04776510E-03 -1.11927711E-04 -1.94829356E-05 -2.89451364E-05  3.69020028E-07 -2.93047281E-05  1.72741135E-07
  4.30000000E-01  9.07255724E-02  1.04605147E-03  3.04754852E-03 -7.58172599E-05 -1.50264442E-05 -1.91373301E-05  2.83217395E-07 -1.96067634E-05  9.60656707E-08
  4.40000000E-01  9.07249948E-02  1.04592349E-03  3.04740619E-03 -5.18519790E-05 -1.18250918E-05 -1.25562455E-05  2.19565141E-07 -1.31055062E-05  6.20871981E-08
  4.50000000E-01  9.07245961E-02  1.04582124E-03  3.04731353E-03 -3.58608521E-05 -9.49451028E-06 -8.15058570E-06  1.72146123E-07 -8.75411434E-06  4.98512861E-08
  4.60000000E-01  9.07243175E-02  1.04573795E-03  3.04725405E-03 -2.51235068E-05 -7.76980199E-06 -5.20749571E-06  1.36629004E-07 -5.84515466E-06  4.75501976E-08
  4.70000000E-01  9.07241199E-02  1.04566888E-03  3.04721669E-03 -1.78609601E-05 -6.46927642E-06 -3.24785156E-06  1.09850028E-07 -3.90216219E-06  4.88546468E-08
  4.80000000E-01  9.07239776E-02  1.04561069E-03  3.04719401E-03 -1.29065867E-05 -5.46854000E-06 -1.95085874E-06  8.94992738E-08 -2.60510777E-06  5.06245682E-08
  4.90000000E-01  9.07238733E-02  1.04556100E-03  3.04718099E-03 -9.49299792E-06 -4.67916104E-06 -1.10042862E-06  7.38909379E-08 -1.73951150E-06  5.15087443E-08
  5.00000000E-01  9.07237955E-02  1.04551816E-03  3.04717424E-03 -7.11378214E-06 -4.04227233E-06 -5.50012043E-07  6.17941639E-08 -1.16188439E-06  5.11062660E-08
