  0.00000000E+00  0.00000000E+00  0.00000000E+00  0.00000000E+00  1.90257480E+00  2.49030151E-04  4.12927561E-04  2.37702552E-04  8.64615588E-05 -4.40366946E-04
  1.00000000E-02  1.90257480E-02  2.49030151E-06  4.12927561E-06  1.43852474E+00 -5.87400369E-03 -8.43655972E-04  1.47059844E-04 -1.24490366E-02  6.25718673E-03
  2.00000000E-02  3.10907451E-02 -8.68649046E-05 -1.05902018E-05  1.12507302E+00 -8.86129925E-03 -1.43445715E-03  5.79145610E-05 -1.84248920E-02  9.52797317E-03
  3.00000000E-02  4.07742166E-02 -1.90414375E-04 -2.78887792E-05  8.99398048E-01 -1.04876696E-02 -1.77343517E-03 -3.35124572E-06 -2.15863357E-02  1.12831394E-02
  4.00000000E-02  4.86398223E-02 -3.03422923E-04 -4.73180210E-05  7.45256802E-01 -1.09873657E-02 -1.87695290E-03 -4.28138417E-05 -2.24900005E-02  1.18268947E-02
  5.00000000E-02  5.53216841E-02 -4.15795060E-04 -6.66051386E-05  6.42989733E-01 -1.07906929E-02 -1.83538967E-03 -6.67972961E-05 -2.20073866E-02  1.16144121E-02
  6.00000000E-02  6.12402460E-02 -5.22718625E-04 -8.47512192E-05  5.76254341E-01 -1.02555044E-02 -1.72552497E-03 -7.96902295E-05 -2.08539997E-02  1.10301937E-02
  7.00000000E-02  6.66691125E-02 -6.22597726E-04 -1.01457145E-04  5.33107643E-01 -9.61607052E-03 -1.59879812E-03 -8.51316427E-05 -1.94932034E-02  1.03236581E-02
  8.00000000E-02  7.17844554E-02 -7.15561262E-04 -1.16811492E-04  5.05343889E-01 -9.00220247E-03 -1.48269637E-03 -8.58539561E-05 -1.81811573E-02  9.63438838E-03
  9.00000000E-02  7.66990755E-02 -8.02513947E-04 -1.31057947E-04  4.87510940E-01 -8.47310986E-03 -1.38853449E-03 -8.38557463E-05 -1.70362405E-02  9.02836484E-03
  1.00000000E-01  8.14850202E-02 -8.84599582E-04 -1.44472483E-04  4.76055077E-01 -8.04638832E-03 -1.31835255E-03 -8.05374753E-05 -1.60953991E-02  8.52763717E-03
  1.10000000E-01  8.61882917E-02 -9.62929858E-04 -1.57305099E-04  4.68685138E-01 -7.71796960E-03 -1.26964988E-03 -7.68038487E-05 -1.53526740E-02  8.13073736E-03
  1.20000000E-01  9.08382933E-02 -1.03846746E-03 -1.69758084E-04  4.63932606E-01 -7.47442584E-03 -1.23829521E-03 -7.31968138E-05 -1.47828412E-02  7.82528344E-03
  1.30000000E-01  9.54538568E-02 -1.11199400E-03 -1.81984263E-04  4.60858701E-01 -7.29979024E-03 -1.22005684E-03 -7.00060181E-05 -1.43548572E-02  7.59535666E-03
  1.40000000E-01  1.00047074E-01 -1.18411872E-03 -1.94093639E-04  4.58863550E-01 -7.17891659E-03 -1.21127458E-03 -6.73560672E-05 -1.40386792E-02  7.42527692E-03
  1.50000000E-01  1.04625734E-01 -1.25530352E-03 -2.06162474E-04  4.57563462E-01 -7.09885323E-03 -1.20905858E-03 -6.52698458E-05 -1.38082036E-02  7.30127418E-03
  1.60000000E-01  1.09194868E-01 -1.32589174E-03 -2.18241980E-04  4.56712541E-01 -7.04916652E-03 -1.21125804E-03 -6.37131975E-05 -1.36421007E-02  7.21201179E-03
  1.70000000E-01  1.13757739E-01 -1.39613497E-03 -2.30365557E-04  4.56152797E-01 -7.02176755E-03 -1.21633951E-03 -6.26241965E-05 -1.35236172E-02  7.14853415E-03
  1.80000000E-01  1.18316468E-01 -1.46621565E-03 -2.42554360E-04  4.55782423E-01 -7.01054785E-03 -1.22324656E-03 -6.19311977E-05 -1.34399491E-02  7.10396522E-03
  1.90000000E-01  1.22872441E-01 -1.53626503E-03 -2.54821361E-04  4.55535607E-01 -7.01097996E-03 -1.23127277E-03 -6.15634066E-05 -1.33815025E-02  7.07313316E-03
  2.00000000E-01  1.27426563E-01 -1.60637699E-03 -2.67174219E-04 -9.82931373E-01 -3.25024772E-04 -2.37135923E-05 -2.30705594E-04 -7.19048533E-04  7.32898677E-04
  2.10000000E-01  1.10404914E-01 -1.57619746E-03 -2.61373559E-04 -7.73865802E-01  1.74970630E-03  5.10527187E-04 -1.20909373E-04  3.12699718E-03 -1.44882596E-03
  2.20000000E-01  1.03711584E-01 -1.54832674E-03 -2.53597084E-04 -5.53481336E-01  3.64865279E-03  8.83589794E-04 -8.76206082E-05  6.71334064E-03 -3.39926420E-03
  2.30000000E-01  9.92786927E-02 -1.50234548E-03 -2.42895873E-04 -3.77421671E-01  4.47609251E-03  9.94301996E-04 -3.25914350E-05  8.44428046E-03 -4.39464913E-03
  2.40000000E-01  9.63847743E-02 -1.45344736E-03 -2.32399292E-04 -2.50687759E-01  4.54046145E-03  9.50102630E-04  2.17905335E-06  8.70821411E-03 -4.58385285E-03
  2.50000000E-01  9.45115663E-02 -1.40772090E-03 -2.23119262E-04 -1.64056105E-01  4.12246155E-03  8.14247446E-04  2.32540031E-05  8.02394742E-03 -4.25415356E-03
  2.60000000E-01  9.33041635E-02 -1.36858628E-03 -2.15656064E-04 -1.06492415E-01  3.48692837E-03  6.47703054E-04  3.40835989E-05  6.88345180E-03 -3.66907539E-03
  2.70000000E-01  9.25270578E-02 -1.33689467E-03 -2.10011755E-04 -6.88532915E-02  2.80914330E-03  4.87397318E-04  3.78739193E-05  5.62360963E-03 -3.01096584E-03
  2.80000000E-01  9.20267205E-02 -1.31219216E-03 -2.05939311E-04 -4.44609917E-02  2.18496395E-03  3.50815028E-04  3.72150146E-05  4.43628595E-03 -2.38471352E-03
  2.90000000E-01  9.17040721E-02 -1.29346342E-03 -2.03114072E-04 -2.87244040E-02  1.65543931E-03  2.43014031E-04  3.40315606E-05  3.41001923E-03 -1.83977355E-03
  3.00000000E-01  9.14955110E-02 -1.27955665E-03 -2.01222936E-04 -1.85888323E-02  1.22917543E-03  1.62408917E-04  2.96597409E-05  2.57005335E-03 -1.39137174E-03
  3.10000000E-01  9.13603006E-02 -1.26939621E-03 -2.00001873E-04 -1.20594021E-02  8.98218888E-04  1.04596879E-04  2.49653163E-05  1.90774345E-03 -1.03617956E-03
  3.20000000E-01  9.12723537E-02 -1.26206880E-03 -1.99244964E-04 -7.84703910E-03  6.47888040E-04  6.45391365E-05  2.04641500E-05  1.39934690E-03 -7.62400273E-04
  3.30000000E-01  9.12149451E-02 -1.25684158E-03 -1.98799862E-04 -5.12338747E-03  4.62206612E-04  3.76250592E-05  1.64275837E-05  1.01682076E-03 -5.55618264E-04
  3.40000000E-01  9.11773295E-02 -1.25314792E-03 -1.98558181E-04 -3.35741914E-03  3.26533402E-04  2.00728001E-05  1.29664660E-05  7.33360138E-04 -4.01843083E-04
  3.50000000E-01  9.11525851E-02 -1.25056095E-03 -1.98445215E-04 -2.20881466E-03  2.28569859E-04  8.98167387E-06  1.00935006E-05  5.25784796E-04 -2.88859236E-04
  3.60000000E-01  9.11362400E-02 -1.24876507E-03 -1.98410854E-04 -1.45923997E-03  1.58514569E-04  2.22846822E-06  7.76682304E-06  3.75190963E-04 -2.06633062E-04
  3.70000000E-01  9.11253955E-02 -1.24753020E-03 -1.98422335E-04 -9.68345316E-04  1.08823885E-04 -1.68678667E-06  5.91874940E-06  2.66742705E-04 -1.47243578E-04
  3.80000000E-01  9.11181665E-02 -1.24669042E-03 -1.98458779E-04 -6.45681251E-04  7.38319788E-05 -3.79337176E-06  4.47361247E-06  1.89104874E-04 -1.04608145E-04
  3.90000000E-01  9.11133230E-02 -1.24612706E-03 -1.98507246E-04 -4.32787877E-04  4.93582649E-05 -4.78008719E-06  3.35800172E-06  1.33785310E-04 -7.41491456E-05
  4.00000000E-01  9.11100596E-02 -1.24575584E-03 -1.98559980E-04 -2.91763628E-04  3.23583742E-05 -5.09694440E-06  2.50597414E-06  9.45152473E-05 -5.24736494E-05
  4.10000000E-01  9.11078471E-02 -1.24551726E-03 -1.98612534E-04 -1.97956563E-04  2.06371108E-05 -5.03061746E-06  1.86112865E-06  6.67197366E-05 -3.70962133E-05
  4.20000000E-01  9.11063366E-02 -1.24536949E-03 -1.98662508E-04 -1.35280152E-04  1.26222355E-05 -4.75849113E-06  1.37684379E-06  4.70897587E-05 -2.62129121E-05
  4.30000000E-01  9.11052971E-02 -1.24528334E-03 -1.98708733E-04 -9.32027659E-05  7.20484394E-06 -4.38752093E-06  1.01553924E-06  3.32489107E-05 -1.85240628E-05
  4.40000000E-01  9.11045755E-02 -1.24523838E-03 -1.98750753E-04 -6.48064214E-05  3.58792249E-06 -3.97766556E-06  7.47510976E-07  2.35002701E-05 -1.30987983E-05
  4.50000000E-01  9.11040694E-02 -1.24522059E-03 -1.98788480E-04 -4.55319110E-05  1.21151694E-06 -3.56212551E-06  5.49645272E-07  1.66376481E-05 -9.27358083E-06
  4.60000000E-01  9.11037105E-02 -1.24522036E-03 -1.98822024E-04 -3.23644675E-05 -3.13225299E-07 -3.15768152E-06  4.04182794E-07  1.18068374E-05 -6.57725267E-06
  4.70000000E-01  9.11034527E-02 -1.24523111E-03 -1.98851579E-04 -2.33037511E-05 -1.26148111E-06 -2.77486896E-06  2.97615917E-07  8.40468832E-06 -4.67629405E-06
  4.80000000E-01  9.11032649E-02 -1.24524847E-03 -1.98877413E-04 -1.70178711E-05 -1.81883979E-06 -2.42133975E-06  2.19763200E-07  6.00631943E-06 -3.33520146E-06
  4.90000000E-01  9.11031262E-02 -1.24526944E-03 -1.98899859E-04 -1.26167386E-05 -2.11332678E-06 -2.10127180E-06  1.63007613E-07  4.31297064E-06 -2.38800176E-06
  5.00000000E-01  9.11030220E-02 -1.24529205E-03 -1.98919271E-04 -9.50322724E-06 -2.23366264E-06 -1.81591403E-06  1.21687787E-07  3.11484786E-06 -1.71789506E-06
