  0.00000000E+00  0.00000000E+00  0.00000000E+00  0.00000000E+00  1.90257477E+00  2.49017077E-04  4.12928357E-04  2.37679203E-04  8.64724209E-05 -4.40339229E-04
  1.00000000E-02  1.90257477E-02  2.49017077E-06  4.12928357E-06  1.31010377E+00 -1.18554904E-02  9.21659502E-03  1.08808136E-04  4.69327150E-03  9.71883320E-03
  2.00000000E-02  2.91644305E-02 -1.76587270E-04  1.40313567E-04  9.46470117E-01 -1.63719618E-02  1.26025767E-02 -5.15312542E-07  6.20698180E-03  1.32034818E-02
  3.00000000E-02  3.68109633E-02 -3.62889245E-04  2.83269242E-04  6.99210687E-01 -1.81598207E-02  1.39784026E-02 -6.40696294E-05  6.69483971E-03  1.44221249E-02
  4.00000000E-02  4.25667731E-02 -5.53426747E-04  4.29932398E-04  5.45498596E-01 -1.78566585E-02  1.37962195E-02 -9.21518765E-05  6.43548724E-03  1.39692181E-02
  5.00000000E-02  4.72531986E-02 -7.30477520E-04  5.66983678E-04  4.55544703E-01 -1.64876986E-02  1.28000211E-02 -1.00107371E-04  5.81172069E-03  1.26859269E-02
  6.00000000E-02  5.13588761E-02 -8.88509707E-04  6.90002896E-04  4.05198659E-01 -1.48122297E-02  1.15579852E-02 -9.73442824E-05  5.12262372E-03  1.12271425E-02
  7.00000000E-02  5.51591325E-02 -1.02825466E-03  7.99372568E-04  3.77999576E-01 -1.32542041E-02  1.03919959E-02 -9.00991878E-05  4.52187185E-03  9.93547619E-03
  8.00000000E-02  5.88031328E-02 -1.15300657E-03  8.97462581E-04  3.63721194E-01 -1.19860993E-02  9.43739379E-03 -8.18444115E-05  4.06103741E-03  8.93182676E-03
  9.00000000E-02  6.23689529E-02 -1.26652704E-03  9.87063508E-04  3.56394729E-01 -1.10343845E-02  8.71915235E-03 -7.42909948E-05  3.73644122E-03  8.21556264E-03
  1.00000000E-01  6.58962678E-02 -1.37211231E-03  1.07066382E-03  3.52696492E-01 -1.03582263E-02  8.20987506E-03 -6.80815677E-05  3.52189703E-03  7.73503190E-03
  1.10000000E-01  6.94047416E-02 -1.47231378E-03  1.15021619E-03  3.50843963E-01 -9.89595640E-03  7.86480394E-03 -6.33187489E-05  3.38721565E-03  7.42783850E-03
  1.20000000E-01  7.29039185E-02 -1.56896200E-03  1.22713887E-03  3.49911154E-01 -9.58817890E-03  7.63965143E-03 -5.98554861E-05  3.30638170E-03  7.23906325E-03
  1.30000000E-01  7.63983660E-02 -1.66330490E-03  1.30240962E-03  3.49430010E-01 -9.38657918E-03  7.49774250E-03 -5.74519405E-05  3.25989721E-03  7.12692145E-03
  1.40000000E-01  7.98902604E-02 -1.75616269E-03  1.37667750E-03  3.49169312E-01 -9.25535960E-03  7.41150387E-03 -5.58616282E-05  3.23436257E-03  7.06233905E-03
  1.50000000E-01  8.33806500E-02 -1.84806019E-03  1.45036135E-03  3.49016802E-01 -9.16956032E-03  7.36145330E-03 -5.48670981E-05  3.22113381E-03  7.02629597E-03
  1.60000000E-01  8.68700555E-02 -1.93932680E-03  1.52372563E-03  3.48918501E-01 -9.11250475E-03  7.33441568E-03 -5.42947141E-05  3.21490697E-03  7.00691871E-03
  1.70000000E-01  9.03587490E-02 -2.03016657E-03  1.59693460E-03  3.48848410E-01 -9.07339134E-03  7.32176533E-03 -5.40136995E-05  3.21255782E-03  6.99706634E-03
  1.80000000E-01  9.38468827E-02 -2.12070491E-03  1.67008900E-03  3.48793786E-01 -9.04538087E-03  7.31799206E-03 -5.39295399E-05  3.21230852E-03  6.99257155E-03
  1.90000000E-01  9.73345474E-02 -2.21101867E-03  1.74325005E-03  3.48748151E-01 -9.02421206E-03  7.31964113E-03 -5.39760699E-05  3.21317678E-03  6.99106005E-03
  2.00000000E-01  1.00821801E-01 -2.30115495E-03  1.81645471E-03 -9.60054482E-01  2.66730600E-03 -2.31110086E-03 -1.83116731E-04 -1.44104332E-03 -2.82469414E-03
  2.10000000E-01  8.46772428E-02 -2.21602430E-03  1.74518999E-03 -7.18583816E-01  5.70413156E-03 -4.50677622E-03 -6.95032952E-05 -2.63097505E-03 -5.16127987E-03
  2.20000000E-01  7.86987579E-02 -2.14379885E-03  1.68914385E-03 -4.71686188E-01  7.71790292E-03 -6.20140957E-03 -2.78170876E-05 -3.21014592E-03 -6.76953095E-03
  2.30000000E-01  7.52163842E-02 -2.05655097E-03  1.61865659E-03 -2.87507804E-01  8.20336775E-03 -6.55659270E-03  2.00282900E-05 -3.26604296E-03 -6.96392269E-03
  2.40000000E-01  7.32621981E-02 -1.97208997E-03  1.55131475E-03 -1.66306485E-01  7.45845660E-03 -5.97538292E-03  4.25663664E-05 -2.85458500E-03 -6.15595904E-03
  2.50000000E-01  7.22051398E-02 -1.90122995E-03  1.49446697E-03 -9.25203145E-02  6.11374314E-03 -4.92769500E-03  4.89684288E-05 -2.25166547E-03 -4.90209394E-03
  2.60000000E-01  7.16488675E-02 -1.84681609E-03  1.45042846E-03 -4.99323976E-02  4.65246650E-03 -3.78470465E-03  4.61222554E-05 -1.64567103E-03 -3.61613084E-03
  2.70000000E-01  7.13624831E-02 -1.80759781E-03  1.41829636E-03 -2.63195269E-02  3.34644989E-03 -2.75667247E-03  3.90703951E-05 -1.13344805E-03 -2.51515145E-03
  2.80000000E-01  7.12173522E-02 -1.78066339E-03  1.39586980E-03 -1.36361580E-02  2.30189808E-03 -1.92763296E-03  3.09250525E-05 -7.44154848E-04 -1.66944726E-03
  2.90000000E-01  7.11444075E-02 -1.76286717E-03  1.38073867E-03 -6.99349869E-03  1.52607303E-03 -1.30560373E-03  2.33318069E-05 -4.69587076E-04 -1.06678518E-03
  3.00000000E-01  7.11076858E-02 -1.75148557E-03  1.37079278E-03 -3.58119570E-03  9.80067674E-04 -8.62472171E-04  1.69839086E-05 -2.86613161E-04 -6.60756626E-04
  3.10000000E-01  7.10889353E-02 -1.74441492E-03  1.36438371E-03 -1.85065554E-03  6.11437690E-04 -5.58888178E-04  1.20285763E-05 -1.70067069E-04 -3.98975513E-04
  3.20000000E-01  7.10790815E-02 -1.74014369E-03  1.36031275E-03 -9.77229302E-04  3.70748821E-04 -3.57104349E-04  8.34211319E-06 -9.85375694E-05 -2.36061000E-04
  3.30000000E-01  7.10736763E-02 -1.73763965E-03  1.35775063E-03 -5.34027488E-04  2.17948603E-04 -2.26110862E-04  5.69668794E-06 -5.59746785E-05 -1.37539678E-04
  3.40000000E-01  7.10705521E-02 -1.73622416E-03  1.35614448E-03 -3.05116946E-04  1.23320365E-04 -1.42598514E-04  3.85059890E-06 -3.12935779E-05 -7.93124715E-05
  3.50000000E-01  7.10686454E-02 -1.73546410E-03  1.35513606E-03 -1.83172876E-04  6.60814067E-05 -9.00512344E-05  2.59027019E-06 -1.72812973E-05 -4.55026516E-05
  3.60000000E-01  7.10674234E-02 -1.73508948E-03  1.35449829E-03 -1.15409098E-04  3.22990307E-05 -5.72563779E-05  1.74439531E-06 -9.45695899E-06 -2.61133382E-05
  3.70000000E-01  7.10666082E-02 -1.73493540E-03  1.35408970E-03 -7.58881381E-05  1.29155650E-05 -3.68413217E-05  1.18386228E-06 -5.13949678E-06 -1.50712874E-05
  3.80000000E-01  7.10660469E-02 -1.73490316E-03  1.35382336E-03 -5.17146740E-05  2.17372269E-06 -2.40885793E-05  8.15560715E-07 -2.77363670E-06 -8.79105508E-06
  3.90000000E-01  7.10656506E-02 -1.73493513E-03  1.35364624E-03 -3.63027285E-05 -3.49600233E-06 -1.60469714E-05  5.74530207E-07 -1.47984791E-06 -5.20314297E-06
  4.00000000E-01  7.10653646E-02 -1.73499844E-03  1.35352597E-03 -2.61451856E-05 -6.24591328E-06 -1.09029270E-05  4.16612433E-07 -7.70695922E-07 -3.13299847E-06
  4.10000000E-01  7.10651540E-02 -1.73507465E-03  1.35344267E-03 -1.92752413E-05 -7.35002892E-06 -7.55231260E-06  3.12414670E-07 -3.80013371E-07 -1.92128017E-06
  4.20000000E-01  7.10649956E-02 -1.73515367E-03  1.35338390E-03 -1.45301168E-05 -7.54967313E-06 -5.32698191E-06  2.42695407E-07 -1.63720348E-07 -1.19960968E-06
  4.30000000E-01  7.10648740E-02 -1.73523017E-03  1.35334175E-03 -1.11903891E-05 -7.26466026E-06 -3.81945495E-06  1.95028939E-07 -4.39675036E-08 -7.61786153E-07
  4.40000000E-01  7.10647788E-02 -1.73530139E-03  1.35331110E-03 -8.79570690E-06 -6.73876046E-06 -2.77826799E-06  1.61478601E-07  2.15493747E-08 -4.91390408E-07
  4.50000000E-01  7.10647028E-02 -1.73536615E-03  1.35328852E-03 -7.04496059E-06 -6.11242256E-06 -2.04314237E-06  1.37016335E-07  5.61209864E-08 -3.21723274E-07
  4.60000000E-01  7.10646411E-02 -1.73542414E-03  1.35327176E-03 -5.73858839E-06 -5.46672065E-06 -1.51192555E-06  1.18475031E-07  7.28177116E-08 -2.13829007E-07
  4.70000000E-01  7.10645903E-02 -1.73547558E-03  1.35325930E-03 -4.74316803E-06 -4.84493872E-06 -1.11942270E-06  1.03866005E-07  7.91414663E-08 -1.44460322E-07
  4.80000000E-01  7.10645478E-02 -1.73552092E-03  1.35325007E-03 -3.96885566E-06 -4.26823951E-06 -8.23686135E-07  9.19407718E-08  7.94937250E-08 -9.94464671E-08
  4.90000000E-01  7.10645120E-02 -1.73556072E-03  1.35324331E-03 -3.35467928E-06 -3.74537534E-06 -5.97302316E-07  8.19128342E-08  7.65030235E-08 -6.99854948E-08
  5.00000000E-01  7.10644815E-02 -1.73559556E-03  1.35323847E-03 -2.85884985E-06 -3.27826358E-06 -4.21975220E-07  7.32825431E-08  7.17554367E-08 -5.05275959E-08
