  0.00000000E+00  0.00000000E+00  3.28083790E+02
  1.00000000E-03  3.28083790E-01  3.28083790E+02
  2.00000000E-03  6.56167579E-01  3.22312860E+02
  3.00000000E-03  9.75594975E-01  3.16564453E+02
  4.00000000E-03  1.28928522E+00  3.10958032E+02
  5.00000000E-03  1.59744004E+00  3.05536749E+02
  6.00000000E-03  1.90026615E+00  3.00306363E+02
  7.00000000E-03  2.19795732E+00  2.95255800E+02
  8.00000000E-03  2.49068784E+00  2.90367860E+02
  9.00000000E-03  2.77861173E+00  2.85624387E+02
  1.00000000E-02  3.06186438E+00  2.81008130E+02
  1.10000000E-02  3.34056438E+00  2.76503220E+02
  1.20000000E-02  3.61481515E+00  2.72095256E+02
  1.30000000E-02  3.88470642E+00  2.67771366E+02
  1.40000000E-02  4.15031584E+00  2.63520300E+02
  1.50000000E-02  4.41171061E+00  2.59332516E+02
  1.60000000E-02  4.66894923E+00  2.55200248E+02
  1.70000000E-02  4.92208335E+00  2.51117520E+02
  1.80000000E-02  5.17115950E+00  2.47080106E+02
  1.90000000E-02  5.41622090E+00  2.43085431E+02
  2.00000000E-02  5.65730900E+00  2.39132424E+02
  2.10000000E-02  5.89446492E+00  2.35221325E+02
  2.20000000E-02  6.12773069E+00  2.31353473E+02
  2.30000000E-02  6.35715024E+00  2.27531074E+02
  2.40000000E-02  6.58277011E+00  2.23756974E+02
  2.50000000E-02  6.80464004E+00  2.20034441E+02
  2.60000000E-02  7.02281321E+00  2.16366977E+02
  2.70000000E-02  7.23734646E+00  2.12758151E+02
  2.80000000E-02  7.44830019E+00  2.09211467E+02
  2.90000000E-02  7.65573832E+00  2.05730258E+02
  3.00000000E-02  7.85972797E+00  2.02317608E+02
  3.10000000E-02  8.06033926E+00  1.98976300E+02
  3.20000000E-02  8.25764490E+00  1.95708780E+02
  3.30000000E-02  8.45171992E+00  1.92517136E+02
  3.40000000E-02  8.64264124E+00  1.89403088E+02
  3.50000000E-02  8.83048730E+00  1.86367990E+02
  3.60000000E-02  9.01533774E+00  1.83412831E+02
  3.70000000E-02  9.19727299E+00  1.80538255E+02
  3.80000000E-02  9.37637396E+00  1.77744568E+02
  3.90000000E-02  9.55272168E+00  1.75031763E+02
  4.00000000E-02  9.72639704E+00  1.72399543E+02
  4.10000000E-02  9.89748048E+00  1.69847341E+02
  4.20000000E-02  1.00660517E+01  1.67374347E+02
  4.30000000E-02  1.02321896E+01  1.64979537E+02
  4.40000000E-02  1.03959717E+01  1.62661695E+02
  4.50000000E-02  1.05574745E+01  1.60419440E+02
  4.60000000E-02  1.07167728E+01  1.58251251E+02
  4.70000000E-02  1.08739399E+01  1.56155490E+02
  4.80000000E-02  1.10290476E+01  1.54130422E+02
  4.90000000E-02  1.11821654E+01  1.52174235E+02
  5.00000000E-02  1.13333616E+01  1.50285058E+02
  5.10000000E-02  1.14827020E+01  1.48460976E+02
  5.20000000E-02  1.16302510E+01  1.46700044E+02
  5.30000000E-02  1.17760706E+01  1.45000300E+02
  5.40000000E-02  1.19202210E+01  1.43359774E+02
  5.50000000E-02  1.20627605E+01  1.41776498E+02
  5.60000000E-02  1.22037454E+01  1.40248517E+02
  5.70000000E-02  1.23432299E+01  1.38773892E+02
  5.80000000E-02  1.24812665E+01  1.37350706E+02
  5.90000000E-02  1.26179056E+01  1.35977077E+02
  6.00000000E-02  1.27531958E+01  1.34651152E+02
  6.10000000E-02  1.28871840E+01  1.33371119E+02
  6.20000000E-02  1.30199151E+01  1.32135209E+02
  6.30000000E-02  1.31514324E+01  1.30941697E+02
  6.40000000E-02  1.32817773E+01  1.29788905E+02
  6.50000000E-02  1.34109898E+01  1.28675208E+02
  6.60000000E-02  1.35391082E+01  1.27599029E+02
  6.70000000E-02  1.36661691E+01  1.26558844E+02
  6.80000000E-02  1.37922079E+01  1.25553183E+02
  6.90000000E-02  1.39172582E+01  1.24580630E+02
  7.00000000E-02  1.40413526E+01  1.23639821E+02
  7.10000000E-02  1.41645220E+01  1.22729446E+02
  7.20000000E-02  1.42867963E+01  1.21848248E+02
  7.30000000E-02  1.44082039E+01  1.20995023E+02
  7.40000000E-02  1.45287723E+01  1.20168615E+02
  7.50000000E-02  1.46485277E+01  1.19367923E+02
  7.60000000E-02  1.47674953E+01  1.18591890E+02
  7.70000000E-02  1.48856992E+01  1.17839511E+02
  7.80000000E-02  1.50031625E+01  1.17109824E+02
  7.90000000E-02  1.51199075E+01  1.16401913E+02
  8.00000000E-02  1.52359554E+01  1.15714907E+02
  8.10000000E-02  1.53513269E+01  1.15047974E+02
  8.20000000E-02  1.54660414E+01  1.14400325E+02
  8.30000000E-02  1.55801179E+01  1.13771208E+02
  8.40000000E-02  1.56935745E+01  1.13159907E+02
  8.50000000E-02  1.58064288E+01  1.12565744E+02
  8.60000000E-02  1.59186974E+01  1.11988072E+02
  8.70000000E-02  1.60303967E+01  1.11426280E+02
  8.80000000E-02  1.61415420E+01  1.10879782E+02
  8.90000000E-02  1.62521486E+01  1.10348026E+02
  9.00000000E-02  1.63622307E+01  1.09830483E+02
  9.10000000E-02  1.64718024E+01  1.09326653E+02
  9.20000000E-02  1.65808772E+01  1.08836059E+02
  9.30000000E-02  1.66894679E+01  1.08358248E+02
  9.40000000E-02  1.67975873E+01  1.07892792E+02
  9.50000000E-02  1.69052473E+01  1.07439281E+02
  9.60000000E-02  1.70124599E+01  1.06997328E+02
  9.70000000E-02  1.71192362E+01  1.06566567E+02
  9.80000000E-02  1.72255874E+01  1.06146649E+02
  9.90000000E-02  1.73315241E+01  1.05737247E+02
  1.00000000E-01  1.74370566E+01  1.05338048E+02
  1.01000000E-01  1.75421951E+01  1.04948761E+02
  1.02000000E-01  1.76469492E+01  1.04569106E+02
  1.03000000E-01  1.77513285E+01  1.04198824E+02
  1.04000000E-01  1.78553422E+01  1.03837669E+02
  1.05000000E-01  1.79589993E+01  1.03485408E+02
  1.06000000E-01  1.80623085E+01  1.03141825E+02
  1.07000000E-01  1.81652786E+01  1.02806715E+02
  1.08000000E-01  1.82679177E+01  1.02479887E+02
  1.09000000E-01  1.83702342E+01  1.02161161E+02
  1.10000000E-01  1.84722360E+01  1.01850369E+02
  1.11000000E-01  1.85739310E+01  1.01547354E+02
  1.12000000E-01  1.86753268E+01  1.01251968E+02
  1.13000000E-01  1.87764311E+01  1.00964073E+02
  1.14000000E-01  1.88772512E+01  1.00683540E+02
  1.15000000E-01  1.89777945E+01  1.00410248E+02
  1.16000000E-01  1.90780681E+01  1.00144083E+02
  1.17000000E-01  1.91780791E+01  9.98849396E+01
  1.18000000E-01  1.92778345E+01  9.96327159E+01
  1.19000000E-01  1.93773411E+01  9.93873174E+01
  1.20000000E-01  1.94766057E+01  9.91486540E+01
  1.21000000E-01  1.95756350E+01  9.89166402E+01
  1.22000000E-01  1.96744356E+01  9.86911942E+01
  1.23000000E-01  1.97730141E+01  9.84722376E+01
  1.24000000E-01  1.98713769E+01  9.82596953E+01
  1.25000000E-01  1.99695303E+01  9.80534947E+01
  1.26000000E-01  2.00674807E+01  9.78535658E+01
  1.27000000E-01  2.01652343E+01  9.76598411E+01
  1.28000000E-01  2.02627973E+01  9.74722561E+01
  1.29000000E-01  2.03601757E+01  9.72907505E+01
  1.30000000E-01  2.04573757E+01  9.71152735E+01
  1.31000000E-01  2.05544033E+01  9.69457822E+01
  1.32000000E-01  2.06512643E+01  9.67822651E+01
  1.33000000E-01  2.07479648E+01  9.66244922E+01
  1.34000000E-01  2.08445104E+01  9.64723651E+01
  1.35000000E-01  2.09409067E+01  9.63258232E+01
  1.36000000E-01  2.10371593E+01  9.61848402E+01
  1.37000000E-01  2.11332736E+01  9.60493913E+01
  1.38000000E-01  2.12292553E+01  9.59193654E+01
  1.39000000E-01  2.13251096E+01  9.57946164E+01
  1.40000000E-01  2.14208419E+01  9.56750431E+01
  1.41000000E-01  2.15164571E+01  9.55605826E+01
  1.42000000E-01  2.16119605E+01  9.54511965E+01
  1.43000000E-01  2.17073570E+01  9.53468634E+01
  1.44000000E-01  2.18026517E+01  9.52475235E+01
  1.45000000E-01  2.18978495E+01  9.51532213E+01
  1.46000000E-01  2.19929556E+01  9.50638454E+01
  1.47000000E-01  2.20879748E+01  9.49792428E+01
  1.48000000E-01  2.21829117E+01  9.48992585E+01
  1.49000000E-01  2.22777710E+01  9.48237731E+01
  1.50000000E-01  2.23725570E+01  9.47527057E+01
  1.51000000E-01  2.24672742E+01  9.46860034E+01
  1.52000000E-01  2.25619268E+01  9.46236735E+01
  1.53000000E-01  2.26565193E+01  9.45657748E+01
  1.54000000E-01  2.27510562E+01  9.45123182E+01
  1.55000000E-01  2.28455418E+01  9.44633402E+01
  1.56000000E-01  2.29399806E+01  9.44188882E+01
  1.57000000E-01  2.30343773E+01  9.43790252E+01
  1.58000000E-01  2.31287364E+01  9.43439760E+01
  1.59000000E-01  2.32230628E+01  9.43137623E+01
  1.60000000E-01  2.33173615E+01  9.42884603E+01
  1.61000000E-01  2.34116373E+01  9.42681949E+01
  1.62000000E-01  2.35058953E+01  9.42530387E+01
  1.63000000E-01  2.36001408E+01  9.42428406E+01
  1.64000000E-01  2.36943785E+01  9.42376911E+01
  1.65000000E-01  2.37886137E+01  9.42376166E+01
  1.66000000E-01  2.38828512E+01  9.42427949E+01
  1.67000000E-01  2.39770966E+01  9.42534007E+01
  1.68000000E-01  2.40713553E+01  9.42696233E+01
  1.69000000E-01  2.41656331E+01  9.42915587E+01
  1.70000000E-01  2.42599356E+01  9.43192241E+01
  1.71000000E-01  2.43542686E+01  9.43528560E+01
  1.72000000E-01  2.44486383E+01  9.43921218E+01
  1.73000000E-01  2.45430501E+01  9.44368918E+01
  1.74000000E-01  2.46375094E+01  9.44871682E+01
  1.75000000E-01  2.47320217E+01  9.45430257E+01
  1.76000000E-01  2.48265926E+01  9.46045554E+01
  1.77000000E-01  2.49212279E+01  9.46718579E+01
  1.78000000E-01  2.50159334E+01  9.47450184E+01
  1.79000000E-01  2.51107150E+01  9.48241002E+01
  1.80000000E-01  2.52055787E+01  9.49092424E+01
  1.81000000E-01  2.53005305E+01  9.50003907E+01
  1.82000000E-01  2.53955765E+01  9.50974797E+01
  1.83000000E-01  2.54907225E+01  9.52005122E+01
  1.84000000E-01  2.55859745E+01  9.53094488E+01
  1.85000000E-01  2.56813384E+01  9.54241995E+01
  1.86000000E-01  2.57768200E+01  9.55446153E+01
  1.87000000E-01  2.58724248E+01  9.56705403E+01
  1.88000000E-01  2.59681583E+01  9.58015828E+01
  1.89000000E-01  2.60640254E+01  9.59374912E+01
  1.90000000E-01  2.61600309E+01  9.60782339E+01
  1.91000000E-01  2.62561795E+01  9.62232795E+01
  1.92000000E-01  2.63524753E+01  9.63719335E+01
  1.93000000E-01  2.64489215E+01  9.65236059E+01
  1.94000000E-01  2.65455210E+01  9.66777744E+01
  1.95000000E-01  2.66422759E+01  9.68338762E+01
  1.96000000E-01  2.67391878E+01  9.69914107E+01
  1.97000000E-01  2.68362580E+01  9.71497181E+01
  1.98000000E-01  2.69334868E+01  9.73078711E+01
  1.99000000E-01  2.70308738E+01  9.74649296E+01
  2.00000000E-01  2.71284172E+01  9.76199996E+01
  2.01000000E-01  2.72261148E+01 -2.31215370E+02
  2.02000000E-01  2.68304817E+01 -1.70563985E+02
  2.03000000E-01  2.66902434E+01 -2.07775996E+02
  2.04000000E-01  2.64638614E+01 -1.90575120E+02
  2.05000000E-01  2.62818867E+01 -1.85117308E+02
  2.06000000E-01  2.60994983E+01 -1.75394260E+02
  2.07000000E-01  2.59289656E+01 -1.67198191E+02
  2.08000000E-01  2.57658654E+01 -1.59520450E+02
  2.09000000E-01  2.56101839E+01 -1.52484648E+02
  2.10000000E-01  2.54612171E+01 -1.45981600E+02
  2.11000000E-01  2.53184870E+01 -1.39935690E+02
  2.12000000E-01  2.51815743E+01 -1.34283463E+02
  2.13000000E-01  2.50501170E+01 -1.28975363E+02
  2.14000000E-01  2.49237956E+01 -1.23972617E+02
  2.15000000E-01  2.48023244E+01 -1.19244150E+02
  2.16000000E-01  2.46854445E+01 -1.14764527E+02
  2.17000000E-01  2.45729198E+01 -1.10512438E+02
  2.18000000E-01  2.44645334E+01 -1.06469449E+02
  2.19000000E-01  2.43600854E+01 -1.02619466E+02
  2.20000000E-01  2.42593909E+01 -9.89483780E+01
  2.21000000E-01  2.41622781E+01 -9.54436738E+01
  2.22000000E-01  2.40685868E+01 -9.20941830E+01
  2.23000000E-01  2.39781674E+01 -8.88898766E+01
  2.24000000E-01  2.38908796E+01 -8.58217128E+01
  2.25000000E-01  2.38065920E+01 -8.28815071E+01
  2.26000000E-01  2.37251806E+01 -8.00618204E+01
  2.27000000E-01  2.36465286E+01 -7.73558638E+01
  2.28000000E-01  2.35705257E+01 -7.47574191E+01
  2.29000000E-01  2.34970675E+01 -7.22607705E+01
  2.30000000E-01  2.34260551E+01 -6.98606476E+01
  2.31000000E-01  2.33573945E+01 -6.75521757E+01
  2.32000000E-01  2.32909966E+01 -6.53308339E+01
  2.33000000E-01  2.32267764E+01 -6.31924185E+01
  2.34000000E-01  2.31646532E+01 -6.11330124E+01
  2.35000000E-01  2.31045499E+01 -5.91489577E+01
  2.36000000E-01  2.30463929E+01 -5.72368334E+01
  2.37000000E-01  2.29901122E+01 -5.53934363E+01
  2.38000000E-01  2.29356404E+01 -5.36157588E+01
  2.39000000E-01  2.28829135E+01 -5.19009543E+01
  2.40000000E-01  2.28318700E+01 -5.02463259E+01
  2.41000000E-01  2.27824510E+01 -4.86493406E+01
  2.42000000E-01  2.27346001E+01 -4.71076004E+01
  2.43000000E-01  2.26882634E+01 -4.56188520E+01
  2.44000000E-01  2.26433889E+01 -4.41809682E+01
  2.45000000E-01  2.25999269E+01 -4.27919435E+01
  2.46000000E-01  2.25578294E+01 -4.14498761E+01
  2.47000000E-01  2.25170506E+01 -4.01529510E+01
  2.48000000E-01  2.24775461E+01 -3.88994421E+01
  2.49000000E-01  2.24392734E+01 -3.76877033E+01
  2.50000000E-01  2.24021916E+01 -3.65161520E+01
  2.51000000E-01  2.23662612E+01 -3.53832897E+01
  2.52000000E-01  2.23314444E+01 -3.42876898E+01
  2.53000000E-01  2.22977045E+01 -3.32279901E+01
  2.54000000E-01  2.22650063E+01 -3.22028882E+01
  2.55000000E-01  2.22333160E+01 -3.12111390E+01
  2.56000000E-01  2.22026007E+01 -3.02515509E+01
  2.57000000E-01  2.21728290E+01 -2.93229830E+01
  2.58000000E-01  2.21439703E+01 -2.84243419E+01
  2.59000000E-01  2.21159952E+01 -2.75545792E+01
  2.60000000E-01  2.20888755E+01 -2.67126895E+01
  2.61000000E-01  2.20625838E+01 -2.58977076E+01
  2.62000000E-01  2.20370936E+01 -2.51087073E+01
  2.63000000E-01  2.20123794E+01 -2.43447990E+01
  2.64000000E-01  2.19884165E+01 -2.36051255E+01
  2.65000000E-01  2.19651812E+01 -2.28888638E+01
  2.66000000E-01  2.19426505E+01 -2.21952220E+01
  2.67000000E-01  2.19208021E+01 -2.15234387E+01
  2.68000000E-01  2.18996146E+01 -2.08727798E+01
  2.69000000E-01  2.18790671E+01 -2.02425393E+01
  2.70000000E-01  2.18591397E+01 -1.96320383E+01
  2.71000000E-01  2.18398129E+01 -1.90406223E+01
  2.72000000E-01  2.18210680E+01 -1.84676608E+01
  2.73000000E-01  2.18028868E+01 -1.79125459E+01
  2.74000000E-01  2.17852518E+01 -1.73746917E+01
  2.75000000E-01  2.17681461E+01 -1.68535323E+01
  2.76000000E-01  2.17515531E+01 -1.63485220E+01
  2.77000000E-01  2.17354571E+01 -1.58591353E+01
  2.78000000E-01  2.17198426E+01 -1.53848654E+01
  2.79000000E-01  2.17046949E+01 -1.49252232E+01
  2.80000000E-01  2.16899995E+01 -1.44797367E+01
  2.81000000E-01  2.16757425E+01 -1.40479496E+01
  2.82000000E-01  2.16619105E+01 -1.36294225E+01
  2.83000000E-01  2.16484903E+01 -1.32237310E+01
  2.84000000E-01  2.16354694E+01 -1.28304648E+01
  2.85000000E-01  2.16228356E+01 -1.24492256E+01
  2.86000000E-01  2.16105770E+01 -1.20796304E+01
  2.87000000E-01  2.15986822E+01 -1.17213091E+01
  2.88000000E-01  2.15871400E+01 -1.13739032E+01
  2.89000000E-01  2.15759398E+01 -1.10370673E+01
  2.90000000E-01  2.15650712E+01 -1.07104676E+01
  2.91000000E-01  2.15545240E+01 -1.03937815E+01
  2.92000000E-01  2.15442885E+01 -1.00866970E+01
  2.93000000E-01  2.15343554E+01 -9.78891261E+00
  2.94000000E-01  2.15247154E+01 -9.50013655E+00
  2.95000000E-01  2.15153596E+01 -9.22008687E+00
  2.96000000E-01  2.15062796E+01 -8.94849085E+00
  2.97000000E-01  2.14974669E+01 -8.68508465E+00
  2.98000000E-01  2.14889135E+01 -8.42961298E+00
  2.99000000E-01  2.14806116E+01 -8.18182884E+00
  3.00000000E-01  2.14725537E+01 -7.94149330E+00
  3.01000000E-01  2.14647323E+01 -7.70837520E+00
  3.02000000E-01  2.14571405E+01 -7.48225091E+00
  3.03000000E-01  2.14497713E+01 -7.26290404E+00
  3.04000000E-01  2.14426181E+01 -7.05012520E+00
  3.05000000E-01  2.14356744E+01 -6.84371174E+00
  3.06000000E-01  2.14289339E+01 -6.64346755E+00
  3.07000000E-01  2.14223905E+01 -6.44920281E+00
  3.08000000E-01  2.14160385E+01 -6.26073375E+00
  3.09000000E-01  2.14098720E+01 -6.07788242E+00
  3.10000000E-01  2.14038855E+01 -5.90047655E+00
  3.11000000E-01  2.13980737E+01 -5.72834935E+00
  3.12000000E-01  2.13924314E+01 -5.56133935E+00
  3.13000000E-01  2.13869536E+01 -5.39929025E+00
  3.14000000E-01  2.13816353E+01 -5.24205071E+00
  3.15000000E-01  2.13764719E+01 -5.08947420E+00
  3.16000000E-01  2.13714587E+01 -4.94141887E+00
  3.17000000E-01  2.13665913E+01 -4.79774733E+00
  3.18000000E-01  2.13618654E+01 -4.65832657E+00
  3.19000000E-01  2.13572768E+01 -4.52302780E+00
  3.20000000E-01  2.13528214E+01 -4.39172622E+00
  3.21000000E-01  2.13484953E+01 -4.26430079E+00
  3.22000000E-01  2.13442948E+01 -4.14063433E+00
  3.23000000E-01  2.13402160E+01 -4.02061332E+00
  3.24000000E-01  2.13362554E+01 -3.90412780E+00
  3.25000000E-01  2.13324095E+01 -3.79107126E+00
  3.26000000E-01  2.13286749E+01 -3.68134044E+00
  3.27000000E-01  2.13250485E+01 -3.57483521E+00
  3.28000000E-01  2.13215269E+01 -3.47145862E+00
  3.29000000E-01  2.13181071E+01 -3.37111677E+00
  3.30000000E-01  2.13147862E+01 -3.27371865E+00
  3.31000000E-01  2.13115611E+01 -3.17917609E+00
  3.32000000E-01  2.13084292E+01 -3.08740361E+00
  3.33000000E-01  2.13053877E+01 -2.99831837E+00
  3.34000000E-01  2.13024339E+01 -2.91184010E+00
  3.35000000E-01  2.12995653E+01 -2.82789099E+00
  3.36000000E-01  2.12967794E+01 -2.74639566E+00
  3.37000000E-01  2.12940738E+01 -2.66728111E+00
  3.38000000E-01  2.12914460E+01 -2.59047649E+00
  3.39000000E-01  2.12888940E+01 -2.51591279E+00
  3.40000000E-01  2.12864153E+01 -2.44352330E+00
  3.41000000E-01  2.12840080E+01 -2.37324345E+00
  3.42000000E-01  2.12816699E+01 -2.30501073E+00
  3.43000000E-01  2.12793990E+01 -2.23876440E+00
  3.44000000E-01  2.12771934E+01 -2.17444554E+00
  3.45000000E-01  2.12750511E+01 -2.11199683E+00
  3.46000000E-01  2.12729703E+01 -2.05136271E+00
  3.47000000E-01  2.12709493E+01 -1.99248950E+00
  3.48000000E-01  2.12689862E+01 -1.93532485E+00
  3.49000000E-01  2.12670795E+01 -1.87981813E+00
  3.50000000E-01  2.12652274E+01 -1.82592058E+00
  3.51000000E-01  2.12634284E+01 -1.77358496E+00
  3.52000000E-01  2.12616810E+01 -1.72276544E+00
  3.53000000E-01  2.12599837E+01 -1.67341751E+00
  3.54000000E-01  2.12583349E+01 -1.62549799E+00
  3.55000000E-01  2.12567334E+01 -1.57896499E+00
  3.56000000E-01  2.12551777E+01 -1.53377784E+00
  3.57000000E-01  2.12536665E+01 -1.48989707E+00
  3.58000000E-01  2.12521985E+01 -1.44728437E+00
  3.59000000E-01  2.12507726E+01 -1.40590256E+00
  3.60000000E-01  2.12493874E+01 -1.36571556E+00
  3.61000000E-01  2.12480417E+01 -1.32668839E+00
  3.62000000E-01  2.12467346E+01 -1.28878708E+00
  3.63000000E-01  2.12454647E+01 -1.25197870E+00
  3.64000000E-01  2.12442311E+01 -1.21623128E+00
  3.65000000E-01  2.12430328E+01 -1.18151381E+00
  3.66000000E-01  2.12418686E+01 -1.14779620E+00
  3.67000000E-01  2.12407377E+01 -1.11504924E+00
  3.68000000E-01  2.12396390E+01 -1.08324460E+00
  3.69000000E-01  2.12385717E+01 -1.05235477E+00
  3.70000000E-01  2.12375348E+01 -1.02235307E+00
  3.71000000E-01  2.12365274E+01 -9.93213620E-01
  3.72000000E-01  2.12355488E+01 -9.64911335E-01
  3.73000000E-01  2.12345980E+01 -9.37421884E-01
  3.74000000E-01  2.12336743E+01 -9.10721651E-01
  3.75000000E-01  2.12327770E+01 -8.84787710E-01
  3.76000000E-01  2.12319051E+01 -8.59597803E-01
  3.77000000E-01  2.12310581E+01 -8.35130325E-01
  3.78000000E-01  2.12302352E+01 -8.11364304E-01
  3.79000000E-01  2.12294358E+01 -7.88279388E-01
  3.80000000E-01  2.12286590E+01 -7.65855821E-01
  3.81000000E-01  2.12279044E+01 -7.44074431E-01
  3.82000000E-01  2.12271712E+01 -7.22916609E-01
  3.83000000E-01  2.12264589E+01 -7.02364290E-01
  3.84000000E-01  2.12257668E+01 -6.82399921E-01
  3.85000000E-01  2.12250944E+01 -6.63006520E-01
  3.86000000E-01  2.12244410E+01 -6.44167624E-01
  3.87000000E-01  2.12238063E+01 -6.25867199E-01
  3.88000000E-01  2.12231896E+01 -6.08089684E-01
  3.89000000E-01  2.12225904E+01 -5.90819987E-01
  3.90000000E-01  2.12220082E+01 -5.74043469E-01
  3.91000000E-01  2.12214425E+01 -5.57745968E-01
  3.92000000E-01  2.12208929E+01 -5.41913557E-01
  3.93000000E-01  2.12203589E+01 -5.26532898E-01
  3.94000000E-01  2.12198401E+01 -5.11591035E-01
  3.95000000E-01  2.12193360E+01 -4.97075370E-01
  3.96000000E-01  2.12188462E+01 -4.82973655E-01
  3.97000000E-01  2.12183702E+01 -4.69273989E-01
  3.98000000E-01  2.12179078E+01 -4.55964800E-01
  3.99000000E-01  2.12174585E+01 -4.43034844E-01
  4.00000000E-01  2.12170219E+01 -4.30473188E-01
  4.01000000E-01  2.12165977E+01 -4.18269202E-01
  4.02000000E-01  2.12161856E+01 -4.06412553E-01
  4.03000000E-01  2.12157851E+01 -3.94893336E-01
  4.04000000E-01  2.12153960E+01 -3.83702018E-01
  4.05000000E-01  2.12150179E+01 -3.72829235E-01
  4.06000000E-01  2.12146505E+01 -3.62265834E-01
  4.07000000E-01  2.12142935E+01 -3.52002908E-01
  4.08000000E-01  2.12139466E+01 -3.42031786E-01
  4.09000000E-01  2.12136096E+01 -3.32343946E-01
  4.10000000E-01  2.12132821E+01 -3.22931705E-01
  4.11000000E-01  2.12129638E+01 -3.13787057E-01
  4.12000000E-01  2.12126546E+01 -3.04902296E-01
  4.13000000E-01  2.12123542E+01 -2.96269963E-01
  4.14000000E-01  2.12120622E+01 -2.87882860E-01
  4.15000000E-01  2.12117785E+01 -2.79733987E-01
  4.16000000E-01  2.12115029E+01 -2.71816503E-01
  4.17000000E-01  2.12112350E+01 -2.64123768E-01
  4.18000000E-01  2.12109747E+01 -2.56649338E-01
  4.19000000E-01  2.12107218E+01 -2.49386969E-01
  4.20000000E-01  2.12104761E+01 -2.42330632E-01
  4.21000000E-01  2.12102373E+01 -2.35474506E-01
  4.22000000E-01  2.12100052E+01 -2.28812946E-01
  4.23000000E-01  2.12097797E+01 -2.22340314E-01
  4.24000000E-01  2.12095606E+01 -2.16051242E-01
  4.25000000E-01  2.12093477E+01 -2.09940501E-01
  4.26000000E-01  2.12091408E+01 -2.04003003E-01
  4.27000000E-01  2.12089398E+01 -1.98233797E-01
  4.28000000E-01  2.12087444E+01 -1.92628058E-01
  4.29000000E-01  2.12085546E+01 -1.87181019E-01
  4.30000000E-01  2.12083702E+01 -1.81888056E-01
  4.31000000E-01  2.12081909E+01 -1.76745040E-01
  4.32000000E-01  2.12080167E+01 -1.71747709E-01
  4.33000000E-01  2.12078475E+01 -1.66891965E-01
  4.34000000E-01  2.12076830E+01 -1.62173947E-01
  4.35000000E-01  2.12075232E+01 -1.57589768E-01
  4.36000000E-01  2.12073679E+01 -1.53135607E-01
  4.37000000E-01  2.12072170E+01 -1.48807724E-01
  4.38000000E-01  2.12070704E+01 -1.44602480E-01
  4.39000000E-01  2.12069279E+01 -1.40516331E-01
  4.40000000E-01  2.12067894E+01 -1.36545835E-01
  4.41000000E-01  2.12066548E+01 -1.32687675E-01
  4.42000000E-01  2.12065241E+01 -1.28938648E-01
  4.43000000E-01  2.12063970E+01 -1.25295657E-01
  4.44000000E-01  2.12062735E+01 -1.21755698E-01
  4.45000000E-01  2.12061536E+01 -1.18315851E-01
  4.46000000E-01  2.12060370E+01 -1.14973280E-01
  4.47000000E-01  2.12059237E+01 -1.11725222E-01
  4.48000000E-01  2.12058136E+01 -1.08568981E-01
  4.49000000E-01  2.12057066E+01 -1.05501959E-01
  4.50000000E-01  2.12056026E+01 -1.02521707E-01
  4.51000000E-01  2.12055016E+01 -9.96258121E-02
  4.52000000E-01  2.12054034E+01 -9.68123142E-02
  4.53000000E-01  2.12053080E+01 -9.40780279E-02
  4.54000000E-01  2.12052153E+01 -9.14208903E-02
  4.55000000E-01  2.12051252E+01 -8.88388084E-02
  4.56000000E-01  2.12050376E+01 -8.63296717E-02
  4.57000000E-01  2.12049526E+01 -8.38914234E-02
  4.58000000E-01  2.12048699E+01 -8.15220663E-02
  4.59000000E-01  2.12047895E+01 -7.92196688E-02
  4.60000000E-01  2.12047115E+01 -7.69823481E-02
  4.61000000E-01  2.12046356E+01 -7.48082731E-02
  4.62000000E-01  2.12045619E+01 -7.26956684E-02
  4.63000000E-01  2.12044902E+01 -7.06428070E-02
  4.64000000E-01  2.12044206E+01 -6.86480101E-02
  4.65000000E-01  2.12043530E+01 -6.67096451E-02
  4.66000000E-01  2.12042872E+01 -6.48261242E-02
  4.67000000E-01  2.12042234E+01 -6.29959012E-02
  4.68000000E-01  2.12041613E+01 -6.12174704E-02
  4.69000000E-01  2.12041009E+01 -5.94893654E-02
  4.70000000E-01  2.12040423E+01 -5.78101591E-02
  4.71000000E-01  2.12039854E+01 -5.61784639E-02
  4.72000000E-01  2.12039300E+01 -5.45929324E-02
  4.73000000E-01  2.12038762E+01 -5.30522608E-02
  4.74000000E-01  2.12038239E+01 -5.15551808E-02
  4.75000000E-01  2.12037731E+01 -5.01004593E-02
  4.76000000E-01  2.12037237E+01 -4.86868912E-02
  4.77000000E-01  2.12036757E+01 -4.73133278E-02
  4.78000000E-01  2.12036291E+01 -4.59786308E-02
  4.79000000E-01  2.12035838E+01 -4.46816863E-02
  4.80000000E-01  2.12035398E+01 -4.34213491E-02
  4.81000000E-01  2.12034970E+01 -4.21967196E-02
  4.82000000E-01  2.12034554E+01 -4.10068558E-02
  4.83000000E-01  2.12034150E+01 -3.98506712E-02
  4.84000000E-01  2.12033757E+01 -3.87271399E-02
  4.85000000E-01  2.12033376E+01 -3.76353096E-02
  4.86000000E-01  2.12033005E+01 -3.65742690E-02
  4.87000000E-01  2.12032644E+01 -3.55431448E-02
  4.88000000E-01  2.12032294E+01 -3.45410560E-02
  4.89000000E-01  2.12031954E+01 -3.35671642E-02
  4.90000000E-01  2.12031623E+01 -3.26206656E-02
  4.91000000E-01  2.12031301E+01 -3.17007895E-02
  4.92000000E-01  2.12030989E+01 -3.08068135E-02
  4.93000000E-01  2.12030685E+01 -2.99380045E-02
  4.94000000E-01  2.12030390E+01 -2.90936781E-02
  4.95000000E-01  2.12030103E+01 -2.82731488E-02
  4.96000000E-01  2.12029825E+01 -2.74757265E-02
  4.97000000E-01  2.12029554E+01 -2.67007389E-02
  4.98000000E-01  2.12029291E+01 -2.59475493E-02
  4.99000000E-01  2.12029035E+01 -2.52155549E-02
  5.00000000E-01  2.12028787E+01 -2.45041763E-02
