  0.00000000E+00  0.00000000E+00  4.78850835E+00
  5.00000000E-03  2.39425418E-02  4.78850835E+00
  1.00000000E-02  4.78850835E-02  4.41294459E+00
  1.50000000E-02  6.90108971E-02  4.08202816E+00
  2.00000000E-02  8.85937468E-02  3.79285826E+00
  2.50000000E-02  1.06835113E-01  3.54098365E+00
  3.00000000E-02  1.23910345E-01  3.32187171E+00
  3.50000000E-02  1.39971924E-01  3.13135529E+00
  4.00000000E-02  1.55152409E-01  2.96573454E+00
  4.50000000E-02  1.69567030E-01  2.82176700E+00
  5.00000000E-02  1.83315946E-01  2.69662526E+00
  5.50000000E-02  1.96486218E-01  2.58784869E+00
  6.00000000E-02  2.09153520E-01  2.49329748E+00
  6.50000000E-02  2.21383629E-01  2.41111138E+00
  7.00000000E-02  2.33233721E-01  2.33967334E+00
  7.50000000E-02  2.44753493E-01  2.27757777E+00
  8.00000000E-02  2.55986143E-01  2.22360294E+00
  8.50000000E-02  2.66969220E-01  2.17668687E+00
  9.00000000E-02  2.77735364E-01  2.13590650E+00
  9.50000000E-02  2.88312946E-01  2.10045945E+00
  1.00000000E-01  2.98726626E-01  2.06964831E+00
  1.05000000E-01  3.08997839E-01  2.04286686E+00
  1.10000000E-01  3.19145220E-01  2.01958814E+00
  1.15000000E-01  3.29184964E-01  1.99935412E+00
  1.20000000E-01  3.39131150E-01  1.98176666E+00
  1.25000000E-01  3.48996014E-01  1.96647967E+00
  1.30000000E-01  3.58790195E-01  1.95319233E+00
  1.35000000E-01  3.68522938E-01  1.94164314E+00
  1.40000000E-01  3.78202281E-01  1.93160482E+00
  1.45000000E-01  3.87835209E-01  1.92287978E+00
  1.50000000E-01  3.97427796E-01  1.91529629E+00
  1.55000000E-01  4.06985318E-01  1.90870505E+00
  1.60000000E-01  4.16512366E-01  1.90297630E+00
  1.65000000E-01  4.26012925E-01  1.89799724E+00
  1.70000000E-01  4.35490464E-01  1.89366983E+00
  1.75000000E-01  4.44947994E-01  1.88990884E+00
  1.80000000E-01  4.54388136E-01  1.88664018E+00
  1.85000000E-01  4.63813165E-01  1.88379945E+00
  1.90000000E-01  4.73225061E-01  1.88133069E+00
  1.95000000E-01  4.82625542E-01  1.87918523E+00
  2.00000000E-01  4.92016105E-01  1.87732078E+00
  2.05000000E-01  5.01398048E-01 -2.91308409E+00
  2.10000000E-01  4.74856615E-01 -2.66408641E+00
  2.15000000E-01  4.62158677E-01 -2.36112212E+00
  2.20000000E-01  4.51110477E-01 -2.06808118E+00
  2.25000000E-01  4.41502674E-01 -1.80311732E+00
  2.30000000E-01  4.33149497E-01 -1.56925116E+00
  2.35000000E-01  4.25887906E-01 -1.36473745E+00
  2.40000000E-01  4.19575503E-01 -1.18653947E+00
  2.45000000E-01  4.14088301E-01 -1.03149302E+00
  2.50000000E-01  4.09318452E-01 -8.96666594E-01
  2.55000000E-01  4.05172185E-01 -7.79449522E-01
  2.60000000E-01  4.01567980E-01 -6.77550917E-01
  2.65000000E-01  3.98434972E-01 -5.88971993E-01
  2.70000000E-01  3.95711560E-01 -5.11972727E-01
  2.75000000E-01  3.93344194E-01 -4.45039710E-01
  2.80000000E-01  3.91286328E-01 -3.86857091E-01
  2.85000000E-01  3.89497499E-01 -3.36280943E-01
  2.90000000E-01  3.87942535E-01 -2.92316858E-01
  2.95000000E-01  3.86590861E-01 -2.54100422E-01
  3.00000000E-01  3.85415900E-01 -2.20880221E-01
  3.05000000E-01  3.84394549E-01 -1.92003078E-01
  3.10000000E-01  3.83506727E-01 -1.66901207E-01
  3.15000000E-01  3.82734975E-01 -1.45081049E-01
  3.20000000E-01  3.82064120E-01 -1.26113573E-01
  3.25000000E-01  3.81480971E-01 -1.09625832E-01
  3.30000000E-01  3.80974061E-01 -9.52936394E-02
  3.35000000E-01  3.80533424E-01 -8.28351888E-02
  3.40000000E-01  3.80150394E-01 -7.20055158E-02
  3.45000000E-01  3.79817440E-01 -6.25916811E-02
  3.50000000E-01  3.79528017E-01 -5.44085840E-02
  3.55000000E-01  3.79276431E-01 -4.72953227E-02
  3.60000000E-01  3.79057738E-01 -4.11120309E-02
  3.65000000E-01  3.78867636E-01 -3.57371275E-02
  3.70000000E-01  3.78702388E-01 -3.10649267E-02
  3.75000000E-01  3.78558744E-01 -2.70035591E-02
  3.80000000E-01  3.78433879E-01 -2.34731664E-02
  3.85000000E-01  3.78325339E-01 -2.04043302E-02
  3.90000000E-01  3.78230990E-01 -1.77367079E-02
  3.95000000E-01  3.78148975E-01 -1.54178458E-02
  4.00000000E-01  3.78077683E-01 -1.34021478E-02
  4.05000000E-01  3.78015712E-01 -1.16499787E-02
  4.10000000E-01  3.77961842E-01 -1.01268854E-02
  4.15000000E-01  3.77915016E-01 -8.80291895E-03
  4.20000000E-01  3.77874311E-01 -7.65204583E-03
  4.25000000E-01  3.77838928E-01 -6.65163611E-03
  4.30000000E-01  3.77808171E-01 -5.78201844E-03
  4.35000000E-01  3.77781435E-01 -5.02609326E-03
  4.40000000E-01  3.77758194E-01 -4.36899658E-03
  4.45000000E-01  3.77737992E-01 -3.79780768E-03
  4.50000000E-01  3.77720431E-01 -3.30129510E-03
  4.55000000E-01  3.77705165E-01 -2.86969574E-03
  4.60000000E-01  3.77691896E-01 -2.49452294E-03
  4.65000000E-01  3.77680361E-01 -2.16839953E-03
  4.70000000E-01  3.77670335E-01 -1.88491288E-03
  4.75000000E-01  3.77661619E-01 -1.63848868E-03
  4.80000000E-01  3.77654042E-01 -1.42428145E-03
  4.85000000E-01  3.77647456E-01 -1.23807917E-03
  4.90000000E-01  3.77641732E-01 -1.07622050E-03
  4.95000000E-01  3.77636755E-01 -9.35522801E-04
  5.00000000E-01  3.77632429E-01 -8.13219506E-04
  