  0.00000000E+00  0.00000000E+00  9.57702623E+00
  5.00000000E-03  4.78851311E-02  9.57702623E+00
  1.00000000E-02  9.57702623E-02  8.82585993E+00
  1.50000000E-02  1.38021646E-01  8.16381214E+00
  2.00000000E-02  1.77185587E-01  7.58533595E+00
  2.50000000E-02  2.13666077E-01  7.08155601E+00
  3.00000000E-02  2.47814407E-01  6.64338339E+00
  3.50000000E-02  2.79935892E-01  6.26245722E+00
  4.00000000E-02  3.10295863E-01  5.93135791E+00
  4.50000000E-02  3.39124904E-01  5.64358634E+00
  5.00000000E-02  3.66623407E-01  5.39347777E+00
  5.50000000E-02  3.92965524E-01  5.17610394E+00
  6.00000000E-02  4.18302610E-01  4.98718041E+00
  6.50000000E-02  4.42766203E-01  4.82298337E+00
  7.00000000E-02  4.66470627E-01  4.68027654E+00
  7.50000000E-02  4.89515243E-01  4.55624739E+00
  8.00000000E-02  5.11986407E-01  4.44845163E+00
  8.50000000E-02  5.33959175E-01  4.35476494E+00
  9.00000000E-02  5.55498783E-01  4.27334110E+00
  9.50000000E-02  5.76661929E-01  4.20257551E+00
  1.00000000E-01  5.97497893E-01  4.14107358E+00
  1.05000000E-01  6.18049506E-01  4.08762321E+00
  1.10000000E-01  6.38353996E-01  4.04117092E+00
  1.15000000E-01  6.58443720E-01  4.00080105E+00
  1.20000000E-01  6.78346801E-01  3.96571776E+00
  1.25000000E-01  6.98087681E-01  3.93522931E+00
  1.30000000E-01  7.17687607E-01  3.90873447E+00
  1.35000000E-01  7.37165042E-01  3.88571066E+00
  1.40000000E-01  7.56536036E-01  3.86570365E+00
  1.45000000E-01  7.75814536E-01  3.84831865E+00
  1.50000000E-01  7.95012667E-01  3.83321249E+00
  1.55000000E-01  8.14140964E-01  3.82008690E+00
  1.60000000E-01  8.33208585E-01  3.80868264E+00
  1.65000000E-01  8.52223487E-01  3.79877436E+00
  1.70000000E-01  8.71192588E-01  3.79016619E+00
  1.75000000E-01  8.90121899E-01  3.78268790E+00
  1.80000000E-01  9.09016643E-01  3.77619152E+00
  1.85000000E-01  9.27881359E-01  3.77054843E+00
  1.90000000E-01  9.46719994E-01  3.76564685E+00
  1.95000000E-01  9.65535974E-01  3.76138962E+00
  2.00000000E-01  9.84332279E-01  3.75769228E+00
  2.05000000E-01  1.00311150E+00 -5.82474434E+00
  2.10000000E-01  9.50031684E-01 -5.32608693E+00
  2.15000000E-01  9.24647893E-01 -4.71968135E+00
  2.20000000E-01  9.02565500E-01 -4.13359036E+00
  2.25000000E-01  8.83362776E-01 -3.60406153E+00
  2.30000000E-01  8.66666290E-01 -3.13669777E+00
  2.35000000E-01  8.52151211E-01 -2.72798875E+00
  2.40000000E-01  8.39533039E-01 -2.37186104E+00
  2.45000000E-01  8.28564053E-01 -2.06199155E+00
  2.50000000E-01  8.19028769E-01 -1.79252357E+00
  2.55000000E-01  8.10739822E-01 -1.55824170E+00
  2.60000000E-01  8.03534318E-01 -1.35456951E+00
  2.65000000E-01  7.97270651E-01 -1.17751400E+00
  2.70000000E-01  7.91825719E-01 -1.02359904E+00
  2.75000000E-01  7.87092512E-01 -8.89801093E-01
  2.80000000E-01  7.82978001E-01 -7.73491205E-01
  2.85000000E-01  7.79401320E-01 -6.72383814E-01
  2.90000000E-01  7.76292169E-01 -5.84491999E-01
  2.95000000E-01  7.73589439E-01 -5.08088492E-01
  3.00000000E-01  7.71240005E-01 -4.41671761E-01
  3.05000000E-01  7.69197688E-01 -3.83936508E-01
  3.10000000E-01  7.67422344E-01 -3.33748030E-01
  3.15000000E-01  7.65879075E-01 -2.90119925E-01
  3.20000000E-01  7.64537545E-01 -2.52194706E-01
  3.25000000E-01  7.63371385E-01 -2.19226959E-01
  3.30000000E-01  7.62357669E-01 -1.90568695E-01
  3.35000000E-01  7.61476472E-01 -1.65656617E-01
  3.40000000E-01  7.60710469E-01 -1.44001052E-01
  3.45000000E-01  7.60044602E-01 -1.25176328E-01
  3.50000000E-01  7.59465782E-01 -1.08812412E-01
  3.55000000E-01  7.58962630E-01 -9.45876364E-02
  3.60000000E-01  7.58525254E-01 -8.22223786E-02
  3.65000000E-01  7.58145055E-01 -7.14735648E-02
  3.70000000E-01  7.57814559E-01 -6.21298941E-02
  3.75000000E-01  7.57527269E-01 -5.40076853E-02
  3.80000000E-01  7.57277536E-01 -4.69472667E-02
  3.85000000E-01  7.57060451E-01 -4.08098386E-02
  3.90000000E-01  7.56871745E-01 -3.54747444E-02
  3.95000000E-01  7.56707709E-01 -3.08370995E-02
  4.00000000E-01  7.56565118E-01 -2.68057298E-02
  4.05000000E-01  7.56441168E-01 -2.33013794E-02
  4.10000000E-01  7.56333422E-01 -2.02551531E-02
  4.15000000E-01  7.56239761E-01 -1.76071613E-02
  4.20000000E-01  7.56158346E-01 -1.53053439E-02
  4.25000000E-01  7.56087573E-01 -1.33044459E-02
  4.30000000E-01  7.56026053E-01 -1.15651285E-02
  4.35000000E-01  7.55972576E-01 -1.00531953E-02
  4.40000000E-01  7.55926090E-01 -8.73892030E-03
  4.45000000E-01  7.55885681E-01 -7.59646365E-03
  4.50000000E-01  7.55850555E-01 -6.60336332E-03
  4.55000000E-01  7.55820021E-01 -5.74009375E-03
  4.60000000E-01  7.55793479E-01 -4.98968194E-03
  4.65000000E-01  7.55770406E-01 -4.33737376E-03
  4.70000000E-01  7.55750350E-01 -3.77034388E-03
  4.75000000E-01  7.55732916E-01 -3.27744363E-03
  4.80000000E-01  7.55717761E-01 -2.84898182E-03
  4.85000000E-01  7.55704587E-01 -2.47653421E-03
  4.90000000E-01  7.55693136E-01 -2.15277788E-03
  4.95000000E-01  7.55683181E-01 -1.87134722E-03
  5.00000000E-01  7.55674528E-01 -1.62670885E-03
  