  0.00000000E+00  0.00000000E+00  1.53207723E+02
  5.00000000E-03  7.66038614E-01  1.53207723E+02
  1.00000000E-02  1.53207723E+00  1.40770688E+02
  1.50000000E-02  2.20483808E+00  1.27398355E+02
  2.00000000E-02  2.80839903E+00  1.15587833E+02
  2.50000000E-02  3.35681189E+00  1.06345352E+02
  3.00000000E-02  3.86543244E+00  9.90810457E+01
  3.50000000E-02  4.34267690E+00  9.31516248E+01
  4.00000000E-02  4.79361148E+00  8.81108125E+01
  4.50000000E-02  5.22156351E+00  8.37387445E+01
  5.00000000E-02  5.62932706E+00  7.99091460E+01
  5.50000000E-02  6.01929879E+00  7.65476869E+01
  6.00000000E-02  6.39363358E+00  7.35944587E+01
  6.50000000E-02  6.75422280E+00  7.09999614E+01
  7.00000000E-02  7.10273637E+00  6.87195791E+01
  7.50000000E-02  7.44063331E+00  6.67143362E+01
  8.00000000E-02  7.76919188E+00  6.49498041E+01
  8.50000000E-02  8.08952957E+00  6.33960303E+01
  9.00000000E-02  8.40262529E+00  6.20268370E+01
  9.50000000E-02  8.70933649E+00  6.08194135E+01
  1.00000000E-01  9.01041500E+00  5.97538199E+01
  1.05000000E-01  9.30652011E+00  5.88126230E+01
  1.10000000E-01  9.59823024E+00  5.79805552E+01
  1.15000000E-01  9.88605284E+00  5.72442407E+01
  1.20000000E-01  1.01704333E+01  5.65919553E+01
  1.25000000E-01  1.04517623E+01  5.60134259E+01
  1.30000000E-01  1.07303831E+01  5.54996562E+01
  1.35000000E-01  1.10065970E+01  5.50427795E+01
  1.40000000E-01  1.12806687E+01  5.46359285E+01
  1.45000000E-01  1.15528312E+01  5.42731211E+01
  1.50000000E-01  1.18232898E+01  5.39491570E+01
  1.55000000E-01  1.20922257E+01  5.36595220E+01
  1.60000000E-01  1.23597992E+01  5.34003014E+01
  1.65000000E-01  1.26261526E+01  5.31680996E+01
  1.70000000E-01  1.28914126E+01  5.29599691E+01
  1.75000000E-01  1.31556922E+01  5.27733457E+01
  1.80000000E-01  1.34190923E+01  5.26059919E+01
  1.85000000E-01  1.36817039E+01  5.24559470E+01
  1.90000000E-01  1.39436085E+01  5.23214831E+01
  1.95000000E-01  1.42048798E+01  5.22010669E+01
  2.00000000E-01  1.44655841E+01  5.20933281E+01
  2.05000000E-01  1.47257814E+01 -1.09636989E+02
  2.10000000E-01  1.37732706E+01 -7.99060009E+01
  2.15000000E-01  1.34480681E+01 -6.57172448E+01
  2.20000000E-01  1.31549538E+01 -5.59663168E+01
  2.25000000E-01  1.28994995E+01 -4.73660322E+01
  2.30000000E-01  1.26841701E+01 -4.02566087E+01
  2.35000000E-01  1.25006606E+01 -3.43014565E+01
  2.40000000E-01  1.23440412E+01 -2.92276528E+01
  2.45000000E-01  1.22105874E+01 -2.49489760E+01
  2.50000000E-01  1.20965392E+01 -2.13438284E+01
  2.55000000E-01  1.19988329E+01 -1.82925485E+01
  2.60000000E-01  1.19149984E+01 -1.56989017E+01
  2.65000000E-01  1.18429880E+01 -1.34880695E+01
  2.70000000E-01  1.17810747E+01 -1.15997934E+01
  2.75000000E-01  1.17277965E+01 -9.98432187E+00
  2.80000000E-01  1.16819135E+01 -8.60015345E+00
  2.85000000E-01  1.16423732E+01 -7.41262531E+00
  2.90000000E-01  1.16082789E+01 -6.39270195E+00
  2.95000000E-01  1.15788652E+01 -5.51593697E+00
  3.00000000E-01  1.15534774E+01 -4.76164344E+00
  3.05000000E-01  1.15315549E+01 -4.11225766E+00
  3.10000000E-01  1.15126171E+01 -3.55283059E+00
  3.15000000E-01  1.14962515E+01 -3.07061887E+00
  3.20000000E-01  1.14821040E+01 -2.65474255E+00
  3.25000000E-01  1.14698699E+01 -2.29590027E+00
  3.30000000E-01  1.14592875E+01 -1.98613059E+00
  3.35000000E-01  1.14501313E+01 -1.71861147E+00
  3.40000000E-01  1.14422071E+01 -1.48749132E+00
  3.45000000E-01  1.14353474E+01 -1.28774637E+00
  3.50000000E-01  1.14294080E+01 -1.11506008E+00
  3.55000000E-01  1.14242644E+01 -9.65721045E-01
  3.60000000E-01  1.14198092E+01 -8.36535612E-01
  3.65000000E-01  1.14159495E+01 -7.24754628E-01
  3.70000000E-01  1.14126051E+01 -6.28009443E-01
  3.75000000E-01  1.14097070E+01 -5.44258325E-01
  3.80000000E-01  1.14071951E+01 -4.71740483E-01
  3.85000000E-01  1.14050176E+01 -4.08936682E-01
  3.90000000E-01  1.14031300E+01 -3.54535599E-01
  3.95000000E-01  1.14014933E+01 -3.07404773E-01
  4.00000000E-01  1.14000741E+01 -2.66565885E-01
  4.05000000E-01  1.13988434E+01 -2.31173480E-01
  4.10000000E-01  1.13977760E+01 -2.00496780E-01
  4.15000000E-01  1.13968502E+01 -1.73903920E-01
  4.20000000E-01  1.13960471E+01 -1.50848431E-01
  4.25000000E-01  1.13953505E+01 -1.30857592E-01
  4.30000000E-01  1.13947462E+01 -1.13522223E-01
  4.35000000E-01  1.13942220E+01 -9.84880899E-02
  4.40000000E-01  1.13937671E+01 -8.54485038E-02
  4.45000000E-01  1.13933725E+01 -7.41378921E-02
  4.50000000E-01  1.13930301E+01 -6.43262014E-02
  4.55000000E-01  1.13927329E+01 -5.58141858E-02
  4.60000000E-01  1.13924752E+01 -4.84292067E-02
  4.65000000E-01  1.13922515E+01 -4.20216736E-02
  4.70000000E-01  1.13920574E+01 -3.64618989E-02
  4.75000000E-01  1.13918890E+01 -3.16374390E-02
  4.80000000E-01  1.13917428E+01 -2.74507634E-02
  4.85000000E-01  1.13916161E+01 -2.38174949E-02
  4.90000000E-01  1.13915061E+01 -2.06644882E-02
  4.95000000E-01  1.13914106E+01 -1.79282927E-02
  5.00000000E-01  1.13913278E+01 -1.55538053E-02
  