  0.00000000E+00  0.00000000E+00  1.91540620E+01
  5.00000000E-03  9.57703099E-02  1.91540620E+01
  1.00000000E-02  1.91540620E-01  1.76513740E+01
  1.50000000E-02  2.76040770E-01  1.63254592E+01
  2.00000000E-02  3.54353279E-01  1.51673002E+01
  2.50000000E-02  4.27294383E-01  1.41593849E+01
  3.00000000E-02  4.95571518E-01  1.32833476E+01
  3.50000000E-02  5.59798163E-01  1.25222507E+01
  4.00000000E-02  6.20506674E-01  1.18610913E+01
  4.50000000E-02  6.78159233E-01  1.12867553E+01
  5.00000000E-02  7.33157169E-01  1.07878324E+01
  5.50000000E-02  7.85849024E-01  1.03544103E+01
  6.00000000E-02  8.36537520E-01  9.97788213E+00
  6.50000000E-02  8.85485610E-01  9.65077444E+00
  7.00000000E-02  9.32921713E-01  9.36659784E+00
  7.50000000E-02  9.79044261E-01  9.11971674E+00
  8.00000000E-02  1.02402564E+00  8.90523651E+00
  8.50000000E-02  1.06801562E+00  8.71890571E+00
  9.00000000E-02  1.11114433E+00  8.55703127E+00
  9.50000000E-02  1.15352480E+00  8.41640494E+00
  1.00000000E-01  1.19525525E+00  8.29423953E+00
  1.05000000E-01  1.23642104E+00  8.18811347E+00
  1.10000000E-01  1.27709629E+00  8.09592284E+00
  1.15000000E-01  1.31734543E+00  8.01583959E+00
  1.20000000E-01  1.35722442E+00  7.94627536E+00
  1.25000000E-01  1.39678188E+00  7.88585001E+00
  1.30000000E-01  1.43606007E+00  7.83336429E+00
  1.35000000E-01  1.47509568E+00  7.78777614E+00
  1.40000000E-01  1.51392059E+00  7.74818010E+00
  1.45000000E-01  1.55256250E+00  7.71378934E+00
  1.50000000E-01  1.59104547E+00  7.68392018E+00
  1.55000000E-01  1.62939040E+00  7.65797855E+00
  1.60000000E-01  1.66761544E+00  7.63544825E+00
  1.65000000E-01  1.70573635E+00  7.61588074E+00
  1.70000000E-01  1.74376684E+00  7.59888631E+00
  1.75000000E-01  1.78171878E+00  7.58412634E+00
  1.80000000E-01  1.81960251E+00  7.57130664E+00
  1.85000000E-01  1.85742700E+00  7.56017161E+00
  1.90000000E-01  1.89520002E+00  7.55049919E+00
  1.95000000E-01  1.93292833E+00  7.54209650E+00
  2.00000000E-01  1.97061781E+00  7.53479595E+00
  2.05000000E-01  2.00827354E+00 -1.16420632E+01
  2.10000000E-01  1.90212107E+00 -1.06285037E+01
  2.15000000E-01  1.85151245E+00 -9.41448582E+00
  2.20000000E-01  1.80747507E+00 -8.24041541E+00
  2.25000000E-01  1.76920817E+00 -7.18499426E+00
  2.30000000E-01  1.73592175E+00 -6.25381512E+00
  2.35000000E-01  1.70698062E+00 -5.43954798E+00
  2.40000000E-01  1.68181855E+00 -4.72999045E+00
  2.45000000E-01  1.65994249E+00 -4.11252984E+00
  2.50000000E-01  1.64092349E+00 -3.57550530E+00
  2.55000000E-01  1.62438853E+00 -3.10853960E+00
  2.60000000E-01  1.61001324E+00 -2.70252849E+00
  2.65000000E-01  1.59751563E+00 -2.34952837E+00
  2.70000000E-01  1.58665049E+00 -2.04262323E+00
  2.75000000E-01  1.57720463E+00 -1.77579670E+00
  2.80000000E-01  1.56899272E+00 -1.54381674E+00
  2.85000000E-01  1.56185358E+00 -1.34213390E+00
  2.90000000E-01  1.55564712E+00 -1.16679245E+00
  2.95000000E-01  1.55025151E+00 -1.01435300E+00
  3.00000000E-01  1.54556085E+00 -8.81825089E-01
  3.05000000E-01  1.54148304E+00 -7.66608602E-01
  3.10000000E-01  1.53793804E+00 -6.66442860E-01
  3.15000000E-01  1.53485624E+00 -5.79362303E-01
  3.20000000E-01  1.53217713E+00 -5.03657980E-01
  3.25000000E-01  1.52984810E+00 -4.37844062E-01
  3.30000000E-01  1.52782341E+00 -3.80628720E-01
  3.35000000E-01  1.52606331E+00 -3.30888805E-01
  3.40000000E-01  1.52453321E+00 -2.87647832E-01
  3.45000000E-01  1.52320308E+00 -2.50056832E-01
  3.50000000E-01  1.52204677E+00 -2.17377711E-01
  3.55000000E-01  1.52104158E+00 -1.88968770E-01
  3.60000000E-01  1.52016776E+00 -1.64272124E-01
  3.65000000E-01  1.51940814E+00 -1.42802754E-01
  3.70000000E-01  1.51874780E+00 -1.24138999E-01
  3.75000000E-01  1.51817376E+00 -1.07914275E-01
  3.80000000E-01  1.51767475E+00 -9.38098888E-02
  3.85000000E-01  1.51724097E+00 -8.15487802E-02
  3.90000000E-01  1.51686388E+00 -7.08900850E-02
  3.95000000E-01  1.51653607E+00 -6.16244077E-02
  4.00000000E-01  1.51625111E+00 -5.35697112E-02
  4.05000000E-01  1.51600340E+00 -4.65677430E-02
  4.10000000E-01  1.51578807E+00 -4.04809280E-02
  4.15000000E-01  1.51560088E+00 -3.51896677E-02
  4.20000000E-01  1.51543816E+00 -3.05899912E-02
  4.25000000E-01  1.51529671E+00 -2.65915141E-02
  4.30000000E-01  1.51517375E+00 -2.31156629E-02
  4.35000000E-01  1.51506686E+00 -2.00941323E-02
  4.40000000E-01  1.51497394E+00 -1.74675431E-02
  4.45000000E-01  1.51489317E+00 -1.51842762E-02
  4.50000000E-01  1.51482296E+00 -1.31994586E-02
  4.55000000E-01  1.51476192E+00 -1.14740815E-02
  4.60000000E-01  1.51470887E+00 -9.97423470E-03
  4.65000000E-01  1.51466274E+00 -8.67043958E-03
  4.70000000E-01  1.51462265E+00 -7.53707045E-03
  4.75000000E-01  1.51458780E+00 -6.55185088E-03
  4.80000000E-01  1.51455750E+00 -5.69541598E-03
  4.85000000E-01  1.51453117E+00 -4.95093195E-03
  4.90000000E-01  1.51450827E+00 -4.30376524E-03
  4.95000000E-01  1.51448837E+00 -3.74119503E-03
  5.00000000E-01  1.51447107E+00 -3.25216324E-03
  