  0.00000000E+00  0.00000000E+00  2.39425808E+00
  5.00000000E-03  1.19712904E-02  2.39425808E+00
  1.00000000E-02  2.39425808E-02  2.20647756E+00
  1.50000000E-02  3.45055173E-02  2.04103130E+00
  2.00000000E-02  4.42970581E-02  1.89645331E+00
  2.50000000E-02  5.34178797E-02  1.77051635E+00
  3.00000000E-02  6.19556190E-02  1.66095562E+00
  3.50000000E-02  6.99864953E-02  1.56568925E+00
  4.00000000E-02  7.75767756E-02  1.48286857E+00
  4.50000000E-02  8.47840668E-02  1.41087327E+00
  5.00000000E-02  9.16584449E-02  1.34829026E+00
  5.50000000E-02  9.82434387E-02  1.29388966E+00
  6.00000000E-02  1.04576886E-01  1.24660188E+00
  6.50000000E-02  1.10691675E-01  1.20549697E+00
  7.00000000E-02  1.16616398E-01  1.16976655E+00
  7.50000000E-02  1.22375905E-01  1.13870790E+00
  8.00000000E-02  1.27991798E-01  1.11171020E+00
  8.50000000E-02  1.33482854E-01  1.08824247E+00
  9.00000000E-02  1.38865397E-01  1.06784318E+00
  9.50000000E-02  1.44153615E-01  1.05011112E+00
  1.00000000E-01  1.49359840E-01  1.03469757E+00
  1.05000000E-01  1.54494794E-01  1.02129937E+00
  1.10000000E-01  1.59567796E-01  1.00965304E+00
  1.15000000E-01  1.64586945E-01  9.99529517E-01
  1.20000000E-01  1.69559284E-01  9.90729697E-01
  1.25000000E-01  1.74490933E-01  9.83080509E-01
  1.30000000E-01  1.79387212E-01  9.76431512E-01
  1.35000000E-01  1.84252748E-01  9.70651932E-01
  1.40000000E-01  1.89091558E-01  9.65628096E-01
  1.45000000E-01  1.93907139E-01  9.61261190E-01
  1.50000000E-01  1.98702528E-01  9.57465323E-01
  1.55000000E-01  2.03480365E-01  9.54165830E-01
  1.60000000E-01  2.08242945E-01  9.51297812E-01
  1.65000000E-01  2.12992264E-01  9.48804851E-01
  1.70000000E-01  2.17730056E-01  9.46637910E-01
  1.75000000E-01  2.22457828E-01  9.44754360E-01
  1.80000000E-01  2.27176891E-01  9.43117146E-01
  1.85000000E-01  2.31888384E-01  9.41694059E-01
  1.90000000E-01  2.36593296E-01  9.40457101E-01
  1.95000000E-01  2.41292490E-01  9.39381933E-01
  2.00000000E-01  2.45986711E-01  9.38447400E-01
  2.05000000E-01  2.50676612E-01 -1.45665692E+00
  2.10000000E-01  2.37405567E-01 -1.33216996E+00
  2.15000000E-01  2.31055934E-01 -1.18072945E+00
  2.20000000E-01  2.25530888E-01 -1.03420410E+00
  2.25000000E-01  2.20726181E-01 -9.01698720E-01
  2.30000000E-01  2.16548951E-01 -7.84743577E-01
  2.35000000E-01  2.12917621E-01 -6.82467340E-01
  2.40000000E-01  2.09760975E-01 -5.93351760E-01
  2.45000000E-01  2.07017005E-01 -5.15814507E-01
  2.50000000E-01  2.04631776E-01 -4.48389518E-01
  2.55000000E-01  2.02558390E-01 -3.89771141E-01
  2.60000000E-01  2.00756081E-01 -3.38813647E-01
  2.65000000E-01  1.99189406E-01 -2.94517386E-01
  2.70000000E-01  1.97827560E-01 -2.56012124E-01
  2.75000000E-01  1.96643762E-01 -2.22540964E-01
  2.80000000E-01  1.95614735E-01 -1.93445818E-01
  2.85000000E-01  1.94720244E-01 -1.68154585E-01
  2.90000000E-01  1.93942699E-01 -1.46169946E-01
  2.95000000E-01  1.93266811E-01 -1.27059594E-01
  3.00000000E-01  1.92679289E-01 -1.10447745E-01
  3.05000000E-01  1.92168580E-01 -9.60077400E-02
  3.10000000E-01  1.91724641E-01 -8.34556320E-02
  3.15000000E-01  1.91338744E-01 -7.25445952E-02
  3.20000000E-01  1.91003298E-01 -6.30600749E-02
  3.25000000E-01  1.90711709E-01 -5.48155672E-02
  3.30000000E-01  1.90458242E-01 -4.76489520E-02
  3.35000000E-01  1.90237914E-01 -4.14193048E-02
  3.40000000E-01  1.90046392E-01 -3.60041259E-02
  3.45000000E-01  1.89879909E-01 -3.12969311E-02
  3.50000000E-01  1.89735193E-01 -2.72051581E-02
  3.55000000E-01  1.89609396E-01 -2.36483462E-02
  3.60000000E-01  1.89500046E-01 -2.05565542E-02
  3.65000000E-01  1.89404993E-01 -1.78689851E-02
  3.70000000E-01  1.89322367E-01 -1.55327905E-02
  3.75000000E-01  1.89250544E-01 -1.35020314E-02
  3.80000000E-01  1.89188110E-01 -1.17367750E-02
  3.85000000E-01  1.89133840E-01 -1.02023093E-02
  3.90000000E-01  1.89086664E-01 -8.86846048E-03
  3.95000000E-01  1.89045657E-01 -7.70899977E-03
  4.00000000E-01  1.89010010E-01 -6.70112754E-03
  4.05000000E-01  1.88979024E-01 -5.82502499E-03
  4.10000000E-01  1.88952089E-01 -5.06346446E-03
  4.15000000E-01  1.88928676E-01 -4.40147063E-03
  4.20000000E-01  1.88908324E-01 -3.82602609E-03
  4.25000000E-01  1.88890632E-01 -3.32581531E-03
  4.30000000E-01  1.88875254E-01 -2.89100218E-03
  4.35000000E-01  1.88861886E-01 -2.51303657E-03
  4.40000000E-01  1.88850265E-01 -2.18448619E-03
  4.45000000E-01  1.88840164E-01 -1.89889046E-03
  4.50000000E-01  1.88831384E-01 -1.65063348E-03
  4.55000000E-01  1.88823751E-01 -1.43483354E-03
  4.60000000E-01  1.88817117E-01 -1.24724720E-03
  4.65000000E-01  1.88811349E-01 -1.08418579E-03
  4.70000000E-01  1.88806336E-01 -9.42442929E-04
  4.75000000E-01  1.88801978E-01 -8.19231409E-04
  4.80000000E-01  1.88798190E-01 -7.12128440E-04
  4.85000000E-01  1.88794897E-01 -6.19027987E-04
  4.90000000E-01  1.88792035E-01 -5.38099358E-04
  4.95000000E-01  1.88789547E-01 -4.67751209E-04
  5.00000000E-01  1.88787384E-01 -4.06600248E-04