  0.00000000E+00  0.00000000E+00  0.00000000E+00  0.00000000E+00  1.90257477E+00  2.49017077E-04  4.12928357E-04  2.37679203E-04  8.64724209E-05 -4.40339229E-04
  1.00000000E-02  1.90257477E-02  2.49017077E-06  4.12928357E-06  1.43259527E+00 -1.22401450E-02  1.81463414E-02  2.29860107E-04  3.07719055E-03 -5.74320414E-03
  2.00000000E-02  3.10018029E-02 -1.82357089E-04  2.74259763E-04  1.11657403E+00 -1.72641717E-02  2.58211858E-02  2.39380269E-04  4.54760130E-03 -8.15274212E-03
  3.00000000E-02  4.05874370E-02 -3.80118940E-04  5.70845844E-04  8.89575363E-01 -1.94485912E-02  2.94336415E-02  2.60847392E-04  5.33164229E-03 -9.37753031E-03
  4.00000000E-02  4.83481973E-02 -5.85526949E-04  8.83244537E-04  7.35076793E-01 -1.94541203E-02  2.98518150E-02  2.86744952E-04  5.58653416E-03 -9.63749837E-03
  5.00000000E-02  5.49264724E-02 -7.80095797E-04  1.18385355E-03  6.33034755E-01 -1.82774550E-02  2.84577643E-02  3.08082432E-04  5.48564611E-03 -9.34019788E-03
  6.00000000E-02  6.07466097E-02 -9.56987021E-04  1.46146094E-03  5.66799828E-01 -1.66781352E-02  2.63325415E-02  3.20720302E-04  5.21106891E-03 -8.78421326E-03
  7.00000000E-02  6.60834334E-02 -1.11577177E-03  1.71416024E-03  5.24236995E-01 -1.51003382E-02  2.41325182E-02  3.24191475E-04  4.87802715E-03 -8.16232105E-03
  8.00000000E-02  7.11129892E-02 -1.25888617E-03  1.94448531E-03  4.97036108E-01 -1.37475624E-02  2.21807281E-02  3.20221329E-04  4.55303372E-03 -7.57908239E-03
  9.00000000E-02  7.59473458E-02 -1.38959792E-03  2.15653364E-03  4.79697347E-01 -1.26772985E-02  2.05903009E-02  3.11254258E-04  4.26869015E-03 -7.08043234E-03
  1.00000000E-01  8.06576255E-02 -1.51101958E-03  2.35448451E-03  4.68652835E-01 -1.18729571E-02  1.93620185E-02  2.99703609E-04  4.03559602E-03 -6.67684514E-03
  1.10000000E-01  8.52889313E-02 -1.62572745E-03  2.54196329E-03  4.61614080E-01 -1.12888016E-02  1.84472085E-02  2.87452164E-04  3.85286499E-03 -6.36175788E-03
  1.20000000E-01  8.98698783E-02 -1.73569468E-03  2.72186132E-03  4.57122478E-01 -1.08739271E-02  1.77828944E-02  2.75723326E-04  3.71448744E-03 -6.12181154E-03
  1.30000000E-01  9.44186451E-02 -1.84235958E-03  2.89636870E-03  4.54251261E-01 -1.05830212E-02  1.73089256E-02  2.65210182E-04  3.61272159E-03 -5.94230068E-03
  1.40000000E-01  9.89468016E-02 -1.94673526E-03  3.06708811E-03  4.52412107E-01 -1.03798804E-02  1.69747467E-02  2.56217359E-04  3.53987820E-03 -5.80965851E-03
  1.50000000E-01  1.03461727E-01 -2.04951837E-03  3.23516468E-03  4.51231411E-01 -1.02373761E-02  1.67407799E-02  2.48784546E-04  3.48920691E-03 -5.71241125E-03
  1.60000000E-01  1.07968138E-01 -2.15117961E-03  3.40140265E-03  4.50471649E-01 -1.01360092E-02  1.65773998E-02  2.42805956E-04  3.45515049E-03 -5.64138091E-03
  1.70000000E-01  1.12469055E-01 -2.25203286E-03  3.56635974E-03  4.49981559E-01 -1.00621701E-02  1.64630873E-02  2.38094422E-04  3.43332936E-03 -5.58949083E-03
  1.80000000E-01  1.16966420E-01 -2.35228537E-03  3.73041905E-03  4.49664611E-01 -1.00065608E-02  1.63825442E-02  2.34437661E-04  3.42039919E-03 -5.55140565E-03
  1.90000000E-01  1.21461482E-01 -2.45207293E-03  3.89384178E-03  4.49459072E-01 -9.96292676E-03  1.63250615E-02  2.31630191E-04  3.41386073E-03 -5.52317935E-03
  2.00000000E-01  1.25955045E-01 -2.55148403E-03  4.05680498E-03 -9.83230787E-01  1.71530986E-03 -1.68961908E-03 -2.03457664E-05  1.64955133E-04  1.14892784E-04
  2.10000000E-01  1.08959288E-01 -2.47593974E-03  3.94983539E-03 -7.72736005E-01  4.98201076E-03 -6.78442255E-03  6.63050527E-06 -8.69415502E-04  1.78398438E-03
  2.20000000E-01  1.02284401E-01 -2.40978613E-03  3.85651714E-03 -5.50735742E-01  7.41180149E-03 -1.08187425E-02 -3.45917101E-05 -1.77986173E-03  3.05072783E-03
  2.30000000E-01  9.78870453E-02 -2.32351916E-03  3.72815812E-03 -3.73904631E-01  8.31599053E-03 -1.24621490E-02 -5.26399956E-05 -2.21595941E-03  3.70346843E-03
  2.40000000E-01  9.50321546E-02 -2.23583831E-03  3.59531960E-03 -2.47000871E-01  7.89199333E-03 -1.20990642E-02 -7.23880057E-05 -2.27590265E-03  3.73289806E-03
  2.50000000E-01  9.31966647E-02 -2.15903837E-03  3.47614438E-03 -1.60606684E-01  6.74810785E-03 -1.05881782E-02 -8.65016946E-05 -2.09356558E-03  3.38445899E-03
  2.60000000E-01  9.20225688E-02 -2.09727671E-03  3.37781703E-03 -1.03485417E-01  5.37156653E-03 -8.64551140E-03 -9.30824633E-05 -1.79439241E-03  2.86396528E-03
  2.70000000E-01  9.12733209E-02 -2.05044376E-03  3.30107525E-03 -6.63524852E-02  4.05915563E-03 -6.72204533E-03 -9.24993022E-05 -1.46472456E-03  2.30985102E-03
  2.80000000E-01  9.07954607E-02 -2.01641425E-03  3.24347212E-03 -4.24481089E-02  2.94894107E-03 -5.04251517E-03 -8.64163842E-05 -1.15408930E-03  1.79880693E-03
  2.90000000E-01  9.04905015E-02 -1.99247592E-03  3.20144462E-03 -2.71417905E-02  2.07733687E-03 -3.68239331E-03 -7.68854178E-05 -8.85492797E-04  1.36432765E-03
  3.00000000E-01  9.02956152E-02 -1.97606057E-03  3.17142130E-03 -1.73657584E-02  1.42738547E-03 -2.63481160E-03 -6.57683009E-05 -6.65588570E-04  1.01391032E-03
  3.10000000E-01  9.01708378E-02 -1.96503647E-03  3.15031109E-03 -1.11263366E-02  9.60636966E-04 -1.85602396E-03 -5.44790411E-05 -4.92212910E-04  7.41511494E-04
  3.20000000E-01  9.00907715E-02 -1.95776384E-03  3.13564479E-03 -7.14225694E-03  6.34949846E-04 -1.29186392E-03 -4.39415604E-05 -3.59230270E-04  5.35406223E-04
  3.30000000E-01  9.00392694E-02 -1.95304278E-03  3.12554695E-03 -4.59517867E-03  4.12793911E-04 -8.91013014E-04 -3.46594893E-05 -2.59337442E-04  3.82625715E-04
  3.40000000E-01  9.00060530E-02 -1.95002562E-03  3.11864108E-03 -2.96402048E-03  2.64046802E-04 -6.10332077E-04 -2.68253235E-05 -1.85516631E-04  2.71164998E-04
  3.50000000E-01  8.99845686E-02 -1.94812889E-03  3.11394116E-03 -1.91731906E-03  1.66021709E-04 -4.15962665E-04 -2.04277513E-05 -1.31673318E-04  1.90869520E-04
  3.60000000E-01  8.99706289E-02 -1.94695880E-03  3.11075338E-03 -1.24416830E-03  1.02342780E-04 -2.82483423E-04 -1.53388277E-05 -9.28206121E-05  1.33608815E-04
  3.70000000E-01  8.99615529E-02 -1.94625376E-03  3.10859594E-03 -8.10223437E-04  6.15308157E-05 -1.91388179E-04 -1.13766791E-05 -6.50352036E-05  9.31091556E-05
  3.80000000E-01  8.99556204E-02 -1.94584252E-03  3.10713754E-03 -5.29771678E-04  3.56878570E-05 -1.29489866E-04 -8.34624221E-06 -4.53153572E-05  6.46559162E-05
  3.90000000E-01  8.99517250E-02 -1.94561485E-03  3.10615213E-03 -3.48026016E-04  1.95349144E-05 -8.75423880E-05 -6.06296246E-06 -3.14116655E-05  4.47753844E-05
  4.00000000E-01  8.99491534E-02 -1.94550027E-03  3.10548644E-03 -2.29896571E-04  9.59689836E-06 -5.91599813E-05 -4.36457338E-06 -2.16653709E-05  3.09467601E-05
  4.10000000E-01  8.99474451E-02 -1.94545399E-03  3.10503676E-03 -1.52862478E-04  3.61377856E-06 -3.99772746E-05 -3.11522142E-06 -1.48687850E-05  2.13625412E-05
  4.20000000E-01  8.99463017E-02 -1.94544777E-03  3.10473290E-03 -1.02439556E-04  1.19737466E-07 -2.70252690E-05 -2.20511498E-06 -1.01517160E-05  1.47390556E-05
  4.30000000E-01  8.99455294E-02 -1.94546404E-03  3.10452740E-03 -6.92925698E-05 -1.81052226E-06 -1.82798993E-05 -1.54787400E-06 -6.89252974E-06  1.01717196E-05
  4.40000000E-01  8.99450022E-02 -1.94549180E-03  3.10438833E-03 -4.73922274E-05 -2.78319585E-06 -1.23730035E-05 -1.07696366E-06 -4.65036202E-06  7.02714066E-06
  4.50000000E-01  8.99446378E-02 -1.94552449E-03  3.10429414E-03 -3.28360498E-05 -3.18234530E-06 -8.38002471E-06 -7.42005241E-07 -3.11449559E-06  4.86414825E-06
  4.60000000E-01  8.99443822E-02 -1.94555831E-03  3.10423030E-03 -2.30924076E-05 -3.24567677E-06 -5.67630324E-06 -5.05388084E-07 -2.06712191E-06  3.37679524E-06
  4.70000000E-01  8.99442000E-02 -1.94559108E-03  3.10418706E-03 -1.65149985E-05 -3.11979134E-06 -3.83899682E-06 -3.39364771E-07 -1.35628490E-06  2.35367450E-06
  4.80000000E-01  8.99440677E-02 -1.94562165E-03  3.10415785E-03 -1.20304143E-05 -2.89562924E-06 -2.58646544E-06 -2.23670285E-07 -8.76423947E-07  1.64913690E-06
  4.90000000E-01  8.99439698E-02 -1.94564949E-03  3.10413825E-03 -8.93674235E-06 -2.62907827E-06 -1.72959940E-06 -1.43632798E-07 -5.54493775E-07  1.16307755E-06
  5.00000000E-01  8.99438959E-02 -1.94567445E-03  3.10412524E-03 -6.77349472E-06 -2.35336418E-06 -1.14100473E-06 -8.87107100E-08 -3.40130671E-07  8.26823795E-07
