  0.00000000E+00  0.00000000E+00  0.00000000E+00  0.00000000E+00  1.90257477E+00  2.49017077E-04  4.12928357E-04  2.37679203E-04  8.64724209E-05 -4.40339229E-04
  1.00000000E-02  1.90257477E-02  2.49017077E-06  4.12928357E-06  1.42830386E+00 -3.94820664E-03 -1.71628039E-02  2.48854532E-04  9.04777784E-03  6.24094873E-03
  2.00000000E-02  3.09374317E-02 -5.79780142E-05 -2.55377416E-04  1.11057459E+00 -5.58767475E-03 -2.45775379E-02  2.66527369E-04  1.33606514E-02  9.38762355E-03
  3.00000000E-02  4.04545313E-02 -1.22052102E-04 -5.38226465E-04  8.82952946E-01 -6.26903699E-03 -2.79950728E-02  2.91265903E-04  1.56436968E-02  1.10147101E-02
  4.00000000E-02  4.81459525E-02 -1.88149283E-04 -8.35264868E-04  7.28697650E-01 -6.22365892E-03 -2.83150051E-02  3.16360288E-04  1.62746996E-02  1.14386864E-02
  5.00000000E-02  5.46616525E-02 -2.50158982E-04 -1.12001458E-03  6.27321410E-01 -5.79846770E-03 -2.69023832E-02  3.34932064E-04  1.59215591E-02  1.11330591E-02
  6.00000000E-02  6.04279854E-02 -3.06017703E-04 -1.38197530E-03  5.61854766E-01 -5.24527324E-03 -2.48142262E-02  3.44003928E-04  1.50854903E-02  1.04892085E-02
  7.00000000E-02  6.57191999E-02 -3.55704463E-04 -1.61967678E-03  5.19982756E-01 -4.70783736E-03 -2.26826784E-02  3.43982201E-04  1.40970714E-02  9.75446416E-03
  8.00000000E-02  7.07096674E-02 -4.00095657E-04 -1.83584583E-03  4.93325838E-01 -4.24911061E-03 -2.08113678E-02  3.36967695E-04  1.31405172E-02  9.06209593E-03
  9.00000000E-02  7.55096412E-02 -4.40293130E-04 -2.03460295E-03  4.76379574E-01 -3.88435051E-03 -1.93004712E-02  3.25605252E-04  1.23011793E-02  8.46961216E-03
  1.00000000E-01  8.01887056E-02 -4.77312834E-04 -2.22005318E-03  4.65599668E-01 -3.60567764E-03 -1.81434242E-02  3.12263836E-04  1.16065031E-02  7.99135826E-03
  1.10000000E-01  8.47908027E-02 -5.11976246E-04 -2.39570219E-03  4.58729297E-01 -3.39683898E-03 -1.72882948E-02  2.98704098E-04  1.10532122E-02  7.62011497E-03
  1.20000000E-01  8.93437438E-02 -5.44900443E-04 -2.56430949E-03  4.54339395E-01 -3.24076680E-03 -1.66715493E-02  2.86041278E-04  1.06242084E-02  7.33974846E-03
  1.30000000E-01  9.38651883E-02 -5.76527750E-04 -2.72794125E-03  4.51526729E-01 -3.12275872E-03 -1.62340355E-02  2.74863848E-04  1.02979150E-02  7.13228961E-03
  1.40000000E-01  9.83663923E-02 -6.07165297E-04 -2.88809404E-03  4.49720060E-01 -3.03135949E-03 -1.59269059E-02  2.65384438E-04  1.00531249E-02  6.98121300E-03
  1.50000000E-01  1.02854560E-01 -6.37021895E-04 -3.04582745E-03  4.48557322E-01 -2.95816372E-03 -1.57124686E-02  2.57573772E-04  9.87119126E-03  6.87263963E-03
  1.60000000E-01  1.07334319E-01 -6.66237554E-04 -3.20187995E-03  4.47808309E-01 -2.89723940E-03 -1.55628647E-02  2.51269481E-04  9.73672292E-03  6.79552219E-03
  1.70000000E-01  1.11808657E-01 -6.94905326E-04 -3.35676058E-03  4.47326115E-01 -2.84450883E-03 -1.54580904E-02  2.46251665E-04  9.63752401E-03  6.74137022E-03
  1.80000000E-01  1.16279507E-01 -7.23086762E-04 -3.51081761E-03  4.47016629E-01 -2.79721864E-03 -1.53840662E-02  2.42290082E-04  9.56420220E-03  6.70381398E-03
  1.90000000E-01  1.20748126E-01 -7.50822497E-04 -3.66428815E-03  4.46819327E-01 -2.75353150E-03 -1.53310194E-02  2.39170451E-04  9.50967423E-03  6.67815643E-03
  2.00000000E-01  1.25215333E-01 -7.78139377E-04 -3.81733311E-03 -9.82153552E-01  2.81072151E-04  1.50405955E-03 -3.19979161E-05  6.37222125E-04  3.51470688E-04
  2.10000000E-01  1.08248933E-01 -7.60155637E-04 -3.71811712E-03 -7.69669692E-01  1.42354238E-03  6.42341623E-03  8.61244967E-07 -2.31779800E-03 -1.70908874E-03
  2.20000000E-01  1.01614655E-01 -7.40207862E-04 -3.62928617E-03 -5.47558330E-01  1.93376968E-03  1.04133053E-02 -4.83464865E-05 -4.68364940E-03 -3.56825419E-03
  2.30000000E-01  9.72496288E-02 -7.18319028E-04 -3.50520368E-03 -3.70615708E-01  2.21014947E-03  1.20282264E-02 -6.50419822E-05 -5.97994865E-03 -4.44237430E-03
  2.40000000E-01  9.44281849E-02 -6.94835635E-04 -3.37684681E-03 -2.44173147E-01  2.09046252E-03  1.16737290E-02 -8.32684882E-05 -6.20034941E-03 -4.53623004E-03
  2.50000000E-01  9.26186662E-02 -6.74529444E-04 -3.26188200E-03 -1.58434555E-01  1.77027067E-03  1.01963055E-02 -9.49681282E-05 -5.74193101E-03 -4.13665196E-03
  2.60000000E-01  9.14630136E-02 -6.58427697E-04 -3.16730607E-03 -1.01964845E-01  1.38802897E-03  8.30207409E-03 -9.89455495E-05 -4.95054593E-03 -3.51144556E-03
  2.70000000E-01  9.07257137E-02 -6.46458616E-04 -3.09375648E-03 -6.53786267E-02  1.02729575E-03  6.43372481E-03 -9.60309631E-05 -4.06432412E-03 -2.83843543E-03
  2.80000000E-01  9.02548585E-02 -6.37989324E-04 -3.03876098E-03 -4.18851413E-02  7.25971552E-04  4.80949026E-03 -8.81118941E-05 -3.22098120E-03 -2.21576882E-03
  2.90000000E-01  8.99534745E-02 -6.32236230E-04 -2.99878725E-03 -2.68620154E-02  4.92994843E-04  3.50034719E-03 -7.72845399E-05 -2.48607466E-03 -1.68595409E-03
  3.00000000E-01  8.97599700E-02 -6.28471165E-04 -2.97032949E-03 -1.72661107E-02  3.22409041E-04  2.49685657E-03 -6.53512028E-05 -1.88026677E-03 -1.25842794E-03
  3.10000000E-01  8.96352884E-02 -6.26100004E-04 -2.95037838E-03 -1.11314996E-02  2.02559777E-04  1.75428699E-03 -5.36222226E-05 -1.39959093E-03 -9.25691574E-04
  3.20000000E-01  8.95546465E-02 -6.24673652E-04 -2.93654836E-03 -7.20132319E-03  1.21133551E-04  1.21861303E-03 -4.29115598E-05 -1.02862816E-03 -6.73320777E-04
  3.30000000E-01  8.95022841E-02 -6.23869448E-04 -2.92704060E-03 -4.67613008E-03  6.74194972E-05  8.39336021E-04 -3.36268959E-05 -7.48255421E-04 -4.85497759E-04
  3.40000000E-01  8.94681488E-02 -6.23463823E-04 -2.92054362E-03 -3.04824672E-03  3.29894565E-05  5.74455827E-04 -2.58864483E-05 -5.39750419E-04 -3.47686997E-04
  3.50000000E-01  8.94458058E-02 -6.23306079E-04 -2.91612347E-03 -1.99509028E-03  1.16064979E-05  3.91325021E-04 -1.96266217E-05 -3.86660782E-04 -2.47661711E-04
  3.60000000E-01  8.94311206E-02 -6.23296929E-04 -2.91312587E-03 -1.31126898E-03 -1.15707229E-06  2.65652388E-04 -1.46858900E-05 -2.75406023E-04 -1.75666649E-04
  3.70000000E-01  8.94214271E-02 -6.23372317E-04 -2.91109771E-03 -8.65628216E-04 -8.34727830E-06  1.79888631E-04 -1.08630390E-05 -1.95225351E-04 -1.24183896E-04
  3.80000000E-01  8.94149990E-02 -6.23491741E-04 -2.90972764E-03 -5.74136065E-04 -1.20172888E-05  1.21605125E-04 -7.95358162E-06 -1.37833674E-04 -8.75577134E-05
  3.90000000E-01  8.94107151E-02 -6.23630264E-04 -2.90880301E-03 -3.82760569E-04 -1.35308743E-05  8.21201779E-05 -5.76988655E-06 -9.69856709E-05 -6.16066043E-05
  4.00000000E-01  8.94078443E-02 -6.23773141E-04 -2.90817923E-03 -2.56634666E-04 -1.37686406E-05  5.54335880E-05 -4.15029359E-06 -6.80489925E-05 -4.32786084E-05
  4.10000000E-01  8.94059086E-02 -6.23912016E-04 -2.90775833E-03 -1.73179297E-04 -1.32827765E-05  3.74288773E-05 -2.96139746E-06 -4.76307534E-05 -3.03677917E-05
  4.20000000E-01  8.94045941E-02 -6.24042414E-04 -2.90747406E-03 -1.17723064E-04 -1.24180260E-05  2.52948564E-05 -2.09653653E-06 -3.32707293E-05 -2.12916345E-05
  4.30000000E-01  8.94036942E-02 -6.24162271E-04 -2.90728178E-03 -8.07015831E-05 -1.13815405E-05  1.71211941E-05 -1.47247066E-06 -2.31993902E-05 -1.49214811E-05
  4.40000000E-01  8.94030723E-02 -6.24270904E-04 -2.90715144E-03 -5.58599484E-05 -1.02943229E-05  1.16153478E-05 -1.02547039E-06 -1.61523931E-05 -1.04560969E-05
  4.50000000E-01  8.94026379E-02 -6.24368411E-04 -2.90706282E-03 -3.90948349E-05 -9.22612770E-06  7.90486976E-06 -7.07495085E-07 -1.12312711E-05 -7.32879094E-06
  4.60000000E-01  8.94023307E-02 -6.24455331E-04 -2.90700232E-03 -2.77060935E-05 -8.21561604E-06  5.40250988E-06 -4.82792110E-07 -7.80043824E-06 -5.13995520E-06
  4.70000000E-01  8.94021106E-02 -6.24532435E-04 -2.90696081E-03 -1.99113956E-05 -7.28188842E-06  3.71373190E-06 -3.25038572E-07 -5.41196252E-06 -3.60848397E-06
  4.80000000E-01  8.94019505E-02 -6.24600585E-04 -2.90693211E-03 -1.45304867E-05 -6.43264887E-06  2.57359714E-06 -2.15031331E-07 -3.75115460E-06 -2.53702171E-06
  4.90000000E-01  8.94018321E-02 -6.24660665E-04 -2.90691208E-03 -1.07791780E-05 -5.66889721E-06  1.80383040E-06 -1.38872489E-07 -2.59751639E-06 -1.78723217E-06
  5.00000000E-01  8.94017431E-02 -6.24713535E-04 -2.90689789E-03 -8.13456664E-06 -4.98769535E-06  1.28419318E-06 -8.65739514E-08 -1.79688915E-06 -1.26227325E-06
