  0.00000000E+00  0.00000000E+00  0.00000000E+00  0.00000000E+00  1.90257477E+00  2.49017077E-04  4.12928357E-04  2.37679203E-04  8.64724209E-05 -4.40339229E-04
  1.00000000E-02  1.90257477E-02  2.49017077E-06  4.12928357E-06  1.25096964E+00 -1.33157076E-02  8.17986627E-03  3.29854290E-04  1.63480171E-02 -1.62962399E-02
  2.00000000E-02  2.82774185E-02 -1.98490528E-04  1.24762636E-04  8.70365453E-01 -1.77861814E-02  1.09530775E-02  4.15953355E-04  2.03008425E-02 -2.01091599E-02
  3.00000000E-02  3.50780520E-02 -3.98704712E-04  2.48159468E-04  6.18900482E-01 -1.92738666E-02  1.19688286E-02  4.82369974E-04  2.08620783E-02 -2.06538156E-02
  4.00000000E-02  4.00097320E-02 -5.98881804E-04  3.72926508E-04  4.70215559E-01 -1.85635958E-02  1.16478782E-02  5.21477531E-04  1.90784668E-02 -1.88827762E-02
  5.00000000E-02  4.39684630E-02 -7.80966408E-04  4.87800539E-04  3.89131797E-01 -1.68187602E-02  1.06770566E-02  5.27918136E-04  1.64311047E-02 -1.62982203E-02
  6.00000000E-02  4.74543621E-02 -9.40429833E-04  5.89716997E-04  3.47796051E-01 -1.48893120E-02  9.55132014E-03  5.08243208E-04  1.39288012E-02 -1.38562422E-02
  7.00000000E-02  5.07256439E-02 -1.07967571E-03  6.79601516E-04  3.27985702E-01 -1.32104531E-02  8.53647113E-03  4.73058376E-04  1.19994597E-02 -1.19688541E-02
  8.00000000E-02  5.39064492E-02 -1.20338595E-03  7.59891982E-04  3.19047013E-01 -1.19249216E-02  7.73072851E-03  4.32851078E-04  1.06959163E-02 -1.06866139E-02
  9.00000000E-02  5.70522259E-02 -1.31620751E-03  8.33170554E-04  3.15251279E-01 -1.10189567E-02  7.13906312E-03  3.95132953E-04  9.90083229E-03 -9.89647892E-03
  1.00000000E-01  6.01857600E-02 -1.42186725E-03  9.01602858E-04  3.13731897E-01 -1.04174029E-02  6.72644581E-03  3.63880200E-04  9.45768875E-03 -9.44813530E-03
  1.10000000E-01  6.33154821E-02 -1.52303351E-03  9.66804230E-04  3.13150455E-01 -1.00357564E-02  6.44843830E-03  3.40254047E-04  9.23179406E-03 -9.21214833E-03
  1.20000000E-01  6.64440794E-02 -1.62148284E-03  1.02989858E-03  3.12926036E-01 -9.80243840E-03  6.26511569E-03  3.23651850E-04  9.12760317E-03 -9.09647220E-03
  1.30000000E-01  6.95722177E-02 -1.71834064E-03  1.09163312E-03  3.12826697E-01 -9.66449341E-03  6.14549808E-03  3.12692291E-04  9.08545687E-03 -9.04334168E-03
  1.40000000E-01  7.26999879E-02 -1.81429584E-03  1.15249001E-03  3.12768916E-01 -9.58585253E-03  6.06748542E-03  3.05855622E-04  9.07179278E-03 -9.01996045E-03
  1.50000000E-01  7.58273882E-02 -1.90976117E-03  1.21277480E-03  3.12726451E-01 -9.54328927E-03  6.01613215E-03  3.01817661E-04  9.06953245E-03 -9.00936113E-03
  1.60000000E-01  7.89544404E-02 -2.00498124E-03  1.27267936E-03  3.12692389E-01 -9.52242114E-03  5.98167777E-03  2.99567265E-04  9.07090717E-03 -9.00358162E-03
  1.70000000E-01  8.20811940E-02 -2.10010111E-03  1.33232386E-03  3.12665029E-01 -9.51457219E-03  5.95788688E-03  2.98400293E-04  9.07287784E-03 -8.99929829E-03
  1.80000000E-01  8.52077074E-02 -2.19520759E-03  1.39178378E-03  3.12643480E-01 -9.51458615E-03  5.94082473E-03  2.97860419E-04  9.07453901E-03 -8.99533698E-03
  1.90000000E-01  8.83340345E-02 -2.29035352E-03  1.45110671E-03  3.12626725E-01 -9.51941187E-03  5.92802023E-03  2.97669126E-04  9.07580199E-03 -8.99139622E-03
  2.00000000E-01  9.14602180E-02 -2.38557177E-03  1.51032289E-03 -9.38128525E-01  4.23949085E-03 -2.12978197E-03 -5.43407371E-05 -7.23642091E-03  7.21568954E-03
  2.10000000E-01  7.58251565E-02 -2.27438235E-03  1.44873606E-03 -6.84238423E-01  7.10422075E-03 -4.02742373E-03 -8.05589726E-05 -9.97607590E-03  9.77798257E-03
  2.20000000E-01  7.02522228E-02 -2.18901649E-03  1.39897362E-03 -4.31757111E-01  9.23500259E-03 -5.19470744E-03 -1.68395301E-04 -1.11720168E-02  1.09150498E-02
  2.30000000E-01  6.71970582E-02 -2.08601255E-03  1.34119012E-03 -2.48636470E-01  9.38099901E-03 -5.39941821E-03 -2.10556457E-04 -1.04020921E-02  1.01679292E-02
  2.40000000E-01  6.56262967E-02 -1.99147258E-03  1.28617239E-03 -1.33663116E-01  8.22546426E-03 -4.83947522E-03 -2.27681948E-04 -8.37953679E-03  8.21260877E-03
  2.50000000E-01  6.48645323E-02 -1.91499561E-03  1.24057735E-03 -6.78692203E-02  6.51304412E-03 -3.92717694E-03 -2.19159594E-04 -6.03831275E-03  5.94436162E-03
  2.60000000E-01  6.45148096E-02 -1.85842727E-03  1.20586707E-03 -3.27864792E-02  4.79025820E-03 -2.96915599E-03 -1.92295299E-04 -3.97202652E-03  3.93627899E-03
  2.70000000E-01  6.43623585E-02 -1.81913862E-03  1.18096562E-03 -1.51661233E-02  3.33419000E-03 -2.13089213E-03 -1.56224730E-04 -2.41378441E-03  2.41522733E-03
  2.80000000E-01  6.42987991E-02 -1.79307706E-03  1.16384802E-03 -6.78119354E-03  2.22618598E-03 -1.47085226E-03 -1.18845337E-04 -1.36356514E-03  1.38371381E-03
  2.90000000E-01  6.42729118E-02 -1.77635522E-03  1.15243969E-03 -2.98431548E-03  1.44122814E-03 -9.86136260E-04 -8.53745715E-05 -7.17273810E-04  7.43372290E-04
  3.00000000E-01  6.42620530E-02 -1.76586773E-03  1.14500191E-03 -1.33782975E-03  9.13024252E-04 -6.47212010E-04 -5.82934851E-05 -3.50441477E-04  3.75311217E-04
  3.10000000E-01  6.42569071E-02 -1.75937851E-03  1.14022441E-03 -6.44033657E-04  5.70660869E-04 -4.18470031E-04 -3.80273837E-05 -1.57854252E-04  1.78399940E-04
  3.20000000E-01  6.42539358E-02 -1.75538371E-03  1.13718342E-03 -3.50198001E-04  3.54535450E-04 -2.67976362E-04 -2.37994953E-05 -6.46696462E-05  8.02501802E-05
  3.30000000E-01  6.42519030E-02 -1.75291899E-03  1.13525613E-03 -2.16963853E-04  2.20376914E-04 -1.70715287E-04 -1.43390031E-05 -2.35936258E-05  3.47663339E-05
  3.40000000E-01  6.42503995E-02 -1.75138601E-03  1.13403528E-03 -1.47310406E-04  1.37767869E-04 -1.08590573E-04 -8.33979904E-06 -7.50474156E-06  1.52346883E-05
  3.50000000E-01  6.42492747E-02 -1.75042138E-03  1.13326000E-03 -1.04395827E-04  8.69019013E-05 -6.91775017E-05 -4.69195857E-06 -2.20083391E-06  7.44656829E-06
  3.60000000E-01  6.42484453E-02 -1.74980669E-03  1.13276529E-03 -7.48447552E-05  5.53588415E-05 -4.42442387E-05 -2.55516228E-06 -9.27309092E-07  4.47247433E-06
  3.70000000E-01  6.42478446E-02 -1.74941081E-03  1.13244751E-03 -5.36159473E-05  3.55446672E-05 -2.84687507E-05 -1.34401620E-06 -8.26528880E-07  3.24644108E-06
  3.80000000E-01  6.42474146E-02 -1.74915444E-03  1.13224170E-03 -3.83515250E-05  2.29025991E-05 -1.84671850E-05 -6.76711491E-07 -8.80592972E-07  2.56909410E-06
  3.90000000E-01  6.42471074E-02 -1.74898862E-03  1.13210704E-03 -2.75297693E-05  1.47195762E-05 -1.21087883E-05 -3.17556150E-07 -8.35473123E-07  2.04962486E-06
  4.00000000E-01  6.42468862E-02 -1.74888234E-03  1.13201774E-03 -1.99699958E-05  9.34609986E-06 -8.05521165E-06 -1.27789688E-07 -6.96468080E-07  1.59898988E-06
  4.10000000E-01  6.42467243E-02 -1.74881575E-03  1.13195746E-03 -1.47354827E-05  5.78354314E-06 -5.46269047E-06 -2.90028679E-08 -5.22320782E-07  1.21469149E-06
  4.20000000E-01  6.42466031E-02 -1.74877573E-03  1.13191579E-03 -1.11122024E-05  3.41140138E-06 -3.79127186E-06  2.16053232E-08 -3.58556673E-07  9.04155135E-07
  4.30000000E-01  6.42465101E-02 -1.74875347E-03  1.13188624E-03 -8.58218746E-06  1.83141042E-06 -2.70033706E-06  4.67741343E-08 -2.26739644E-07  6.65874170E-07
  4.40000000E-01  6.42464369E-02 -1.74874306E-03  1.13186469E-03 -6.78543269E-06  7.79104419E-07 -1.97164324E-06  5.83897198E-08 -1.31012098E-07  4.90162675E-07
  4.50000000E-01  6.42463781E-02 -1.74874053E-03  1.13184861E-03 -5.47973312E-06  8.18844370E-08 -1.47527400E-06  6.26508758E-08 -6.66434070E-08  3.63929420E-07
  4.60000000E-01  6.42463298E-02 -1.74874320E-03  1.13183634E-03 -4.50562977E-06 -3.74016852E-07 -1.13150409E-06  6.28459247E-08 -2.60381038E-08  2.74382906E-07
  4.70000000E-01  6.42462896E-02 -1.74874922E-03  1.13182675E-03 -3.75926389E-06 -6.62866826E-07 -8.89094453E-07  6.07770139E-08 -1.90373640E-09  2.10878854E-07
  4.80000000E-01  6.42462558E-02 -1.74875729E-03  1.13181907E-03 -3.17306462E-06 -8.35965664E-07 -7.14660638E-07  5.74775034E-08  1.15322729E-08  1.65378890E-07
  4.90000000E-01  6.42462270E-02 -1.74876651E-03  1.13181279E-03 -2.70261222E-06 -9.28952070E-07 -5.85737995E-07  5.35650761E-08  1.83612882E-08  1.32183212E-07
  5.00000000E-01  6.42462023E-02 -1.74877627E-03  1.13180758E-03 -2.31818481E-06 -9.66657354E-07 -4.87503045E-07  4.94179991E-08  2.12805238E-08  1.07411216E-07
