  0.00000000E+00  0.00000000E+00  2.63730668E+00
  5.00000000E-03  1.31865334E-02  2.41959290E+00
  1.00000000E-02  2.47402134E-02  2.22988093E+00
  1.50000000E-02  3.54153382E-02  2.06273017E+00
  2.00000000E-02  4.53111121E-02  1.91666055E+00
  2.50000000E-02  5.45292409E-02  1.78942187E+00
  3.00000000E-02  6.31582535E-02  1.67872635E+00
  3.50000000E-02  7.12751464E-02  1.58247108E+00
  4.00000000E-02  7.89468636E-02  1.49878875E+00
  4.50000000E-02  8.62316016E-02  1.42604268E+00
  5.00000000E-02  9.31799498E-02  1.36280549E+00
  5.50000000E-02  9.98358843E-02  1.30783486E+00
  6.00000000E-02  1.06237632E-01  1.26005033E+00
  6.50000000E-02  1.12418422E-01  1.21851255E+00
  7.00000000E-02  1.18407141E-01  1.18240489E+00
  7.50000000E-02  1.24228896E-01  1.15101748E+00
  8.00000000E-02  1.29905515E-01  1.12373325E+00
  8.50000000E-02  1.35455970E-01  1.10001581E+00
  9.00000000E-02  1.40896756E-01  1.07939887E+00
  9.50000000E-02  1.46242208E-01  1.06147712E+00
  1.00000000E-01  1.51504789E-01  1.04589823E+00
  1.05000000E-01  1.56695333E-01  1.03235592E+00
  1.10000000E-01  1.61823257E-01  1.02058398E+00
  1.15000000E-01  1.66896747E-01  1.01035097E+00
  1.20000000E-01  1.71922919E-01  1.00145571E+00
  1.25000000E-01  1.76907960E-01  9.93723340E-01
  1.30000000E-01  1.81857245E-01  9.87001830E-01
  1.35000000E-01  1.86775451E-01  9.81159042E-01
  1.40000000E-01  1.91666639E-01  9.76080107E-01
  1.45000000E-01  1.96534342E-01  9.71665171E-01
  1.50000000E-01  2.01381631E-01  9.67827434E-01
  1.55000000E-01  2.06211174E-01  9.64491443E-01
  1.60000000E-01  2.11025291E-01  9.61591606E-01
  1.65000000E-01  2.15825999E-01  9.59070908E-01
  1.70000000E-01  2.20615052E-01  9.56879786E-01
  1.75000000E-01  2.25393973E-01  9.54975155E-01
  1.80000000E-01  2.30164087E-01  9.53319563E-01
  1.85000000E-01  2.34926546E-01  9.51880454E-01
  1.90000000E-01  2.39682351E-01  9.50629527E-01
  1.95000000E-01  2.44432371E-01  9.49542180E-01
  2.00000000E-01  2.49177364E-01  9.48597029E-01
  2.05000000E-01  2.53917986E-01 -1.47183661E+00
  2.10000000E-01  2.40507719E-01 -1.34609732E+00
  2.15000000E-01  2.34091580E-01 -1.19310479E+00
  2.20000000E-01  2.28508538E-01 -1.04507451E+00
  2.25000000E-01  2.23653241E-01 -9.11198568E-01
  2.30000000E-01  2.19431938E-01 -7.93030103E-01
  2.35000000E-01  2.15762209E-01 -6.89690344E-01
  2.40000000E-01  2.12572106E-01 -5.99646097E-01
  2.45000000E-01  2.09798986E-01 -5.21299118E-01
  2.50000000E-01  2.07388358E-01 -4.53168493E-01
  2.55000000E-01  2.05292842E-01 -3.93935306E-01
  2.60000000E-01  2.03471249E-01 -3.42442163E-01
  2.65000000E-01  2.01887771E-01 -2.97679221E-01
  2.70000000E-01  2.00511282E-01 -2.58767357E-01
  2.75000000E-01  1.99314725E-01 -2.24941932E-01
  2.80000000E-01  1.98274579E-01 -1.95538112E-01
  2.85000000E-01  1.97370398E-01 -1.69977922E-01
  2.90000000E-01  1.96584409E-01 -1.47758928E-01
  2.95000000E-01  1.95901162E-01 -1.28444367E-01
  3.00000000E-01  1.95307226E-01 -1.11654573E-01
  3.05000000E-01  1.94790928E-01 -9.70595072E-02
  3.10000000E-01  1.94342118E-01 -8.43722766E-02
  3.15000000E-01  1.93951975E-01 -7.33434900E-02
  3.20000000E-01  1.93612829E-01 -6.37563574E-02
  3.25000000E-01  1.93318015E-01 -5.54224276E-02
  3.30000000E-01  1.93061738E-01 -4.81778836E-02
  3.35000000E-01  1.92838960E-01 -4.18803230E-02
  3.40000000E-01  1.92645302E-01 -3.64059578E-02
  3.45000000E-01  1.92476958E-01 -3.16471817E-02
  3.50000000E-01  1.92330619E-01 -2.75104546E-02
  3.55000000E-01  1.92203409E-01 -2.39144637E-02
  3.60000000E-01  1.92092826E-01 -2.07885254E-02
  3.65000000E-01  1.91996699E-01 -1.80711958E-02
  3.70000000E-01  1.91913136E-01 -1.57090628E-02
  3.75000000E-01  1.91840496E-01 -1.36556962E-02
  3.80000000E-01  1.91777351E-01 -1.18707351E-02
  3.85000000E-01  1.91722460E-01 -1.03190944E-02
  3.90000000E-01  1.91674743E-01 -8.97027540E-03
  3.95000000E-01  1.91633264E-01 -7.79776598E-03
  4.00000000E-01  1.91597206E-01 -6.77851969E-03
  4.05000000E-01  1.91565862E-01 -5.89250261E-03
  4.10000000E-01  1.91538614E-01 -5.12229961E-03
  4.15000000E-01  1.91514928E-01 -4.45277201E-03
  4.20000000E-01  1.91494338E-01 -3.87076001E-03
  4.25000000E-01  1.91476440E-01 -3.36482402E-03
  4.30000000E-01  1.91460880E-01 -2.92501979E-03
  4.35000000E-01  1.91447355E-01 -2.54270294E-03
  4.40000000E-01  1.91435597E-01 -2.21035905E-03
  4.45000000E-01  1.91425376E-01 -1.92145598E-03
  4.50000000E-01  1.91416491E-01 -1.67031541E-03
  4.55000000E-01  1.91408767E-01 -1.45200127E-03
  4.60000000E-01  1.91402053E-01 -1.26222274E-03
  4.65000000E-01  1.91396216E-01 -1.09724984E-03
  4.70000000E-01  1.91391143E-01 -9.53840169E-04
  4.75000000E-01  1.91386732E-01 -8.29175163E-04
  4.80000000E-01  1.91382898E-01 -7.20804674E-04
  4.85000000E-01  1.91379565E-01 -6.26598827E-04
  4.90000000E-01  1.91376667E-01 -5.44706152E-04
  4.95000000E-01  1.91374148E-01 -4.73517191E-04
  5.00000000E-01  1.91371959E-01 -4.11632863E-04
