  0.00000000E+00  0.00000000E+00  0.00000000E+00  0.00000000E+00  1.90257480E+00  2.49030151E-04  4.12927561E-04  2.37702552E-04  8.64615588E-05 -4.40366946E-04
  1.00000000E-02  1.90257480E-02  2.49030151E-06  4.12927561E-06  1.49162555E+00 -1.24149081E-02 -8.52140740E-03  1.79831962E-04  4.00825927E-03 -4.25055602E-03
  2.00000000E-02  3.18872572E-02 -1.84978471E-04 -1.25756473E-04  1.20374860E+00 -1.83897813E-02 -1.28199002E-02  1.14137388E-04  6.03769472E-03 -6.10970971E-03
  3.00000000E-02  4.24853584E-02 -3.98750650E-04 -2.75447940E-04  9.91681326E-01 -2.14921435E-02 -1.51071659E-02  6.89565579E-05  7.18254417E-03 -7.11835406E-03
  4.00000000E-02  5.13418353E-02 -6.29183895E-04 -4.37955927E-04  8.41513615E-01 -2.23032344E-02 -1.57784316E-02  3.92521551E-05  7.60161267E-03 -7.42535683E-03
  5.00000000E-02  5.90061329E-02 -8.56271693E-04 -5.99096572E-04  7.37308210E-01 -2.17315979E-02 -1.54598221E-02  2.05415332E-05  7.56826432E-03 -7.31204250E-03
  6.00000000E-02  6.58581880E-02 -1.07072949E-03 -7.52101746E-04  6.65749845E-01 -2.05088594E-02 -1.46621294E-02  9.41100130E-06  7.29155261E-03 -6.98289337E-03
  7.00000000E-02  7.21578946E-02 -1.26970439E-03 -8.94734577E-04  6.16863975E-01 -1.91033712E-02 -1.37161505E-02  3.32834495E-06  6.91436348E-03 -6.57629928E-03
  8.00000000E-02  7.80821050E-02 -1.45371066E-03 -1.02716619E-03  5.83540195E-01 -1.77696634E-02 -1.28050845E-02  4.51803049E-07  6.52205275E-03 -6.17182338E-03
  9.00000000E-02  8.37508881E-02 -1.62473876E-03 -1.15066170E-03  5.60835927E-01 -1.66206063E-02 -1.20131696E-02 -5.15789145E-07  6.15894039E-03 -5.80818791E-03
  1.00000000E-01  8.92457260E-02 -1.78519953E-03 -1.26683382E-03  5.45360316E-01 -1.56867437E-02 -1.13662112E-02 -3.93783988E-07  5.84351323E-03 -5.49922036E-03
  1.10000000E-01  9.46219511E-02 -1.93739766E-03 -1.37726114E-03  5.34801950E-01 -1.49566670E-02 -1.08595125E-02  2.77806434E-07  5.58017902E-03 -5.24571673E-03
  1.20000000E-01  9.99171788E-02 -2.08331394E-03 -1.48332277E-03  5.27589715E-01 -1.44013433E-02 -1.04748958E-02  1.16944035E-06  5.36605720E-03 -5.04240546E-03
  1.30000000E-01  1.05157015E-01 -2.22455076E-03 -1.58614865E-03  5.22656646E-01 -1.39873815E-02 -1.01902327E-02  2.08109919E-06  5.19514461E-03 -4.88166879E-03
  1.40000000E-01  1.10358916E-01 -2.36235476E-03 -1.68662766E-03  5.19277974E-01 -1.36834805E-02 -9.98424949E-03  2.92734803E-06  5.06047643E-03 -4.75566725E-03
  1.50000000E-01  1.15534802E-01 -2.49767006E-03 -1.78544024E-03  5.16960875E-01 -1.34630363E-02 -9.83853597E-03  3.65817999E-06  4.95527536E-03 -4.65725238E-03
  1.60000000E-01  1.20692825E-01 -2.63119821E-03 -1.88309703E-03  5.15369829E-01 -1.33046643E-02 -9.73807657E-03  4.26312798E-06  4.87347357E-03 -4.58036856E-03
  1.70000000E-01  1.25838569E-01 -2.76345299E-03 -1.97997550E-03  5.14276048E-01 -1.31918001E-02 -9.67110778E-03  4.74093287E-06  4.80991306E-03 -4.52001041E-03
  1.80000000E-01  1.30975860E-01 -2.89480667E-03 -2.07635173E-03  5.13523295E-01 -1.31119570E-02 -9.62865158E-03  5.12969163E-06  4.76037379E-03 -4.47216557E-03
  1.90000000E-01  1.36107329E-01 -3.02552702E-03 -2.17242597E-03  5.13004821E-01 -1.30558480E-02 -9.60395647E-03  5.44586776E-06  4.72161047E-03 -4.43379878E-03
  2.00000000E-01  1.41234785E-01 -3.15580496E-03 -2.26834206E-03 -9.79041956E-01 -5.39475902E-04 -6.69875486E-04 -1.94696058E-04  8.39881112E-04 -4.43353955E-04
  2.10000000E-01  1.23984132E-01 -3.09861786E-03 -2.23037041E-03 -7.87126075E-01  3.43558879E-03  2.27261469E-03 -1.18059378E-04 -5.93927632E-04  9.28416089E-04
  2.20000000E-01  1.17072450E-01 -3.04438665E-03 -2.19293181E-03 -5.81692665E-01  6.85678934E-03  4.91280665E-03 -9.95688252E-05 -1.72226124E-03  1.84802851E-03
  2.30000000E-01  1.12282691E-01 -2.95871275E-03 -2.13060278E-03 -4.13231824E-01  8.54687259E-03  6.22145325E-03 -6.00019690E-05 -2.43720118E-03  2.45681371E-03
  2.40000000E-01  1.08992677E-01 -2.86479361E-03 -2.06184502E-03 -2.87739387E-01  8.73460481E-03  6.42799200E-03 -3.37013220E-05 -2.66270690E-03  2.60014531E-03
  2.50000000E-01  1.06742745E-01 -2.77650890E-03 -1.99653241E-03 -1.98296038E-01  7.98426696E-03  5.93229647E-03 -1.60408560E-05 -2.56796054E-03  2.45441140E-03
  2.60000000E-01  1.05207001E-01 -2.70041792E-03 -1.93968792E-03 -1.35958113E-01  6.79753683E-03  5.09952878E-03 -4.99256689E-06 -2.29859561E-03  2.15880692E-03
  2.70000000E-01  1.04159110E-01 -2.63837620E-03 -1.89285647E-03 -9.30115148E-02  5.51220700E-03  4.17799882E-03  1.40049729E-06 -1.95858316E-03  1.81075446E-03
  2.80000000E-01  1.03443728E-01 -2.58968078E-03 -1.85568413E-03 -6.35951491E-02  4.31660692E-03  3.30855737E-03  4.70832963E-06 -1.61216424E-03  1.46853834E-03
  2.90000000E-01  1.02954858E-01 -2.55249271E-03 -1.82694576E-03 -4.34982488E-02  3.29416861E-03  2.55598676E-03  6.08473462E-06 -1.29386403E-03  1.16186056E-03
  3.00000000E-01  1.02620360E-01 -2.52466322E-03 -1.80514875E-03 -2.97787829E-02  2.46524197E-03  1.93872995E-03  6.32811262E-06 -1.01875040E-03  9.02171283E-04
  3.10000000E-01  1.02391170E-01 -2.50415543E-03 -1.78884773E-03 -2.04105420E-02  1.81730857E-03  1.45054606E-03  5.96333565E-06 -7.90348549E-04  6.90467283E-04
  3.20000000E-01  1.02233905E-01 -2.48922201E-03 -1.77678319E-03 -1.40082050E-02  1.32395387E-03  1.07425794E-03  5.31785406E-06 -6.06020172E-04  5.22474686E-04
  3.30000000E-01  1.02125835E-01 -2.47844925E-03 -1.76792205E-03 -9.62782874E-03  9.55523206E-04  7.89601908E-04  4.58444785E-06 -4.60325758E-04  3.91797555E-04
  3.40000000E-01  1.02051459E-01 -2.47073617E-03 -1.76144932E-03 -6.62697821E-03  6.84401058E-04  5.77227328E-04  3.86829041E-06 -3.46976323E-04  2.91674767E-04
  3.50000000E-01  1.02000193E-01 -2.46524777E-03 -1.75673891E-03 -4.56839163E-03  4.87135108E-04  4.20405164E-04  3.22019177E-06 -2.59873442E-04  2.15859659E-04
  3.60000000E-01  1.01964802E-01 -2.46136275E-03 -1.75331897E-03 -3.15422979E-03  3.44872357E-04  3.05485414E-04  2.65904828E-06 -1.93595039E-04  1.58982660E-04
  3.70000000E-01  1.01940331E-01 -2.45862534E-03 -1.75083872E-03 -2.18139316E-03  2.42994104E-04  2.21739525E-04  2.18629515E-06 -1.43563355E-04  1.16630519E-04
  3.80000000E-01  1.01923381E-01 -2.45670479E-03 -1.74904005E-03 -1.51120628E-03  1.70446303E-04  1.60949997E-04  1.79477325E-06 -1.06043362E-04  8.52843959E-05
  3.90000000E-01  1.01911620E-01 -2.45536306E-03 -1.74773450E-03 -1.04885249E-03  1.19020622E-04  1.16938204E-04  1.47388545E-06 -7.80602684E-05  6.21988533E-05
  4.00000000E-01  1.01903443E-01 -2.45442998E-03 -1.74678518E-03 -7.29413139E-04  8.27036666E-05  8.51211800E-05  1.21241204E-06 -5.72866559E-05  4.52662150E-05
  4.10000000E-01  1.01897746E-01 -2.45378453E-03 -1.74609305E-03 -5.08379359E-04  5.71411831E-05  6.21324013E-05  9.99898015E-07 -4.19262572E-05  3.28883333E-05
  4.20000000E-01  1.01893767E-01 -2.45334093E-03 -1.74558667E-03 -3.55194622E-04  3.92069613E-05  4.55164961E-05  8.27225055E-07 -3.06074999E-05  2.38651208E-05
  4.30000000E-01  1.01890981E-01 -2.45303853E-03 -1.74521459E-03 -2.48853614E-04  2.66662134E-05  3.34923122E-05  6.86742983E-07 -2.22920426E-05  1.73023667E-05
  4.40000000E-01  1.01889025E-01 -2.45283458E-03 -1.74493978E-03 -1.74898231E-04  1.79252064E-05  2.47748723E-05  5.72183958E-07 -1.61993099E-05  1.25379573E-05
  4.50000000E-01  1.01887645E-01 -2.45269903E-03 -1.74473562E-03 -1.23364205E-04  1.18509946E-05  1.84403355E-05  4.78484269E-07 -1.17458892E-05  9.08415630E-06
  4.60000000E-01  1.01886669E-01 -2.45261089E-03 -1.74458289E-03 -8.73757261E-05  7.64534275E-06  1.38244648E-05  4.01586595E-07 -8.49784615E-06  6.58321332E-06
  4.70000000E-01  1.01885976E-01 -2.45255547E-03 -1.74446773E-03 -6.21821613E-05  4.74562330E-06  1.04499478E-05  3.38252601E-07 -6.13375854E-06  4.77365665E-06
  4.80000000E-01  1.01885480E-01 -2.45252251E-03 -1.74438010E-03 -4.44970227E-05  2.75834256E-06  7.97276286E-06  2.85901109E-07 -4.41638557E-06  3.46495172E-06
  4.90000000E-01  1.01885123E-01 -2.45250486E-03 -1.74431276E-03 -3.20437447E-05  1.41009655E-06  6.14460777E-06  2.42472255E-07 -3.17115577E-06  2.51860375E-06
  5.00000000E-01  1.01884865E-01 -2.45249750E-03 -1.74426045E-03 -2.32431691E-05  5.08406818E-07  4.78720815E-06  2.06317947E-07 -2.26995564E-06  1.83415550E-06
