  0.00000000E+00  0.00000000E+00  0.00000000E+00  0.00000000E+00  1.90257480E+00  2.49030151E-04  4.12927561E-04  2.37702552E-04  8.64615588E-05 -4.40366946E-04
  1.00000000E-02  1.90257480E-02  2.49030151E-06  4.12927561E-06  1.34644400E+00 -1.98144403E-03 -1.67379138E-02 -2.63997937E-05  1.67537839E-02 -2.16162611E-02
  2.00000000E-02  2.97095341E-02 -2.84765097E-05 -2.49004070E-04  9.96068363E-01 -2.55367225E-03 -2.38235458E-02 -2.85654459E-04  2.25693813E-02 -2.88826008E-02
  3.00000000E-02  3.79183395E-02 -5.68743733E-05 -5.22667688E-04  7.54082988E-01 -2.64568674E-03 -2.70250145E-02 -4.65005089E-04  2.46656632E-02 -3.14656985E-02
  4.00000000E-02  4.42492425E-02 -8.37913132E-05 -8.08925176E-04  5.99625721E-01 -2.41568474E-03 -2.72217512E-02 -5.73028114E-04  2.39386268E-02 -3.05161729E-02
  5.00000000E-02  4.94732134E-02 -1.06798151E-04 -1.08212637E-03  5.05765130E-01 -2.04607825E-03 -2.57553322E-02 -6.24297384E-04  2.18571445E-02 -2.78453757E-02
  6.00000000E-02  5.40615617E-02 -1.25410901E-04 -1.33234760E-03  4.50581975E-01 -1.67497943E-03 -2.36696058E-02 -6.33581940E-04  1.94591443E-02 -2.47819644E-02
  7.00000000E-02  5.82914657E-02 -1.40305201E-04 -1.55861503E-03  4.18857420E-01 -1.37026532E-03 -2.15811150E-02 -6.15749973E-04  1.73055137E-02 -2.20379147E-02
  8.00000000E-02  6.23214171E-02 -1.52484283E-04 -1.76398372E-03  4.00879786E-01 -1.15148233E-03 -1.97781469E-02 -5.83509673E-04  1.56033575E-02 -1.98751669E-02
  9.00000000E-02  6.62403268E-02 -1.62905192E-04 -1.95275035E-03  3.90769497E-01 -1.01197691E-03 -1.83476674E-02 -5.46325755E-04  1.43625758E-02 -1.83041139E-02
  1.00000000E-01  7.00974703E-02 -1.72327434E-04 -2.12907463E-03  3.85091915E-01 -9.34745842E-04 -1.72733079E-02 -5.10259515E-04  1.35076861E-02 -1.72267915E-02
  1.10000000E-01  7.39200016E-02 -1.81288737E-04 -2.29643591E-03  3.81890429E-01 -9.01422152E-04 -1.64968159E-02 -4.78557618E-04  1.29425190E-02 -1.65192855E-02
  1.20000000E-01  7.77228984E-02 -1.90136340E-04 -2.45752161E-03  3.80069021E-01 -8.96359789E-04 -1.59512681E-02 -4.52475195E-04  1.25800908E-02 -1.60697590E-02
  1.30000000E-01  8.15144816E-02 -1.99074626E-04 -2.61430655E-03  3.79019856E-01 -9.07856136E-04 -1.55762994E-02 -4.32026387E-04  1.23525561E-02 -1.57912401E-02
  1.40000000E-01  8.52994343E-02 -2.08210669E-04 -2.76819470E-03  3.78407059E-01 -9.27944052E-04 -1.53232517E-02 -4.16571318E-04  1.22114705E-02 -1.56218159E-02
  1.50000000E-01  8.90804409E-02 -2.17590549E-04 -2.92016198E-03  3.78044523E-01 -9.51610049E-04 -1.51553816E-02 -4.05226539E-04  1.21242427E-02 -1.55199640E-02
  1.60000000E-01  9.28590735E-02 -2.27224980E-04 -3.07087644E-03  3.77828201E-01 -9.75959579E-04 -1.50460873E-02 -3.97092846E-04  1.20698581E-02 -1.54590274E-02
  1.70000000E-01  9.66362739E-02 -2.37106323E-04 -3.22079084E-03  3.77699080E-01 -9.99499185E-04 -1.49766500E-02 -3.91373191E-04  1.20351950E-02 -1.54224533E-02
  1.80000000E-01  1.00412619E-01 -2.47219013E-04 -3.37021016E-03  3.77623063E-01 -1.02159597E-03 -1.49341507E-02 -3.87415479E-04  1.20122590E-02 -1.54002254E-02
  1.90000000E-01  1.04188470E-01 -2.57545457E-04 -3.51933917E-03  3.77580031E-01 -1.04210525E-03 -1.49097895E-02 -3.84714817E-04  1.19962679E-02 -1.53864020E-02
  2.00000000E-01  1.07964055E-01 -2.68069056E-04 -3.66831526E-03 -9.69515256E-01  1.16689310E-03  2.15381038E-03 -3.74834497E-04 -4.61644409E-03  6.13199234E-03
  2.10000000E-01  9.15334258E-02 -2.45355133E-04 -3.56145915E-03 -7.35345476E-01  1.43522242E-03  6.83718222E-03 -1.68980743E-04 -8.49887424E-03  1.10445180E-02
  2.20000000E-01  8.53508199E-02 -2.29661262E-04 -3.46967047E-03 -4.96330993E-01  1.78539148E-03  1.07504062E-02 -1.40727658E-05 -1.11045235E-02  1.43185637E-02
  2.30000000E-01  8.15825824E-02 -2.10056502E-04 -3.34260029E-03 -3.13596748E-01  1.72132493E-03  1.21513653E-02  1.22417616E-04 -1.15579341E-02  1.48190928E-02
  2.40000000E-01  7.93602861E-02 -1.93163585E-04 -3.21408184E-03 -1.90182295E-01  1.43942249E-03  1.16287159E-02  2.03575234E-04 -1.03489089E-02  1.32237876E-02
  2.50000000E-01  7.80755355E-02 -1.80178873E-04 -3.10040793E-03 -1.12277009E-01  1.07237697E-03  1.00357714E-02  2.38264755E-04 -8.36826071E-03  1.06637694E-02
  2.60000000E-01  7.73422918E-02 -1.71290331E-04 -3.00801494E-03 -6.51616097E-02  7.20165672E-04  8.08086545E-03  2.38751756E-04 -6.28602737E-03  7.98952071E-03
  2.70000000E-01  7.69262527E-02 -1.65849730E-04 -2.93698081E-03 -3.74648844E-02  4.32917721E-04  6.19688124E-03  2.17784437E-04 -4.46576103E-03  5.66061234E-03
  2.80000000E-01  7.66900875E-02 -1.62956793E-04 -2.88443192E-03 -2.14819811E-02  2.23853654E-04  4.58781440E-03  1.86060562E-04 -3.03748468E-03  3.83893832E-03
  2.90000000E-01  7.65551822E-02 -1.61763577E-04 -2.84659911E-03 -1.23574954E-02  8.56717878E-05  3.31099329E-03  1.51314387E-04 -1.99587236E-03  2.51443762E-03
  3.00000000E-01  7.64772297E-02 -1.61597768E-04 -2.81987328E-03 -7.16958419E-03  2.90694817E-06  2.34632713E-03  1.18387939E-04 -1.27588013E-03  1.60178902E-03
  3.10000000E-01  7.64314734E-02 -1.61982523E-04 -2.80123334E-03 -4.21398450E-03 -4.07864155E-05  1.64199203E-03  8.97912406E-05 -7.98191573E-04  9.98343767E-04
  3.20000000E-01  7.64041115E-02 -1.62608854E-04 -2.78833510E-03 -2.51747313E-03 -5.92479059E-05  1.13999261E-03  6.64029775E-05 -4.91254292E-04  6.12050987E-04
  3.30000000E-01  7.63874194E-02 -1.63293640E-04 -2.77944517E-03 -1.53169773E-03 -6.28146094E-05  7.88169583E-04  4.81066911E-05 -2.98913075E-04  3.70973663E-04
  3.40000000E-01  7.63770313E-02 -1.63939620E-04 -2.77332259E-03 -9.49748376E-04 -5.85345122E-05  5.44346112E-04  3.42762619E-05 -1.80671348E-04  2.23429788E-04
  3.50000000E-01  7.63704435E-02 -1.64503565E-04 -2.76909825E-03 -5.99916464E-04 -5.08444510E-05  3.76509806E-04  2.41002423E-05 -1.08981265E-04  1.34395209E-04
  3.60000000E-01  7.63661935E-02 -1.64973559E-04 -2.76617233E-03 -3.85602252E-04 -4.23138086E-05  2.61346731E-04  1.67719699E-05 -6.58949027E-05  8.11423748E-05
  3.70000000E-01  7.63634091E-02 -1.65354044E-04 -2.76413468E-03 -2.51864090E-04 -3.42794788E-05  1.82348012E-04  1.15835282E-05 -4.00983527E-05  4.94070656E-05
  3.80000000E-01  7.63615591E-02 -1.65656667E-04 -2.76270619E-03 -1.66969395E-04 -2.73224990E-05  1.28045836E-04  7.95872185E-06 -2.46383673E-05  3.04652272E-05
  3.90000000E-01  7.63603139E-02 -1.65895107E-04 -2.76169724E-03 -1.12248711E-04 -2.15957794E-05  9.05753771E-05  5.45199983E-06 -1.53223919E-05  1.90846787E-05
  4.00000000E-01  7.63594650E-02 -1.66082431E-04 -2.76097884E-03 -7.64970840E-05 -1.70338097E-05  6.45852256E-05  3.73141141E-06 -9.65604543E-06  1.21706930E-05
  4.10000000E-01  7.63588788E-02 -1.66229959E-04 -2.76046294E-03 -5.28554828E-05 -1.34788198E-05  4.64481648E-05  2.55645244E-06 -6.16694371E-06  7.90792404E-06
  4.20000000E-01  7.63584685E-02 -1.66346973E-04 -2.76008914E-03 -3.70478635E-05 -1.07460548E-05  3.37049723E-05  1.75654053E-06 -3.98810220E-06  5.23433153E-06
  4.30000000E-01  7.63581770E-02 -1.66440769E-04 -2.75981581E-03 -2.63654707E-05 -8.65837602E-06  2.46868264E-05  1.21263088E-06 -2.60754429E-06  3.52671352E-06
  4.40000000E-01  7.63579668E-02 -1.66516915E-04 -2.75961403E-03 -1.90690119E-05 -7.06690678E-06  1.82589366E-05  8.42650345E-07 -1.72054717E-06  2.41627258E-06
  4.50000000E-01  7.63578126E-02 -1.66579626E-04 -2.75946358E-03 -1.40291372E-05 -5.85278284E-06  1.36449536E-05  5.90516597E-07 -1.14353296E-06  1.68185155E-06
