  0.00000000E+00  0.00000000E+00  0.00000000E+00  0.00000000E+00  1.90257477E+00  2.49017077E-04  4.12928357E-04  2.37679203E-04  8.64724209E-05 -4.40339229E-04
  1.00000000E-02  1.90257477E-02  2.49017077E-06  4.12928357E-06  1.37224411E+00  6.29388475E-03  1.06694973E-02  8.27067459E-05 -6.76054681E-04  1.09058823E-02
  2.00000000E-02  3.00965355E-02  9.56533567E-05  1.62107102E-04  1.03026569E+00  8.54532512E-03  1.48013811E-02 -6.43813375E-05 -9.10686303E-04  1.52516660E-02
  3.00000000E-02  3.86893003E-02  1.92363810E-04  3.30780331E-04  7.90953063E-01  9.42812831E-03  1.65919614E-02 -1.61415857E-04 -9.85781950E-04  1.70286939E-02
  4.00000000E-02  4.54022678E-02  2.91059109E-04  5.05652847E-04  6.34888563E-01  9.26844197E-03  1.65609805E-02 -2.16688091E-04 -9.25332550E-04  1.68293840E-02
  5.00000000E-02  5.09708309E-02  3.82945097E-04  6.71107747E-04  5.37425523E-01  8.56896163E-03  1.55421417E-02 -2.41947289E-04 -8.19462486E-04  1.56061844E-02
  6.00000000E-02  5.58577710E-02  4.65137311E-04  8.21434970E-04  4.78280227E-01  7.71713395E-03  1.41794086E-02 -2.46609035E-04 -7.07972212E-04  1.40671731E-02
  7.00000000E-02  6.03448468E-02  5.38049512E-04  9.56415391E-04  4.43095188E-01  6.92899746E-03  1.28491447E-02 -2.38822005E-04 -6.13512343E-04  1.26138518E-02
  8.00000000E-02  6.45998734E-02  6.03398805E-04  1.07825552E-03  4.22454253E-01  6.29257726E-03  1.17220277E-02 -2.24808644E-04 -5.42470393E-04  1.14160835E-02
  9.00000000E-02  6.87212113E-02  6.63142476E-04  1.18984021E-03  4.10461752E-01  5.82136141E-03  1.08434492E-02 -2.08821390E-04 -4.93018303E-04  1.05075833E-02
  1.00000000E-01  7.27658663E-02  7.19000011E-04  1.29388181E-03  4.03537459E-01  5.49400397E-03  1.01958013E-02 -1.93483281E-04 -4.60293517E-04  9.85649531E-03
  1.10000000E-01  7.67666194E-02  7.72303264E-04  1.39260158E-03  3.99552574E-01  5.27832985E-03  9.73726924E-03 -1.80156935E-04 -4.39215405E-04  9.40876308E-03
  1.20000000E-01  8.07422208E-02  8.24008191E-04  1.48768162E-03  3.97260379E-01  5.14331328E-03  9.42246559E-03 -1.69335134E-04 -4.25621589E-04  9.11030573E-03
  1.30000000E-01  8.47033636E-02  8.74766241E-04  1.58033225E-03  3.95938627E-01  5.06367237E-03  9.21160578E-03 -1.60966598E-04 -4.16540962E-04  8.91599944E-03
  1.40000000E-01  8.86561411E-02  9.25004761E-04  1.67139401E-03  3.95172017E-01  5.02063945E-03  9.07330887E-03 -1.54747760E-04 -4.10016938E-04  8.79166596E-03
  1.50000000E-01  9.26040282E-02  9.74995990E-04  1.76143562E-03  3.94722895E-01  5.00110964E-03  8.98436428E-03 -1.50278581E-04 -4.04818236E-04  8.71298820E-03
  1.60000000E-01  9.65490116E-02  1.02490944E-03  1.85083454E-03  3.94455611E-01  4.99632336E-03  8.92833058E-03 -1.47157735E-04 -4.00230724E-04  8.66340713E-03
  1.70000000E-01  1.00492231E-01  1.07484874E-03  1.93983767E-03  3.94292780E-01  5.00061519E-03  8.89391511E-03 -1.45034467E-04 -3.95872278E-04  8.63201508E-03
  1.80000000E-01  1.04434345E-01  1.12487635E-03  2.02860475E-03  3.94190213E-01  5.01041228E-03  8.87353580E-03 -1.43625952E-04 -3.91556769E-04  8.61181285E-03
  1.90000000E-01  1.08375734E-01  1.17502946E-03  2.11723821E-03  3.94122612E-01  5.02350509E-03  8.86218748E-03 -1.42716252E-04 -3.87205868E-04  8.59840312E-03
  2.00000000E-01  1.12316622E-01  1.22532997E-03  2.20580334E-03 -9.77580519E-01 -1.81317463E-03 -2.03834618E-03 -2.44750960E-04  2.09746628E-04 -2.27114886E-03
  2.10000000E-01  9.56823014E-02  1.17301483E-03  2.13091721E-03 -7.49745180E-01 -3.22424935E-03 -4.72702088E-03 -1.12071970E-04  3.17825098E-04 -5.14106902E-03
  2.20000000E-01  8.93240263E-02  1.13371696E-03  2.07020363E-03 -5.13605250E-01 -4.52555593E-03 -6.86984202E-03 -3.88874575E-05  4.02197674E-04 -7.27570236E-03
  2.30000000E-01  8.53686735E-02  1.08195487E-03  1.99079110E-03 -3.31120563E-01 -4.75102105E-03 -7.50936261E-03  3.62208131E-05  4.05706604E-04 -7.86371284E-03
  2.40000000E-01  8.29698913E-02  1.03331733E-03  1.91249987E-03 -2.05442858E-01 -4.31306333E-03 -7.02375996E-03  7.93148332E-05  3.49796563E-04 -7.25157559E-03
  2.50000000E-01  8.15438512E-02  9.92376489E-04  1.84469029E-03 -1.24240019E-01 -3.54468926E-03 -5.93763645E-03  9.80004038E-05  2.68216234E-04 -6.02664253E-03
  2.60000000E-01  8.07074652E-02  9.60771467E-04  1.79074454E-03 -7.38105858E-02 -2.71478221E-03 -4.67871468E-03  9.95687879E-05  1.87531527E-04 -4.65441407E-03
  2.70000000E-01  8.02215066E-02  9.37773180E-04  1.75025200E-03 -4.33120641E-02 -1.97377644E-03 -3.50174649E-03  9.08365482E-05  1.20795424E-04 -3.40311578E-03
  2.80000000E-01  7.99408785E-02  9.21740445E-04  1.72111938E-03 -2.52041742E-02 -1.38004713E-03 -2.52040137E-03  7.71362181E-05  7.16584886E-05 -2.38463394E-03
  2.90000000E-01  7.97793762E-02  9.10908620E-04  1.70082209E-03 -1.45911739E-02 -9.37206999E-04 -1.75966207E-03  6.21289179E-05  3.86111688E-05 -1.61509456E-03
  3.00000000E-01  7.96865295E-02  9.03750750E-04  1.68702917E-03 -8.42607033E-03 -6.23390286E-04 -1.19918222E-03  4.80119234E-05  1.81265827E-05 -1.06391097E-03
  3.10000000E-01  7.96330943E-02  8.99085931E-04  1.67783974E-03 -4.86531218E-03 -4.09298916E-04 -8.01445901E-04  3.58754564E-05  6.46827866E-06 -6.84851985E-04
  3.20000000E-01  7.96022450E-02  8.96063399E-04  1.67181397E-03 -2.81522631E-03 -2.67339868E-04 -5.27168455E-04  2.60683425E-05  5.05666114E-07 -4.32406329E-04
  3.30000000E-01  7.95843431E-02  8.94099795E-04  1.66791367E-03 -1.63598944E-03 -1.75141435E-04 -3.42218964E-04  1.85027994E-05 -2.06418298E-06 -2.68605791E-04
  3.40000000E-01  7.95738794E-02  8.92809373E-04  1.66541623E-03 -9.56941852E-04 -1.16079802E-04 -2.19710046E-04  1.28762057E-05 -2.78466286E-06 -1.64584364E-04
  3.50000000E-01  7.95677052E-02  8.91943883E-04  1.66383167E-03 -5.64768943E-04 -7.85077898E-05 -1.39719193E-04  8.81460632E-06 -2.61131053E-06 -9.97007691E-05
  3.60000000E-01  7.95640184E-02  8.91346666E-04  1.66283443E-03 -3.37201552E-04 -5.46098653E-05 -8.80931109E-05  5.95456473E-06 -2.09073073E-06 -5.98340943E-05
  3.70000000E-01  7.95617842E-02  8.90920057E-04  1.66221163E-03 -2.04286997E-04 -3.92961034E-05 -5.50861234E-05  3.98222291E-06 -1.50752924E-06 -3.56453262E-05
  3.80000000E-01  7.95604059E-02  8.90603664E-04  1.66182581E-03 -1.26003666E-04 -2.93189390E-05 -3.41462976E-05  2.64577875E-06 -9.90582623E-07 -2.11214224E-05
  3.90000000E-01  7.95595373E-02  8.90360361E-04  1.66158904E-03 -7.94163570E-05 -2.26572604E-05 -2.09500035E-05  1.75343162E-06 -5.83310525E-07 -1.24742185E-05
  4.00000000E-01  7.95589761E-02  8.90167097E-04  1.66144552E-03 -5.13405244E-05 -1.80764622E-05 -1.26841071E-05  1.16469798E-06 -2.86814795E-07 -7.35970651E-06
  4.10000000E-01  7.95586031E-02  8.90009236E-04  1.66136001E-03 -3.41632761E-05 -1.48203980E-05 -7.53888483E-06  7.79831729E-07 -8.45207012E-08 -4.34898478E-06
  4.20000000E-01  7.95583473E-02  8.89877312E-04  1.66131035E-03 -2.34641548E-05 -1.24128945E-05 -4.35881140E-06  5.29788281E-07  4.48925048E-08 -2.58174890E-06
  4.30000000E-01  7.95581662E-02  8.89765221E-04  1.66128266E-03 -1.66588080E-05 -1.05717211E-05 -2.40816150E-06  3.67776249E-07  1.21437405E-07 -1.54531208E-06
  4.40000000E-01  7.95580336E-02  8.89668709E-04  1.66126833E-03 -1.22245393E-05 -9.12020200E-06 -1.22258849E-06  2.62646636E-07  1.61548275E-07 -9.36672742E-07
  4.50000000E-01  7.95579335E-02  8.89584765E-04  1.66126204E-03 -9.25611319E-06 -7.94078022E-06 -5.10668408E-07  1.93975663E-07  1.77707424E-07 -5.77915476E-07
  4.60000000E-01  7.95578558E-02  8.89511254E-04  1.66126049E-03 -7.20987042E-06 -6.95936356E-06 -9.20464295E-08  1.48542242E-07  1.78892464E-07 -3.65069272E-07
  4.70000000E-01  7.95577940E-02  8.89446568E-04  1.66126166E-03 -5.75552750E-06 -6.12691275E-06  1.45240475E-07  1.17879317E-07  1.71289579E-07 -2.37559840E-07
  4.80000000E-01  7.95577437E-02  8.89389461E-04  1.66126430E-03 -4.68980975E-06 -5.41085749E-06  2.71071541E-07  9.66120898E-08  1.59003859E-07 -1.60142762E-07
  4.90000000E-01  7.95577021E-02  8.89338933E-04  1.66126764E-03 -3.88574145E-06 -4.78805194E-06  3.29467754E-07  8.13524142E-08  1.44658874E-07 -1.12302567E-07
  5.00000000E-01  7.95576673E-02  8.89294166E-04  1.66127123E-03 -3.26266375E-06 -4.24193585E-06  3.47942887E-07  6.99750533E-08  1.29862317E-07 -8.20711100E-08
