  0.00000000E+00  0.00000000E+00  0.00000000E+00  0.00000000E+00  1.90257477E+00  2.49017077E-04  4.12928357E-04  2.37679203E-04  8.64724209E-05 -4.40339229E-04
  1.00000000E-02  1.90257477E-02  2.49017077E-06  4.12928357E-06  1.43026954E+00 -4.91056826E-03  3.75404302E-03  1.84978539E-04  8.65087825E-04 -4.22874439E-03
  2.00000000E-02  3.09669169E-02 -7.24134386E-05  5.83752871E-05  1.11368686E+00 -7.36451906E-03  5.19011843E-03  1.22186063E-04  1.17894485E-03 -5.97869902E-03
  3.00000000E-02  4.05208721E-02 -1.58328383E-04  1.17456848E-04  8.86738144E-01 -8.67565175E-03  5.83297467E-03  7.92859224E-05  1.30165553E-03 -6.88682085E-03
  4.00000000E-02  4.82535100E-02 -2.51640564E-04  1.79000876E-04  7.32733679E-01 -9.05493569E-03  5.87259923E-03  5.09640247E-05  1.28523783E-03 -7.10987156E-03
  5.00000000E-02  5.48108245E-02 -3.44086341E-04  2.37924991E-04  6.31345245E-01 -8.86284335E-03  5.57541546E-03  3.23747032E-05  1.19192359E-03 -6.92592039E-03
  6.00000000E-02  6.06173347E-02 -4.31754312E-04  2.92193227E-04  5.65716981E-01 -8.39871542E-03  5.14166312E-03  2.05650798E-05  1.07492798E-03 -6.54744105E-03
  7.00000000E-02  6.59463632E-02 -5.13420827E-04  3.41441097E-04  5.23616876E-01 -7.85642653E-03  4.69184645E-03  1.33349314E-05  9.63668975E-04 -6.11231426E-03
  8.00000000E-02  7.09720315E-02 -5.89273648E-04  3.86110478E-04  4.96715807E-01 -7.34218782E-03  4.28566867E-03  9.16258226E-06  8.71200095E-04 -5.69694024E-03
  9.00000000E-02  7.58046842E-02 -6.60124332E-04  4.26936276E-04  4.79535610E-01 -6.90338724E-03  3.94492345E-03  6.99350430E-06  8.00640654E-04 -5.33666418E-03
  1.00000000E-01  8.05141393E-02 -7.26964202E-04  4.64681784E-04  4.68544336E-01 -6.55293153E-03  3.67098681E-03  6.11763869E-06  7.49922147E-04 -5.04109518E-03
  1.10000000E-01  8.51446263E-02 -7.90741239E-04  5.00021969E-04  4.61489758E-01 -6.28614251E-03  3.45593098E-03  6.03733528E-06  7.15213834E-04 -4.80651134E-03
  1.20000000E-01  8.97242510E-02 -8.52268719E-04  5.33506000E-04  4.56942426E-01 -6.09096018E-03  3.28881756E-03  6.43634949E-06  6.92222240E-04 -4.62417750E-03
  1.30000000E-01  9.42709386E-02 -9.12202409E-04  5.65558608E-04  4.53996489E-01 -5.95354300E-03  3.15884668E-03  7.09242107E-06  6.77588080E-04 -4.48440886E-03
  1.40000000E-01  9.87961738E-02 -9.71050753E-04  5.96497221E-04  4.52077114E-01 -5.86091591E-03  3.05671481E-03  7.83384422E-06  6.68679561E-04 -4.37813165E-03
  1.50000000E-01  1.03307348E-01 -1.02919678E-03  6.26553709E-04  4.50818506E-01 -5.80209356E-03  2.97494281E-03  8.55446903E-06  6.63622493E-04 -4.29758177E-03
  1.60000000E-01  1.07809240E-01 -1.08692360E-03  6.55894277E-04  4.49987075E-01 -5.76832186E-03  2.90778461E-03  9.21397132E-06  6.61072596E-04 -4.23655831E-03
  1.70000000E-01  1.12304954E-01 -1.14443796E-03  6.84636333E-04  4.49432976E-01 -5.75284517E-03  2.85097565E-03  9.79985754E-06  6.60144017E-04 -4.19015547E-03
  1.80000000E-01  1.16796513E-01 -1.20188903E-03  7.12862044E-04  4.49059640E-01 -5.75056336E-03  2.80141612E-03  1.02966428E-05  6.60242124E-04 -4.15454105E-03
  1.90000000E-01  1.21285243E-01 -1.25938325E-03  7.40628408E-04  4.48804596E-01 -5.75772564E-03  2.75689135E-03  1.07089512E-05  6.60985659E-04 -4.12686380E-03
  2.00000000E-01  1.25772013E-01 -1.31699632E-03  7.67974697E-04 -9.80887917E-01 -2.19607789E-06 -1.18689953E-04 -2.00264035E-04 -2.57636689E-04 -8.57463046E-05
  2.10000000E-01  1.08814672E-01 -1.28824063E-03  7.52409891E-04 -7.70092697E-01  1.61032993E-03 -9.99079956E-04 -1.15596346E-04 -4.74342721E-04  1.24843463E-03
  2.20000000E-01  1.02167721E-01 -1.26407470E-03  7.38017142E-04 -5.47851573E-01  3.20805526E-03 -1.57128526E-03 -1.03679894E-04 -6.29075398E-04  2.10327471E-03
  2.30000000E-01  9.78004107E-02 -1.22400553E-03  7.19443263E-04 -3.71386131E-01  3.85785440E-03 -1.90184697E-03 -6.45387200E-05 -6.61712007E-04  2.60968132E-03
  2.40000000E-01  9.49688766E-02 -1.18217799E-03  6.98771984E-04 -2.45098891E-01  3.87332421E-03 -1.89502264E-03 -3.86030989E-05 -6.04509877E-04  2.65873792E-03
  2.50000000E-01  9.31493239E-02 -1.14336739E-03  6.79855880E-04 -1.59381316E-01  3.48954198E-03 -1.69272287E-03 -2.06280855E-05 -5.01238644E-04  2.43428738E-03
  2.60000000E-01  9.19840986E-02 -1.11039089E-03  6.63940150E-04 -1.02852507E-01  2.93113625E-03 -1.40575538E-03 -8.76972591E-06 -3.88125464E-04  2.08238302E-03
  2.70000000E-01  9.12382176E-02 -1.08387155E-03  6.51317434E-04 -6.61649876E-02  2.34551104E-03 -1.10808637E-03 -1.32456341E-06 -2.85423936E-04  1.70015348E-03
  2.80000000E-01  9.07600053E-02 -1.06334457E-03  6.41724915E-04 -4.25536853E-02  1.81194956E-03 -8.39744097E-04  3.05439160E-06 -2.01597036E-04  1.34236268E-03
  2.90000000E-01  9.04525249E-02 -1.04789288E-03  6.34669185E-04 -2.74126419E-02  1.36314545E-03 -6.16967676E-04  5.36992022E-06 -1.37793458E-04  1.03388095E-03
  3.00000000E-01  9.02541037E-02 -1.03650545E-03  6.29613391E-04 -1.77082446E-02  1.00458521E-03 -4.41924335E-04  6.34452462E-06 -9.15921534E-05  7.81431746E-04
  3.10000000E-01  9.01255433E-02 -1.02825239E-03  6.26069364E-04 -1.14792094E-02  7.28175337E-04 -3.09753855E-04  6.48621646E-06 -5.93703299E-05  5.82092021E-04
  3.20000000E-01  9.00418964E-02 -1.02235269E-03  6.23632678E-04 -7.47008769E-03  5.20567108E-04 -2.12952269E-04  6.14367026E-06 -3.75521985E-05  4.28685059E-04
  3.30000000E-01  8.99872411E-02 -1.01818506E-03  6.21987163E-04 -4.88088195E-03  3.67674679E-04 -1.43770763E-04  5.54952118E-06 -2.31325165E-05  3.12864079E-04
  3.40000000E-01  8.99513783E-02 -1.01527278E-03  6.20895363E-04 -3.20233440E-03  2.56797811E-04 -9.53348629E-05  4.85357533E-06 -1.38002379E-05  2.26686842E-04
  3.50000000E-01  8.99277477E-02 -1.01325918E-03  6.20184194E-04 -2.10985473E-03  1.77382171E-04 -6.20270890E-05  4.14770124E-06 -7.87686192E-06  1.63289479E-04
  3.60000000E-01  8.99121115E-02 -1.01188244E-03  6.19730462E-04 -1.39599814E-03  1.21081097E-04 -3.94923254E-05  3.48426268E-06 -4.19098769E-06  1.17066249E-04
  3.70000000E-01  8.99017208E-02 -1.01095313E-03  6.19448212E-04 -9.27719647E-04  8.15248579E-05 -2.44823555E-05  2.88956253E-06 -1.94856903E-06  8.36052178E-05
  3.80000000E-01  8.98947850E-02 -1.01033567E-03  6.19278439E-04 -6.19354277E-04  5.39817275E-05 -1.46447909E-05  2.37336916E-06 -6.23093210E-07  5.95224609E-05
  3.90000000E-01  8.98901333E-02 -1.00993356E-03  6.19181179E-04 -4.15519097E-04  3.49629199E-05 -8.30247066E-06  1.93554374E-06  1.28598345E-07  4.22709078E-05
  4.00000000E-01  8.98869973E-02 -1.00967903E-03  6.19129866E-04 -2.80264545E-04  2.19379210E-05 -4.28232630E-06  1.57047526E-06  5.27059291E-07  2.99603572E-05
  4.10000000E-01  8.98848709E-02 -1.00952477E-03  6.19107143E-04 -1.90165078E-04  1.30985221E-05 -1.78201354E-06  1.26995158E-06  7.12345238E-07  2.12033287E-05
  4.20000000E-01  8.98834198E-02 -1.00943799E-03  6.19101824E-04 -1.29899700E-04  7.17055469E-06 -2.62456728E-07  1.02494061E-06  7.72389636E-07  1.49900935E-05
  4.30000000E-01  8.98824221E-02 -1.00939592E-03  6.19106798E-04 -8.94131437E-05  3.25384417E-06  6.31769468E-07  8.26625391E-07  7.61758416E-07  1.05908730E-05
  4.40000000E-01  8.98817304E-02 -1.00938297E-03  6.19117586E-04 -6.20841489E-05  7.20560855E-07  1.12692747E-06  6.66949308E-07  7.13841209E-07  7.48116419E-06
  4.50000000E-01  8.98812462E-02 -1.00938843E-03  6.19131332E-04 -4.35388374E-05 -8.64366198E-07  1.36651489E-06  5.38853329E-07  6.48695437E-07  5.28572575E-06
  4.60000000E-01  8.98809036E-02 -1.00940500E-03  6.19146195E-04 -3.08789698E-05 -1.80558380E-06  1.44461200E-06  4.36328036E-07  5.78056430E-07  3.73711874E-06
  4.70000000E-01  8.98806581E-02 -1.00942776E-03  6.19161031E-04 -2.21782037E-05 -2.31620291E-06  1.42412120E-06  3.54362066E-07  5.08516527E-07  2.64533686E-06
  4.80000000E-01  8.98804798E-02 -1.00945347E-03  6.19175170E-04 -1.61521876E-05 -2.54350797E-06  1.34706686E-06  2.88839987E-07  4.43531676E-07  1.87574139E-06
  4.90000000E-01  8.98803484E-02 -1.00948004E-03  6.19188255E-04 -1.19418469E-05 -2.58859592E-06  1.24106946E-06  2.36420921E-07  3.84678887E-07  1.33313573E-06
  5.00000000E-01  8.98802500E-02 -1.00950616E-03  6.19200136E-04 -8.97062203E-06 -2.52030306E-06  1.12388231E-06  1.94416362E-07  3.32439527E-07  9.50333796E-07
