  0.00000000E+00  0.00000000E+00  0.00000000E+00  0.00000000E+00  1.90257477E+00  2.49017077E-04  4.12928357E-04  2.37679203E-04  8.64724209E-05 -4.40339229E-04
  1.00000000E-02  1.90257477E-02  2.49017077E-06  4.12928357E-06  1.43022907E+00 -2.36365667E-02  5.84261278E-03  2.32833834E-04  8.25080668E-03  8.89324528E-03
  2.00000000E-02  3.09663099E-02 -3.53303415E-04  8.97038335E-05  1.11346035E+00 -3.41548789E-02  8.42255057E-03  2.31028981E-04  1.20069928E-02  1.33992180E-02
  3.00000000E-02  4.05170698E-02 -7.47443765E-04  1.86829028E-04  8.86282946E-01 -3.92620572E-02  9.74085527E-03  2.40684302E-04  1.39102825E-02  1.57925701E-02
  4.00000000E-02  4.82440122E-02 -1.16560023E-03  2.90829104E-04  7.32016625E-01 -4.00794269E-02  1.00499921E-02  2.54316417E-04  1.43574743E-02  1.65284256E-02
  5.00000000E-02  5.47928469E-02 -1.57048135E-03  3.92874710E-04  6.30395482E-01 -3.84233058E-02  9.75236239E-03  2.64855474E-04  1.39219746E-02  1.62015631E-02
  6.00000000E-02  6.05886960E-02 -1.94643380E-03  4.88910185E-04  5.64602031E-01 -3.57253490E-02  9.16679507E-03  2.69356960E-04  1.30843365E-02  1.53602714E-02
  7.00000000E-02  6.59057490E-02 -2.29019750E-03  5.77650299E-04  5.22413860E-01 -3.28677389E-02  8.49874568E-03  2.67755245E-04  1.21474062E-02  1.43555773E-02
  8.00000000E-02  7.09189468E-02 -2.60458684E-03  6.59297509E-04  4.95491952E-01 -3.02953377E-02  7.86122462E-03  2.61456218E-04  1.12733170E-02  1.33843544E-02
  9.00000000E-02  7.57392568E-02 -2.89467821E-03  7.34722150E-04  4.78341199E-01 -2.81745429E-02  7.30560440E-03  2.52433363E-04  1.05310676E-02  1.25389519E-02
  1.00000000E-01  8.04369150E-02 -3.16581967E-03  8.05000093E-04  4.67411346E-01 -2.65197851E-02  6.84677439E-03  2.42435670E-04  9.93671429E-03  1.18488024E-02
  1.10000000E-01  8.50563792E-02 -3.42274373E-03  8.71173687E-04  4.60434254E-01 -2.52759241E-02  6.48049543E-03  2.32715003E-04  9.47980044E-03  1.13097186E-02
  1.20000000E-01  8.96258363E-02 -3.66928367E-03  9.34147246E-04  4.55969211E-01 -2.43652928E-02  6.19415172E-03  2.24035567E-04  9.13902638E-03  1.09024474E-02
  1.30000000E-01  9.41632032E-02 -3.90838344E-03  9.94657045E-04  4.53103159E-01 -2.37112953E-02  5.97277653E-03  2.16757749E-04  8.89093036E-03  1.06031074E-02
  1.40000000E-01  9.86799045E-02 -4.14222640E-03  1.05327793E-03  4.51257394E-01 -2.32482093E-02  5.80210068E-03  2.10959177E-04  8.71403951E-03  1.03885198E-02
  1.50000000E-01  1.03183250E-01 -4.37239307E-03  1.11044556E-03  4.50064568E-01 -2.29237198E-02  5.66985076E-03  2.06549121E-04  8.59041930E-03  1.02385451E-02
  1.60000000E-01  1.07677931E-01 -4.60000782E-03  1.16648282E-03  4.49290918E-01 -2.26980767E-02  5.56609090E-03  2.03350456E-04  8.50588090E-03  1.01367684E-02
  1.70000000E-01  1.12166972E-01 -4.82586037E-03  1.22162493E-03  4.48787242E-01 -2.25420039E-02  5.48309547E-03  2.01156647E-04  8.44958928E-03  1.00703555E-02
  1.80000000E-01  1.16652326E-01 -5.05050004E-03  1.27604091E-03  4.48458001E-01 -2.24344041E-02  5.41502772E-03  1.99766272E-04  8.41347572E-03  1.00295577E-02
  1.90000000E-01  1.21135260E-01 -5.27430609E-03  1.32985085E-03  4.48241817E-01 -2.23603112E-02  5.35757161E-03  1.99000533E-04  8.39164245E-03  1.00071243E-02
  2.00000000E-01  1.25616597E-01 -5.49753873E-03  1.38313928E-03 -9.81911116E-01  1.43548699E-03  2.91207881E-04 -7.04522569E-05 -3.32276589E-04  4.16312978E-04
  2.10000000E-01  1.08646721E-01 -5.36420487E-03  1.36071954E-03 -7.71144026E-01  8.59763353E-03 -1.44643737E-03 -2.80017385E-05 -2.50190315E-03 -2.19934026E-03
  2.20000000E-01  1.01989117E-01 -5.24241780E-03  1.33756694E-03 -5.48741418E-01  1.42212443E-02 -2.65176206E-03 -7.22526113E-05 -4.91269625E-03 -5.24877324E-03
  2.30000000E-01  9.76137154E-02 -5.07208731E-03  1.30502270E-03 -3.71994576E-01  1.66393515E-02 -3.35863960E-03 -7.85963346E-05 -5.85935359E-03 -6.52129591E-03
  2.40000000E-01  9.47775039E-02 -4.89360326E-03  1.26790191E-03 -2.45396066E-01  1.63166015E-02 -3.45102650E-03 -8.82128981E-05 -5.87604295E-03 -6.70697479E-03
  2.50000000E-01  9.29565357E-02 -4.73205099E-03  1.23292971E-03 -1.59403755E-01  1.44007454E-02 -3.16603438E-03 -9.30306178E-05 -5.29441127E-03 -6.16087460E-03
  2.60000000E-01  9.17924598E-02 -4.59762282E-03  1.20269433E-03 -1.02672435E-01  1.18558586E-02 -2.69960272E-03 -9.20833806E-05 -4.44881977E-03 -5.26493320E-03
  2.70000000E-01  9.10493920E-02 -4.49178867E-03  1.17803046E-03 -6.58609393E-02  9.29609310E-03 -2.18686145E-03 -8.61012865E-05 -3.56100286E-03 -4.28119783E-03
  2.80000000E-01  9.05748401E-02 -4.41162656E-03  1.15872555E-03 -4.21930493E-02  7.03441880E-03 -1.70552229E-03 -7.66762973E-05 -2.75155248E-03 -3.35862538E-03
  2.90000000E-01  9.02712490E-02 -4.35259075E-03  1.14407703E-03 -2.70448474E-02  5.18317549E-03 -1.29170535E-03 -6.55325126E-05 -2.07068705E-03 -2.56518348E-03
  3.00000000E-01  9.00765416E-02 -4.31001521E-03  1.13322906E-03 -1.73647385E-02  3.74226351E-03 -9.55648480E-04 -5.41044893E-05 -1.52710567E-03 -1.91931773E-03
  3.10000000E-01  8.99512947E-02 -4.27979713E-03  1.12535286E-03 -1.11767098E-02  2.65959213E-03 -6.93523578E-04 -4.33842061E-05 -1.10860463E-03 -1.41313583E-03
  3.20000000E-01  8.98704678E-02 -4.25861457E-03  1.11972825E-03 -7.21475552E-03  1.86671418E-03 -4.95154917E-04 -3.39356392E-05 -7.94811932E-04 -1.02719925E-03
  3.30000000E-01  8.98181300E-02 -4.24391182E-03  1.11576854E-03 -4.67214791E-03  1.29709151E-03 -3.48545092E-04 -2.59861793E-05 -5.64161081E-04 -7.38981115E-04
  3.40000000E-01  8.97841216E-02 -4.23378901E-03  1.11301614E-03 -3.03588507E-03  8.93791043E-04 -2.42240885E-04 -1.95352153E-05 -3.97197513E-04 -5.27164470E-04
  3.50000000E-01  8.97619440E-02 -4.22686761E-03  1.11112525E-03 -1.97971481E-03  6.11452201E-04 -1.66372711E-04 -1.44493343E-05 -2.77777730E-04 -3.73456620E-04
  3.60000000E-01  8.97474277E-02 -4.22216478E-03  1.10984086E-03 -1.29584495E-03  4.15534992E-04 -1.12946970E-04 -1.05333042E-05 -1.93176378E-04 -2.63045213E-04
  3.70000000E-01  8.97378886E-02 -4.21898901E-03  1.10897852E-03 -8.51625023E-04  2.80562053E-04 -7.57651346E-05 -7.57684350E-06 -1.33703318E-04 -1.84388074E-04
  3.80000000E-01  8.97315935E-02 -4.21685826E-03  1.10840678E-03 -5.62137776E-04  1.88142282E-04 -5.01574456E-05 -5.38181763E-06 -9.21591267E-05 -1.28732534E-04
  3.90000000E-01  8.97274195E-02 -4.21543893E-03  1.10803325E-03 -3.72859661E-04  1.25188410E-04 -3.26869359E-05 -3.77549799E-06 -6.32914759E-05 -8.95736405E-05
  4.00000000E-01  8.97246373E-02 -4.21450182E-03  1.10779373E-03 -2.48675308E-04  8.25075778E-05 -2.08734784E-05 -2.61488639E-06 -4.33213613E-05 -6.21509324E-05
  4.10000000E-01  8.97227715E-02 -4.21389015E-03  1.10764406E-03 -1.66900730E-04  5.37025437E-05 -1.29553417E-05 -1.78592329E-06 -2.95590628E-05 -4.30224975E-05
  4.20000000E-01  8.97215114E-02 -4.21349715E-03  1.10755410E-03 -1.12839518E-04  3.43632351E-05 -7.69849534E-06 -1.20016100E-06 -2.01065054E-05 -2.97237204E-05
  4.30000000E-01  8.97206533E-02 -4.21325021E-03  1.10750340E-03 -7.69430558E-05  2.14575026E-05 -4.25064060E-06 -7.90518897E-07 -1.36334829E-05 -2.05035937E-05
  4.40000000E-01  8.97200633E-02 -4.21310017E-03  1.10747813E-03 -5.29901303E-05  1.29121277E-05 -2.02823279E-06 -5.07025134E-07 -9.21302123E-06 -1.41260928E-05
  4.50000000E-01  8.97196532E-02 -4.21301377E-03  1.10746896E-03 -3.69164089E-05  7.31178781E-06 -6.31286255E-07 -3.12997775E-07 -6.20216801E-06 -9.72336868E-06
  4.60000000E-01  8.97193644E-02 -4.21296865E-03  1.10746963E-03 -2.60594083E-05  3.69147629E-06  2.14908317E-07 -1.81842906E-07 -4.15672246E-06 -6.68879443E-06
  4.70000000E-01  8.97191581E-02 -4.21294984E-03  1.10747601E-03 -1.86701189E-05  1.39546427E-06  6.98696380E-07 -9.44850229E-08 -2.77082586E-06 -4.59992328E-06
  4.80000000E-01  8.97190083E-02 -4.21294737E-03  1.10748542E-03 -1.35962670E-05 -2.04409398E-08  9.48479794E-07 -3.73698913E-08 -1.83448519E-06 -3.16349460E-06
  4.90000000E-01  8.97188977E-02 -4.21295465E-03  1.10749615E-03 -1.00763790E-05 -8.56402308E-07  1.05094796E-06 -9.49070640E-10 -1.20389200E-06 -2.17646966E-06
  5.00000000E-01  8.97188146E-02 -4.21296739E-03  1.10750717E-03 -7.60556392E-06 -1.31422166E-06  1.06414353E-06  2.14507683E-08 -7.80786329E-07 -1.49859008E-06
