  0.00000000E+00  0.00000000E+00  0.00000000E+00  0.00000000E+00  1.90257477E+00  2.49017077E-04  4.12928357E-04  2.37679203E-04  8.64724209E-05 -4.40339229E-04
  1.00000000E-02  1.90257477E-02  2.49017077E-06  4.12928357E-06  1.43103832E+00  1.79710519E-02 -1.69043530E-02  4.14325078E-05  1.49891446E-02  5.94177979E-05
  2.00000000E-02  3.09784487E-02  2.70810864E-04 -2.51500654E-04  1.11426474E+00  2.53257196E-02 -2.42552863E-02 -1.69714117E-04  2.18623917E-02  3.44486049E-04
  3.00000000E-02  4.05372281E-02  5.60841399E-04 -5.30808182E-04  8.86937132E-01  2.86258907E-02 -2.76857630E-02 -3.25869551E-04  2.53570803E-02  5.05881482E-04
  4.00000000E-02  4.82699614E-02  8.63601161E-04 -8.24818196E-04  7.32471814E-01  2.87669545E-02 -2.80608598E-02 -4.32519405E-04  2.61359430E-02  5.49686295E-04
  5.00000000E-02  5.48223530E-02  1.15197602E-03 -1.10730228E-03  6.30646303E-01  2.71656141E-02 -2.67101502E-02 -4.96001571E-04  2.53225742E-02  5.48523458E-04
  6.00000000E-02  6.06196885E-02  1.41562546E-03 -1.36765023E-03  5.64688685E-01  2.49192825E-02 -2.46775471E-02 -5.24245325E-04  2.37773584E-02  5.20804727E-04
  7.00000000E-02  6.59367872E-02  1.65358663E-03 -1.60426269E-03  5.22389786E-01  2.26780463E-02 -2.25918730E-02 -5.26713407E-04  2.20510453E-02  4.82580088E-04
  8.00000000E-02  7.09491906E-02  1.86916091E-03 -1.81975305E-03  4.95408490E-01  2.07459217E-02 -2.07586476E-02 -5.12638429E-04  2.04370076E-02  4.42599770E-04
  9.00000000E-02  7.57683690E-02  2.06695951E-03 -2.01817340E-03  4.78239055E-01  1.92140643E-02 -1.92811793E-02 -4.89786327E-04  1.90602797E-02  4.05145853E-04
  1.00000000E-01  8.04649124E-02  2.25144086E-03 -2.20359785E-03  4.67319080E-01  1.80641647E-02 -1.81555028E-02 -4.63819036E-04  1.79501913E-02  3.71914377E-04
  1.10000000E-01  8.50835033E-02  2.42633301E-03 -2.37952449E-03  4.60369729E-01  1.72334289E-02 -1.73313791E-02 -4.38391838E-04  1.70882493E-02  3.43313133E-04
  1.20000000E-01  8.96524538E-02  2.59451362E-03 -2.54871767E-03  4.55942085E-01  1.66498559E-02 -1.67460792E-02 -4.15547966E-04  1.64364868E-02  3.19166389E-04
  1.30000000E-01  9.41897365E-02  2.75809432E-03 -2.71325196E-03  4.53117484E-01  1.62484823E-02 -1.63406736E-02 -3.96178059E-04  1.59529457E-02  2.98961914E-04
  1.40000000E-01  9.87067883E-02  2.91857227E-03 -2.87463167E-03  4.51313749E-01  1.59768918E-02 -1.60662278E-02 -3.80419939E-04  1.55990524E-02  2.82091224E-04
  1.50000000E-01  1.03210907E-01  3.07698324E-03 -3.03392172E-03  4.50161609E-01  1.57954851E-02 -1.58848375E-02 -3.67994254E-04  1.53424319E-02  2.67936821E-04
  1.60000000E-01  1.07706763E-01  3.23403105E-03 -3.19186314E-03  4.49426426E-01  1.56756089E-02 -1.57684171E-02 -3.58431300E-04  1.51573544E-02  2.55923968E-04
  1.70000000E-01  1.12197351E-01  3.39018776E-03 -3.34896521E-03  4.48958760E-01  1.55971422E-02 -1.56967758E-02 -3.51210843E-04  1.50240992E-02  2.45552401E-04
  1.80000000E-01  1.16684600E-01  3.54576685E-03 -3.50557476E-03  4.48663193E-01  1.55462566E-02 -1.56557041E-02 -3.45840353E-04  1.49279344E-02  2.36408727E-04
  1.90000000E-01  1.21169754E-01  3.70097499E-03 -3.66192644E-03  4.48478638E-01  1.55135966E-02 -1.56353540E-02 -3.41891873E-04  1.48580623E-02  2.28164850E-04
  2.00000000E-01  1.25653618E-01  3.85594765E-03 -3.81817823E-03 -9.83293226E-01 -2.54567089E-03  1.75967319E-03 -4.01056198E-04  1.11679537E-04  2.37564014E-04
  2.10000000E-01  1.08661826E-01  3.74019461E-03 -3.71360636E-03 -7.71575409E-01 -7.46480060E-03  6.59469295E-03 -2.25274203E-04 -4.61242794E-03  1.57032837E-04
  2.20000000E-01  1.02004661E-01  3.64095095E-03 -3.62348434E-03 -5.49825118E-01 -1.13811244E-02  1.08094530E-02 -9.90784590E-05 -8.31470541E-03 -1.84741267E-05
  2.30000000E-01  9.76151615E-02  3.50755809E-03 -3.49431601E-03 -3.72867452E-01 -1.27654129E-02  1.24054270E-02  2.79932727E-05 -1.01799716E-02 -1.20379953E-04
  2.40000000E-01  9.47712753E-02  3.37298252E-03 -3.36228186E-03 -2.46095823E-01 -1.21577996E-02  1.20149224E-02  1.13463795E-04 -1.02883206E-02 -1.71560456E-04
  2.50000000E-01  9.29441752E-02  3.25444259E-03 -3.24408516E-03 -1.59903846E-01 -1.04503782E-02  1.04824130E-02  1.62271445E-04 -9.32476239E-03 -1.83153016E-04
  2.60000000E-01  9.17760967E-02  3.15847591E-03 -3.14692358E-03 -1.02986529E-01 -8.37842114E-03  8.52903741E-03  1.81295150E-04 -7.87745458E-03 -1.71537389E-04
  2.70000000E-01  9.10308179E-02  3.08505149E-03 -3.07140008E-03 -6.60259102E-02 -6.39102733E-03  6.60614596E-03  1.79065636E-04 -6.33778883E-03 -1.48438496E-04
  2.80000000E-01  9.05553619E-02  3.03107818E-03 -3.01495308E-03 -4.22519982E-02 -4.69928878E-03  4.93593638E-03  1.63643893E-04 -4.92132132E-03 -1.21594738E-04
  2.90000000E-01  9.02517115E-02  2.99254399E-03 -2.97394477E-03 -2.70365964E-02 -3.36154048E-03  3.59039163E-03  1.41557623E-04 -3.72091642E-03 -9.55819904E-05
  3.00000000E-01  9.00574226E-02  2.96561732E-03 -2.94476857E-03 -1.73194277E-02 -2.35535497E-03  2.55944721E-03  1.17482901E-04 -2.75616978E-03 -7.27249287E-05
  3.10000000E-01  8.99328141E-02  2.94709470E-03 -2.92432882E-03 -1.11153012E-02 -1.62517879E-03  1.79699770E-03  9.43845824E-05 -2.00895300E-03 -5.38798933E-05
  3.20000000E-01  8.98526817E-02  2.93449380E-03 -2.91017109E-03 -7.15043073E-03 -1.10908000E-03  1.24743459E-03  7.38710077E-05 -1.44565486E-03 -3.90393413E-05
  3.30000000E-01  8.98010018E-02  2.92598349E-03 -2.90044456E-03 -4.61228642E-03 -7.51372999E-04  8.58764141E-04  5.65934000E-05 -1.02960252E-03 -2.77562137E-05
  3.40000000E-01  8.97675696E-02  2.92025829E-03 -2.89380027E-03 -2.98393522E-03 -5.07013988E-04  5.87714869E-04  4.25982141E-05 -7.27140407E-04 -1.94153484E-05
  3.50000000E-01  8.97458721E-02  2.91640995E-03 -2.88927837E-03 -1.93668645E-03 -3.41819658E-04  4.00628180E-04  3.15970613E-05 -5.09993958E-04 -1.33901590E-05
  3.60000000E-01  8.97317414E-02  2.91381772E-03 -2.88620752E-03 -1.26138040E-03 -2.30932696E-04  2.72451263E-04  2.31524075E-05 -3.55656756E-04 -9.12117042E-06
  3.70000000E-01  8.97225042E-02  2.91206283E-03 -2.88412390E-03 -8.24706165E-04 -1.56817600E-04  1.85098037E-04  1.67931565E-05 -2.46852347E-04 -6.14593445E-06
  3.80000000E-01  8.97164405E-02  2.91086523E-03 -2.88270968E-03 -5.41518314E-04 -1.07374120E-04  1.25788922E-04  1.20786532E-05 -1.70658597E-04 -4.10160170E-06
  3.90000000E-01  8.97124412E-02  2.91003871E-03 -2.88174834E-03 -3.57306576E-04 -7.43870539E-05  8.56210621E-05  8.62822080E-06 -1.17595268E-04 -2.71412872E-06
  4.00000000E-01  8.97097892E-02  2.90945977E-03 -2.88109297E-03 -2.37087186E-04 -5.23259141E-05  5.84553002E-05  6.12966545E-06 -8.08096824E-05 -1.78256537E-06
  4.10000000E-01  8.97080194E-02  2.90904682E-03 -2.88064424E-03 -1.58351764E-04 -3.75053658E-05  4.00932512E-05  4.33624368E-06 -5.54058446E-05 -1.16300317E-06
  4.20000000E-01  8.97068296E-02  2.90874587E-03 -2.88033512E-03 -1.06582501E-04 -2.74785824E-05  2.76765517E-05  3.05825110E-06 -3.79181536E-05 -7.54379833E-07
  4.30000000E-01  8.97060226E-02  2.90852122E-03 -2.88012044E-03 -7.23923877E-05 -2.06278753E-05  1.92686388E-05  2.15291788E-06 -2.59119449E-05 -4.86879053E-07
  4.40000000E-01  8.97054696E-02  2.90834919E-03 -2.87996979E-03 -4.96967503E-05 -1.58752756E-05  1.35579626E-05  1.51460270E-06 -1.76873472E-05 -3.12926957E-07
  4.50000000E-01  8.97050862E-02  2.90821420E-03 -2.87986276E-03 -3.45416610E-05 -1.25170701E-05  9.66043108E-06  1.06619534E-06 -1.20635695E-05 -2.00482917E-07
  4.60000000E-01  8.97048165E-02  2.90810582E-03 -2.87978565E-03 -2.43512544E-05 -1.00918326E-05  6.98294812E-06  7.52032341E-07 -8.22388211E-06 -1.28190575E-07
  4.70000000E-01  8.97046240E-02  2.90801703E-03 -2.87972921E-03 -1.74430038E-05 -8.29708166E-06  5.12885423E-06  5.32295618E-07 -5.60538039E-06 -8.19420313E-08
  4.80000000E-01  8.97044841E-02  2.90794303E-03 -2.87968719E-03 -1.27147962E-05 -6.93353992E-06  3.83239186E-06  3.78713838E-07 -3.82126021E-06 -5.24909470E-08
  4.90000000E-01  8.97043806E-02  2.90788051E-03 -2.87965535E-03 -9.44246082E-06 -5.87146882E-06  2.91579779E-06  2.71337198E-07 -2.60639337E-06 -3.38184786E-08
  5.00000000E-01  8.97043025E-02  2.90782711E-03 -2.87963077E-03 -7.14854567E-06 -5.02450056E-06  2.25990124E-06  1.96159266E-07 -1.77943563E-06 -2.20301871E-08
