  0.00000000E+00  0.00000000E+00  0.00000000E+00  0.00000000E+00  1.90257477E+00  2.49017077E-04  4.12928357E-04  2.37679203E-04  8.64724209E-05 -4.40339229E-04
  1.00000000E-02  1.90257477E-02  2.49017077E-06  4.12928357E-06  1.37568170E+00 -1.17351119E-02 -1.31226334E-02  8.97695087E-05 -6.63217203E-03 -1.68601791E-03
  2.00000000E-02  3.01480993E-02 -1.74781593E-04 -1.94774859E-04  1.03503542E+00 -1.65606278E-02 -1.85565502E-02 -5.61959637E-05 -9.27404312E-03 -2.12612970E-03
  3.00000000E-02  3.87952221E-02 -3.64515452E-04 -4.07509945E-04  7.96319382E-01 -1.86807745E-02 -2.09167015E-02 -1.55720167E-04 -1.04078645E-02 -2.29998122E-03
  4.00000000E-02  4.55648357E-02 -5.61923929E-04 -6.28477717E-04  6.40296264E-01 -1.86999548E-02 -2.08861205E-02 -2.16063653E-04 -1.03968136E-02 -2.24717264E-03
  5.00000000E-02  5.11876828E-02 -7.49019379E-04 -8.37186017E-04  5.42557159E-01 -1.75748418E-02 -1.95678618E-02 -2.46913109E-04 -9.73949690E-03 -2.09538500E-03
  6.00000000E-02  5.61245588E-02 -9.19142231E-04 -1.02627334E-03  4.83013847E-01 -1.60469940E-02 -1.78084957E-02 -2.56459670E-04 -8.86263527E-03 -1.91147433E-03
  7.00000000E-02  6.06569807E-02 -1.07197293E-03 -1.19556147E-03  4.47424541E-01 -1.45505670E-02 -1.61000045E-02 -2.52250572E-04 -8.00940616E-03 -1.73703812E-03
  8.00000000E-02  6.49532796E-02 -1.20999647E-03 -1.34801906E-03  4.26430123E-01 -1.32829662E-02 -1.46622590E-02 -2.40474156E-04 -7.28956816E-03 -1.58940225E-03
  9.00000000E-02  6.91126088E-02 -1.33648813E-03 -1.48745292E-03  4.14153747E-01 -1.22974373E-02 -1.35507068E-02 -2.25610537E-04 -6.73367263E-03 -1.47287485E-03
  1.00000000E-01  7.31927644E-02 -1.45453486E-03 -1.61740223E-03  4.07014127E-01 -1.15745133E-02 -1.27390088E-02 -2.10607867E-04 -6.32914429E-03 -1.38470397E-03
  1.10000000E-01  7.72272075E-02 -1.56666537E-03 -1.74073382E-03  4.02872811E-01 -1.10667242E-02 -1.21703617E-02 -1.97111249E-04 -6.04739043E-03 -1.31966195E-03
  1.20000000E-01  8.12352291E-02 -1.67479366E-03 -1.85959421E-03  4.00470986E-01 -1.07223633E-02 -1.17845149E-02 -1.85840954E-04 -5.85792518E-03 -1.27236478E-03
  1.30000000E-01  8.52279298E-02 -1.78029549E-03 -1.97551012E-03  3.99074914E-01 -1.04960941E-02 -1.15294237E-02 -1.76926654E-04 -5.73437993E-03 -1.23812536E-03
  1.40000000E-01  8.92116986E-02 -1.88412509E-03 -2.08952890E-03  3.98259708E-01 -1.03522024E-02 -1.13645719E-02 -1.70180868E-04 -5.65624617E-03 -1.21319604E-03
  1.50000000E-01  9.31902196E-02 -1.98692765E-03 -2.20235036E-03  3.97780230E-01 -1.02642953E-02 -1.12603751E-02 -1.65259095E-04 -5.60853064E-03 -1.19477797E-03
  1.60000000E-01  9.71656245E-02 -2.08913107E-03 -2.31443313E-03  3.97495247E-01 -1.02137072E-02 -1.11961501E-02 -1.61789519E-04 -5.58073486E-03 -1.18084813E-03
  1.70000000E-01  1.01139152E-01 -2.19101520E-03 -2.42607350E-03  3.97323359E-01 -1.01876418E-02 -1.11578813E-02 -1.59429929E-04 -5.56574911E-03 -1.16997622E-03
  1.80000000E-01  1.05111526E-01 -2.29276129E-03 -2.53746097E-03  3.97217560E-01 -1.01775236E-02 -1.11362876E-02 -1.57892306E-04 -5.55888194E-03 -1.16116743E-03
  1.90000000E-01  1.09083173E-01 -2.39448594E-03 -2.64871588E-03  3.97150612E-01 -1.01777013E-02 -1.11253272E-02 -1.56948151E-04 -5.55710072E-03 -1.15373872E-03
  2.00000000E-01  1.13054344E-01 -2.49626384E-03 -2.75991435E-03 -9.78238055E-01  2.05851404E-03  2.29835907E-03 -2.65298733E-04  1.28023737E-03  4.33828050E-04
  2.10000000E-01  9.63950204E-02 -2.41449762E-03 -2.66981233E-03 -7.50949211E-01  5.27982818E-03  5.98872318E-03 -1.25682159E-04  2.91553670E-03  7.45288136E-04
  2.20000000E-01  9.00219725E-02 -2.34559277E-03 -2.59147328E-03 -5.15827017E-01  7.88657345E-03  8.80644730E-03 -5.22579362E-05  4.40882063E-03  8.92334532E-04
  2.30000000E-01  8.60393133E-02 -2.25369331E-03 -2.48932018E-03 -3.33594331E-01  8.68683006E-03  9.67437032E-03  2.76918595E-05  4.80570128E-03  9.49170043E-04
  2.40000000E-01  8.36145334E-02 -2.16282373E-03 -2.38823686E-03 -2.07824023E-01  8.15260487E-03  9.05509263E-03  7.55399468E-05  4.49222207E-03  8.78590744E-04
  2.50000000E-01  8.21651447E-02 -2.08396880E-03 -2.30078233E-03 -1.26308338E-01  6.90326259E-03  7.64739717E-03  9.85748726E-05  3.78943191E-03  7.43585241E-04
  2.60000000E-01  8.13096397E-02 -2.02118289E-03 -2.23134683E-03 -7.54849677E-02  5.44453162E-03  6.01616069E-03  1.03509819E-04  2.97487134E-03  5.91076520E-04
  2.70000000E-01  8.08089069E-02 -1.97403123E-03 -2.17934141E-03 -4.46002576E-02  4.07737465E-03  4.49541906E-03  9.69644135E-05  2.21488082E-03  4.48618186E-04
  2.80000000E-01  8.05173279E-02 -1.94009327E-03 -2.14199092E-03 -2.61581074E-02  2.93626606E-03  3.23225876E-03  8.43494741E-05  1.58352795E-03  3.28744130E-04
  2.90000000E-01  8.03479576E-02 -1.91643615E-03 -2.11598414E-03 -1.52770882E-02  2.05121044E-03  2.25716420E-03  6.95506298E-05  1.09665543E-03  2.34425775E-04
  3.00000000E-01  8.02495918E-02 -1.90034932E-03 -2.09828797E-03 -8.90800054E-03  1.39887114E-03  1.54174583E-03  5.50331936E-05  7.40380793E-04  1.63624088E-04
  3.10000000E-01  8.01923572E-02 -1.88962231E-03 -2.08644760E-03 -5.19776198E-03  9.35700230E-04  1.03592087E-03  4.21353323E-05  4.89676054E-04  1.12284311E-04
  3.20000000E-01  8.01589308E-02 -1.88258116E-03 -2.07861752E-03 -3.04122518E-03  6.16025220E-04  6.88011929E-04  3.14034307E-05  3.18522893E-04  7.60228371E-05
  3.30000000E-01  8.01393012E-02 -1.87801928E-03 -2.07347694E-03 -1.78784346E-03  4.00166041E-04  4.53595044E-04  2.28894940E-05  2.04451339E-04  5.09270809E-05
  3.40000000E-01  8.01276897E-02 -1.87509692E-03 -2.07011308E-03 -1.05804778E-03  2.56881903E-04  2.98008756E-04  1.63783572E-05  1.29877487E-04  3.38330626E-05
  3.50000000E-01  8.01207582E-02 -1.87324452E-03 -2.06791092E-03 -6.31619584E-04  1.63046991E-04  1.95814952E-04  1.15422098E-05  8.18788516E-05  2.23340234E-05
  3.60000000E-01  8.01165741E-02 -1.87208322E-03 -2.06646374E-03 -3.81183215E-04  1.02248553E-04  1.29119281E-04  8.03445709E-06  5.13686193E-05  1.46740351E-05
  3.70000000E-01  8.01140145E-02 -1.87136473E-03 -2.06550603E-03 -2.33132936E-04  6.31854552E-05  8.57144410E-05  5.53940775E-06  3.21638835E-05  9.61000147E-06
  3.80000000E-01  8.01124234E-02 -1.87092819E-03 -2.06486591E-03 -1.44898436E-04  3.82726356E-05  5.74564857E-05  3.79301192E-06  2.01633813E-05  6.28144525E-06
  3.90000000E-01  8.01114156E-02 -1.87067003E-03 -2.06443263E-03 -9.18002645E-05  2.24954681E-05  3.89978701E-05  2.58661296E-06  1.27010196E-05  4.10285255E-06
  4.00000000E-01  8.01107631E-02 -1.87052396E-03 -2.06413495E-03 -5.94781544E-05  1.25726867E-05  2.68668981E-05  1.76198661E-06  8.07157158E-06  2.68105150E-06
  4.10000000E-01  8.01103299E-02 -1.87044785E-03 -2.06392693E-03 -3.95360662E-05  6.37665775E-06  1.88295541E-05  1.20287016E-06  5.19856792E-06  1.75471608E-06
  4.20000000E-01  8.01100343E-02 -1.87041506E-03 -2.06377882E-03 -2.70367542E-05  2.54794020E-06  1.34531023E-05  8.25938060E-07  3.40955942E-06  1.15152753E-06
  4.30000000E-01  8.01098264E-02 -1.87040872E-03 -2.06367117E-03 -1.90575641E-05  2.11505403E-07  9.81652573E-06  5.72658211E-07  2.28792726E-06  7.58550213E-07
  4.40000000E-01  8.01096757E-02 -1.87041829E-03 -2.06359119E-03 -1.38553535E-05 -1.17994279E-06  7.32646800E-06  4.02581351E-07  1.57714544E-06  5.02110543E-07
  4.50000000E-01  8.01095632E-02 -1.87043705E-03 -2.06353038E-03 -1.03818879E-05 -1.97394399E-06  5.59440131E-06  2.88126710E-07  1.11992960E-06  3.34311388E-07
  4.60000000E-01  8.01094767E-02 -1.87046076E-03 -2.06348309E-03 -8.00104949E-06 -2.38868097E-06  4.36710654E-06  2.10690541E-07  8.20065038E-07  2.24084749E-07
  4.70000000E-01  8.01094086E-02 -1.87048672E-03 -2.06344556E-03 -6.32285493E-06 -2.56433246E-06  3.47867370E-06  1.57834217E-07  6.18706954E-07  1.51307000E-07
  4.80000000E-01  8.01093538E-02 -1.87051324E-03 -2.06341522E-03 -5.10551052E-06 -2.58996278E-06  2.82073649E-06  1.21297750E-07  4.79792041E-07  1.02949050E-07
  4.90000000E-01  8.01093088E-02 -1.87053927E-03 -2.06339030E-03 -4.19720016E-06 -2.52310507E-06  2.32229753E-06  9.56228998E-08  3.81115065E-07  7.05725657E-08
  5.00000000E-01  8.01092714E-02 -1.87056416E-03 -2.06336957E-03 -3.50120856E-06 -2.40220718E-06  1.93638070E-06  7.72139628E-08  3.08902420E-07  4.87054899E-08
