  0.00000000E+00  0.00000000E+00  0.00000000E+00  0.00000000E+00  1.90257477E+00  2.49017077E-04  4.12928357E-04  2.37679203E-04  8.64724209E-05 -4.40339229E-04
  1.00000000E-02  1.90257477E-02  2.49017077E-06  4.12928357E-06  1.41268111E+00  1.94399629E-03  3.57358475E-04  1.90020762E-04 -1.60163024E-03 -1.63038785E-04
  2.00000000E-02  3.07030905E-02  3.04050298E-05  7.42501891E-06  1.08810250E+00  2.56586213E-03  3.31471388E-04  1.32191149E-04 -2.30654767E-03 -3.10170272E-05
  3.00000000E-02  3.99612224E-02  5.91729803E-05  1.06102974E-05  8.57058821E-01  2.78792601E-03  3.06297709E-04  9.41102599E-05 -2.63656022E-03  3.14159624E-05
  4.00000000E-02  4.73765923E-02  8.81625598E-05  1.35474061E-05  7.02048594E-01  2.70888870E-03  2.64513298E-04  7.02983214E-05 -2.67821998E-03  4.11609712E-05
  5.00000000E-02  5.36220271E-02  1.14856260E-04  1.59836170E-05  6.01521166E-01  2.47888372E-03  2.18877551E-04  5.51116724E-05 -2.55435623E-03  2.64652032E-05
  6.00000000E-02  5.91346016E-02  1.38495073E-04  1.79442138E-05  5.37614270E-01  2.21118754E-03  1.86811643E-04  4.55400255E-05 -2.36555889E-03  4.71985313E-06
  7.00000000E-02  6.41912098E-02  1.59268467E-04  1.96520006E-05  4.97458438E-01  1.96784385E-03  1.76193182E-04  3.94565276E-05 -2.17193117E-03 -1.46642967E-05
  8.00000000E-02  6.89650150E-02  1.77730187E-04  2.13608402E-05  4.72381877E-01  1.77311628E-03  1.86728302E-04  3.55698486E-05 -2.00260617E-03 -2.84450667E-05
  9.00000000E-02  7.35634510E-02  1.94487712E-04  2.32807988E-05  4.56758169E-01  1.62948755E-03  2.13779389E-04  3.30842545E-05 -1.86723367E-03 -3.66592703E-05
  1.00000000E-01  7.80529141E-02  2.10064444E-04  2.55538481E-05  4.47017806E-01  1.52952859E-03  2.51596601E-04  3.15126546E-05 -1.76608666E-03 -4.06356421E-05
  1.10000000E-01  8.24743904E-02  2.24859935E-04  2.82589002E-05  4.40927381E-01  1.46298168E-03  2.95177360E-04  3.05786993E-05 -1.69295282E-03 -4.18480381E-05
  1.20000000E-01  8.68532121E-02  2.39157017E-04  3.14285776E-05  4.37100780E-01  1.42023630E-03  3.40779725E-04  3.00128042E-05 -1.64062167E-03 -4.15215131E-05
  1.30000000E-01  9.12050869E-02  2.53145653E-04  3.50643866E-05  4.34680759E-01  1.39348208E-03  3.86135910E-04  2.97085050E-05 -1.60411520E-03 -4.05331719E-05
  1.40000000E-01  9.55397943E-02  2.66946703E-04  3.91525267E-05  4.33136899E-01  1.37699992E-03  4.30072355E-04  2.95812524E-05 -1.57935713E-03 -3.94067497E-05
  1.50000000E-01  9.98634440E-02  2.80634291E-04  4.36729324E-05  4.32140560E-01  1.36685706E-03  4.72153227E-04  2.95703825E-05 -1.56308223E-03 -3.84240411E-05
  1.60000000E-01  1.04179868E-01  2.94252148E-04  4.86048691E-05  4.31487629E-01  1.36048074E-03  5.12372159E-04  2.96334361E-05 -1.55280878E-03 -3.77071408E-05
  1.70000000E-01  1.08491480E-01  3.07825074E-04  5.39296853E-05  4.31050924E-01  1.35625532E-03  5.50938056E-04  2.97406455E-05 -1.54672079E-03 -3.72833444E-05
  1.80000000E-01  1.12799805E-01  3.21366500E-04  5.96318954E-05  4.30750909E-01  1.35320351E-03  5.88140320E-04  2.98713146E-05 -1.54352326E-03 -3.71304968E-05
  1.90000000E-01  1.17105814E-01  3.34883276E-04  6.56993099E-05  4.30537648E-01  1.35075621E-03  6.24272355E-04  3.00114215E-05 -1.54230893E-03 -3.72058557E-05
  2.00000000E-01  1.21410124E-01  3.48378601E-04  7.21226936E-05 -9.80406088E-01 -5.33108696E-04 -7.00798107E-04 -1.86984695E-04  3.36869489E-04  1.31823571E-04
  2.10000000E-01  1.04551345E-01  3.33628190E-04  5.84893602E-05 -7.65076259E-01 -9.34584870E-04 -6.01586253E-04 -1.01646764E-04  4.89229370E-04  7.67314735E-05
  2.20000000E-01  9.79772315E-02  3.22274960E-04  5.29695570E-05 -5.37515908E-01 -1.28123828E-03 -7.66974177E-04 -9.65421670E-05  1.08000768E-03 -1.09335290E-05
  2.30000000E-01  9.37398742E-02  3.07729310E-04  4.44728756E-05 -3.58949672E-01 -1.33800634E-03 -6.28067044E-04 -6.17167841E-05  1.17922224E-03 -4.10435239E-05
  2.40000000E-01  9.10432086E-02  2.94065407E-04  3.88867408E-05 -2.32550986E-01 -1.20390666E-03 -4.67883481E-04 -3.98415191E-05  1.13230043E-03 -4.41070280E-05
  2.50000000E-01  8.93496922E-02  2.82696838E-04  3.50088238E-05 -1.48017668E-01 -9.77550541E-04 -3.07828018E-04 -2.50401321E-05  9.78890634E-04 -3.19952527E-05
  2.60000000E-01  8.82921821E-02  2.74053114E-04  3.27308210E-05 -9.32572546E-02 -7.36561648E-04 -1.75770699E-04 -1.52890733E-05  7.88747048E-04 -1.61887560E-05
  2.70000000E-01  8.76334116E-02  2.67892442E-04  3.16334006E-05 -5.84453085E-02 -5.24109584E-04 -8.08537275E-05 -8.96073162E-06  6.04585023E-04 -2.66711578E-06
  2.80000000E-01  8.72230183E-02  2.63713606E-04  3.12994481E-05 -3.65554583E-02 -3.56466021E-04 -2.05081060E-05 -4.89396547E-06  4.46930814E-04  6.49014943E-06
  2.90000000E-01  8.69669129E-02  2.60987164E-04  3.13960952E-05 -2.28707337E-02 -2.33910089E-04  1.28932715E-05 -2.30954329E-06  3.21717014E-04  1.13984873E-05
  3.00000000E-01  8.68066292E-02  2.59260843E-04  3.16920348E-05 -1.43356176E-02 -1.49356855E-04  2.77834081E-05 -6.96835888E-07  2.27116111E-04  1.30724321E-05
  3.10000000E-01  8.67059486E-02  2.58190040E-04  3.20443196E-05 -9.01219260E-03 -9.36938241E-05  3.13253584E-05  2.77481872E-07  1.58096339E-04  1.26737430E-05
  3.20000000E-01  8.66424438E-02  2.57531417E-04  3.23752829E-05 -5.68649577E-03 -5.84807943E-05  2.87730511E-05  8.32701966E-07  1.08980013E-04  1.11712230E-05
  3.30000000E-01  8.66022074E-02  2.57122674E-04  3.26502519E-05 -3.60318783E-03 -3.69730617E-05  2.35805339E-05  1.11476824E-06  7.46460755E-05  9.24534493E-06
  3.40000000E-01  8.65765920E-02  2.56860482E-04  3.28600946E-05 -2.29367825E-03 -2.42456701E-05  1.77960593E-05  1.22187407E-06  5.09467431E-05  7.31188358E-06
  3.50000000E-01  8.65602028E-02  2.56681663E-04  3.30091328E-05 -1.46737224E-03 -1.69282712E-05  1.24912972E-05  1.22046379E-06  3.47290543E-05  5.58723232E-06
  3.60000000E-01  8.65496606E-02  2.56548967E-04  3.31075220E-05 -9.43805866E-04 -1.28201230E-05  8.11755324E-06  1.15541632E-06  2.36928327E-05  4.15615229E-06
  3.70000000E-01  8.65428404E-02  2.56441306E-04  3.31668288E-05 -6.10620808E-04 -1.05284518E-05  4.76876340E-06  1.05669090E-06  1.62062252E-05  3.02634512E-06
  3.80000000E-01  8.65384001E-02  2.56347480E-04  3.31977725E-05 -3.97631787E-04 -9.20074788E-06  2.34836935E-06  9.43838225E-07  1.11336069E-05  2.16658895E-06
  3.90000000E-01  8.65354887E-02  2.56262111E-04  3.32091542E-05 -2.60834787E-04 -8.34556845E-06  7.10001353E-07  8.29132364E-07  7.69510742E-06  1.53065283E-06
  4.00000000E-01  8.65335643E-02  2.56182931E-04  3.32080624E-05 -1.72533236E-04 -7.71418779E-06 -3.11886196E-07  7.19838060E-07  5.35997768E-06  1.07076023E-06
  4.10000000E-01  8.65322805E-02  2.56108946E-04  3.31998341E-05 -1.15226689E-04 -7.18226036E-06 -8.85024844E-07  6.19848688E-07  3.76917916E-06  7.44129727E-07
  4.20000000E-01  8.65314148E-02  2.56039784E-04  3.31881182E-05 -7.78138602E-05 -6.67404271E-06 -1.15805480E-06  5.30858325E-07  2.68066127E-06  5.15535840E-07
  4.30000000E-01  8.65308237E-02  2.55975584E-04  3.31751725E-05 -5.32255571E-05 -6.16697699E-06 -1.24777168E-06  4.53179049E-07  1.93153764E-06  3.57450963E-07
  4.40000000E-01  8.65304144E-02  2.55916450E-04  3.31622462E-05 -3.69428304E-05 -5.65919464E-06 -1.23187049E-06  3.86298242E-07  1.41228443E-06  2.49123515E-07
  4.50000000E-01  8.65301264E-02  2.55862397E-04  3.31500070E-05 -2.60659272E-05 -5.16177100E-06 -1.15637636E-06  3.29264802E-07  1.04923663E-06  1.75353619E-07
  4.60000000E-01  8.65299201E-02  2.55813266E-04  3.31388207E-05 -1.87268227E-05 -4.68183314E-06 -1.04925665E-06  2.80941507E-07  7.92790340E-07  1.25270013E-07
  4.70000000E-01  8.65297695E-02  2.55768847E-04  3.31288637E-05 -1.37172449E-05 -4.22438165E-06 -9.27179830E-07  2.40159847E-07  6.09482542E-07  9.12460383E-08
  4.80000000E-01  8.65296574E-02  2.55728891E-04  3.31202023E-05 -1.02522878E-05 -3.79381093E-06 -8.00625464E-07  2.05809402E-07  4.76682199E-07  6.80149802E-08
  4.90000000E-01  8.65295722E-02  2.55693106E-04  3.31128288E-05 -7.81969363E-06 -3.39345781E-06 -6.76716381E-07  1.76884702E-07  3.79036368E-07  5.19902138E-08
  5.00000000E-01  8.65295062E-02  2.55661173E-04  3.31066812E-05 -6.08343526E-06 -3.02512882E-06 -5.60189797E-07  1.52504147E-07  3.06088192E-07  4.07580723E-08
