  0.00000000E+00  0.00000000E+00  0.00000000E+00  0.00000000E+00  1.90257477E+00  2.49017077E-04  4.12928357E-04  2.37679203E-04  8.64724209E-05 -4.40339229E-04
  1.00000000E-02  1.90257477E-02  2.49017077E-06  4.12928357E-06  1.27920868E+00 -2.43556642E-02  1.35808310E-02  5.34437876E-05 -6.77439510E-03 -3.49816194E-03
  2.00000000E-02  2.87010040E-02 -3.64089878E-04  2.05777107E-04  9.05638717E-01 -3.26364534E-02  1.80271531E-02 -9.87910557E-05 -8.76194395E-03 -4.31539357E-03
  3.00000000E-02  3.58895414E-02 -7.31858358E-04  4.08280248E-04  6.55375390E-01 -3.54508706E-02  1.95390832E-02 -1.88403115E-04 -9.28466639E-03 -4.50327144E-03
  4.00000000E-02  4.11919787E-02 -1.10043915E-03  6.11230731E-04  5.03813483E-01 -3.42077013E-02  1.88699292E-02 -2.26657633E-04 -8.71608451E-03 -4.17448204E-03
  5.00000000E-02  4.54723040E-02 -1.43630032E-03  7.96584253E-04  4.18282464E-01 -3.10385761E-02  1.71565600E-02 -2.32704853E-04 -7.70987847E-03 -3.68561295E-03
  6.00000000E-02  4.92274735E-02 -1.73084045E-03  9.59583007E-04  3.72661932E-01 -2.74874184E-02  1.52328075E-02 -2.20535977E-04 -6.68229909E-03 -3.20004582E-03
  7.00000000E-02  5.27259902E-02 -1.98795885E-03  1.10229232E-03  3.49492096E-01 -2.43604438E-02  1.35351330E-02 -2.00619586E-04 -5.83619377E-03 -2.80264198E-03
  8.00000000E-02  5.61050619E-02 -2.21592841E-03  1.22915528E-03  3.38244593E-01 -2.19356276E-02  1.22156848E-02 -1.79511462E-04 -5.22086835E-03 -2.51168612E-03
  9.00000000E-02  5.94312704E-02 -2.42316061E-03  1.34471488E-03  3.33016297E-01 -2.02024748E-02  1.12704936E-02 -1.60743281E-04 -4.81108555E-03 -2.31410460E-03
  1.00000000E-01  6.27352918E-02 -2.61651959E-03  1.45269386E-03  3.30686214E-01 -1.90326330E-02  1.06313500E-02 -1.45783712E-04 -4.55587696E-03 -2.18659485E-03
  1.10000000E-01  6.60305036E-02 -2.80099671E-03  1.55581165E-03  3.29688141E-01 -1.82752498E-02  1.02173243E-02 -1.34744549E-04 -4.40494498E-03 -2.10675331E-03
  1.20000000E-01  6.93223946E-02 -2.97996229E-03  1.65591476E-03  3.29274519E-01 -1.77993414E-02  9.95777636E-03 -1.27073895E-04 -4.31918905E-03 -2.05718955E-03
  1.30000000E-01  7.26130717E-02 -3.15557617E-03  1.75419478E-03  3.29106129E-01 -1.75060934E-02  9.79915731E-03 -1.22013573E-04 -4.27176044E-03 -2.02590457E-03
  1.40000000E-01  7.59032910E-02 -3.32917086E-03  1.85139326E-03  3.29037030E-01 -1.73270681E-02  9.70418175E-03 -1.18825816E-04 -4.24572796E-03 -2.00522278E-03
  1.50000000E-01  7.91933158E-02 -3.50154641E-03  1.94796020E-03  3.29007885E-01 -1.72175730E-02  9.64834574E-03 -1.16900034E-04 -4.23110492E-03 -1.99049738E-03
  1.60000000E-01  8.24832490E-02 -3.67317467E-03  2.04416448E-03  3.28995878E-01 -1.71496428E-02  9.61619494E-03 -1.15780774E-04 -4.22232647E-03 -1.97903476E-03
  1.70000000E-01  8.57731477E-02 -3.84433145E-03  2.14016567E-03  3.28992562E-01 -1.71063166E-02  9.59826240E-03 -1.15153109E-04 -4.21644628E-03 -1.96932749E-03
  1.80000000E-01  8.90630567E-02 -4.01517798E-03  2.23605863E-03  3.28994701E-01 -1.70775291E-02  9.58885902E-03 -1.14812186E-04 -4.21197578E-03 -1.96055558E-03
  1.90000000E-01  9.23530144E-02 -4.18580933E-03  2.33190021E-03  3.29000791E-01 -1.70573836E-02  9.58460038E-03 -1.14631659E-04 -4.20819369E-03 -1.95228251E-03
  2.00000000E-01  9.56430528E-02 -4.35628244E-03  2.42772492E-03 -9.50944858E-01  7.07810517E-03 -4.12618175E-03 -1.87566990E-04  2.52578732E-03  1.30543406E-03
  2.10000000E-01  7.97338760E-02 -4.16482395E-03  2.31790919E-03 -7.01199350E-01  1.26000689E-02 -7.00414384E-03 -5.43762798E-05  3.77638291E-03  1.94222793E-03
  2.20000000E-01  7.39706100E-02 -4.01121344E-03  2.23347794E-03 -4.51551005E-01  1.62818714E-02 -9.06084563E-03  1.58598718E-05  4.57353876E-03  2.08988002E-03
  2.30000000E-01  7.07033417E-02 -3.82998571E-03  2.13258598E-03 -2.67155035E-01  1.67219637E-02 -9.26527484E-03  7.78882574E-05  4.47609898E-03  2.04107514E-03
  2.40000000E-01  6.89537712E-02 -3.66056562E-03  2.03891108E-03 -1.48722993E-01  1.47765608E-02 -8.18106534E-03  1.03972953E-04  3.79061833E-03  1.72593265E-03
  2.50000000E-01  6.80587015E-02 -3.52252702E-03  1.96252148E-03 -7.88409952E-02  1.17783369E-02 -6.52713958E-03  1.05664614E-04  2.88683199E-03  1.32048655E-03
  2.60000000E-01  6.76197015E-02 -3.41973477E-03  1.90551971E-03 -4.00956794E-02  8.70816873E-03 -4.83689381E-03  9.33654823E-05  2.02639982E-03  9.35325499E-04
  2.70000000E-01  6.74124713E-02 -3.34800393E-03  1.86560200E-03 -1.96725132E-02  6.07952841E-03 -3.38926625E-03  7.52422238E-05  1.33188257E-03  6.22629446E-04
  2.80000000E-01  6.73178620E-02 -3.30035184E-03  1.83894748E-03 -9.36830311E-03  4.05762008E-03 -2.27392941E-03  5.65933340E-05  8.28515865E-04  3.93532578E-04
  2.90000000E-01  6.72757000E-02 -3.26988518E-03  1.82178487E-03 -4.36907291E-03  2.61258254E-03 -1.47457824E-03  4.02514099E-05  4.91646392E-04  2.37932648E-04
  3.00000000E-01  6.72570054E-02 -3.25098455E-03  1.81103584E-03 -2.02623503E-03  1.63422631E-03 -9.31224573E-04  2.72982673E-05  2.80135582E-04  1.38430818E-04
  3.10000000E-01  6.72484573E-02 -3.23953406E-03  1.80444036E-03 -9.58491682E-04  9.98662644E-04 -5.76370542E-04  1.77581170E-05  1.54277506E-04  7.79257337E-05
  3.20000000E-01  6.72442111E-02 -3.23272526E-03  1.80045093E-03 -4.79206073E-04  5.98786502E-04 -3.51574527E-04  1.11335593E-05  8.27939996E-05  4.26959695E-05
  3.30000000E-01  6.72418155E-02 -3.22873677E-03  1.79805916E-03 -2.62182680E-04  3.53297419E-04 -2.12375367E-04  6.75819254E-06  4.38087969E-05  2.29460685E-05
  3.40000000E-01  6.72402787E-02 -3.22643124E-03  1.79663140E-03 -1.59132670E-04  2.05314290E-04 -1.27567850E-04  3.99333886E-06  2.32610881E-05  1.22307867E-05
  3.50000000E-01  6.72392027E-02 -3.22511802E-03  1.79577976E-03 -1.05430840E-04  1.17245888E-04 -7.64403175E-05  2.31462292E-06  1.27000776E-05  6.57001069E-06
  3.60000000E-01  6.72384169E-02 -3.22438590E-03  1.79527100E-03 -7.39204680E-05  6.52665007E-05 -4.57909025E-05  1.33179036E-06  7.32998960E-06  3.63274341E-06
  3.70000000E-01  6.72378352E-02 -3.22399313E-03  1.79496633E-03 -5.34052550E-05  3.47511754E-05 -2.74499806E-05  7.74815923E-07  4.56599426E-06  2.11572540E-06
  3.80000000E-01  6.72374037E-02 -3.22379820E-03  1.79478354E-03 -3.91599524E-05  1.69328211E-05 -1.64650741E-05  4.67647529E-07  3.07954674E-06  1.32017026E-06
  3.90000000E-01  6.72370834E-02 -3.22371796E-03  1.79467381E-03 -2.89818722E-05  6.59637310E-06 -9.86678647E-06  3.01285597E-07  2.21679847E-06  8.85379408E-07
  4.00000000E-01  6.72368444E-02 -3.22370368E-03  1.79460814E-03 -2.16513379E-05  6.71903133E-07 -5.88387342E-06  2.11357424E-07  1.66748560E-06  6.31277565E-07
  4.10000000E-01  6.72366646E-02 -3.22372658E-03  1.79456921E-03 -1.63695495E-05 -2.63603507E-06 -3.46502030E-06  1.61518758E-07  1.28754139E-06  4.70259534E-07
  4.20000000E-01  6.72365273E-02 -3.22376948E-03  1.79454666E-03 -1.25620298E-05 -4.39074936E-06 -1.98620313E-06  1.32124068E-07  1.00943549E-06  3.60212987E-07
  4.30000000E-01  6.72364207E-02 -3.22382216E-03  1.79453419E-03 -9.80550363E-06 -5.21924858E-06 -1.07606808E-06  1.12994925E-07  7.99483927E-07  2.80633012E-07
  4.40000000E-01  6.72363364E-02 -3.22387850E-03  1.79452798E-03 -7.79101727E-06 -5.49187220E-06 -5.15122696E-07  9.90776045E-08  6.38707656E-07  2.21016843E-07
  4.50000000E-01  6.72362686E-02 -3.22393478E-03  1.79452563E-03 -6.29764232E-06 -5.43541676E-06 -1.71985428E-07  8.79651672E-08  5.14775280E-07  1.75469727E-07
  4.60000000E-01  6.72362131E-02 -3.22398885E-03  1.79452563E-03 -5.17049383E-06 -5.19162095E-06  3.36221105E-08  7.85469879E-08  4.18787674E-07  1.40294131E-07
  4.70000000E-01  6.72361670E-02 -3.22403955E-03  1.79452699E-03 -4.30263234E-06 -4.84791446E-06  1.52046532E-07  7.03118546E-08  3.44003524E-07  1.12939853E-07
  4.80000000E-01  6.72361283E-02 -3.22408631E-03  1.79452911E-03 -3.62083406E-06 -4.45682479E-06  2.15591220E-07  6.30100837E-08  2.85267991E-07  9.15413827E-08
  4.90000000E-01  6.72360955E-02 -3.22412892E-03  1.79453158E-03 -3.07497870E-06 -4.05346372E-06  2.45099761E-07  5.64998678E-08  2.38670732E-07  7.46972432E-08
  5.00000000E-01  6.72360675E-02 -3.22416744E-03  1.79453418E-03 -2.63055220E-06 -3.65870147E-06  2.54070281E-07  5.06829808E-08  2.01281947E-07  6.13466986E-08
