  0.00000000E+00  0.00000000E+00  0.00000000E+00  0.00000000E+00  1.90257477E+00  2.49017077E-04  4.12928357E-04  2.37679203E-04  8.64724209E-05 -4.40339229E-04
  1.00000000E-02  1.90257477E-02  2.49017077E-06  4.12928357E-06  1.41594676E+00 -9.41408089E-04 -1.43394075E-02  1.35289351E-04  9.92323202E-03 -9.82104682E-04
  2.00000000E-02  3.07520753E-02 -1.28760360E-05 -2.13026470E-04  1.09269060E+00 -1.28096776E-03 -2.06926571E-02  3.82428348E-05  1.44662491E-02 -1.18538880E-03
  3.00000000E-02  4.00627004E-02 -2.73835119E-05 -4.51719289E-04  8.62318660E-01 -1.35706876E-03 -2.36777519E-02 -2.57892357E-05  1.67993154E-02 -1.26499152E-03
  4.00000000E-02  4.75340274E-02 -4.13347046E-05 -7.03422283E-04  7.07493803E-01 -1.25820080E-03 -2.40391255E-02 -6.37189039E-05  1.73569612E-02 -1.23976257E-03
  5.00000000E-02  5.38348411E-02 -5.34223728E-05 -9.45620405E-04  6.06841274E-01 -1.08457032E-03 -2.29135517E-02 -8.36168317E-05  1.68665446E-02 -1.16152712E-03
  6.00000000E-02  5.93999912E-02 -6.33999236E-05 -1.16912805E-03  5.42674551E-01 -9.01795733E-04 -2.11889781E-02 -9.14926387E-05  1.58862098E-02 -1.06484353E-03
  7.00000000E-02  6.45059031E-02 -7.15040080E-05 -1.37239497E-03  5.02229934E-01 -7.42419651E-04 -1.94031472E-02 -9.19966936E-05  1.47750511E-02 -9.70767534E-04
  8.00000000E-02  6.93259793E-02 -7.81313241E-05 -1.55749728E-03  4.76890640E-01 -6.16635721E-04 -1.78203360E-02 -8.84847511E-05  1.37274130E-02 -8.89490917E-04
  9.00000000E-02  7.39681893E-02 -8.36687616E-05 -1.72778659E-03  4.61054149E-01 -5.22845077E-04 -1.65329976E-02 -8.32366245E-05  1.28276724E-02 -8.24115465E-04
  1.00000000E-01  7.84995483E-02 -8.84282592E-05 -1.88667987E-03  4.51156883E-01 -4.54777708E-04 -1.55417193E-02 -7.76419012E-05  1.20976023E-02 -7.73900302E-04
  1.10000000E-01  8.29616308E-02 -9.26356994E-05 -2.03714067E-03  4.44961377E-01 -4.05384132E-04 -1.48065375E-02 -7.24498909E-05  1.15272210E-02 -7.36576564E-04
  1.20000000E-01  8.73802670E-02 -9.64425728E-05 -2.18153014E-03  4.41072802E-01 -3.68597728E-04 -1.42757639E-02 -6.80175914E-05  1.10933424E-02 -7.09408805E-04
  1.30000000E-01  9.17715522E-02 -9.99446181E-05 -2.32163391E-03  4.38624364E-01 -3.39826941E-04 -1.39000574E-02 -6.44537314E-05  1.07696769E-02 -6.89871206E-04
  1.40000000E-01  9.61455536E-02 -1.03199034E-04 -2.45875595E-03  4.37077570E-01 -3.15881005E-04 -1.36379809E-02 -6.17139581E-05  1.05316929E-02 -6.75880140E-04
  1.50000000E-01  1.00508595E-01 -1.06238114E-04 -2.59382538E-03  4.36097364E-01 -2.94681689E-04 -1.34571395E-02 -5.96879536E-05  1.03585657E-02 -6.65819639E-04
  1.60000000E-01  1.04864668E-01 -1.09078934E-04 -2.72749257E-03  4.35474678E-01 -2.74949586E-04 -1.33333331E-02 -5.82467044E-05  1.02335780E-02 -6.58481153E-04
  1.70000000E-01  1.09216301E-01 -1.11729770E-04 -2.86020687E-03  4.35078567E-01 -2.55939456E-04 -1.32490347E-02 -5.72657826E-05  1.01437898E-02 -6.52992094E-04
  1.80000000E-01  1.13565106E-01 -1.14194114E-04 -2.99227572E-03  4.34826676E-01 -2.37242871E-04 -1.31918264E-02 -5.66364460E-05  1.00794391E-02 -6.48739911E-04
  1.90000000E-01  1.17912114E-01 -1.16473059E-04 -3.12390794E-03  4.34666977E-01 -2.18652717E-04 -1.31530496E-02 -5.62693691E-05  1.00332998E-02 -6.45303523E-04
  2.00000000E-01  1.22257985E-01 -1.18566636E-04 -3.25524456E-03 -9.81643962E-01  1.35346708E-04  1.11445806E-03 -2.09172837E-04  1.12920246E-04  2.59430339E-04
  2.10000000E-01  1.05359991E-01 -1.15443171E-04 -3.17276244E-03 -7.65933521E-01  3.42893108E-04  5.39723115E-03 -1.06536997E-04 -2.86079146E-03  4.89484357E-04
  2.20000000E-01  9.87792077E-02 -1.10976508E-04 -3.09737626E-03 -5.40400468E-01  3.27076152E-04  8.84277068E-03 -6.65396719E-05 -5.45717480E-03  4.88973839E-04
  2.30000000E-01  9.45028683E-02 -1.07784832E-04 -2.99172086E-03 -3.62050666E-01  3.60074177E-04  1.02899610E-02 -1.42854158E-05 -6.71348541E-03  5.14168644E-04
  2.40000000E-01  9.17741106E-02 -1.04019100E-04 -2.88158529E-03 -2.35587793E-01  3.11427403E-04  1.00416747E-02  1.71026867E-05 -6.81414867E-03  4.75307484E-04
  2.50000000E-01  9.00505471E-02 -1.01148060E-04 -2.78240998E-03 -1.50708532E-01  2.32949139E-04  8.81854540E-03  3.37868807E-05 -6.20152621E-03  4.05928424E-04
  2.60000000E-01  8.89678581E-02 -9.92109595E-05 -2.70034017E-03 -9.54857633E-02  1.51856022E-04  7.22110621E-03  4.01055237E-05 -5.26156370E-03  3.26592605E-04
  2.70000000E-01  8.82891143E-02 -9.80978649E-05 -2.63611631E-03 -6.02062352E-02  8.32775135E-05  5.62947634E-03  3.99181388E-05 -4.25294831E-03  2.51190327E-04
  2.80000000E-01  8.78634496E-02 -9.76079823E-05 -2.58777969E-03 -3.79012502E-02  3.24553793E-05  4.23457584E-03  3.61537482E-05 -3.31922551E-03  1.86512258E-04
  2.90000000E-01  8.75959620E-02 -9.75375392E-05 -2.55240844E-03 -2.38748184E-02 -1.28386605E-06  3.10197532E-03  3.08209665E-05 -2.52344018E-03  1.34614414E-04
  3.00000000E-01  8.74273460E-02 -9.77190741E-05 -2.52705168E-03 -1.50717435E-02 -2.12377323E-05  2.22772726E-03  2.51749723E-05 -1.88027266E-03  9.48919202E-05
  3.10000000E-01  8.73206439E-02 -9.80312207E-05 -2.50914565E-03 -9.54494479E-03 -3.12722473E-05  1.57645560E-03  1.99172141E-05 -1.37922617E-03  6.55444225E-05
  3.20000000E-01  8.72528284E-02 -9.83941158E-05 -2.49663745E-03 -6.06835168E-03 -3.48037551E-05  1.10362602E-03  1.53751555E-05 -9.99206123E-04  4.44530671E-05
  3.30000000E-01  8.72095279E-02 -9.87598109E-05 -2.48796534E-03 -3.87486540E-03 -3.44480094E-05  7.66787955E-04  1.16439095E-05 -7.16728021E-04  2.96315000E-05
  3.40000000E-01  8.71817467E-02 -9.91025122E-05 -2.48198165E-03 -2.48583293E-03 -3.20215924E-05  5.30148153E-04  8.68822229E-06 -5.09993123E-04  1.94110945E-05
  3.50000000E-01  8.71638335E-02 -9.94105961E-05 -2.47786337E-03 -1.60261753E-03 -2.86884828E-05  3.65569584E-04  6.41033844E-06 -3.60528024E-04  1.24797081E-05
  3.60000000E-01  8.71522234E-02 -9.96808153E-05 -2.47503057E-03 -1.03858823E-03 -2.51388363E-05  2.51911869E-04  4.69173110E-06 -2.53514311E-04  7.85047416E-06
  3.70000000E-01  8.71446577E-02 -9.99144555E-05 -2.47307974E-03 -6.76781383E-04 -2.17504972E-05  1.73779763E-04  3.41636183E-06 -1.77493282E-04  4.80471662E-06
  3.80000000E-01  8.71396989E-02 -1.00115019E-04 -2.47173260E-03 -4.43633131E-04 -1.86908052E-05  1.20206243E-04  2.48192521E-06 -1.23831847E-04  2.83178149E-06
  3.90000000E-01  8.71364283E-02 -1.00286628E-04 -2.47079841E-03 -2.92690998E-04 -1.60142709E-05  8.35043698E-05  1.80380801E-06 -8.61499431E-05  1.57582951E-06
  4.00000000E-01  8.71342561E-02 -1.00433388E-04 -2.47014687E-03 -1.94499305E-04 -1.37282136E-05  5.83495283E-05  1.31500632E-06 -5.98014248E-05  7.92838475E-07
  4.10000000E-01  8.71328021E-02 -1.00559240E-04 -2.46968915E-03 -1.30301166E-04 -1.18054120E-05  4.10825044E-05  9.64114736E-07 -4.14415031E-05  3.17735577E-07
  4.20000000E-01  8.71318200E-02 -1.00667680E-04 -2.46936466E-03 -8.81025140E-05 -1.01985738E-05  2.92014694E-05  7.12626884E-07 -2.86841257E-05  4.02017438E-08
  4.30000000E-01  8.71311500E-02 -1.00761632E-04 -2.46913205E-03 -6.02023184E-05 -8.86305574E-06  2.09976702E-05  5.32229609E-07 -1.98396375E-05 -1.12649155E-07
  4.40000000E-01  8.71306875E-02 -1.00843585E-04 -2.46896309E-03 -4.16362492E-05 -7.74889406E-06  1.53036875E-05  4.02404460E-07 -1.37186646E-05 -1.88425999E-07
  4.50000000E-01  8.71303640E-02 -1.00915503E-04 -2.46883853E-03 -2.91915218E-05 -6.80648744E-06  1.13239526E-05  3.08448243E-07 -9.48808380E-06 -2.17854284E-07
  4.60000000E-01  8.71301343E-02 -1.00978856E-04 -2.46874519E-03 -2.07808101E-05 -5.99859702E-06  8.51671422E-06  2.39913889E-07 -6.56666793E-06 -2.20493032E-07
  4.70000000E-01  8.71299685E-02 -1.01034802E-04 -2.46867405E-03 -1.50426608E-05 -5.29787070E-06  6.51397885E-06  1.89423547E-07 -4.55027351E-06 -2.08589165E-07
  4.80000000E-01  8.71298468E-02 -1.01084277E-04 -2.46861893E-03 -1.10855063E-05 -4.68451387E-06  5.06575937E-06  1.51786796E-07 -3.15865696E-06 -1.89651196E-07
  4.90000000E-01  8.71297557E-02 -1.01128056E-04 -2.46857551E-03 -8.32303570E-06 -4.14414176E-06  4.00264777E-06  1.23358709E-07 -2.19792443E-06 -1.68151503E-07
  5.00000000E-01  8.71296863E-02 -1.01166795E-04 -2.46854080E-03 -6.36794314E-06 -3.66616011E-06  3.20966941E-06  1.01579106E-07 -1.53416635E-06 -1.46643005E-07
